
Lmod is automatically replacing "cce/18.0.1" with "amd/6.2.4".


Lmod is automatically replacing "PrgEnv-cray/8.6.0" with "PrgEnv-amd/8.6.0".


Due to MODULEPATH changes, the following have been reloaded:
  1) cray-libsci/24.11.0     2) cray-mpich/8.1.31     3) darshan-runtime/3.4.6-mpi


The following have been reloaded with a version change:
  1) amd/6.2.4 => amd/6.4.2
  2) cray-dsmml/0.3.0 => cray-dsmml/0.3.1
  3) cray-libsci/24.11.0 => cray-libsci/25.09.0
  4) cray-mpich/8.1.31 => cray-mpich/9.0.1
  5) cray-pmi/6.1.15 => cray-pmi/6.1.16
  6) craype/2.7.33 => craype/2.7.35
  7) darshan-runtime/3.4.6-mpi => darshan-runtime/3.4.7-mpi
  8) perftools-base/24.11.0 => perftools-base/25.09.0

++ basename /lustre/orion/stf243/world-shared/hagertnl/CUG26/benchmark_builds/osu/install-osu-7.5.1/libexec/osu-micro-benchmarks/mpi/startup/osu_init
+ /usr/bin/time sbcast --send-libs --exclude=NONE -pf /lustre/orion/stf243/world-shared/hagertnl/CUG26/benchmark_builds/osu/install-osu-7.5.1/libexec/osu-micro-benchmarks/mpi/startup/osu_init /mnt/bb/hagertnl/osu_init
2.71user 1.65system 0:05.87elapsed 74%CPU (0avgtext+0avgdata 294552maxresident)k
166656inputs+0outputs (439major+43877minor)pagefaults 0swaps
++ basename /lustre/orion/stf243/world-shared/hagertnl/CUG26/benchmark_builds/osu/install-osu-7.5.1/libexec/osu-micro-benchmarks/mpi/startup/osu_init
+ export LD_LIBRARY_PATH=/mnt/bb/hagertnl/osu_init_libs
+ LD_LIBRARY_PATH=/mnt/bb/hagertnl/osu_init_libs
++ pkg-config --variable=libdir libfabric
+ export LD_LIBRARY_PATH=/mnt/bb/hagertnl/osu_init_libs:/opt/cray/libfabric/1.22.0/lib64
+ LD_LIBRARY_PATH=/mnt/bb/hagertnl/osu_init_libs:/opt/cray/libfabric/1.22.0/lib64
++ basename /lustre/orion/stf243/world-shared/hagertnl/CUG26/benchmark_builds/osu/install-osu-7.5.1/libexec/osu-micro-benchmarks/mpi/startup/osu_init
+ /usr/bin/time srun -N 2048 -n 2048 --ntasks-per-node=1 --label -D /mnt/bb/hagertnl/osu_init_libs bash -c 'if [ -f libhsa-runtime64.so.1 ]; then ln -s libhsa-runtime64.so.1 libhsa-runtime64.so; fi;
    if [ -f libamd_comgr.so.2 ]; then ln -s libamd_comgr.so.2 libamd_comgr.so;
    elif [ -f libamd_comgr.so.3 ]; then ln -s libamd_comgr.so.3 libamd_comgr.so; fi;
    if [ -f libamdhip64.so.5 ]; then ln -s libamdhip64.so.5 libamdhip64.so;
    elif [ -f libamdhip64.so.6 ]; then ln -s libamdhip64.so.6 libamdhip64.so; fi'
0.15user 0.45system 0:05.74elapsed 10%CPU (0avgtext+0avgdata 32768maxresident)k
2402inputs+0outputs (9major+8027minor)pagefaults 0swaps
+ ldd /lustre/orion/stf243/world-shared/hagertnl/CUG26/benchmark_builds/osu/install-osu-7.5.1/libexec/osu-micro-benchmarks/mpi/startup/osu_init
	linux-vdso.so.1 (0x00007fffed9ce000)
	libamdhip64.so.6 => /opt/rocm-6.4.2/lib/libamdhip64.so.6 (0x00007fffec1ed000)
	libm.so.6 => /mnt/bb/hagertnl/osu_init_libs/libm.so.6 (0x00007fffec103000)
	libdarshan.so.0 => /sw/frontier/spack-envs/cpe25.09-cpu/opt/llvm-amdgpu-6.4.2/darshan-runtime-3.4.7-tvdocpzv3jfj4y6ki5jvmmkics323gon/lib/libdarshan.so.0 (0x00007fffec0b2000)
	libz.so.1 => /mnt/bb/hagertnl/osu_init_libs/libz.so.1 (0x00007fffec099000)
	libmpi_amd.so.12 => /mnt/bb/hagertnl/osu_init_libs/libmpi_amd.so.12 (0x00007fffeae00000)
	libmpi_gtl_hsa.so.0 => /mnt/bb/hagertnl/osu_init_libs/libmpi_gtl_hsa.so.0 (0x00007fffebfee000)
	libxpmem.so.0 => /mnt/bb/hagertnl/osu_init_libs/libxpmem.so.0 (0x00007fffebfeb000)
	libstdc++.so.6 => /mnt/bb/hagertnl/osu_init_libs/libstdc++.so.6 (0x00007fffeaa00000)
	libgcc_s.so.1 => /mnt/bb/hagertnl/osu_init_libs/libgcc_s.so.1 (0x00007fffebfbc000)
	libc.so.6 => /mnt/bb/hagertnl/osu_init_libs/libc.so.6 (0x00007fffea600000)
	librocprofiler-register.so.0 => /mnt/bb/hagertnl/osu_init_libs/librocprofiler-register.so.0 (0x00007fffead7f000)
	libamd_comgr.so.3 => /mnt/bb/hagertnl/osu_init_libs/libamd_comgr.so.3 (0x00007fffe0e00000)
	libhsa-runtime64.so.1 => /mnt/bb/hagertnl/osu_init_libs/libhsa-runtime64.so.1 (0x00007fffe0a00000)
	libnuma.so.1 => /mnt/bb/hagertnl/osu_init_libs/libnuma.so.1 (0x00007fffe0600000)
	/lib64/ld-linux-x86-64.so.2 (0x00007fffed9d0000)
	libfabric.so.1 => /mnt/bb/hagertnl/osu_init_libs/libfabric.so.1 (0x00007fffea8c9000)
	libatomic.so.1 => /mnt/bb/hagertnl/osu_init_libs/libatomic.so.1 (0x00007fffebfb0000)
	libpmi.so.0 => /mnt/bb/hagertnl/osu_init_libs/libpmi.so.0 (0x00007fffebf8c000)
	libpmi2.so.0 => /mnt/bb/hagertnl/osu_init_libs/libpmi2.so.0 (0x00007fffebf68000)
	libzstd.so.1 => /mnt/bb/hagertnl/osu_init_libs/libzstd.so.1 (0x00007fffeacc0000)
	libelf.so.1 => /mnt/bb/hagertnl/osu_init_libs/libelf.so.1 (0x00007fffe0200000)
	libdrm.so.2 => /mnt/bb/hagertnl/osu_init_libs/libdrm.so.2 (0x00007fffeaca9000)
	libdrm_amdgpu.so.1 => /mnt/bb/hagertnl/osu_init_libs/libdrm_amdgpu.so.1 (0x00007fffebf58000)
	libcxi.so.1 => /mnt/bb/hagertnl/osu_init_libs/libcxi.so.1 (0x00007fffeac88000)
	libpthread.so.0 => /mnt/bb/hagertnl/osu_init_libs/libpthread.so.0 (0x00007fffebf55000)
	libpals.so.0 => /mnt/bb/hagertnl/osu_init_libs/libpals.so.0 (0x00007fffeac80000)
	libnl-3.so.200 => /mnt/bb/hagertnl/osu_init_libs/libnl-3.so.200 (0x00007fffeac5d000)
++ seq 1 5
+ for i in $(seq 1 5)
++ basename /lustre/orion/stf243/world-shared/hagertnl/CUG26/benchmark_builds/osu/install-osu-7.5.1/libexec/osu-micro-benchmarks/mpi/startup/osu_init
+ /usr/bin/time srun -N 2048 -n 16384 -c 7 --ntasks-per-node=8 --gpus-per-node=8 --gpu-bind=closest /mnt/bb/hagertnl/osu_init
srun: Step created for StepId=4340936.1
# OSU MPI Init Test v7.5
nprocs: 16384, min: 939 ms, max: 1518 ms, avg: 1246 ms
0.28user 0.50system 0:07.47elapsed 10%CPU (0avgtext+0avgdata 29696maxresident)k
24inputs+0outputs (0major+9443minor)pagefaults 0swaps
+ for i in $(seq 1 5)
++ basename /lustre/orion/stf243/world-shared/hagertnl/CUG26/benchmark_builds/osu/install-osu-7.5.1/libexec/osu-micro-benchmarks/mpi/startup/osu_init
+ /usr/bin/time srun -N 2048 -n 16384 -c 7 --ntasks-per-node=8 --gpus-per-node=8 --gpu-bind=closest /mnt/bb/hagertnl/osu_init
# OSU MPI Init Test v7.5
nprocs: 16384, min: 734 ms, max: 933 ms, avg: 856 ms
0.26user 0.53system 0:07.24elapsed 11%CPU (0avgtext+0avgdata 30720maxresident)k
24inputs+0outputs (0major+9443minor)pagefaults 0swaps
+ for i in $(seq 1 5)
++ basename /lustre/orion/stf243/world-shared/hagertnl/CUG26/benchmark_builds/osu/install-osu-7.5.1/libexec/osu-micro-benchmarks/mpi/startup/osu_init
+ /usr/bin/time srun -N 2048 -n 16384 -c 7 --ntasks-per-node=8 --gpus-per-node=8 --gpu-bind=closest /mnt/bb/hagertnl/osu_init
srun: Step created for StepId=4340936.3
# OSU MPI Init Test v7.5
nprocs: 16384, min: 728 ms, max: 937 ms, avg: 859 ms
0.24user 0.58system 0:08.67elapsed 9%CPU (0avgtext+0avgdata 28672maxresident)k
0inputs+8outputs (0major+9443minor)pagefaults 0swaps
+ for i in $(seq 1 5)
++ basename /lustre/orion/stf243/world-shared/hagertnl/CUG26/benchmark_builds/osu/install-osu-7.5.1/libexec/osu-micro-benchmarks/mpi/startup/osu_init
+ /usr/bin/time srun -N 2048 -n 16384 -c 7 --ntasks-per-node=8 --gpus-per-node=8 --gpu-bind=closest /mnt/bb/hagertnl/osu_init
srun: Step created for StepId=4340936.4
# OSU MPI Init Test v7.5
nprocs: 16384, min: 737 ms, max: 931 ms, avg: 857 ms
0.25user 0.54system 0:06.91elapsed 11%CPU (0avgtext+0avgdata 30720maxresident)k
0inputs+0outputs (0major+9443minor)pagefaults 0swaps
+ for i in $(seq 1 5)
++ basename /lustre/orion/stf243/world-shared/hagertnl/CUG26/benchmark_builds/osu/install-osu-7.5.1/libexec/osu-micro-benchmarks/mpi/startup/osu_init
+ /usr/bin/time srun -N 2048 -n 16384 -c 7 --ntasks-per-node=8 --gpus-per-node=8 --gpu-bind=closest /mnt/bb/hagertnl/osu_init
srun: Step created for StepId=4340936.5
# OSU MPI Init Test v7.5
nprocs: 16384, min: 629 ms, max: 941 ms, avg: 860 ms
0.25user 0.55system 0:06.93elapsed 11%CPU (0avgtext+0avgdata 28672maxresident)k
0inputs+0outputs (0major+9443minor)pagefaults 0swaps
+ set +x
