
Lmod is automatically replacing "cce/18.0.1" with "amd/6.2.4".


Lmod is automatically replacing "PrgEnv-cray/8.6.0" with "PrgEnv-amd/8.6.0".


Due to MODULEPATH changes, the following have been reloaded:
  1) cray-libsci/24.11.0     2) cray-mpich/8.1.31     3) darshan-runtime/3.4.6-mpi


The following have been reloaded with a version change:
  1) amd/6.2.4 => amd/6.4.2
  2) cray-dsmml/0.3.0 => cray-dsmml/0.3.1
  3) cray-libsci/24.11.0 => cray-libsci/25.09.0
  4) cray-mpich/8.1.31 => cray-mpich/9.0.1
  5) cray-pmi/6.1.15 => cray-pmi/6.1.16
  6) craype/2.7.33 => craype/2.7.35
  7) darshan-runtime/3.4.6-mpi => darshan-runtime/3.4.7-mpi
  8) perftools-base/24.11.0 => perftools-base/25.09.0

Deactivating conda environments
++ seq 1 5
+ for i in $(seq 1 5)
+ /usr/bin/time srun -N 2048 -n 16384 -c 7 --ntasks-per-node=8 --gpus-per-node=8 --gpu-bind=closest python3 -c 'from mpi4py import MPI'
0.36user 0.61system 0:15.78elapsed 6%CPU (0avgtext+0avgdata 48128maxresident)k
3124inputs+0outputs (10major+12310minor)pagefaults 0swaps
+ for i in $(seq 1 5)
+ /usr/bin/time srun -N 2048 -n 16384 -c 7 --ntasks-per-node=8 --gpus-per-node=8 --gpu-bind=closest python3 -c 'from mpi4py import MPI'
srun: Step created for StepId=4365314.1
0.30user 0.54system 0:10.48elapsed 8%CPU (0avgtext+0avgdata 49152maxresident)k
24inputs+0outputs (0major+12328minor)pagefaults 0swaps
+ for i in $(seq 1 5)
+ /usr/bin/time srun -N 2048 -n 16384 -c 7 --ntasks-per-node=8 --gpus-per-node=8 --gpu-bind=closest python3 -c 'from mpi4py import MPI'
srun: Step created for StepId=4365314.2
0.30user 0.52system 0:07.36elapsed 11%CPU (0avgtext+0avgdata 47104maxresident)k
24inputs+0outputs (0major+12336minor)pagefaults 0swaps
+ for i in $(seq 1 5)
+ /usr/bin/time srun -N 2048 -n 16384 -c 7 --ntasks-per-node=8 --gpus-per-node=8 --gpu-bind=closest python3 -c 'from mpi4py import MPI'
0.32user 0.56system 0:08.47elapsed 10%CPU (0avgtext+0avgdata 46080maxresident)k
0inputs+0outputs (0major+12363minor)pagefaults 0swaps
+ for i in $(seq 1 5)
+ /usr/bin/time srun -N 2048 -n 16384 -c 7 --ntasks-per-node=8 --gpus-per-node=8 --gpu-bind=closest python3 -c 'from mpi4py import MPI'
srun: Step created for StepId=4365314.4
0.31user 0.52system 0:06.94elapsed 12%CPU (0avgtext+0avgdata 47104maxresident)k
0inputs+0outputs (0major+12326minor)pagefaults 0swaps
+ set +x
