+ '[' -z '' ']'
+ case "$-" in
+ __lmod_vx=x
+ '[' -n x ']'
+ set +x
Shell debugging temporarily silenced: export LMOD_SH_DBG_ON=1 for this output (/opt/cray/pe/lmod/lmod/init/bash)
Shell debugging restarted
+ unset __lmod_vx
+ cd /lustre/orion/stf243/world-shared/wcastil/Experiments/CUG26/copper_run/osu
+ module load ums ums046 copper
+ '[' -z '' ']'
+ case "$-" in
+ __lmod_sh_dbg=x
+ '[' -n x ']'
+ set +x
Shell debugging temporarily silenced: export LMOD_SH_DBG_ON=1 for Lmod's output
Copper loaded: use 'launch_copper_frontier' and 'stop_copper_frontier'.
COPPER_ROOT: /sw/frontier/ums/ums046/copper
launch_copper_frontier points to:
/sw/frontier/ums/ums046/copper/build/launch_copper_frontier.sh 
Shell debugging restarted
+ unset __lmod_sh_dbg
+ return 0
+ module list
+ '[' -z '' ']'
+ case "$-" in
+ __lmod_sh_dbg=x
+ '[' -n x ']'
+ set +x
Shell debugging temporarily silenced: export LMOD_SH_DBG_ON=1 for Lmod's output

Currently Loaded Modules:
  1) craype-x86-trento               12) PrgEnv-cray/8.6.0
  2) libfabric/1.22.0                13) Core/25.03
  3) craype-network-ofi              14) tmux/3.4
  4) perftools-base/24.11.0          15) darshan-runtime/3.4.6-mpi (E4S)
  5) xpmem/2.11.3-1.3_gdbda01a1eb3d  16) hsi/default
  6) cray-pmi/6.1.15                 17) lfs-wrapper/0.0.1
  7) cce/18.0.1                      18) DefApps
  8) craype/2.7.33                   19) ums/default
  9) cray-dsmml/0.3.0                20) ums046/default
 10) cray-mpich/8.1.31               21) copper/0.1
 11) cray-libsci/24.11.0

  Where:
   E4S:  E4S: Extreme-scale Scientific Software Stack (E4S) https://e4s.io/index.html

 

Shell debugging restarted
+ unset __lmod_sh_dbg
+ return 0
+ echo 4348866
4348866
+ echo 1024
1024
+ echo copper_spindle
copper_spindle
+ echo 'frontier[00086,00095-00096,00098,00100,00104-00105,00107-00108,00178-00180,00182-00184,00188-00189,00191-00192,00198,00200-00201,00203-00204,00305-00306,00308,00310,00312,00314-00317,00321,00325-00329,00431-00432,00434-00435,00438,00440-00441,00443,00449,00452-00453,00455-00456,00461-00462,00562,00566-00567,00569,00573,00577-00579,00581-00582,00587-00588,00590,00593,00595,00684,00686-00688,00691-00695,00697,00699-00700,00704-00705,00812-00814,00817-00819,00821,00823,00825,00827,00829-00831,00833,00945,00947,00951,00953,00955-00957,00959-00961,00965-00966,00968,00971,01082-01083,01085-01087,01091-01092,01094,01097-01098,01102-01104,01106,01195-01197,01199-01204,01207-01209,01211-01212,01323,01325,01328-01329,01333-01335,01337-01339,01341-01344,01451,01453-01456,01458-01466,01575,01577,01579-01581,01585-01587,01589-01591,01595-01597,01702-01703,01705-01708,01710-01717,01831-01833,01835,01837-01843,01845-01847,01957-01969,01973,02081-02094,02208-02221,02336-02338,02340-02347,02349-02351,02467-02475,02477-02481,02591-02599,02601-02605,02719-02732,02849-02852,02854-02863,02975-02988,03105-03118,03233-03246,03359-03372,03487-03500,03616-03629,03743-03756,03871-03884,03999-04012,04127-04140,04255-04268,04383-04396,04511-04524,04639-04652,04767-04780,04896-04909,05025-05038,05151-05164,05279-05292,05407-05420,05535-05548,05664-05677,05791-05804,05988-06001,06119-06132,06244-06257,06372-06385,06500-06513,06628-06641,06761-06774,06883-06896,07013-07026,07142-07155,07268-07281,07397-07402,07404-07411,07511,07520-07524,07527-07534,07646,07650-07654,07666-07671,07677-07678,07788-07789,07791-07798,07805-07806,07911-07913,07915,07918-07927,08047-08054,08057,08061,08160-08166,08178-08182,08185,08188,08268-08269,08290-08293,08297,08307-08312,08315,08427-08428,08435,08439-08447,08537-08538,08540-08542,08545,08548,08562,08564-08566,08569,08573,08668,08673-08677,08681,08684-08687,08689,08800-08801,08805,08815-08822,08895,08903-08904,08906,08909,08915,08917,08924-08925,08943-08947,09009-09011,09020,09029-09030,09032,09041-09042,09044,09050-09051,09053,09071,09155-09156,09158,09163,09167-09168,09170,09172,09176-09177,09179,09200-09202,09276-09277,09281-09282,09284,09287,09293-09294,09296,09298-09299,09302-09303,09305,09400-09403,09407-09408,09410,09412,09419-09420,09422,09424,09426,09428,10166,10175-10176]'
frontier[00086,00095-00096,00098,00100,00104-00105,00107-00108,00178-00180,00182-00184,00188-00189,00191-00192,00198,00200-00201,00203-00204,00305-00306,00308,00310,00312,00314-00317,00321,00325-00329,00431-00432,00434-00435,00438,00440-00441,00443,00449,00452-00453,00455-00456,00461-00462,00562,00566-00567,00569,00573,00577-00579,00581-00582,00587-00588,00590,00593,00595,00684,00686-00688,00691-00695,00697,00699-00700,00704-00705,00812-00814,00817-00819,00821,00823,00825,00827,00829-00831,00833,00945,00947,00951,00953,00955-00957,00959-00961,00965-00966,00968,00971,01082-01083,01085-01087,01091-01092,01094,01097-01098,01102-01104,01106,01195-01197,01199-01204,01207-01209,01211-01212,01323,01325,01328-01329,01333-01335,01337-01339,01341-01344,01451,01453-01456,01458-01466,01575,01577,01579-01581,01585-01587,01589-01591,01595-01597,01702-01703,01705-01708,01710-01717,01831-01833,01835,01837-01843,01845-01847,01957-01969,01973,02081-02094,02208-02221,02336-02338,02340-02347,02349-02351,02467-02475,02477-02481,02591-02599,02601-02605,02719-02732,02849-02852,02854-02863,02975-02988,03105-03118,03233-03246,03359-03372,03487-03500,03616-03629,03743-03756,03871-03884,03999-04012,04127-04140,04255-04268,04383-04396,04511-04524,04639-04652,04767-04780,04896-04909,05025-05038,05151-05164,05279-05292,05407-05420,05535-05548,05664-05677,05791-05804,05988-06001,06119-06132,06244-06257,06372-06385,06500-06513,06628-06641,06761-06774,06883-06896,07013-07026,07142-07155,07268-07281,07397-07402,07404-07411,07511,07520-07524,07527-07534,07646,07650-07654,07666-07671,07677-07678,07788-07789,07791-07798,07805-07806,07911-07913,07915,07918-07927,08047-08054,08057,08061,08160-08166,08178-08182,08185,08188,08268-08269,08290-08293,08297,08307-08312,08315,08427-08428,08435,08439-08447,08537-08538,08540-08542,08545,08548,08562,08564-08566,08569,08573,08668,08673-08677,08681,08684-08687,08689,08800-08801,08805,08815-08822,08895,08903-08904,08906,08909,08915,08917,08924-08925,08943-08947,09009-09011,09020,09029-09030,09032,09041-09042,09044,09050-09051,09053,09071,09155-09156,09158,09163,09167-09168,09170,09172,09176-09177,09179,09200-09202,09276-09277,09281-09282,09284,09287,09293-09294,09296,09298-09299,09302-09303,09305,09400-09403,09407-09408,09410,09412,09419-09420,09422,09424,09426,09428,10166,10175-10176]
+ LOGDIR=/lustre/orion/stf243/world-shared/wcastil/Experiments/CUG26/copper_run/logs
+ cd /lustre/orion/stf243/world-shared/wcastil/Experiments/CUG26/copper_run/logs
+ PACKAGE_ENV_LOCATION=/lustre/orion/stf243/world-shared/hagertnl/CUG26/benchmark_builds
+ source /lustre/orion/stf243/world-shared/hagertnl/CUG26/benchmark_builds/common_modules.sh
++ module load PrgEnv-amd
++ '[' -z '' ']'
++ case "$-" in
++ __lmod_sh_dbg=x
++ '[' -n x ']'
++ set +x
Shell debugging temporarily silenced: export LMOD_SH_DBG_ON=1 for Lmod's output

Lmod is automatically replacing "cce/18.0.1" with "amd/6.2.4".


Lmod is automatically replacing "PrgEnv-cray/8.6.0" with "PrgEnv-amd/8.6.0".


Due to MODULEPATH changes, the following have been reloaded:
  1) cray-libsci/24.11.0     2) cray-mpich/8.1.31     3) darshan-runtime/3.4.6-mpi

Shell debugging restarted
++ unset __lmod_sh_dbg
++ return 0
++ module load cpe/25.09
++ '[' -z '' ']'
++ case "$-" in
++ __lmod_sh_dbg=x
++ '[' -n x ']'
++ set +x
Shell debugging temporarily silenced: export LMOD_SH_DBG_ON=1 for Lmod's output

The following have been reloaded with a version change:
  1) amd/6.2.4 => amd/6.4.2
  2) cray-dsmml/0.3.0 => cray-dsmml/0.3.1
  3) cray-libsci/24.11.0 => cray-libsci/25.09.0
  4) cray-mpich/8.1.31 => cray-mpich/9.0.1
  5) cray-pmi/6.1.15 => cray-pmi/6.1.16
  6) craype/2.7.33 => craype/2.7.35
  7) darshan-runtime/3.4.6-mpi => darshan-runtime/3.4.7-mpi
  8) perftools-base/24.11.0 => perftools-base/25.09.0

Shell debugging restarted
++ unset __lmod_sh_dbg
++ return 0
++ module load amd/6.4.2
++ '[' -z '' ']'
++ case "$-" in
++ __lmod_sh_dbg=x
++ '[' -n x ']'
++ set +x
Shell debugging temporarily silenced: export LMOD_SH_DBG_ON=1 for Lmod's output
Shell debugging restarted
++ unset __lmod_sh_dbg
++ return 0
++ module load rocm/6.4.2
++ '[' -z '' ']'
++ case "$-" in
++ __lmod_sh_dbg=x
++ '[' -n x ']'
++ set +x
Shell debugging temporarily silenced: export LMOD_SH_DBG_ON=1 for Lmod's output
Shell debugging restarted
++ unset __lmod_sh_dbg
++ return 0
++ module load libfabric/1.22.0
++ '[' -z '' ']'
++ case "$-" in
++ __lmod_sh_dbg=x
++ '[' -n x ']'
++ set +x
Shell debugging temporarily silenced: export LMOD_SH_DBG_ON=1 for Lmod's output
Shell debugging restarted
++ unset __lmod_sh_dbg
++ return 0
++ module load craype-accel-amd-gfx90a
++ '[' -z '' ']'
++ case "$-" in
++ __lmod_sh_dbg=x
++ '[' -n x ']'
++ set +x
Shell debugging temporarily silenced: export LMOD_SH_DBG_ON=1 for Lmod's output
Shell debugging restarted
++ unset __lmod_sh_dbg
++ return 0
++ module load miniforge3/23.11.0-0
++ '[' -z '' ']'
++ case "$-" in
++ __lmod_sh_dbg=x
++ '[' -n x ']'
++ set +x
Shell debugging temporarily silenced: export LMOD_SH_DBG_ON=1 for Lmod's output
Shell debugging restarted
++ unset __lmod_sh_dbg
++ return 0
++ export LD_LIBRARY_PATH=/opt/cray/pe/mpich/9.0.1/ofi/amd/6.0/lib:/opt/cray/pe/mpich/9.0.1/gtl/lib:/opt/cray/pe/libsci/25.09.0/AMD/6.0/x86_64/lib:/opt/cray/pe/perftools/25.09.0/lib64:/opt/cray/pe/pmi/6.1.16/lib:/opt/cray/pe/dsmml/0.3.1/dsmml/lib:/opt/cray/libfabric/1.22.0/lib64:/opt/rocm-6.4.2/lib/roctracer:/opt/rocm-6.4.2/lib/rocprofiler:/opt/rocm-6.4.2/lib:/sw/frontier/spack-envs/cpe25.09-cpu/opt/llvm-amdgpu-6.4.2/darshan-runtime-3.4.7-tvdocpzv3jfj4y6ki5jvmmkics323gon/lib:/opt/rocm-6.4.2/llvm/lib:/opt/cray/pe/papi/7.2.0.2/lib64
++ LD_LIBRARY_PATH=/opt/cray/pe/mpich/9.0.1/ofi/amd/6.0/lib:/opt/cray/pe/mpich/9.0.1/gtl/lib:/opt/cray/pe/libsci/25.09.0/AMD/6.0/x86_64/lib:/opt/cray/pe/perftools/25.09.0/lib64:/opt/cray/pe/pmi/6.1.16/lib:/opt/cray/pe/dsmml/0.3.1/dsmml/lib:/opt/cray/libfabric/1.22.0/lib64:/opt/rocm-6.4.2/lib/roctracer:/opt/rocm-6.4.2/lib/rocprofiler:/opt/rocm-6.4.2/lib:/sw/frontier/spack-envs/cpe25.09-cpu/opt/llvm-amdgpu-6.4.2/darshan-runtime-3.4.7-tvdocpzv3jfj4y6ki5jvmmkics323gon/lib:/opt/rocm-6.4.2/llvm/lib:/opt/cray/pe/papi/7.2.0.2/lib64
++ [[ /var/spool/slurmd/job4348866/slurm_script == \/\l\u\s\t\r\e\/\o\r\i\o\n\/\s\t\f\2\4\3\/\w\o\r\l\d\-\s\h\a\r\e\d\/\h\a\g\e\r\t\n\l\/\C\U\G\2\6\/\b\e\n\c\h\m\a\r\k\_\b\u\i\l\d\s\/\c\o\m\m\o\n\_\m\o\d\u\l\e\s\.\s\h ]]
+ COPPER_MOUNT_PATH=/mnt/bb/wcastil/copper_mount
+ /lustre/orion/stf243/world-shared/wcastil/Experiments/CUG26/copper_run/launch_copper_frontier.sh -d /lustre/orion/stf243/world-shared/wcastil/Experiments/CUG26/copper_run/logs -v /mnt/bb/wcastil/copper_mount -M 220000000
+ '[' -z '' ']'
+ case "$-" in
+ __lmod_vx=x
+ '[' -n x ']'
+ set +x
Shell debugging temporarily silenced: export LMOD_SH_DBG_ON=1 for this output (/opt/cray/pe/lmod/lmod/init/bash)
Shell debugging restarted
+ unset __lmod_vx
+ echo 'Launching Copper Gracefully On All Nodes : Start'
Launching Copper Gracefully On All Nodes : Start
+ echo /sw/frontier/ums/ums046/copper
/sw/frontier/ums/ums046/copper
+ CUPATH=/sw/frontier/ums/ums046/copper/build/cu_fuse
+ DISCOVERY_HELPER=/sw/frontier/ums/ums046/copper/build/list_cxi_hsn_thallium
+ CU_FUSE_MNT_VIEWDIR=/tmp/wcastil/copper
+ facility_address_book=/sw/frontier/ums/ums046/copper/build/olcf_frontier_copper_addressbook.txt
+ address_book_source=facility
+ log_level=0
+ log_dir=/ccs/home/wcastil/copper-logs
+ log_type=file
+ trees=1
+ max_cacheable_byte_size=10485760
+ md_enoent_ttl_ms=2000
+ profile_metrics=0
+ profile_top_n=0
+ profile_paths_full=0
+ profile_snapshot_interval_s=0
+ sleeptime=10
+ physcpubind=1,2
+ net_type=cxi://cxi1
+ getopts l:t:d:T:M:E:PN:AI:s:b:F:a:n:v: opt
+ case ${opt} in
+ log_dir=/lustre/orion/stf243/world-shared/wcastil/Experiments/CUG26/copper_run/logs
+ getopts l:t:d:T:M:E:PN:AI:s:b:F:a:n:v: opt
+ case ${opt} in
+ CU_FUSE_MNT_VIEWDIR=/mnt/bb/wcastil/copper_mount
+ getopts l:t:d:T:M:E:PN:AI:s:b:F:a:n:v: opt
+ case ${opt} in
+ max_cacheable_byte_size=220000000
+ getopts l:t:d:T:M:E:PN:AI:s:b:F:a:n:v: opt
+ log_dir=/lustre/orion/stf243/world-shared/wcastil/Experiments/CUG26/copper_run/logs/4348866
+ logs_dir=/lustre/orion/stf243/world-shared/wcastil/Experiments/CUG26/copper_run/logs/4348866/logs
+ tables_dir=/lustre/orion/stf243/world-shared/wcastil/Experiments/CUG26/copper_run/logs/4348866/tables
+ profiling_dir=/lustre/orion/stf243/world-shared/wcastil/Experiments/CUG26/copper_run/logs/4348866/profiling
+ profiling_final_dir=/lustre/orion/stf243/world-shared/wcastil/Experiments/CUG26/copper_run/logs/4348866/profiling/final
+ profiling_cluster_dir=/lustre/orion/stf243/world-shared/wcastil/Experiments/CUG26/copper_run/logs/4348866/profiling/cluster
+ node_file_copy=/lustre/orion/stf243/world-shared/wcastil/Experiments/CUG26/copper_run/logs/4348866/logs/node_file.txt
+ prepared_address_book=/lustre/orion/stf243/world-shared/wcastil/Experiments/CUG26/copper_run/logs/4348866/logs/copper_address_book.txt
+ prepared_address_book_full_output=/lustre/orion/stf243/world-shared/wcastil/Experiments/CUG26/copper_run/logs/4348866/logs/copper_address_book_full_output.txt
+ prepare_address_book_awk=/lustre/orion/stf243/world-shared/wcastil/Experiments/CUG26/copper_run/logs/4348866/logs/prepare_address_book.awk
+ select_discovered_address_book_awk=/lustre/orion/stf243/world-shared/wcastil/Experiments/CUG26/copper_run/logs/4348866/logs/select_discovered_address_book.awk
+ echo 'log_level                  : 0'
log_level                  : 0
+ echo 'log_type                   : file'
log_type                   : file
+ echo 'trees                      : 1'
trees                      : 1
+ echo 'max_cacheable_byte_size    : 220000000'
max_cacheable_byte_size    : 220000000
+ echo 'md_enoent_ttl_ms           : 2000'
md_enoent_ttl_ms           : 2000
+ echo 'profile_metrics            : 0'
profile_metrics            : 0
+ echo 'profile_top_n              : 0'
profile_top_n              : 0
+ echo 'profile_paths_full         : 0'
profile_paths_full         : 0
+ echo 'profile_snapshot_interval_s: 0'
profile_snapshot_interval_s: 0
+ echo 'sleeptime                  : 10'
sleeptime                  : 10
+ echo 'CU_FUSE_MNT_VIEWDIR        : /mnt/bb/wcastil/copper_mount'
CU_FUSE_MNT_VIEWDIR        : /mnt/bb/wcastil/copper_mount
+ echo 'LOGDIR                     : /lustre/orion/stf243/world-shared/wcastil/Experiments/CUG26/copper_run/logs/4348866'
LOGDIR                     : /lustre/orion/stf243/world-shared/wcastil/Experiments/CUG26/copper_run/logs/4348866
+ echo 'logs_dir                   : /lustre/orion/stf243/world-shared/wcastil/Experiments/CUG26/copper_run/logs/4348866/logs'
logs_dir                   : /lustre/orion/stf243/world-shared/wcastil/Experiments/CUG26/copper_run/logs/4348866/logs
+ echo 'tables_dir                 : /lustre/orion/stf243/world-shared/wcastil/Experiments/CUG26/copper_run/logs/4348866/tables'
tables_dir                 : /lustre/orion/stf243/world-shared/wcastil/Experiments/CUG26/copper_run/logs/4348866/tables
+ echo 'profiling_final_dir        : /lustre/orion/stf243/world-shared/wcastil/Experiments/CUG26/copper_run/logs/4348866/profiling/final'
profiling_final_dir        : /lustre/orion/stf243/world-shared/wcastil/Experiments/CUG26/copper_run/logs/4348866/profiling/final
+ echo 'profiling_cluster_dir      : /lustre/orion/stf243/world-shared/wcastil/Experiments/CUG26/copper_run/logs/4348866/profiling/cluster'
profiling_cluster_dir      : /lustre/orion/stf243/world-shared/wcastil/Experiments/CUG26/copper_run/logs/4348866/profiling/cluster
+ echo 'SLURM_NODEFILE             : '
SLURM_NODEFILE             : 
+ echo 'physcpubind                : 1,2'
physcpubind                : 1,2
+ echo 'facility_address_book      : /sw/frontier/ums/ums046/copper/build/olcf_frontier_copper_addressbook.txt'
facility_address_book      : /sw/frontier/ums/ums046/copper/build/olcf_frontier_copper_addressbook.txt
+ echo 'address_book_source        : facility'
address_book_source        : facility
+ echo 'prepared_address_book      : /lustre/orion/stf243/world-shared/wcastil/Experiments/CUG26/copper_run/logs/4348866/logs/copper_address_book.txt'
prepared_address_book      : /lustre/orion/stf243/world-shared/wcastil/Experiments/CUG26/copper_run/logs/4348866/logs/copper_address_book.txt
+ echo 'prepared_address_book_full : /lustre/orion/stf243/world-shared/wcastil/Experiments/CUG26/copper_run/logs/4348866/logs/copper_address_book_full_output.txt'
prepared_address_book_full : /lustre/orion/stf243/world-shared/wcastil/Experiments/CUG26/copper_run/logs/4348866/logs/copper_address_book_full_output.txt
+ echo 'discovery_helper           : /sw/frontier/ums/ums046/copper/build/list_cxi_hsn_thallium'
discovery_helper           : /sw/frontier/ums/ums046/copper/build/list_cxi_hsn_thallium
+ echo 'net_type                   : cxi://cxi1'
net_type                   : cxi://cxi1
+ mkdir -p /lustre/orion/stf243/world-shared/wcastil/Experiments/CUG26/copper_run/logs/4348866/logs /lustre/orion/stf243/world-shared/wcastil/Experiments/CUG26/copper_run/logs/4348866/tables/final /lustre/orion/stf243/world-shared/wcastil/Experiments/CUG26/copper_run/logs/4348866/profiling/final /lustre/orion/stf243/world-shared/wcastil/Experiments/CUG26/copper_run/logs/4348866/profiling/cluster
+ scontrol show hostnames 'frontier[00086,00095-00096,00098,00100,00104-00105,00107-00108,00178-00180,00182-00184,00188-00189,00191-00192,00198,00200-00201,00203-00204,00305-00306,00308,00310,00312,00314-00317,00321,00325-00329,00431-00432,00434-00435,00438,00440-00441,00443,00449,00452-00453,00455-00456,00461-00462,00562,00566-00567,00569,00573,00577-00579,00581-00582,00587-00588,00590,00593,00595,00684,00686-00688,00691-00695,00697,00699-00700,00704-00705,00812-00814,00817-00819,00821,00823,00825,00827,00829-00831,00833,00945,00947,00951,00953,00955-00957,00959-00961,00965-00966,00968,00971,01082-01083,01085-01087,01091-01092,01094,01097-01098,01102-01104,01106,01195-01197,01199-01204,01207-01209,01211-01212,01323,01325,01328-01329,01333-01335,01337-01339,01341-01344,01451,01453-01456,01458-01466,01575,01577,01579-01581,01585-01587,01589-01591,01595-01597,01702-01703,01705-01708,01710-01717,01831-01833,01835,01837-01843,01845-01847,01957-01969,01973,02081-02094,02208-02221,02336-02338,02340-02347,02349-02351,02467-02475,02477-02481,02591-02599,02601-02605,02719-02732,02849-02852,02854-02863,02975-02988,03105-03118,03233-03246,03359-03372,03487-03500,03616-03629,03743-03756,03871-03884,03999-04012,04127-04140,04255-04268,04383-04396,04511-04524,04639-04652,04767-04780,04896-04909,05025-05038,05151-05164,05279-05292,05407-05420,05535-05548,05664-05677,05791-05804,05988-06001,06119-06132,06244-06257,06372-06385,06500-06513,06628-06641,06761-06774,06883-06896,07013-07026,07142-07155,07268-07281,07397-07402,07404-07411,07511,07520-07524,07527-07534,07646,07650-07654,07666-07671,07677-07678,07788-07789,07791-07798,07805-07806,07911-07913,07915,07918-07927,08047-08054,08057,08061,08160-08166,08178-08182,08185,08188,08268-08269,08290-08293,08297,08307-08312,08315,08427-08428,08435,08439-08447,08537-08538,08540-08542,08545,08548,08562,08564-08566,08569,08573,08668,08673-08677,08681,08684-08687,08689,08800-08801,08805,08815-08822,08895,08903-08904,08906,08909,08915,08917,08924-08925,08943-08947,09009-09011,09020,09029-09030,09032,09041-09042,09044,09050-09051,09053,09071,09155-09156,09158,09163,09167-09168,09170,09172,09176-09177,09179,09200-09202,09276-09277,09281-09282,09284,09287,09293-09294,09296,09298-09299,09302-09303,09305,09400-09403,09407-09408,09410,09412,09419-09420,09422,09424,09426,09428,10166,10175-10176]'
+ clush --hostfile /lustre/orion/stf243/world-shared/wcastil/Experiments/CUG26/copper_run/logs/4348866/logs/node_file.txt 'fusermount3 -u /mnt/bb/wcastil/copper_mount'
+ clush --hostfile /lustre/orion/stf243/world-shared/wcastil/Experiments/CUG26/copper_run/logs/4348866/logs/node_file.txt 'rm -rf /mnt/bb/wcastil/copper_mount'
+ clush --hostfile /lustre/orion/stf243/world-shared/wcastil/Experiments/CUG26/copper_run/logs/4348866/logs/node_file.txt 'mkdir -p /mnt/bb/wcastil/copper_mount'
+ rm -f /lustre/orion/stf243/world-shared/wcastil/Experiments/CUG26/copper_run/logs/4348866/logs/copper_address_book.txt /lustre/orion/stf243/world-shared/wcastil/Experiments/CUG26/copper_run/logs/4348866/logs/copper_address_book_full_output.txt /lustre/orion/stf243/world-shared/wcastil/Experiments/CUG26/copper_run/logs/4348866/logs/prepare_address_book.awk /lustre/orion/stf243/world-shared/wcastil/Experiments/CUG26/copper_run/logs/4348866/logs/select_discovered_address_book.awk
+ echo 'Preparing job-local address book once before full cu_fuse launch'
Preparing job-local address book once before full cu_fuse launch
++ date +%s
+ prepare_address_book_start_epoch=1775664974
+ prepare_address_book_rc=0
+ case "${address_book_source}" in
+ prepare_address_book_from_facility
+ cp /sw/frontier/ums/ums046/copper/build/olcf_frontier_copper_addressbook.txt /lustre/orion/stf243/world-shared/wcastil/Experiments/CUG26/copper_run/logs/4348866/logs/copper_address_book_full_output.txt
+ cat
+ srun --overlap -N 1 -n 1 --ntasks-per-node=1 env NODEFILE_PATH=/lustre/orion/stf243/world-shared/wcastil/Experiments/CUG26/copper_run/logs/4348866/logs/node_file.txt FACILITY_BOOK=/sw/frontier/ums/ums046/copper/build/olcf_frontier_copper_addressbook.txt OUTPUT_PATH=/lustre/orion/stf243/world-shared/wcastil/Experiments/CUG26/copper_run/logs/4348866/logs/copper_address_book.txt AWK_SCRIPT=/lustre/orion/stf243/world-shared/wcastil/Experiments/CUG26/copper_run/logs/4348866/logs/prepare_address_book.awk bash -lc 'awk -f "$AWK_SCRIPT" "$NODEFILE_PATH" "$FACILITY_BOOK" > "$OUTPUT_PATH"'
Deactivating conda environments
++ date +%s
+ prepare_address_book_end_epoch=1775664975
+ echo 'prepared address book generation took 1 s'
prepared address book generation took 1 s
+ '[' 0 -ne 0 ']'
+ '[' '!' -s /lustre/orion/stf243/world-shared/wcastil/Experiments/CUG26/copper_run/logs/4348866/logs/copper_address_book.txt ']'
+ profile_options=
+ '[' 0 -eq 1 ']'
+ '[' 0 -gt 0 ']'
+ '[' 0 -eq 1 ']'
+ '[' 0 -gt 0 ']'
+ options=' -f -tpath / -vpath /mnt/bb/wcastil/copper_mount -log_level 0 -log_type file -log_output_dir /lustre/orion/stf243/world-shared/wcastil/Experiments/CUG26/copper_run/logs/4348866 -net_type cxi://cxi1 -trees 1 -nf /lustre/orion/stf243/world-shared/wcastil/Experiments/CUG26/copper_run/logs/4348866/logs/node_file.txt -max_cacheable_byte_size 220000000 -md_enoent_ttl_ms 2000 -facility_address_book /lustre/orion/stf243/world-shared/wcastil/Experiments/CUG26/copper_run/logs/4348866/logs/copper_address_book.txt -prefiltered_address_book 1 -s /mnt/bb/wcastil/copper_mount'
+ echo 'sleeping for 10 s'
sleeping for 10 s
+ sleep 10s
+ srun --overlap -N 1024 --ntasks-per-node=1 --cpus-per-task=2 bash -c '
    echo "host=$(hostname)"
    echo "allowed=$(grep Cpus_allowed_list /proc/self/status | awk "{print \$2}")"
    echo "current_cpu=$(ps -o psr= -p $$)"
    exec /sw/frontier/ums/ums046/copper/build/cu_fuse  -f -tpath / -vpath /mnt/bb/wcastil/copper_mount -log_level 0 -log_type file -log_output_dir /lustre/orion/stf243/world-shared/wcastil/Experiments/CUG26/copper_run/logs/4348866 -net_type cxi://cxi1 -trees 1 -nf /lustre/orion/stf243/world-shared/wcastil/Experiments/CUG26/copper_run/logs/4348866/logs/node_file.txt -max_cacheable_byte_size 220000000 -md_enoent_ttl_ms 2000 -facility_address_book /lustre/orion/stf243/world-shared/wcastil/Experiments/CUG26/copper_run/logs/4348866/logs/copper_address_book.txt -prefiltered_address_book 1 -s /mnt/bb/wcastil/copper_mount
    '\''
  '
host=frontier08292
host=frontier00955
host=frontier09408
host=frontier00086
host=frontier06257
host=frontier02468
host=frontier04010
host=frontier01209
host=frontier09041
host=frontier01212
host=frontier08048
host=frontier02338
host=frontier02977
host=frontier00198
host=frontier01965
host=frontier03235
allowed=1-2
host=frontier09299
host=frontier05996
allowed=1-2
host=frontier00326
allowed=1-2
host=frontier05164
allowed=1-2
host=frontier02351
host=frontier06123
host=frontier03237
host=frontier01082
host=frontier02851
allowed=1-2
host=frontier07923
allowed=1-2
host=frontier05032
host=frontier00595
host=frontier03238
host=frontier03372
host=frontier01207
host=frontier07924
host=frontier06893
host=frontier05668
allowed=1-2
allowed=1-2
allowed=1-2
host=frontier09042
host=frontier06765
host=frontier01211
host=frontier07529
host=frontier04511
host=frontier07530
allowed=1-2
host=frontier03242
host=frontier04649
host=frontier05990
host=frontier04900
host=frontier00691
host=frontier09428
allowed=1-2
host=frontier00461
host=frontier03878
host=frontier06377
host=frontier02336
host=frontier02475
host=frontier09053
host=frontier00462
host=frontier05674
host=frontier05993
host=frontier02861
host=frontier04130
allowed=1-2
host=frontier00321
host=frontier04517
host=frontier01711
host=frontier01103
host=frontier02724
host=frontier02479
host=frontier00699
host=frontier03113
host=frontier00327
host=frontier09302
host=frontier04770
host=frontier01106
host=frontier04135
allowed=1-2
host=frontier05407
host=frontier00328
host=frontier06883
host=frontier00577
host=frontier07271
host=frontier02978
host=frontier04000
host=frontier04522
host=frontier06249
host=frontier01196
host=frontier01341
host=frontier03616
host=frontier01581
host=frontier09400
host=frontier02345
host=frontier06251
host=frontier04388
host=frontier04524
host=frontier04774
allowed=1-2
host=frontier06502
allowed=1-2
host=frontier02981
host=frontier05411
host=frontier08163
host=frontier06253
host=frontier04140
host=frontier05798
host=frontier06503
allowed=1-2
host=frontier05413
host=frontier06889
host=frontier03369
host=frontier01451
host=frontier02213
host=frontier06505
host=frontier01595
host=frontier03873
host=frontier03488
host=frontier02082
host=frontier05804
host=frontier05283
host=frontier01462
host=frontier00108
host=frontier05992
host=frontier03744
host=frontier05152
host=frontier01957
host=frontier03745
host=frontier01466
host=frontier02092
host=frontier09168
host=frontier01580
host=frontier00960
host=frontier03366
host=frontier09403
host=frontier09179
host=frontier02983
allowed=1-2
allowed=1-2
host=frontier01575
host=frontier08686
current_cpu=  2
host=frontier05291
allowed=1-2
host=frontier06773
current_cpu=  2
host=frontier07522
allowed=1-2
current_cpu=  1
host=frontier05665
allowed=1-2
host=frontier06890
host=frontier08819
allowed=1-2
host=frontier06256
host=frontier07677
allowed=1-2
allowed=1-2
allowed=1-2
host=frontier07922
host=frontier00095
current_cpu=  2
allowed=1-2
current_cpu=  1
allowed=1-2
allowed=1-2
allowed=1-2
host=frontier04258
allowed=1-2
allowed=1-2
allowed=1-2
allowed=1-2
host=frontier00825
host=frontier05417
host=frontier03239
host=frontier07788
host=frontier01085
allowed=1-2
host=frontier05033
host=frontier02602
current_cpu=  1
current_cpu=  1
host=frontier06126
host=frontier09277
host=frontier04260
host=frontier03625
host=frontier01840
host=frontier09420
allowed=1-2
allowed=1-2
host=frontier07926
allowed=1-2
allowed=1-2
host=frontier08895
allowed=1-2
host=frontier01702
allowed=1-2
host=frontier09424
host=frontier08441
host=frontier06511
current_cpu=  1
allowed=1-2
host=frontier06766
host=frontier03877
allowed=1-2
allowed=1-2
host=frontier04263
allowed=1-2
host=frontier01843
host=frontier01705
allowed=1-2
host=frontier03491
host=frontier06376
allowed=1-2
host=frontier05991
host=frontier00315
current_cpu=  1
host=frontier03108
allowed=1-2
allowed=1-2
allowed=1-2
allowed=1-2
allowed=1-2
allowed=1-2
host=frontier01328
host=frontier05287
allowed=1-2
allowed=1-2
host=frontier03245
host=frontier02860
host=frontier03493
host=frontier06379
host=frontier10175
host=frontier08915
host=frontier04266
host=frontier08681
host=frontier09294
allowed=1-2
allowed=1-2
allowed=1-2
host=frontier01464
host=frontier00179
host=frontier03880
host=frontier08290
current_cpu=  1
host=frontier05153
allowed=1-2
host=frontier06244
allowed=1-2
host=frontier10176
host=frontier05994
host=frontier07154
host=frontier04904
allowed=1-2
allowed=1-2
allowed=1-2
allowed=1-2
host=frontier00697
host=frontier03112
host=frontier01334
host=frontier01958
allowed=1-2
allowed=1-2
host=frontier01712
host=frontier04384
allowed=1-2
host=frontier04907
host=frontier08054
allowed=1-2
allowed=1-2
host=frontier04134
allowed=1-2
host=frontier05156
host=frontier05292
host=frontier08687
allowed=1-2
current_cpu=  1
host=frontier03499
allowed=1-2
allowed=1-2
host=frontier02591
allowed=1-2
allowed=1-2
host=frontier01579
allowed=1-2
allowed=1-2
allowed=1-2
host=frontier08800
host=frontier08945
allowed=1-2
allowed=1-2
allowed=1-2
allowed=1-2
allowed=1-2
host=frontier02979
host=frontier07410
host=frontier03365
host=frontier04523
allowed=1-2
allowed=1-2
host=frontier05025
allowed=1-2
allowed=1-2
allowed=1-2
allowed=1-2
allowed=1-2
host=frontier06001
host=frontier07273
current_cpu=  2
host=frontier01586
host=frontier00814
allowed=1-2
current_cpu=  1
allowed=1-2
allowed=1-2
host=frontier00965
allowed=1-2
allowed=1-2
allowed=1-2
host=frontier04390
allowed=1-2
host=frontier07275
host=frontier01201
host=frontier00435
allowed=1-2
current_cpu=  1
allowed=1-2
host=frontier02597
allowed=1-2
allowed=1-2
allowed=1-2
host=frontier01967
host=frontier04005
host=frontier06121
allowed=1-2
host=frontier04778
allowed=1-2
host=frontier05800
host=frontier02984
host=frontier04393
host=frontier05415
host=frontier04643
host=frontier00821
host=frontier08166
allowed=1-2
host=frontier08179
host=frontier04395
host=frontier04259
host=frontier01596
host=frontier03624
allowed=1-2
allowed=1-2
host=frontier07528
host=frontier04646
allowed=1-2
allowed=1-2
host=frontier00452
host=frontier06373
allowed=1-2
host=frontier01087
host=frontier09281
host=frontier00687
host=frontier00310
host=frontier02219
host=frontier00455
host=frontier01703
host=frontier07792
host=frontier04899
host=frontier00107
host=frontier02858
host=frontier06767
host=frontier09426
host=frontier07150
host=frontier06129
host=frontier04513
allowed=1-2
host=frontier07014
allowed=1-2
host=frontier04264
host=frontier08188
host=frontier02221
host=frontier05038
host=frontier07015
allowed=1-2
host=frontier04515
host=frontier00693
host=frontier02721
host=frontier07795
allowed=1-2
allowed=1-2
host=frontier02477
host=frontier00317
allowed=1-2
host=frontier09296
host=frontier02089
host=frontier07797
allowed=1-2
host=frontier00567
allowed=1-2
host=frontier06381
host=frontier02090
host=frontier09156
host=frontier04383
host=frontier00569
host=frontier04906
host=frontier04520
host=frontier03748
host=frontier01337
allowed=1-2
host=frontier01960
host=frontier06247
host=frontier06384
host=frontier04521
host=frontier00957
allowed=1-2
host=frontier00329
host=frontier06385
host=frontier06884
host=frontier03116
allowed=1-2
host=frontier02344
allowed=1-2
host=frontier03751
host=frontier05409
host=frontier06885
host=frontier02208
host=frontier00191
host=frontier03117
host=frontier04387
host=frontier00813
host=frontier06886
allowed=1-2
host=frontier05796
host=frontier04002
host=frontier01717
host=frontier03618
host=frontier02347
host=frontier09009
host=frontier05028
host=frontier00817
host=frontier01344
host=frontier02596
allowed=1-2
host=frontier02982
host=frontier08311
host=frontier04776
host=frontier00587
host=frontier00966
allowed=1-2
host=frontier02212
host=frontier08164
allowed=1-2
host=frontier08312
host=frontier07521
host=frontier04392
host=frontier06255
host=frontier01454
host=frontier01969
host=frontier00204
host=frontier06761
host=frontier09412
host=frontier00096
host=frontier00305
host=frontier01973
host=frontier00823
host=frontier00098
host=frontier06508
host=frontier05803
host=frontier06894
host=frontier04898
host=frontier02084
host=frontier01091
host=frontier05535
host=frontier06513
host=frontier03492
host=frontier01706
host=frontier04651
host=frontier00947
host=frontier06770
host=frontier00562
host=frontier06771
host=frontier03881
host=frontier06630
host=frontier00180
host=frontier03884
host=frontier02342
host=frontier05793
host=frontier01339
host=frontier09305
host=frontier09170
host=frontier02210
host=frontier03753
host=frontier04389
host=frontier03234
host=frontier00588
host=frontier04255
host=frontier02350
current_cpu=  2
current_cpu=  1
current_cpu=  1
host=frontier05155
allowed=1-2
allowed=1-2
allowed=1-2
current_cpu=  2
host=frontier09158
allowed=1-2
host=frontier01104
host=frontier06632
host=frontier07268
host=frontier07805
host=frontier01453
host=frontier03621
host=frontier04006
host=frontier00590
allowed=1-2
host=frontier05414
current_cpu=  2
host=frontier08165
allowed=1-2
current_cpu=  1
host=frontier01203
host=frontier04256
allowed=1-2
allowed=1-2
host=frontier08427
current_cpu=  1
allowed=1-2
allowed=1-2
current_cpu=  2
current_cpu=  2
host=frontier07523
host=frontier00441
current_cpu=  1
host=frontier04007
host=frontier05279
allowed=1-2
allowed=1-2
current_cpu=  1
current_cpu=  2
host=frontier07678
current_cpu=  2
current_cpu=  1
host=frontier02215
host=frontier08820
host=frontier02601
allowed=1-2
current_cpu=  1
current_cpu=  1
host=frontier04780
host=frontier08178
current_cpu=  2
host=frontier06372
current_cpu=  1
allowed=1-2
host=frontier08821
allowed=1-2
allowed=1-2
host=frontier01839
allowed=1-2
allowed=1-2
host=frontier08435
current_cpu=  1
allowed=1-2
allowed=1-2
host=frontier05281
current_cpu=  2
host=frontier08822
host=frontier08180
host=frontier07147
allowed=1-2
allowed=1-2
allowed=1-2
allowed=1-2
allowed=1-2
host=frontier00308
allowed=1-2
host=frontier07925
host=frontier06895
current_cpu=  2
current_cpu=  2
allowed=1-2
host=frontier03105
current_cpu=  2
host=frontier07148
current_cpu=  2
allowed=1-2
host=frontier03626
host=frontier04647
current_cpu=  1
allowed=1-2
host=frontier05419
host=frontier04261
current_cpu=  1
allowed=1-2
allowed=1-2
host=frontier07398
allowed=1-2
host=frontier00105
host=frontier08903
current_cpu=  2
host=frontier01842
host=frontier04262
host=frontier00688
allowed=1-2
host=frontier07927
host=frontier06375
allowed=1-2
host=frontier07793
current_cpu=  1
current_cpu=  2
allowed=1-2
current_cpu=  1
allowed=1-2
allowed=1-2
host=frontier09284
host=frontier00456
current_cpu=  2
allowed=1-2
host=frontier09050
host=frontier03107
allowed=1-2
current_cpu=  1
allowed=1-2
allowed=1-2
host=frontier04514
host=frontier08906
allowed=1-2
host=frontier01094
current_cpu=  1
host=frontier03629
host=frontier05673
host=frontier04650
current_cpu=  1
current_cpu=  1
host=frontier00692
current_cpu=  2
host=frontier02087
current_cpu=  2
current_cpu=  2
allowed=1-2
allowed=1-2
current_cpu=  1
host=frontier06378
host=frontier08444
current_cpu=  1
allowed=1-2
host=frontier01463
allowed=1-2
host=frontier04129
allowed=1-2
allowed=1-2
allowed=1-2
allowed=1-2
allowed=1-2
allowed=1-2
allowed=1-2
current_cpu=  1
current_cpu=  2
current_cpu=  1
allowed=1-2
allowed=1-2
allowed=1-2
host=frontier06132
host=frontier03494
host=frontier02722
allowed=1-2
host=frontier02862
allowed=1-2
current_cpu=  2
allowed=1-2
host=frontier05676
current_cpu=  2
allowed=1-2
allowed=1-2
allowed=1-2
allowed=1-2
host=frontier00566
host=frontier07017
host=frontier02723
current_cpu=  1
host=frontier07405
host=frontier00182
host=frontier04518
host=frontier05154
current_cpu=  1
current_cpu=  2
current_cpu=  1
host=frontier06772
allowed=1-2
host=frontier05540
allowed=1-2
allowed=1-2
allowed=1-2
host=frontier06245
current_cpu=  2
host=frontier08925
host=frontier01959
current_cpu=  1
host=frontier07019
allowed=1-2
host=frontier07651
host=frontier02725
host=frontier03497
host=frontier08537
host=frontier00183
host=frontier06246
host=frontier05541
host=frontier03883
allowed=1-2
current_cpu=  1
allowed=1-2
allowed=1-2
host=frontier03114
host=frontier09163
host=frontier05792
current_cpu=  2
current_cpu=  1
allowed=1-2
current_cpu=  2
allowed=1-2
allowed=1-2
host=frontier07806
allowed=1-2
host=frontier07911
current_cpu=  2
allowed=1-2
current_cpu=  1
current_cpu=  2
allowed=1-2
current_cpu=  2
host=frontier07653
host=frontier09303
host=frontier01195
host=frontier01338
host=frontier03749
current_cpu=  1
allowed=1-2
host=frontier08307
current_cpu=  2
current_cpu=  2
current_cpu=  1
allowed=1-2
host=frontier05794
host=frontier04136
allowed=1-2
host=frontier00705
host=frontier02592
host=frontier04909
host=frontier07912
current_cpu=  1
current_cpu=  2
current_cpu=  1
host=frontier07023
current_cpu=  2
current_cpu=  2
allowed=1-2
allowed=1-2
allowed=1-2
allowed=1-2
current_cpu=  2
host=frontier08946
current_cpu=  2
host=frontier08801
allowed=1-2
host=frontier01963
host=frontier08160
current_cpu=  1
host=frontier07667
host=frontier03118
current_cpu=  1
current_cpu=  2
host=frontier01964
host=frontier02209
host=frontier01585
current_cpu=  1
current_cpu=  2
host=frontier03617
host=frontier05546
host=frontier00961
allowed=1-2
host=frontier02594
allowed=1-2
host=frontier04139
allowed=1-2
allowed=1-2
current_cpu=  2
current_cpu=  2
current_cpu=  1
allowed=1-2
host=frontier07668
host=frontier03367
host=frontier03233
host=frontier05797
host=frontier06119
host=frontier07918
current_cpu=  2
current_cpu=  1
current_cpu=  2
allowed=1-2
current_cpu=  2
host=frontier00200
allowed=1-2
allowed=1-2
host=frontier04004
allowed=1-2
current_cpu=  2
host=frontier03619
host=frontier05412
host=frontier08562
host=frontier05799
current_cpu=  1
allowed=1-2
current_cpu=  2
host=frontier09407
host=frontier07670
current_cpu=  2
current_cpu=  2
allowed=1-2
allowed=1-2
host=frontier07920
allowed=1-2
host=frontier03620
host=frontier01589
current_cpu=  1
host=frontier03370
host=frontier00971
host=frontier02850
allowed=1-2
host=frontier01835
host=frontier08818
host=frontier07143
host=frontier08315
current_cpu=  1
allowed=1-2
host=frontier02598
host=frontier01590
allowed=1-2
host=frontier07277
host=frontier07278
host=frontier07144
host=frontier09410
host=frontier01204
host=frontier06891
allowed=1-2
allowed=1-2
host=frontier05031
allowed=1-2
allowed=1-2
host=frontier03871
allowed=1-2
host=frontier01591
host=frontier04394
current_cpu=  1
host=frontier06507
host=frontier06124
host=frontier09030
host=frontier01455
host=frontier07145
host=frontier05280
host=frontier02852
host=frontier05416
host=frontier02986
host=frontier08428
host=frontier04009
allowed=1-2
host=frontier07527
allowed=1-2
allowed=1-2
host=frontier09419
host=frontier08573
host=frontier04645
host=frontier03487
allowed=1-2
host=frontier09276
allowed=1-2
current_cpu=  1
host=frontier02081
current_cpu=  2
allowed=1-2
host=frontier04396
host=frontier07789
allowed=1-2
host=frontier06764
current_cpu=  2
current_cpu=  2
host=frontier03240
host=frontier00100
host=frontier02603
allowed=1-2
allowed=1-2
host=frontier06509
host=frontier04897
host=frontier02218
current_cpu=  2
host=frontier08673
host=frontier00104
host=frontier08440
host=frontier05988
allowed=1-2
allowed=1-2
allowed=1-2
host=frontier03875
host=frontier02083
allowed=1-2
host=frontier05035
host=frontier02471
allowed=1-2
host=frontier06896
allowed=1-2
allowed=1-2
host=frontier01460
host=frontier09282
host=frontier05989
allowed=1-2
host=frontier04012
host=frontier05671
host=frontier03106
host=frontier05284
allowed=1-2
host=frontier05420
host=frontier03490
allowed=1-2
host=frontier08047
allowed=1-2
host=frontier03243
host=frontier07013
host=frontier02473
allowed=1-2
host=frontier08442
allowed=1-2
allowed=1-2
allowed=1-2
allowed=1-2
host=frontier04127
host=frontier07399
host=frontier01323
current_cpu=  2
host=frontier07151
allowed=1-2
current_cpu=  2
host=frontier01845
host=frontier07400
allowed=1-2
host=frontier08676
host=frontier00833
allowed=1-2
host=frontier07794
allowed=1-2
host=frontier09051
allowed=1-2
host=frontier09287
allowed=1-2
current_cpu=  1
host=frontier07152
allowed=1-2
host=frontier00178
allowed=1-2
host=frontier08909
allowed=1-2
host=frontier06628
host=frontier10166
host=frontier07533
host=frontier03109
host=frontier06131
allowed=1-2
host=frontier08268
host=frontier08445
host=frontier08050
host=frontier08269
host=frontier07796
current_cpu=  2
current_cpu=  2
host=frontier01708
allowed=1-2
host=frontier09071
host=frontier04516
host=frontier07402
host=frontier01098
host=frontier05538
allowed=1-2
host=frontier06629
current_cpu=  1
allowed=1-2
host=frontier01710
host=frontier05289
host=frontier06380
host=frontier01465
allowed=1-2
allowed=1-2
host=frontier03495
current_cpu=  1
host=frontier09155
host=frontier04767
host=frontier08917
host=frontier00695
allowed=1-2
current_cpu=  1
host=frontier07798
host=frontier09298
host=frontier03496
allowed=1-2
host=frontier03882
host=frontier00953
allowed=1-2
host=frontier07650
host=frontier00325
host=frontier05290
allowed=1-2
host=frontier03746
host=frontier02091
host=frontier07406
host=frontier03747
allowed=1-2
host=frontier03361
host=frontier01335
host=frontier06382
allowed=1-2
host=frontier08053
host=frontier02341
host=frontier02975
host=frontier04769
allowed=1-2
host=frontier02480
allowed=1-2
allowed=1-2
allowed=1-2
host=frontier03498
current_cpu=  1
allowed=1-2
host=frontier03362
host=frontier01713
host=frontier00956
host=frontier00184
host=frontier02726
allowed=1-2
host=frontier06774
host=frontier02976
host=frontier08538
host=frontier07021
host=frontier08057
host=frontier05998
host=frontier08689
allowed=1-2
host=frontier04908
host=frontier08297
allowed=1-2
host=frontier07408
host=frontier00188
host=frontier09167
host=frontier07270
host=frontier05543
allowed=1-2
host=frontier08061
current_cpu=  2
allowed=1-2
allowed=1-2
allowed=1-2
host=frontier00959
host=frontier03364
allowed=1-2
current_cpu=  2
allowed=1-2
host=frontier05408
host=frontier03500
host=frontier00189
host=frontier06635
host=frontier04772
current_cpu=  2
allowed=1-2
allowed=1-2
allowed=1-2
allowed=1-2
allowed=1-2
host=frontier00431
host=frontier06000
allowed=1-2
allowed=1-2
host=frontier07272
host=frontier05795
host=frontier05545
host=frontier07915
allowed=1-2
host=frontier07411
host=frontier08805
allowed=1-2
current_cpu=  1
host=frontier00192
allowed=1-2
host=frontier08161
host=frontier05026
host=frontier05160
host=frontier01342
allowed=1-2
host=frontier01199
allowed=1-2
host=frontier07274
host=frontier07025
host=frontier05027
allowed=1-2
host=frontier06887
host=frontier05547
host=frontier04639
host=frontier04775
allowed=1-2
host=frontier01200
host=frontier09402
host=frontier04003
host=frontier08310
allowed=1-2
host=frontier01343
allowed=1-2
host=frontier07919
allowed=1-2
allowed=1-2
allowed=1-2
host=frontier09177
current_cpu=  2
allowed=1-2
allowed=1-2
host=frontier07669
allowed=1-2
host=frontier09010
allowed=1-2
host=frontier06888
allowed=1-2
host=frontier07276
current_cpu=  2
allowed=1-2
allowed=1-2
current_cpu=  1
host=frontier04391
host=frontier07142
host=frontier06254
host=frontier01202
allowed=1-2
host=frontier09011
host=frontier06640
allowed=1-2
host=frontier01833
host=frontier00818
allowed=1-2
host=frontier06122
allowed=1-2
host=frontier09200
host=frontier07671
host=frontier08565
host=frontier00440
host=frontier00819
host=frontier09020
host=frontier07921
host=frontier00203
host=frontier05030
host=frontier01968
host=frontier03236
host=frontier09201
host=frontier00593
allowed=1-2
allowed=1-2
host=frontier05666
host=frontier01837
host=frontier06506
allowed=1-2
allowed=1-2
host=frontier02985
host=frontier03371
host=frontier09029
host=frontier08566
host=frontier02214
host=frontier04779
host=frontier07524
allowed=1-2
allowed=1-2
host=frontier05802
allowed=1-2
host=frontier06892
allowed=1-2
allowed=1-2
host=frontier04644
host=frontier01083
host=frontier00443
host=frontier07279
host=frontier05667
host=frontier04008
host=frontier06763
host=frontier01456
allowed=1-2
host=frontier04896
allowed=1-2
host=frontier02987
host=frontier00306
host=frontier09032
allowed=1-2
host=frontier06125
host=frontier00449
host=frontier07146
host=frontier00684
host=frontier02216
host=frontier02854
host=frontier01597
host=frontier07281
host=frontier05669
host=frontier00686
host=frontier02470
host=frontier08668
host=frontier05282
host=frontier03874
host=frontier02988
allowed=1-2
host=frontier05034
host=frontier01458
host=frontier02855
host=frontier05418
host=frontier08181
host=frontier05670
host=frontier00829
allowed=1-2
host=frontier02604
host=frontier03489
host=frontier02856
host=frontier01459
host=frontier06127
host=frontier00453
host=frontier06510
host=frontier01841
host=frontier03241
host=frontier08182
allowed=1-2
host=frontier02857
host=frontier00830
allowed=1-2
host=frontier04512
host=frontier08674
host=frontier05036
host=frontier03876
host=frontier00312
host=frontier04648
host=frontier02605
host=frontier06128
host=frontier02085
host=frontier00314
host=frontier08675
host=frontier06512
host=frontier07531
allowed=1-2
host=frontier00831
host=frontier02719
host=frontier05672
host=frontier01461
host=frontier08185
host=frontier03628
host=frontier01092
host=frontier05285
host=frontier04901
allowed=1-2
host=frontier06768
host=frontier02474
host=frontier02720
host=frontier03244
host=frontier02086
host=frontier04128
host=frontier01325
allowed=1-2
allowed=1-2
host=frontier07532
host=frontier05536
host=frontier02859
host=frontier08443
host=frontier01097
host=frontier05537
host=frontier08049
allowed=1-2
host=frontier09293
host=frontier01707
host=frontier08677
host=frontier00316
host=frontier03743
host=frontier07401
host=frontier04902
host=frontier03879
host=frontier06769
allowed=1-2
host=frontier00694
allowed=1-2
host=frontier02088
host=frontier07153
host=frontier01329
allowed=1-2
host=frontier07534
host=frontier01847
host=frontier05675
host=frontier04903
host=frontier03110
allowed=1-2
host=frontier02478
host=frontier07404
allowed=1-2
host=frontier08684
allowed=1-2
host=frontier01102
host=frontier07646
host=frontier04267
allowed=1-2
host=frontier05539
host=frontier04131
host=frontier03360
host=frontier08924
host=frontier07155
host=frontier02340
host=frontier06631
host=frontier08291
host=frontier05995
host=frontier07018
host=frontier04268
host=frontier04768
host=frontier04132
host=frontier08052
host=frontier08447
host=frontier04519
host=frontier07407
host=frontier01577
host=frontier07020
allowed=1-2
host=frontier05997
host=frontier07269
allowed=1-2
host=frontier06383
host=frontier05542
host=frontier02481
host=frontier07652
host=frontier08943
host=frontier00573
host=frontier02727
host=frontier04385
host=frontier04771
host=frontier03999
host=frontier08540
host=frontier00704
host=frontier06248
allowed=1-2
host=frontier01961
host=frontier08944
host=frontier03363
host=frontier03115
host=frontier02343
host=frontier06634
host=frontier05157
allowed=1-2
host=frontier02094
host=frontier08541
allowed=1-2
host=frontier07654
host=frontier04386
host=frontier00578
host=frontier03750
host=frontier07409
host=frontier02728
host=frontier05999
host=frontier01715
host=frontier05158
host=frontier07022
host=frontier02729
host=frontier01716
host=frontier04773
host=frontier08308
allowed=1-2
host=frontier01197
host=frontier05159
host=frontier02593
host=frontier00812
host=frontier08542
host=frontier06636
host=frontier04001
host=frontier04137
host=frontier02730
host=frontier09172
host=frontier02346
host=frontier02980
host=frontier00432
host=frontier09401
host=frontier00581
host=frontier08545
host=frontier07024
host=frontier08947
host=frontier05410
host=frontier04138
host=frontier03752
host=frontier06637
allowed=1-2
host=frontier07511
host=frontier02595
host=frontier08162
host=frontier00582
host=frontier08815
host=frontier06252
host=frontier02731
allowed=1-2
host=frontier09176
host=frontier05161
allowed=1-2
host=frontier02211
host=frontier01587
host=frontier03368
host=frontier07520
allowed=1-2
host=frontier05162
host=frontier07026
host=frontier03754
host=frontier02732
host=frontier02349
host=frontier06120
host=frontier06639
host=frontier08816
host=frontier05664
host=frontier05163
host=frontier08817
host=frontier03755
host=frontier00968
allowed=1-2
allowed=1-2
host=frontier05029
host=frontier00438
host=frontier04777
host=frontier00201
host=frontier04641
host=frontier08564
host=frontier02849
allowed=1-2
host=frontier04642
host=frontier03756
host=frontier05801
host=frontier02467
host=frontier03623
host=frontier07280
host=frontier01208
host=frontier01086
host=frontier08439
host=frontier04011
host=frontier07149
host=frontier02472
host=frontier02220
host=frontier05037
host=frontier05286
host=frontier06130
host=frontier01846
host=frontier02337
host=frontier05288
host=frontier00951
host=frontier01333
host=frontier06633
host=frontier02093
host=frontier06500
host=frontier06501
host=frontier00434
host=frontier01966
host=frontier06504
allowed=1-2
current_cpu=  2
current_cpu=  1
current_cpu=  1
allowed=1-2
current_cpu=  2
allowed=1-2
allowed=1-2
allowed=1-2
allowed=1-2
allowed=1-2
allowed=1-2
allowed=1-2
allowed=1-2
current_cpu=  1
allowed=1-2
allowed=1-2
current_cpu=  2
allowed=1-2
allowed=1-2
current_cpu=  1
current_cpu=  1
allowed=1-2
current_cpu=  1
current_cpu=  2
allowed=1-2
allowed=1-2
allowed=1-2
allowed=1-2
current_cpu=  1
current_cpu=  2
host=frontier02599
allowed=1-2
allowed=1-2
allowed=1-2
allowed=1-2
current_cpu=  2
allowed=1-2
allowed=1-2
allowed=1-2
current_cpu=  1
allowed=1-2
current_cpu=  2
current_cpu=  2
allowed=1-2
current_cpu=  2
current_cpu=  2
allowed=1-2
current_cpu=  1
current_cpu=  2
allowed=1-2
allowed=1-2
allowed=1-2
allowed=1-2
current_cpu=  1
current_cpu=  1
current_cpu=  2
current_cpu=  2
current_cpu=  1
allowed=1-2
current_cpu=  1
host=frontier02217
allowed=1-2
current_cpu=  1
allowed=1-2
allowed=1-2
current_cpu=  1
allowed=1-2
current_cpu=  1
allowed=1-2
allowed=1-2
current_cpu=  1
current_cpu=  2
allowed=1-2
current_cpu=  1
allowed=1-2
allowed=1-2
allowed=1-2
allowed=1-2
allowed=1-2
current_cpu=  2
allowed=1-2
allowed=1-2
current_cpu=  1
allowed=1-2
current_cpu=  2
current_cpu=  1
current_cpu=  2
allowed=1-2
allowed=1-2
current_cpu=  1
allowed=1-2
allowed=1-2
current_cpu=  2
current_cpu=  2
current_cpu=  1
allowed=1-2
allowed=1-2
current_cpu=  1
allowed=1-2
allowed=1-2
allowed=1-2
allowed=1-2
allowed=1-2
allowed=1-2
current_cpu=  1
current_cpu=  2
allowed=1-2
allowed=1-2
current_cpu=  1
allowed=1-2
current_cpu=  1
allowed=1-2
current_cpu=  2
current_cpu=  2
current_cpu=  2
current_cpu=  1
current_cpu=  2
current_cpu=  2
current_cpu=  2
current_cpu=  1
current_cpu=  2
current_cpu=  1
allowed=1-2
current_cpu=  2
allowed=1-2
current_cpu=  2
current_cpu=  1
allowed=1-2
current_cpu=  1
current_cpu=  2
current_cpu=  1
current_cpu=  1
allowed=1-2
allowed=1-2
allowed=1-2
allowed=1-2
allowed=1-2
allowed=1-2
allowed=1-2
current_cpu=  2
allowed=1-2
current_cpu=  1
current_cpu=  1
current_cpu=  2
allowed=1-2
current_cpu=  2
allowed=1-2
allowed=1-2
allowed=1-2
allowed=1-2
allowed=1-2
allowed=1-2
current_cpu=  2
current_cpu=  2
current_cpu=  2
allowed=1-2
allowed=1-2
allowed=1-2
current_cpu=  1
current_cpu=  1
current_cpu=  2
allowed=1-2
current_cpu=  1
allowed=1-2
current_cpu=  2
current_cpu=  1
allowed=1-2
allowed=1-2
allowed=1-2
allowed=1-2
allowed=1-2
current_cpu=  1
allowed=1-2
current_cpu=  2
allowed=1-2
allowed=1-2
current_cpu=  2
allowed=1-2
allowed=1-2
allowed=1-2
allowed=1-2
allowed=1-2
current_cpu=  2
current_cpu=  1
current_cpu=  1
current_cpu=  2
allowed=1-2
allowed=1-2
current_cpu=  2
allowed=1-2
allowed=1-2
allowed=1-2
allowed=1-2
allowed=1-2
allowed=1-2
allowed=1-2
allowed=1-2
allowed=1-2
allowed=1-2
current_cpu=  1
allowed=1-2
current_cpu=  1
allowed=1-2
current_cpu=  1
current_cpu=  1
current_cpu=  2
allowed=1-2
allowed=1-2
allowed=1-2
allowed=1-2
allowed=1-2
current_cpu=  2
current_cpu=  1
current_cpu=  2
allowed=1-2
current_cpu=  1
allowed=1-2
host=frontier04640
allowed=1-2
allowed=1-2
allowed=1-2
current_cpu=  1
allowed=1-2
allowed=1-2
current_cpu=  2
current_cpu=  2
allowed=1-2
current_cpu=  1
allowed=1-2
allowed=1-2
allowed=1-2
allowed=1-2
allowed=1-2
current_cpu=  1
allowed=1-2
allowed=1-2
allowed=1-2
allowed=1-2
current_cpu=  1
allowed=1-2
allowed=1-2
current_cpu=  2
allowed=1-2
allowed=1-2
allowed=1-2
host=frontier04257
allowed=1-2
allowed=1-2
allowed=1-2
current_cpu=  2
current_cpu=  2
current_cpu=  2
current_cpu=  2
allowed=1-2
current_cpu=  1
allowed=1-2
allowed=1-2
allowed=1-2
allowed=1-2
allowed=1-2
allowed=1-2
allowed=1-2
allowed=1-2
allowed=1-2
allowed=1-2
allowed=1-2
current_cpu=  2
allowed=1-2
current_cpu=  2
current_cpu=  2
allowed=1-2
allowed=1-2
allowed=1-2
current_cpu=  2
allowed=1-2
current_cpu=  1
host=frontier02469
allowed=1-2
current_cpu=  2
allowed=1-2
allowed=1-2
current_cpu=  1
allowed=1-2
allowed=1-2
allowed=1-2
current_cpu=  1
current_cpu=  1
allowed=1-2
allowed=1-2
allowed=1-2
allowed=1-2
allowed=1-2
allowed=1-2
current_cpu=  2
current_cpu=  1
current_cpu=  1
allowed=1-2
allowed=1-2
current_cpu=  2
allowed=1-2
allowed=1-2
current_cpu=  1
allowed=1-2
current_cpu=  1
current_cpu=  1
allowed=1-2
allowed=1-2
allowed=1-2
current_cpu=  1
allowed=1-2
allowed=1-2
allowed=1-2
allowed=1-2
current_cpu=  2
allowed=1-2
current_cpu=  2
allowed=1-2
current_cpu=  2
allowed=1-2
allowed=1-2
current_cpu=  1
current_cpu=  1
current_cpu=  2
current_cpu=  1
current_cpu=  1
allowed=1-2
current_cpu=  2
allowed=1-2
allowed=1-2
current_cpu=  1
allowed=1-2
current_cpu=  2
allowed=1-2
current_cpu=  1
allowed=1-2
current_cpu=  2
allowed=1-2
current_cpu=  1
allowed=1-2
current_cpu=  1
current_cpu=  1
allowed=1-2
current_cpu=  2
allowed=1-2
current_cpu=  2
allowed=1-2
allowed=1-2
allowed=1-2
allowed=1-2
current_cpu=  2
allowed=1-2
allowed=1-2
allowed=1-2
allowed=1-2
allowed=1-2
current_cpu=  1
allowed=1-2
current_cpu=  2
allowed=1-2
allowed=1-2
current_cpu=  1
current_cpu=  2
allowed=1-2
allowed=1-2
allowed=1-2
current_cpu=  2
allowed=1-2
allowed=1-2
allowed=1-2
current_cpu=  1
allowed=1-2
allowed=1-2
current_cpu=  1
allowed=1-2
allowed=1-2
current_cpu=  1
allowed=1-2
allowed=1-2
allowed=1-2
allowed=1-2
current_cpu=  2
allowed=1-2
allowed=1-2
allowed=1-2
current_cpu=  1
allowed=1-2
allowed=1-2
allowed=1-2
current_cpu=  1
allowed=1-2
current_cpu=  2
current_cpu=  2
current_cpu=  1
allowed=1-2
current_cpu=  1
allowed=1-2
allowed=1-2
allowed=1-2
current_cpu=  1
allowed=1-2
allowed=1-2
allowed=1-2
allowed=1-2
allowed=1-2
allowed=1-2
allowed=1-2
current_cpu=  2
allowed=1-2
allowed=1-2
current_cpu=  2
allowed=1-2
allowed=1-2
allowed=1-2
current_cpu=  2
allowed=1-2
current_cpu=  1
current_cpu=  1
current_cpu=  2
allowed=1-2
allowed=1-2
current_cpu=  1
current_cpu=  1
allowed=1-2
allowed=1-2
allowed=1-2
allowed=1-2
current_cpu=  1
host=frontier00579
current_cpu=  2
current_cpu=  2
current_cpu=  1
current_cpu=  2
allowed=1-2
current_cpu=  1
current_cpu=  2
allowed=1-2
allowed=1-2
allowed=1-2
current_cpu=  1
allowed=1-2
current_cpu=  1
allowed=1-2
current_cpu=  1
allowed=1-2
allowed=1-2
allowed=1-2
allowed=1-2
current_cpu=  1
allowed=1-2
current_cpu=  2
allowed=1-2
allowed=1-2
current_cpu=  2
allowed=1-2
allowed=1-2
current_cpu=  1
allowed=1-2
allowed=1-2
allowed=1-2
allowed=1-2
current_cpu=  2
allowed=1-2
current_cpu=  1
allowed=1-2
current_cpu=  2
current_cpu=  1
current_cpu=  1
allowed=1-2
current_cpu=  2
current_cpu=  1
allowed=1-2
current_cpu=  1
current_cpu=  2
allowed=1-2
current_cpu=  1
allowed=1-2
current_cpu=  2
current_cpu=  1
allowed=1-2
allowed=1-2
allowed=1-2
allowed=1-2
current_cpu=  2
allowed=1-2
current_cpu=  2
allowed=1-2
allowed=1-2
current_cpu=  1
allowed=1-2
current_cpu=  1
allowed=1-2
allowed=1-2
allowed=1-2
allowed=1-2
allowed=1-2
allowed=1-2
allowed=1-2
allowed=1-2
allowed=1-2
allowed=1-2
allowed=1-2
allowed=1-2
current_cpu=  1
current_cpu=  2
allowed=1-2
allowed=1-2
allowed=1-2
current_cpu=  1
current_cpu=  2
allowed=1-2
allowed=1-2
allowed=1-2
allowed=1-2
allowed=1-2
allowed=1-2
current_cpu=  2
current_cpu=  1
allowed=1-2
current_cpu=  1
allowed=1-2
current_cpu=  2
current_cpu=  1
allowed=1-2
allowed=1-2
allowed=1-2
allowed=1-2
allowed=1-2
current_cpu=  1
allowed=1-2
current_cpu=  2
allowed=1-2
allowed=1-2
allowed=1-2
current_cpu=  1
allowed=1-2
allowed=1-2
allowed=1-2
allowed=1-2
allowed=1-2
allowed=1-2
allowed=1-2
allowed=1-2
allowed=1-2
allowed=1-2
allowed=1-2
current_cpu=  2
allowed=1-2
allowed=1-2
allowed=1-2
allowed=1-2
allowed=1-2
allowed=1-2
current_cpu=  2
allowed=1-2
allowed=1-2
allowed=1-2
allowed=1-2
allowed=1-2
allowed=1-2
allowed=1-2
allowed=1-2
host=frontier06374
allowed=1-2
allowed=1-2
current_cpu=  1
allowed=1-2
allowed=1-2
current_cpu=  1
allowed=1-2
allowed=1-2
allowed=1-2
allowed=1-2
allowed=1-2
allowed=1-2
allowed=1-2
allowed=1-2
allowed=1-2
allowed=1-2
current_cpu=  1
allowed=1-2
allowed=1-2
allowed=1-2
allowed=1-2
allowed=1-2
allowed=1-2
allowed=1-2
current_cpu=  2
allowed=1-2
allowed=1-2
allowed=1-2
allowed=1-2
current_cpu=  1
current_cpu=  2
current_cpu=  2
current_cpu=  2
current_cpu=  1
current_cpu=  1
current_cpu=  2
current_cpu=  2
current_cpu=  2
current_cpu=  1
current_cpu=  1
current_cpu=  2
current_cpu=  1
current_cpu=  2
current_cpu=  2
current_cpu=  1
current_cpu=  2
current_cpu=  2
current_cpu=  1
current_cpu=  2
current_cpu=  1
current_cpu=  1
current_cpu=  1
current_cpu=  1
current_cpu=  1
current_cpu=  1
current_cpu=  2
current_cpu=  2
current_cpu=  1
allowed=1-2
current_cpu=  2
current_cpu=  2
current_cpu=  2
current_cpu=  2
current_cpu=  2
current_cpu=  1
allowed=1-2
current_cpu=  2
current_cpu=  1
current_cpu=  1
current_cpu=  2
current_cpu=  1
current_cpu=  2
current_cpu=  1
current_cpu=  2
current_cpu=  2
current_cpu=  2
current_cpu=  1
current_cpu=  1
current_cpu=  1
current_cpu=  2
current_cpu=  2
current_cpu=  1
current_cpu=  1
current_cpu=  2
current_cpu=  2
current_cpu=  1
allowed=1-2
current_cpu=  2
current_cpu=  2
current_cpu=  1
current_cpu=  1
current_cpu=  2
current_cpu=  2
current_cpu=  2
current_cpu=  2
current_cpu=  1
current_cpu=  2
current_cpu=  1
current_cpu=  2
current_cpu=  2
current_cpu=  2
current_cpu=  2
host=frontier03622
current_cpu=  1
allowed=1-2
current_cpu=  2
current_cpu=  1
current_cpu=  1
current_cpu=  2
allowed=1-2
host=frontier01838
current_cpu=  2
current_cpu=  1
current_cpu=  2
current_cpu=  2
current_cpu=  2
allowed=1-2
current_cpu=  1
current_cpu=  1
current_cpu=  1
current_cpu=  2
current_cpu=  1
current_cpu=  1
allowed=1-2
allowed=1-2
current_cpu=  1
current_cpu=  2
current_cpu=  1
current_cpu=  2
current_cpu=  2
current_cpu=  1
allowed=1-2
current_cpu=  2
host=frontier07791
current_cpu=  1
current_cpu=  1
current_cpu=  2
current_cpu=  2
current_cpu=  1
current_cpu=  1
current_cpu=  2
current_cpu=  1
current_cpu=  1
current_cpu=  1
current_cpu=  1
current_cpu=  1
current_cpu=  1
current_cpu=  2
allowed=1-2
current_cpu=  2
allowed=1-2
allowed=1-2
allowed=1-2
allowed=1-2
current_cpu=  1
allowed=1-2
current_cpu=  2
current_cpu=  2
current_cpu=  2
allowed=1-2
allowed=1-2
current_cpu=  2
current_cpu=  1
current_cpu=  1
current_cpu=  2
allowed=1-2
allowed=1-2
current_cpu=  1
current_cpu=  2
current_cpu=  1
current_cpu=  2
current_cpu=  1
current_cpu=  2
current_cpu=  2
allowed=1-2
allowed=1-2
current_cpu=  1
allowed=1-2
allowed=1-2
current_cpu=  2
current_cpu=  2
allowed=1-2
current_cpu=  1
current_cpu=  2
allowed=1-2
current_cpu=  2
current_cpu=  2
allowed=1-2
current_cpu=  2
current_cpu=  2
current_cpu=  2
current_cpu=  2
current_cpu=  1
current_cpu=  2
current_cpu=  2
current_cpu=  1
current_cpu=  1
current_cpu=  1
current_cpu=  1
current_cpu=  1
current_cpu=  1
allowed=1-2
allowed=1-2
current_cpu=  2
current_cpu=  1
host=frontier05791
current_cpu=  1
current_cpu=  2
current_cpu=  1
current_cpu=  2
current_cpu=  2
current_cpu=  1
allowed=1-2
current_cpu=  2
current_cpu=  2
allowed=1-2
current_cpu=  1
current_cpu=  2
allowed=1-2
allowed=1-2
current_cpu=  1
current_cpu=  1
current_cpu=  1
current_cpu=  1
current_cpu=  2
current_cpu=  2
current_cpu=  1
current_cpu=  1
current_cpu=  1
current_cpu=  1
host=frontier01714
current_cpu=  1
allowed=1-2
allowed=1-2
current_cpu=  1
allowed=1-2
current_cpu=  2
current_cpu=  1
allowed=1-2
allowed=1-2
current_cpu=  1
current_cpu=  1
current_cpu=  1
allowed=1-2
host=frontier07913
current_cpu=  2
current_cpu=  2
allowed=1-2
allowed=1-2
current_cpu=  1
current_cpu=  2
current_cpu=  1
host=frontier08569
current_cpu=  1
current_cpu=  2
current_cpu=  1
current_cpu=  1
allowed=1-2
allowed=1-2
allowed=1-2
current_cpu=  1
host=frontier03111
host=frontier04133
current_cpu=  2
current_cpu=  2
host=frontier08685
allowed=1-2
allowed=1-2
current_cpu=  2
current_cpu=  2
current_cpu=  1
allowed=1-2
allowed=1-2
current_cpu=  1
current_cpu=  1
current_cpu=  1
current_cpu=  1
current_cpu=  2
current_cpu=  1
current_cpu=  1
current_cpu=  1
current_cpu=  2
current_cpu=  1
current_cpu=  1
allowed=1-2
current_cpu=  1
current_cpu=  2
current_cpu=  1
current_cpu=  1
allowed=1-2
current_cpu=  2
current_cpu=  1
current_cpu=  1
current_cpu=  2
current_cpu=  1
current_cpu=  2
current_cpu=  1
current_cpu=  2
allowed=1-2
current_cpu=  1
current_cpu=  1
current_cpu=  1
current_cpu=  2
current_cpu=  2
current_cpu=  2
current_cpu=  2
current_cpu=  2
current_cpu=  1
current_cpu=  1
current_cpu=  1
current_cpu=  1
current_cpu=  1
current_cpu=  2
allowed=1-2
current_cpu=  2
current_cpu=  1
current_cpu=  2
current_cpu=  1
current_cpu=  1
current_cpu=  1
current_cpu=  2
current_cpu=  1
current_cpu=  2
current_cpu=  2
current_cpu=  1
allowed=1-2
current_cpu=  2
current_cpu=  1
allowed=1-2
current_cpu=  1
current_cpu=  1
current_cpu=  1
current_cpu=  1
current_cpu=  2
current_cpu=  1
host=frontier09202
current_cpu=  2
allowed=1-2
current_cpu=  1
allowed=1-2
current_cpu=  2
current_cpu=  2
host=frontier03872
current_cpu=  1
current_cpu=  2
current_cpu=  1
allowed=1-2
allowed=1-2
current_cpu=  1
current_cpu=  2
allowed=1-2
current_cpu=  2
allowed=1-2
current_cpu=  1
current_cpu=  2
current_cpu=  1
current_cpu=  1
allowed=1-2
current_cpu=  2
current_cpu=  2
current_cpu=  2
current_cpu=  2
current_cpu=  1
current_cpu=  2
current_cpu=  2
allowed=1-2
current_cpu=  2
current_cpu=  2
current_cpu=  2
allowed=1-2
host=frontier06641
current_cpu=  2
current_cpu=  2
current_cpu=  1
current_cpu=  1
current_cpu=  2
current_cpu=  1
allowed=1-2
current_cpu=  2
host=frontier00827
current_cpu=  2
current_cpu=  2
current_cpu=  2
allowed=1-2
current_cpu=  1
current_cpu=  1
current_cpu=  2
allowed=1-2
current_cpu=  1
current_cpu=  1
current_cpu=  1
current_cpu=  2
current_cpu=  1
current_cpu=  2
current_cpu=  1
current_cpu=  2
allowed=1-2
current_cpu=  1
current_cpu=  2
current_cpu=  1
current_cpu=  2
current_cpu=  2
current_cpu=  1
current_cpu=  2
current_cpu=  1
current_cpu=  2
current_cpu=  2
current_cpu=  2
host=frontier09422
current_cpu=  1
current_cpu=  1
current_cpu=  1
allowed=1-2
current_cpu=  2
current_cpu=  2
current_cpu=  1
current_cpu=  2
current_cpu=  2
allowed=1-2
current_cpu=  1
allowed=1-2
current_cpu=  1
current_cpu=  1
current_cpu=  1
current_cpu=  1
current_cpu=  2
allowed=1-2
host=frontier03627
current_cpu=  2
current_cpu=  1
current_cpu=  1
host=frontier09044
current_cpu=  2
current_cpu=  1
current_cpu=  1
current_cpu=  2
current_cpu=  1
current_cpu=  2
current_cpu=  2
allowed=1-2
allowed=1-2
current_cpu=  1
current_cpu=  2
current_cpu=  1
current_cpu=  2
allowed=1-2
current_cpu=  2
host=frontier08904
current_cpu=  2
current_cpu=  1
current_cpu=  2
allowed=1-2
current_cpu=  1
current_cpu=  2
allowed=1-2
current_cpu=  2
current_cpu=  2
current_cpu=  2
current_cpu=  2
current_cpu=  1
allowed=1-2
current_cpu=  1
allowed=1-2
current_cpu=  1
allowed=1-2
current_cpu=  2
current_cpu=  1
current_cpu=  1
allowed=1-2
allowed=1-2
current_cpu=  2
allowed=1-2
current_cpu=  1
allowed=1-2
current_cpu=  1
current_cpu=  2
current_cpu=  1
current_cpu=  2
allowed=1-2
current_cpu=  1
current_cpu=  2
allowed=1-2
current_cpu=  1
current_cpu=  2
current_cpu=  2
current_cpu=  2
current_cpu=  2
allowed=1-2
current_cpu=  1
host=frontier05151
allowed=1-2
allowed=1-2
allowed=1-2
current_cpu=  2
allowed=1-2
current_cpu=  1
allowed=1-2
current_cpu=  1
allowed=1-2
allowed=1-2
current_cpu=  2
current_cpu=  1
current_cpu=  2
allowed=1-2
current_cpu=  2
current_cpu=  2
allowed=1-2
allowed=1-2
current_cpu=  1
allowed=1-2
current_cpu=  1
current_cpu=  2
current_cpu=  1
host=frontier04265
allowed=1-2
allowed=1-2
allowed=1-2
allowed=1-2
current_cpu=  2
current_cpu=  1
current_cpu=  1
allowed=1-2
current_cpu=  1
current_cpu=  2
current_cpu=  2
current_cpu=  2
allowed=1-2
current_cpu=  1
current_cpu=  1
host=frontier03246
allowed=1-2
allowed=1-2
host=frontier07016
allowed=1-2
current_cpu=  2
current_cpu=  2
allowed=1-2
current_cpu=  2
current_cpu=  2
allowed=1-2
current_cpu=  1
current_cpu=  1
allowed=1-2
allowed=1-2
current_cpu=  1
current_cpu=  2
current_cpu=  1
allowed=1-2
allowed=1-2
current_cpu=  1
current_cpu=  1
host=frontier04652
current_cpu=  1
allowed=1-2
current_cpu=  2
current_cpu=  1
current_cpu=  1
current_cpu=  2
allowed=1-2
allowed=1-2
current_cpu=  2
current_cpu=  2
allowed=1-2
current_cpu=  2
allowed=1-2
current_cpu=  1
current_cpu=  2
allowed=1-2
host=frontier08051
allowed=1-2
allowed=1-2
current_cpu=  1
allowed=1-2
current_cpu=  1
current_cpu=  1
allowed=1-2
current_cpu=  1
current_cpu=  2
current_cpu=  2
current_cpu=  1
current_cpu=  1
host=frontier03359
allowed=1-2
allowed=1-2
current_cpu=  2
allowed=1-2
current_cpu=  1
allowed=1-2
current_cpu=  2
current_cpu=  1
current_cpu=  1
allowed=1-2
current_cpu=  2
current_cpu=  1
current_cpu=  2
allowed=1-2
current_cpu=  1
host=frontier08446
allowed=1-2
host=frontier02863
current_cpu=  2
allowed=1-2
current_cpu=  1
current_cpu=  1
allowed=1-2
allowed=1-2
current_cpu=  2
current_cpu=  2
allowed=1-2
allowed=1-2
current_cpu=  2
current_cpu=  1
current_cpu=  2
current_cpu=  2
allowed=1-2
allowed=1-2
current_cpu=  1
current_cpu=  2
current_cpu=  2
current_cpu=  2
allowed=1-2
allowed=1-2
current_cpu=  2
current_cpu=  1
allowed=1-2
host=frontier05677
current_cpu=  2
current_cpu=  1
allowed=1-2
allowed=1-2
current_cpu=  1
allowed=1-2
allowed=1-2
allowed=1-2
current_cpu=  2
current_cpu=  1
current_cpu=  2
current_cpu=  1
allowed=1-2
allowed=1-2
current_cpu=  1
current_cpu=  1
current_cpu=  2
allowed=1-2
current_cpu=  1
current_cpu=  1
allowed=1-2
current_cpu=  2
allowed=1-2
allowed=1-2
current_cpu=  1
current_cpu=  1
current_cpu=  1
current_cpu=  1
current_cpu=  1
host=frontier00700
allowed=1-2
allowed=1-2
current_cpu=  1
current_cpu=  2
host=frontier08293
allowed=1-2
current_cpu=  2
current_cpu=  2
allowed=1-2
current_cpu=  1
current_cpu=  1
current_cpu=  2
allowed=1-2
allowed=1-2
current_cpu=  2
current_cpu=  1
allowed=1-2
current_cpu=  2
current_cpu=  1
current_cpu=  2
current_cpu=  2
allowed=1-2
current_cpu=  2
allowed=1-2
current_cpu=  2
current_cpu=  2
current_cpu=  2
current_cpu=  1
allowed=1-2
allowed=1-2
current_cpu=  2
current_cpu=  2
allowed=1-2
allowed=1-2
current_cpu=  2
current_cpu=  2
allowed=1-2
allowed=1-2
current_cpu=  2
current_cpu=  1
current_cpu=  2
current_cpu=  1
current_cpu=  2
allowed=1-2
current_cpu=  2
current_cpu=  1
current_cpu=  1
allowed=1-2
current_cpu=  1
current_cpu=  1
current_cpu=  2
allowed=1-2
allowed=1-2
current_cpu=  1
allowed=1-2
allowed=1-2
allowed=1-2
current_cpu=  1
current_cpu=  1
allowed=1-2
current_cpu=  1
current_cpu=  2
allowed=1-2
allowed=1-2
current_cpu=  1
current_cpu=  1
current_cpu=  2
allowed=1-2
current_cpu=  1
current_cpu=  1
allowed=1-2
allowed=1-2
current_cpu=  1
current_cpu=  2
current_cpu=  1
current_cpu=  1
current_cpu=  2
allowed=1-2
current_cpu=  1
allowed=1-2
current_cpu=  2
allowed=1-2
current_cpu=  1
current_cpu=  2
allowed=1-2
allowed=1-2
current_cpu=  2
current_cpu=  2
host=frontier05544
allowed=1-2
allowed=1-2
current_cpu=  2
allowed=1-2
allowed=1-2
current_cpu=  2
current_cpu=  1
allowed=1-2
allowed=1-2
current_cpu=  2
current_cpu=  2
current_cpu=  2
allowed=1-2
current_cpu=  1
allowed=1-2
allowed=1-2
current_cpu=  2
current_cpu=  2
allowed=1-2
current_cpu=  1
allowed=1-2
current_cpu=  1
current_cpu=  2
current_cpu=  1
host=frontier06250
allowed=1-2
host=frontier07666
allowed=1-2
allowed=1-2
allowed=1-2
allowed=1-2
current_cpu=  2
current_cpu=  1
current_cpu=  1
allowed=1-2
current_cpu=  1
current_cpu=  2
allowed=1-2
allowed=1-2
current_cpu=  2
allowed=1-2
current_cpu=  1
current_cpu=  2
allowed=1-2
allowed=1-2
current_cpu=  1
current_cpu=  1
allowed=1-2
allowed=1-2
current_cpu=  1
current_cpu=  2
current_cpu=  2
current_cpu=  2
current_cpu=  2
allowed=1-2
current_cpu=  2
allowed=1-2
current_cpu=  2
allowed=1-2
current_cpu=  1
allowed=1-2
current_cpu=  1
current_cpu=  1
allowed=1-2
allowed=1-2
current_cpu=  2
current_cpu=  2
current_cpu=  1
current_cpu=  2
allowed=1-2
allowed=1-2
current_cpu=  2
current_cpu=  2
allowed=1-2
allowed=1-2
current_cpu=  1
current_cpu=  1
current_cpu=  2
host=frontier08309
allowed=1-2
allowed=1-2
current_cpu=  2
current_cpu=  2
current_cpu=  2
current_cpu=  2
current_cpu=  2
allowed=1-2
current_cpu=  1
current_cpu=  1
allowed=1-2
current_cpu=  2
current_cpu=  2
allowed=1-2
current_cpu=  2
allowed=1-2
current_cpu=  1
allowed=1-2
current_cpu=  2
current_cpu=  2
host=frontier08548
allowed=1-2
current_cpu=  1
allowed=1-2
current_cpu=  2
allowed=1-2
current_cpu=  2
current_cpu=  2
allowed=1-2
allowed=1-2
current_cpu=  1
current_cpu=  1
current_cpu=  2
allowed=1-2
current_cpu=  2
host=frontier06638
allowed=1-2
host=frontier01831
allowed=1-2
allowed=1-2
current_cpu=  1
current_cpu=  1
host=frontier01832
allowed=1-2
allowed=1-2
current_cpu=  2
current_cpu=  1
host=frontier05548
allowed=1-2
allowed=1-2
current_cpu=  2
allowed=1-2
current_cpu=  1
allowed=1-2
current_cpu=  1
current_cpu=  2
allowed=1-2
allowed=1-2
current_cpu=  1
current_cpu=  1
allowed=1-2
allowed=1-2
current_cpu=  1
current_cpu=  2
current_cpu=  2
current_cpu=  2
allowed=1-2
allowed=1-2
current_cpu=  2
current_cpu=  1
allowed=1-2
allowed=1-2
current_cpu=  1
current_cpu=  2
current_cpu=  2
allowed=1-2
current_cpu=  1
current_cpu=  1
current_cpu=  2
allowed=1-2
current_cpu=  2
allowed=1-2
current_cpu=  1
allowed=1-2
current_cpu=  1
current_cpu=  1
allowed=1-2
current_cpu=  1
current_cpu=  1
current_cpu=  2
allowed=1-2
allowed=1-2
current_cpu=  2
current_cpu=  2
allowed=1-2
allowed=1-2
current_cpu=  2
current_cpu=  2
current_cpu=  1
allowed=1-2
current_cpu=  2
allowed=1-2
current_cpu=  2
current_cpu=  2
current_cpu=  1
allowed=1-2
current_cpu=  2
current_cpu=  2
current_cpu=  2
allowed=1-2
current_cpu=  1
allowed=1-2
current_cpu=  2
current_cpu=  2
allowed=1-2
allowed=1-2
current_cpu=  2
current_cpu=  2
allowed=1-2
host=frontier06762
current_cpu=  1
allowed=1-2
allowed=1-2
allowed=1-2
current_cpu=  1
current_cpu=  1
current_cpu=  2
allowed=1-2
current_cpu=  1
allowed=1-2
current_cpu=  1
current_cpu=  2
allowed=1-2
allowed=1-2
current_cpu=  2
current_cpu=  1
allowed=1-2
allowed=1-2
current_cpu=  2
current_cpu=  2
current_cpu=  1
allowed=1-2
current_cpu=  2
current_cpu=  1
allowed=1-2
allowed=1-2
current_cpu=  2
current_cpu=  1
current_cpu=  1
host=frontier00945
allowed=1-2
allowed=1-2
current_cpu=  1
current_cpu=  2
allowed=1-2
allowed=1-2
current_cpu=  1
current_cpu=  2
allowed=1-2
allowed=1-2
current_cpu=  2
current_cpu=  1
host=frontier04905
allowed=1-2
current_cpu=  2
allowed=1-2
current_cpu=  2
current_cpu=  2
allowed=1-2
host=frontier01962
current_cpu=  1
allowed=1-2
current_cpu=  1
allowed=1-2
current_cpu=  1
current_cpu=  1
allowed=1-2
allowed=1-2
current_cpu=  2
current_cpu=  2
current_cpu=  2
allowed=1-2
current_cpu=  1
allowed=1-2
current_cpu=  1
host=frontier07397
current_cpu=  2
current_cpu=  1
allowed=1-2
current_cpu=  1
current_cpu=  1
current_cpu=  1
current_cpu=  2
current_cpu=  2
current_cpu=  2
current_cpu=  1
current_cpu=  2
current_cpu=  1
current_cpu=  2
current_cpu=  1
current_cpu=  1
current_cpu=  2
current_cpu=  1
current_cpu=  1
current_cpu=  1
current_cpu=  2
current_cpu=  2
current_cpu=  2
current_cpu=  1
current_cpu=  2
current_cpu=  1
current_cpu=  2
current_cpu=  2
current_cpu=  1
current_cpu=  1
current_cpu=  2
current_cpu=  2
current_cpu=  1
current_cpu=  2
current_cpu=  2
current_cpu=  2
current_cpu=  2
current_cpu=  2
current_cpu=  1
current_cpu=  1
+ echo 'Launching Copper Gracefully On All Nodes : End'
Launching Copper Gracefully On All Nodes : End
+ exe=/mnt/bb/wcastil/copper_mount/lustre/orion/stf243/world-shared/hagertnl/CUG26/benchmark_builds/osu/install-osu-7.5.1/libexec/osu-micro-benchmarks/mpi/startup/osu_init
+ /usr/bin/time srun --overlap -N 1024 -n 8192 --ntasks-per-node=8 -c 5 /mnt/bb/wcastil/copper_mount/lustre/orion/stf243/world-shared/hagertnl/CUG26/benchmark_builds/osu/install-osu-7.5.1/libexec/osu-micro-benchmarks/mpi/startup/osu_init
# OSU MPI Init Test v7.5
nprocs: 8192, min: 2106 ms, max: 3599 ms, avg: 3242 ms
0.18user 0.35system 0:12.14elapsed 4%CPU (0avgtext+0avgdata 23552maxresident)k
24inputs+0outputs (0major+6572minor)pagefaults 0swaps
+ sleep 2s
+ /usr/bin/time srun --overlap -N 1024 -n 8192 --ntasks-per-node=8 -c 5 /mnt/bb/wcastil/copper_mount/lustre/orion/stf243/world-shared/hagertnl/CUG26/benchmark_builds/osu/install-osu-7.5.1/libexec/osu-micro-benchmarks/mpi/startup/osu_init
# OSU MPI Init Test v7.5
nprocs: 8192, min: 671 ms, max: 838 ms, avg: 800 ms
0.12user 0.28system 0:06.42elapsed 6%CPU (0avgtext+0avgdata 22528maxresident)k
24inputs+0outputs (0major+6573minor)pagefaults 0swaps
+ sleep 2s
+ /usr/bin/time srun --overlap -N 1024 -n 8192 --ntasks-per-node=8 -c 5 /mnt/bb/wcastil/copper_mount/lustre/orion/stf243/world-shared/hagertnl/CUG26/benchmark_builds/osu/install-osu-7.5.1/libexec/osu-micro-benchmarks/mpi/startup/osu_init
# OSU MPI Init Test v7.5
nprocs: 8192, min: 651 ms, max: 855 ms, avg: 802 ms
0.12user 0.28system 0:06.39elapsed 6%CPU (0avgtext+0avgdata 23552maxresident)k
0inputs+0outputs (0major+6572minor)pagefaults 0swaps
+ sleep 2s
+ /usr/bin/time srun --overlap -N 1024 -n 8192 --ntasks-per-node=8 -c 5 /mnt/bb/wcastil/copper_mount/lustre/orion/stf243/world-shared/hagertnl/CUG26/benchmark_builds/osu/install-osu-7.5.1/libexec/osu-micro-benchmarks/mpi/startup/osu_init
# OSU MPI Init Test v7.5
nprocs: 8192, min: 658 ms, max: 836 ms, avg: 797 ms
0.12user 0.29system 0:06.39elapsed 6%CPU (0avgtext+0avgdata 23552maxresident)k
0inputs+8outputs (0major+6573minor)pagefaults 0swaps
+ sleep 2s
+ /usr/bin/time srun --overlap -N 1024 -n 8192 --ntasks-per-node=8 -c 5 /mnt/bb/wcastil/copper_mount/lustre/orion/stf243/world-shared/hagertnl/CUG26/benchmark_builds/osu/install-osu-7.5.1/libexec/osu-micro-benchmarks/mpi/startup/osu_init
# OSU MPI Init Test v7.5
nprocs: 8192, min: 687 ms, max: 848 ms, avg: 800 ms
0.12user 0.29system 0:07.41elapsed 5%CPU (0avgtext+0avgdata 23552maxresident)k
0inputs+0outputs (0major+6573minor)pagefaults 0swaps
+ sleep 2s
+ conda deactivate
+ local cmd=deactivate
+ case "$cmd" in
+ __conda_activate deactivate
+ '[' -n '' ']'
+ local ask_conda
++ PS1='(base) '
++ __conda_exe shell.posix deactivate
++ /autofs/nccs-svm1_sw/frontier/miniforge3/23.11.0-0/bin/conda shell.posix deactivate
+ ask_conda='export PATH='\''/autofs/nccs-svm1_sw/frontier/miniforge3/23.11.0-0/condabin:/sw/frontier/lfs-wrapper/0.0.1/bin/lfs:/sw/frontier/miniforge3/23.11.0-0/bin:/opt/cray/libfabric/1.22.0/bin:/opt/rocm-6.4.2/bin:/sw/frontier/spack-envs/cpe25.09-cpu/opt/llvm-amdgpu-6.4.2/darshan-runtime-3.4.7-tvdocpzv3jfj4y6ki5jvmmkics323gon/bin:/opt/cray/pe/mpich/9.0.1/ofi/amd/6.0/bin:/opt/cray/pe/mpich/9.0.1/bin:/opt/cray/pe/perftools/25.09.0/bin:/opt/cray/pe/papi/7.2.0.2/bin:/opt/cray/pe/craype/2.7.35/bin:/sw/frontier/ums/ums046/copper/build:/sw/sources/hpss/bin:/sw/frontier/spack-envs/core-25.03/opt/gcc-13.2/tmux-3.4-fcqqko3j4ga67yuc7zxaqcwsix5hns2v/bin:/opt/clmgr/sbin:/opt/clmgr/bin:/opt/sgi/sbin:/opt/sgi/bin:/sw/frontier/bin:/ccs/home/wcastil/.local/bin:/usr/local/bin:/usr/bin:/bin:/opt/bin:/opt/c3/bin:/usr/lib/mit/bin:/opt/puppetlabs/bin:/opt/cray/pe/bin'\''
. "/autofs/nccs-svm1_sw/frontier/miniforge3/23.11.0-0/etc/conda/deactivate.d/libxml2_deactivate.sh"
. "/autofs/nccs-svm1_sw/frontier/miniforge3/23.11.0-0/etc/conda/deactivate.d/libglib_deactivate.sh"
unset CONDA_PREFIX
unset CONDA_DEFAULT_ENV
unset CONDA_PROMPT_MODIFIER
PS1='\'''\''
export CONDA_SHLVL='\''0'\''
export CONDA_EXE='\''/autofs/nccs-svm1_sw/frontier/miniforge3/23.11.0-0/bin/conda'\''
export _CE_M='\'''\''
export _CE_CONDA='\'''\''
export CONDA_PYTHON_EXE='\''/autofs/nccs-svm1_sw/frontier/miniforge3/23.11.0-0/bin/python'\'''
+ eval 'export PATH='\''/autofs/nccs-svm1_sw/frontier/miniforge3/23.11.0-0/condabin:/sw/frontier/lfs-wrapper/0.0.1/bin/lfs:/sw/frontier/miniforge3/23.11.0-0/bin:/opt/cray/libfabric/1.22.0/bin:/opt/rocm-6.4.2/bin:/sw/frontier/spack-envs/cpe25.09-cpu/opt/llvm-amdgpu-6.4.2/darshan-runtime-3.4.7-tvdocpzv3jfj4y6ki5jvmmkics323gon/bin:/opt/cray/pe/mpich/9.0.1/ofi/amd/6.0/bin:/opt/cray/pe/mpich/9.0.1/bin:/opt/cray/pe/perftools/25.09.0/bin:/opt/cray/pe/papi/7.2.0.2/bin:/opt/cray/pe/craype/2.7.35/bin:/sw/frontier/ums/ums046/copper/build:/sw/sources/hpss/bin:/sw/frontier/spack-envs/core-25.03/opt/gcc-13.2/tmux-3.4-fcqqko3j4ga67yuc7zxaqcwsix5hns2v/bin:/opt/clmgr/sbin:/opt/clmgr/bin:/opt/sgi/sbin:/opt/sgi/bin:/sw/frontier/bin:/ccs/home/wcastil/.local/bin:/usr/local/bin:/usr/bin:/bin:/opt/bin:/opt/c3/bin:/usr/lib/mit/bin:/opt/puppetlabs/bin:/opt/cray/pe/bin'\''
. "/autofs/nccs-svm1_sw/frontier/miniforge3/23.11.0-0/etc/conda/deactivate.d/libxml2_deactivate.sh"
. "/autofs/nccs-svm1_sw/frontier/miniforge3/23.11.0-0/etc/conda/deactivate.d/libglib_deactivate.sh"
unset CONDA_PREFIX
unset CONDA_DEFAULT_ENV
unset CONDA_PROMPT_MODIFIER
PS1='\'''\''
export CONDA_SHLVL='\''0'\''
export CONDA_EXE='\''/autofs/nccs-svm1_sw/frontier/miniforge3/23.11.0-0/bin/conda'\''
export _CE_M='\'''\''
export _CE_CONDA='\'''\''
export CONDA_PYTHON_EXE='\''/autofs/nccs-svm1_sw/frontier/miniforge3/23.11.0-0/bin/python'\'''
++ export PATH=/autofs/nccs-svm1_sw/frontier/miniforge3/23.11.0-0/condabin:/sw/frontier/lfs-wrapper/0.0.1/bin/lfs:/sw/frontier/miniforge3/23.11.0-0/bin:/opt/cray/libfabric/1.22.0/bin:/opt/rocm-6.4.2/bin:/sw/frontier/spack-envs/cpe25.09-cpu/opt/llvm-amdgpu-6.4.2/darshan-runtime-3.4.7-tvdocpzv3jfj4y6ki5jvmmkics323gon/bin:/opt/cray/pe/mpich/9.0.1/ofi/amd/6.0/bin:/opt/cray/pe/mpich/9.0.1/bin:/opt/cray/pe/perftools/25.09.0/bin:/opt/cray/pe/papi/7.2.0.2/bin:/opt/cray/pe/craype/2.7.35/bin:/sw/frontier/ums/ums046/copper/build:/sw/sources/hpss/bin:/sw/frontier/spack-envs/core-25.03/opt/gcc-13.2/tmux-3.4-fcqqko3j4ga67yuc7zxaqcwsix5hns2v/bin:/opt/clmgr/sbin:/opt/clmgr/bin:/opt/sgi/sbin:/opt/sgi/bin:/sw/frontier/bin:/ccs/home/wcastil/.local/bin:/usr/local/bin:/usr/bin:/bin:/opt/bin:/opt/c3/bin:/usr/lib/mit/bin:/opt/puppetlabs/bin:/opt/cray/pe/bin
++ PATH=/autofs/nccs-svm1_sw/frontier/miniforge3/23.11.0-0/condabin:/sw/frontier/lfs-wrapper/0.0.1/bin/lfs:/sw/frontier/miniforge3/23.11.0-0/bin:/opt/cray/libfabric/1.22.0/bin:/opt/rocm-6.4.2/bin:/sw/frontier/spack-envs/cpe25.09-cpu/opt/llvm-amdgpu-6.4.2/darshan-runtime-3.4.7-tvdocpzv3jfj4y6ki5jvmmkics323gon/bin:/opt/cray/pe/mpich/9.0.1/ofi/amd/6.0/bin:/opt/cray/pe/mpich/9.0.1/bin:/opt/cray/pe/perftools/25.09.0/bin:/opt/cray/pe/papi/7.2.0.2/bin:/opt/cray/pe/craype/2.7.35/bin:/sw/frontier/ums/ums046/copper/build:/sw/sources/hpss/bin:/sw/frontier/spack-envs/core-25.03/opt/gcc-13.2/tmux-3.4-fcqqko3j4ga67yuc7zxaqcwsix5hns2v/bin:/opt/clmgr/sbin:/opt/clmgr/bin:/opt/sgi/sbin:/opt/sgi/bin:/sw/frontier/bin:/ccs/home/wcastil/.local/bin:/usr/local/bin:/usr/bin:/bin:/opt/bin:/opt/c3/bin:/usr/lib/mit/bin:/opt/puppetlabs/bin:/opt/cray/pe/bin
++ . /autofs/nccs-svm1_sw/frontier/miniforge3/23.11.0-0/etc/conda/deactivate.d/libxml2_deactivate.sh
+++ test -n ''
+++ unset XML_CATALOG_FILES
+++ unset xml_catalog_files_libxml2
++ . /autofs/nccs-svm1_sw/frontier/miniforge3/23.11.0-0/etc/conda/deactivate.d/libglib_deactivate.sh
+++ export GSETTINGS_SCHEMA_DIR=
+++ GSETTINGS_SCHEMA_DIR=
+++ unset GSETTINGS_SCHEMA_DIR_CONDA_BACKUP
+++ '[' -z ']'
+++ unset GSETTINGS_SCHEMA_DIR
++ unset CONDA_PREFIX
++ unset CONDA_DEFAULT_ENV
++ unset CONDA_PROMPT_MODIFIER
++ PS1=
++ export CONDA_SHLVL=0
++ CONDA_SHLVL=0
++ export CONDA_EXE=/autofs/nccs-svm1_sw/frontier/miniforge3/23.11.0-0/bin/conda
++ CONDA_EXE=/autofs/nccs-svm1_sw/frontier/miniforge3/23.11.0-0/bin/conda
++ export _CE_M=
++ _CE_M=
++ export _CE_CONDA=
++ _CE_CONDA=
++ export CONDA_PYTHON_EXE=/autofs/nccs-svm1_sw/frontier/miniforge3/23.11.0-0/bin/python
++ CONDA_PYTHON_EXE=/autofs/nccs-svm1_sw/frontier/miniforge3/23.11.0-0/bin/python
+ __conda_hashr
+ '[' -n '' ']'
+ '[' -n '' ']'
+ hash -r
+ stop_copper.sh -d /lustre/orion/stf243/world-shared/wcastil/Experiments/CUG26/copper_run/logs -v /mnt/bb/wcastil/copper_mount
/var/spool/slurmd/job4348866/slurm_script: line 39: stop_copper.sh: command not found
