+ '[' -z '' ']'
+ case "$-" in
+ __lmod_vx=x
+ '[' -n x ']'
+ set +x
Shell debugging temporarily silenced: export LMOD_SH_DBG_ON=1 for this output (/opt/cray/pe/lmod/lmod/init/bash)
Shell debugging restarted
+ unset __lmod_vx
+ cd /lustre/orion/stf243/world-shared/wcastil/Experiments/CUG26/copper_run/osu
+ module load ums ums046 copper
+ '[' -z '' ']'
+ case "$-" in
+ __lmod_sh_dbg=x
+ '[' -n x ']'
+ set +x
Shell debugging temporarily silenced: export LMOD_SH_DBG_ON=1 for Lmod's output
Copper loaded: use 'launch_copper_frontier' and 'stop_copper_frontier'.
COPPER_ROOT: /sw/frontier/ums/ums046/copper
launch_copper_frontier points to:
/sw/frontier/ums/ums046/copper/build/launch_copper_frontier.sh 
Shell debugging restarted
+ unset __lmod_sh_dbg
+ return 0
+ module list
+ '[' -z '' ']'
+ case "$-" in
+ __lmod_sh_dbg=x
+ '[' -n x ']'
+ set +x
Shell debugging temporarily silenced: export LMOD_SH_DBG_ON=1 for Lmod's output

Currently Loaded Modules:
  1) craype-x86-trento               12) PrgEnv-cray/8.6.0
  2) libfabric/1.22.0                13) Core/25.03
  3) craype-network-ofi              14) tmux/3.4
  4) perftools-base/24.11.0          15) darshan-runtime/3.4.6-mpi (E4S)
  5) xpmem/2.11.3-1.3_gdbda01a1eb3d  16) hsi/default
  6) cray-pmi/6.1.15                 17) lfs-wrapper/0.0.1
  7) cce/18.0.1                      18) DefApps
  8) craype/2.7.33                   19) ums/default
  9) cray-dsmml/0.3.0                20) ums046/default
 10) cray-mpich/8.1.31               21) copper/0.1
 11) cray-libsci/24.11.0

  Where:
   E4S:  E4S: Extreme-scale Scientific Software Stack (E4S) https://e4s.io/index.html

 

Shell debugging restarted
+ unset __lmod_sh_dbg
+ return 0
+ echo 4348863
4348863
+ echo 512
512
+ echo copper_spindle
copper_spindle
+ echo 'frontier[00109-00115,00221-00227,00331,00350-00355,00436,00478,00480-00484,00583,00607-00612,00734-00740,00861-00867,00989-00995,01117-01123,01245-01251,01373-01379,01501-01507,01629-01635,01757-01763,01885-01891,02013-02019,02141-02147,02271-02277,02397-02403,02527-02533,02653-02659,02781-02787,02909-02915,03037-03043,03167-03173,03297-03303,03421-03424,03427-03429,03549-03555,03678-03684,03805-03811,03933-03939,04061-04067,04188-04194,04317-04323,04445-04451,04572-04578,04700-04706,04828-04834,04958-04964,05088-05094,05212-05218,05340-05346,05468-05474,05596-05602,05725-05731,05852-05858,05945-05949,05972-05973,06097-06100,06102-06104,06197,06222-06226,06228,06348-06352,06354-06355,06476-06478,06480-06483,06604,06606-06611,06735,06739,06742-06746,06860-06865,06868,06989-06991,06994-06997,07120-07126,07192,07194,07196,07198,07205,07214-07215,07299,07301,07310,07320,07324,07331,07339,07425,07427-07428,07436,07446,07448-07449,07553,07558,07562,07570-07572,07574,07681,07688,07696-07698,07700,07718,07814,07822-07823,07827-07828,07835,07843,07940,07949,07952,07954,07969,07971,07974,08066,08074,08076,08079-08080,08087,08095,08200-08201,08204-08206,08213,08223,08330,08332,08339,08347-08349,08351,08452,08454,08456,08458,08461,08465,08474,08578,08580,08582,08584,08591,08603,08605,08705-08706,08708,08710,08717,08729,08857,08878,08899,08927-08929,09004,09025,09054-09057,09181-09186,09308-09313,09441-09446]'
frontier[00109-00115,00221-00227,00331,00350-00355,00436,00478,00480-00484,00583,00607-00612,00734-00740,00861-00867,00989-00995,01117-01123,01245-01251,01373-01379,01501-01507,01629-01635,01757-01763,01885-01891,02013-02019,02141-02147,02271-02277,02397-02403,02527-02533,02653-02659,02781-02787,02909-02915,03037-03043,03167-03173,03297-03303,03421-03424,03427-03429,03549-03555,03678-03684,03805-03811,03933-03939,04061-04067,04188-04194,04317-04323,04445-04451,04572-04578,04700-04706,04828-04834,04958-04964,05088-05094,05212-05218,05340-05346,05468-05474,05596-05602,05725-05731,05852-05858,05945-05949,05972-05973,06097-06100,06102-06104,06197,06222-06226,06228,06348-06352,06354-06355,06476-06478,06480-06483,06604,06606-06611,06735,06739,06742-06746,06860-06865,06868,06989-06991,06994-06997,07120-07126,07192,07194,07196,07198,07205,07214-07215,07299,07301,07310,07320,07324,07331,07339,07425,07427-07428,07436,07446,07448-07449,07553,07558,07562,07570-07572,07574,07681,07688,07696-07698,07700,07718,07814,07822-07823,07827-07828,07835,07843,07940,07949,07952,07954,07969,07971,07974,08066,08074,08076,08079-08080,08087,08095,08200-08201,08204-08206,08213,08223,08330,08332,08339,08347-08349,08351,08452,08454,08456,08458,08461,08465,08474,08578,08580,08582,08584,08591,08603,08605,08705-08706,08708,08710,08717,08729,08857,08878,08899,08927-08929,09004,09025,09054-09057,09181-09186,09308-09313,09441-09446]
+ LOGDIR=/lustre/orion/stf243/world-shared/wcastil/Experiments/CUG26/copper_run/logs
+ cd /lustre/orion/stf243/world-shared/wcastil/Experiments/CUG26/copper_run/logs
+ PACKAGE_ENV_LOCATION=/lustre/orion/stf243/world-shared/hagertnl/CUG26/benchmark_builds
+ source /lustre/orion/stf243/world-shared/hagertnl/CUG26/benchmark_builds/common_modules.sh
++ module load PrgEnv-amd
++ '[' -z '' ']'
++ case "$-" in
++ __lmod_sh_dbg=x
++ '[' -n x ']'
++ set +x
Shell debugging temporarily silenced: export LMOD_SH_DBG_ON=1 for Lmod's output

Lmod is automatically replacing "cce/18.0.1" with "amd/6.2.4".


Lmod is automatically replacing "PrgEnv-cray/8.6.0" with "PrgEnv-amd/8.6.0".


Due to MODULEPATH changes, the following have been reloaded:
  1) cray-libsci/24.11.0     2) cray-mpich/8.1.31     3) darshan-runtime/3.4.6-mpi

Shell debugging restarted
++ unset __lmod_sh_dbg
++ return 0
++ module load cpe/25.09
++ '[' -z '' ']'
++ case "$-" in
++ __lmod_sh_dbg=x
++ '[' -n x ']'
++ set +x
Shell debugging temporarily silenced: export LMOD_SH_DBG_ON=1 for Lmod's output

The following have been reloaded with a version change:
  1) amd/6.2.4 => amd/6.4.2
  2) cray-dsmml/0.3.0 => cray-dsmml/0.3.1
  3) cray-libsci/24.11.0 => cray-libsci/25.09.0
  4) cray-mpich/8.1.31 => cray-mpich/9.0.1
  5) cray-pmi/6.1.15 => cray-pmi/6.1.16
  6) craype/2.7.33 => craype/2.7.35
  7) darshan-runtime/3.4.6-mpi => darshan-runtime/3.4.7-mpi
  8) perftools-base/24.11.0 => perftools-base/25.09.0

Shell debugging restarted
++ unset __lmod_sh_dbg
++ return 0
++ module load amd/6.4.2
++ '[' -z '' ']'
++ case "$-" in
++ __lmod_sh_dbg=x
++ '[' -n x ']'
++ set +x
Shell debugging temporarily silenced: export LMOD_SH_DBG_ON=1 for Lmod's output
Shell debugging restarted
++ unset __lmod_sh_dbg
++ return 0
++ module load rocm/6.4.2
++ '[' -z '' ']'
++ case "$-" in
++ __lmod_sh_dbg=x
++ '[' -n x ']'
++ set +x
Shell debugging temporarily silenced: export LMOD_SH_DBG_ON=1 for Lmod's output
Shell debugging restarted
++ unset __lmod_sh_dbg
++ return 0
++ module load libfabric/1.22.0
++ '[' -z '' ']'
++ case "$-" in
++ __lmod_sh_dbg=x
++ '[' -n x ']'
++ set +x
Shell debugging temporarily silenced: export LMOD_SH_DBG_ON=1 for Lmod's output
Shell debugging restarted
++ unset __lmod_sh_dbg
++ return 0
++ module load craype-accel-amd-gfx90a
++ '[' -z '' ']'
++ case "$-" in
++ __lmod_sh_dbg=x
++ '[' -n x ']'
++ set +x
Shell debugging temporarily silenced: export LMOD_SH_DBG_ON=1 for Lmod's output
Shell debugging restarted
++ unset __lmod_sh_dbg
++ return 0
++ module load miniforge3/23.11.0-0
++ '[' -z '' ']'
++ case "$-" in
++ __lmod_sh_dbg=x
++ '[' -n x ']'
++ set +x
Shell debugging temporarily silenced: export LMOD_SH_DBG_ON=1 for Lmod's output
Shell debugging restarted
++ unset __lmod_sh_dbg
++ return 0
++ export LD_LIBRARY_PATH=/opt/cray/pe/mpich/9.0.1/ofi/amd/6.0/lib:/opt/cray/pe/mpich/9.0.1/gtl/lib:/opt/cray/pe/libsci/25.09.0/AMD/6.0/x86_64/lib:/opt/cray/pe/perftools/25.09.0/lib64:/opt/cray/pe/pmi/6.1.16/lib:/opt/cray/pe/dsmml/0.3.1/dsmml/lib:/opt/cray/libfabric/1.22.0/lib64:/opt/rocm-6.4.2/lib/roctracer:/opt/rocm-6.4.2/lib/rocprofiler:/opt/rocm-6.4.2/lib:/sw/frontier/spack-envs/cpe25.09-cpu/opt/llvm-amdgpu-6.4.2/darshan-runtime-3.4.7-tvdocpzv3jfj4y6ki5jvmmkics323gon/lib:/opt/rocm-6.4.2/llvm/lib:/opt/cray/pe/papi/7.2.0.2/lib64
++ LD_LIBRARY_PATH=/opt/cray/pe/mpich/9.0.1/ofi/amd/6.0/lib:/opt/cray/pe/mpich/9.0.1/gtl/lib:/opt/cray/pe/libsci/25.09.0/AMD/6.0/x86_64/lib:/opt/cray/pe/perftools/25.09.0/lib64:/opt/cray/pe/pmi/6.1.16/lib:/opt/cray/pe/dsmml/0.3.1/dsmml/lib:/opt/cray/libfabric/1.22.0/lib64:/opt/rocm-6.4.2/lib/roctracer:/opt/rocm-6.4.2/lib/rocprofiler:/opt/rocm-6.4.2/lib:/sw/frontier/spack-envs/cpe25.09-cpu/opt/llvm-amdgpu-6.4.2/darshan-runtime-3.4.7-tvdocpzv3jfj4y6ki5jvmmkics323gon/lib:/opt/rocm-6.4.2/llvm/lib:/opt/cray/pe/papi/7.2.0.2/lib64
++ [[ /var/spool/slurmd/job4348863/slurm_script == \/\l\u\s\t\r\e\/\o\r\i\o\n\/\s\t\f\2\4\3\/\w\o\r\l\d\-\s\h\a\r\e\d\/\h\a\g\e\r\t\n\l\/\C\U\G\2\6\/\b\e\n\c\h\m\a\r\k\_\b\u\i\l\d\s\/\c\o\m\m\o\n\_\m\o\d\u\l\e\s\.\s\h ]]
+ COPPER_MOUNT_PATH=/mnt/bb/wcastil/copper_mount
+ /lustre/orion/stf243/world-shared/wcastil/Experiments/CUG26/copper_run/launch_copper_frontier.sh -d /lustre/orion/stf243/world-shared/wcastil/Experiments/CUG26/copper_run/logs -v /mnt/bb/wcastil/copper_mount -M 220000000
+ '[' -z '' ']'
+ case "$-" in
+ __lmod_vx=x
+ '[' -n x ']'
+ set +x
Shell debugging temporarily silenced: export LMOD_SH_DBG_ON=1 for this output (/opt/cray/pe/lmod/lmod/init/bash)
Shell debugging restarted
+ unset __lmod_vx
+ echo 'Launching Copper Gracefully On All Nodes : Start'
Launching Copper Gracefully On All Nodes : Start
+ echo /sw/frontier/ums/ums046/copper
/sw/frontier/ums/ums046/copper
+ CUPATH=/sw/frontier/ums/ums046/copper/build/cu_fuse
+ DISCOVERY_HELPER=/sw/frontier/ums/ums046/copper/build/list_cxi_hsn_thallium
+ CU_FUSE_MNT_VIEWDIR=/tmp/wcastil/copper
+ facility_address_book=/sw/frontier/ums/ums046/copper/build/olcf_frontier_copper_addressbook.txt
+ address_book_source=facility
+ log_level=0
+ log_dir=/ccs/home/wcastil/copper-logs
+ log_type=file
+ trees=1
+ max_cacheable_byte_size=10485760
+ md_enoent_ttl_ms=2000
+ profile_metrics=0
+ profile_top_n=0
+ profile_paths_full=0
+ profile_snapshot_interval_s=0
+ sleeptime=10
+ physcpubind=1,2
+ net_type=cxi://cxi1
+ getopts l:t:d:T:M:E:PN:AI:s:b:F:a:n:v: opt
+ case ${opt} in
+ log_dir=/lustre/orion/stf243/world-shared/wcastil/Experiments/CUG26/copper_run/logs
+ getopts l:t:d:T:M:E:PN:AI:s:b:F:a:n:v: opt
+ case ${opt} in
+ CU_FUSE_MNT_VIEWDIR=/mnt/bb/wcastil/copper_mount
+ getopts l:t:d:T:M:E:PN:AI:s:b:F:a:n:v: opt
+ case ${opt} in
+ max_cacheable_byte_size=220000000
+ getopts l:t:d:T:M:E:PN:AI:s:b:F:a:n:v: opt
+ log_dir=/lustre/orion/stf243/world-shared/wcastil/Experiments/CUG26/copper_run/logs/4348863
+ logs_dir=/lustre/orion/stf243/world-shared/wcastil/Experiments/CUG26/copper_run/logs/4348863/logs
+ tables_dir=/lustre/orion/stf243/world-shared/wcastil/Experiments/CUG26/copper_run/logs/4348863/tables
+ profiling_dir=/lustre/orion/stf243/world-shared/wcastil/Experiments/CUG26/copper_run/logs/4348863/profiling
+ profiling_final_dir=/lustre/orion/stf243/world-shared/wcastil/Experiments/CUG26/copper_run/logs/4348863/profiling/final
+ profiling_cluster_dir=/lustre/orion/stf243/world-shared/wcastil/Experiments/CUG26/copper_run/logs/4348863/profiling/cluster
+ node_file_copy=/lustre/orion/stf243/world-shared/wcastil/Experiments/CUG26/copper_run/logs/4348863/logs/node_file.txt
+ prepared_address_book=/lustre/orion/stf243/world-shared/wcastil/Experiments/CUG26/copper_run/logs/4348863/logs/copper_address_book.txt
+ prepared_address_book_full_output=/lustre/orion/stf243/world-shared/wcastil/Experiments/CUG26/copper_run/logs/4348863/logs/copper_address_book_full_output.txt
+ prepare_address_book_awk=/lustre/orion/stf243/world-shared/wcastil/Experiments/CUG26/copper_run/logs/4348863/logs/prepare_address_book.awk
+ select_discovered_address_book_awk=/lustre/orion/stf243/world-shared/wcastil/Experiments/CUG26/copper_run/logs/4348863/logs/select_discovered_address_book.awk
+ echo 'log_level                  : 0'
log_level                  : 0
+ echo 'log_type                   : file'
log_type                   : file
+ echo 'trees                      : 1'
trees                      : 1
+ echo 'max_cacheable_byte_size    : 220000000'
max_cacheable_byte_size    : 220000000
+ echo 'md_enoent_ttl_ms           : 2000'
md_enoent_ttl_ms           : 2000
+ echo 'profile_metrics            : 0'
profile_metrics            : 0
+ echo 'profile_top_n              : 0'
profile_top_n              : 0
+ echo 'profile_paths_full         : 0'
profile_paths_full         : 0
+ echo 'profile_snapshot_interval_s: 0'
profile_snapshot_interval_s: 0
+ echo 'sleeptime                  : 10'
sleeptime                  : 10
+ echo 'CU_FUSE_MNT_VIEWDIR        : /mnt/bb/wcastil/copper_mount'
CU_FUSE_MNT_VIEWDIR        : /mnt/bb/wcastil/copper_mount
+ echo 'LOGDIR                     : /lustre/orion/stf243/world-shared/wcastil/Experiments/CUG26/copper_run/logs/4348863'
LOGDIR                     : /lustre/orion/stf243/world-shared/wcastil/Experiments/CUG26/copper_run/logs/4348863
+ echo 'logs_dir                   : /lustre/orion/stf243/world-shared/wcastil/Experiments/CUG26/copper_run/logs/4348863/logs'
logs_dir                   : /lustre/orion/stf243/world-shared/wcastil/Experiments/CUG26/copper_run/logs/4348863/logs
+ echo 'tables_dir                 : /lustre/orion/stf243/world-shared/wcastil/Experiments/CUG26/copper_run/logs/4348863/tables'
tables_dir                 : /lustre/orion/stf243/world-shared/wcastil/Experiments/CUG26/copper_run/logs/4348863/tables
+ echo 'profiling_final_dir        : /lustre/orion/stf243/world-shared/wcastil/Experiments/CUG26/copper_run/logs/4348863/profiling/final'
profiling_final_dir        : /lustre/orion/stf243/world-shared/wcastil/Experiments/CUG26/copper_run/logs/4348863/profiling/final
+ echo 'profiling_cluster_dir      : /lustre/orion/stf243/world-shared/wcastil/Experiments/CUG26/copper_run/logs/4348863/profiling/cluster'
profiling_cluster_dir      : /lustre/orion/stf243/world-shared/wcastil/Experiments/CUG26/copper_run/logs/4348863/profiling/cluster
+ echo 'SLURM_NODEFILE             : '
SLURM_NODEFILE             : 
+ echo 'physcpubind                : 1,2'
physcpubind                : 1,2
+ echo 'facility_address_book      : /sw/frontier/ums/ums046/copper/build/olcf_frontier_copper_addressbook.txt'
facility_address_book      : /sw/frontier/ums/ums046/copper/build/olcf_frontier_copper_addressbook.txt
+ echo 'address_book_source        : facility'
address_book_source        : facility
+ echo 'prepared_address_book      : /lustre/orion/stf243/world-shared/wcastil/Experiments/CUG26/copper_run/logs/4348863/logs/copper_address_book.txt'
prepared_address_book      : /lustre/orion/stf243/world-shared/wcastil/Experiments/CUG26/copper_run/logs/4348863/logs/copper_address_book.txt
+ echo 'prepared_address_book_full : /lustre/orion/stf243/world-shared/wcastil/Experiments/CUG26/copper_run/logs/4348863/logs/copper_address_book_full_output.txt'
prepared_address_book_full : /lustre/orion/stf243/world-shared/wcastil/Experiments/CUG26/copper_run/logs/4348863/logs/copper_address_book_full_output.txt
+ echo 'discovery_helper           : /sw/frontier/ums/ums046/copper/build/list_cxi_hsn_thallium'
discovery_helper           : /sw/frontier/ums/ums046/copper/build/list_cxi_hsn_thallium
+ echo 'net_type                   : cxi://cxi1'
net_type                   : cxi://cxi1
+ mkdir -p /lustre/orion/stf243/world-shared/wcastil/Experiments/CUG26/copper_run/logs/4348863/logs /lustre/orion/stf243/world-shared/wcastil/Experiments/CUG26/copper_run/logs/4348863/tables/final /lustre/orion/stf243/world-shared/wcastil/Experiments/CUG26/copper_run/logs/4348863/profiling/final /lustre/orion/stf243/world-shared/wcastil/Experiments/CUG26/copper_run/logs/4348863/profiling/cluster
+ scontrol show hostnames 'frontier[00109-00115,00221-00227,00331,00350-00355,00436,00478,00480-00484,00583,00607-00612,00734-00740,00861-00867,00989-00995,01117-01123,01245-01251,01373-01379,01501-01507,01629-01635,01757-01763,01885-01891,02013-02019,02141-02147,02271-02277,02397-02403,02527-02533,02653-02659,02781-02787,02909-02915,03037-03043,03167-03173,03297-03303,03421-03424,03427-03429,03549-03555,03678-03684,03805-03811,03933-03939,04061-04067,04188-04194,04317-04323,04445-04451,04572-04578,04700-04706,04828-04834,04958-04964,05088-05094,05212-05218,05340-05346,05468-05474,05596-05602,05725-05731,05852-05858,05945-05949,05972-05973,06097-06100,06102-06104,06197,06222-06226,06228,06348-06352,06354-06355,06476-06478,06480-06483,06604,06606-06611,06735,06739,06742-06746,06860-06865,06868,06989-06991,06994-06997,07120-07126,07192,07194,07196,07198,07205,07214-07215,07299,07301,07310,07320,07324,07331,07339,07425,07427-07428,07436,07446,07448-07449,07553,07558,07562,07570-07572,07574,07681,07688,07696-07698,07700,07718,07814,07822-07823,07827-07828,07835,07843,07940,07949,07952,07954,07969,07971,07974,08066,08074,08076,08079-08080,08087,08095,08200-08201,08204-08206,08213,08223,08330,08332,08339,08347-08349,08351,08452,08454,08456,08458,08461,08465,08474,08578,08580,08582,08584,08591,08603,08605,08705-08706,08708,08710,08717,08729,08857,08878,08899,08927-08929,09004,09025,09054-09057,09181-09186,09308-09313,09441-09446]'
+ clush --hostfile /lustre/orion/stf243/world-shared/wcastil/Experiments/CUG26/copper_run/logs/4348863/logs/node_file.txt 'fusermount3 -u /mnt/bb/wcastil/copper_mount'
+ clush --hostfile /lustre/orion/stf243/world-shared/wcastil/Experiments/CUG26/copper_run/logs/4348863/logs/node_file.txt 'rm -rf /mnt/bb/wcastil/copper_mount'
+ clush --hostfile /lustre/orion/stf243/world-shared/wcastil/Experiments/CUG26/copper_run/logs/4348863/logs/node_file.txt 'mkdir -p /mnt/bb/wcastil/copper_mount'
+ rm -f /lustre/orion/stf243/world-shared/wcastil/Experiments/CUG26/copper_run/logs/4348863/logs/copper_address_book.txt /lustre/orion/stf243/world-shared/wcastil/Experiments/CUG26/copper_run/logs/4348863/logs/copper_address_book_full_output.txt /lustre/orion/stf243/world-shared/wcastil/Experiments/CUG26/copper_run/logs/4348863/logs/prepare_address_book.awk /lustre/orion/stf243/world-shared/wcastil/Experiments/CUG26/copper_run/logs/4348863/logs/select_discovered_address_book.awk
+ echo 'Preparing job-local address book once before full cu_fuse launch'
Preparing job-local address book once before full cu_fuse launch
++ date +%s
+ prepare_address_book_start_epoch=1775664913
+ prepare_address_book_rc=0
+ case "${address_book_source}" in
+ prepare_address_book_from_facility
+ cp /sw/frontier/ums/ums046/copper/build/olcf_frontier_copper_addressbook.txt /lustre/orion/stf243/world-shared/wcastil/Experiments/CUG26/copper_run/logs/4348863/logs/copper_address_book_full_output.txt
+ cat
+ srun --overlap -N 1 -n 1 --ntasks-per-node=1 env NODEFILE_PATH=/lustre/orion/stf243/world-shared/wcastil/Experiments/CUG26/copper_run/logs/4348863/logs/node_file.txt FACILITY_BOOK=/sw/frontier/ums/ums046/copper/build/olcf_frontier_copper_addressbook.txt OUTPUT_PATH=/lustre/orion/stf243/world-shared/wcastil/Experiments/CUG26/copper_run/logs/4348863/logs/copper_address_book.txt AWK_SCRIPT=/lustre/orion/stf243/world-shared/wcastil/Experiments/CUG26/copper_run/logs/4348863/logs/prepare_address_book.awk bash -lc 'awk -f "$AWK_SCRIPT" "$NODEFILE_PATH" "$FACILITY_BOOK" > "$OUTPUT_PATH"'
Deactivating conda environments
++ date +%s
+ prepare_address_book_end_epoch=1775664914
+ echo 'prepared address book generation took 1 s'
prepared address book generation took 1 s
+ '[' 0 -ne 0 ']'
+ '[' '!' -s /lustre/orion/stf243/world-shared/wcastil/Experiments/CUG26/copper_run/logs/4348863/logs/copper_address_book.txt ']'
+ profile_options=
+ '[' 0 -eq 1 ']'
+ '[' 0 -gt 0 ']'
+ '[' 0 -eq 1 ']'
+ '[' 0 -gt 0 ']'
+ options=' -f -tpath / -vpath /mnt/bb/wcastil/copper_mount -log_level 0 -log_type file -log_output_dir /lustre/orion/stf243/world-shared/wcastil/Experiments/CUG26/copper_run/logs/4348863 -net_type cxi://cxi1 -trees 1 -nf /lustre/orion/stf243/world-shared/wcastil/Experiments/CUG26/copper_run/logs/4348863/logs/node_file.txt -max_cacheable_byte_size 220000000 -md_enoent_ttl_ms 2000 -facility_address_book /lustre/orion/stf243/world-shared/wcastil/Experiments/CUG26/copper_run/logs/4348863/logs/copper_address_book.txt -prefiltered_address_book 1 -s /mnt/bb/wcastil/copper_mount'
+ echo 'sleeping for 10 s'
sleeping for 10 s
+ sleep 10s
+ srun --overlap -N 512 --ntasks-per-node=1 --cpus-per-task=2 bash -c '
    echo "host=$(hostname)"
    echo "allowed=$(grep Cpus_allowed_list /proc/self/status | awk "{print \$2}")"
    echo "current_cpu=$(ps -o psr= -p $$)"
    exec /sw/frontier/ums/ums046/copper/build/cu_fuse  -f -tpath / -vpath /mnt/bb/wcastil/copper_mount -log_level 0 -log_type file -log_output_dir /lustre/orion/stf243/world-shared/wcastil/Experiments/CUG26/copper_run/logs/4348863 -net_type cxi://cxi1 -trees 1 -nf /lustre/orion/stf243/world-shared/wcastil/Experiments/CUG26/copper_run/logs/4348863/logs/node_file.txt -max_cacheable_byte_size 220000000 -md_enoent_ttl_ms 2000 -facility_address_book /lustre/orion/stf243/world-shared/wcastil/Experiments/CUG26/copper_run/logs/4348863/logs/copper_address_book.txt -prefiltered_address_book 1 -s /mnt/bb/wcastil/copper_mount
    '\''
  '
host=frontier00109
host=frontier00481
host=frontier02275
host=frontier01888
host=frontier07828
host=frontier05858
host=frontier03682
host=frontier02141
host=frontier05727
host=frontier06348
allowed=1-2
host=frontier06478
host=frontier05856
host=frontier03041
host=frontier01886
host=frontier04833
host=frontier00226
host=frontier06864
host=frontier01634
host=frontier05726
host=frontier05857
host=frontier03042
host=frontier03429
host=frontier09185
host=frontier03301
host=frontier05728
host=frontier04704
host=frontier01889
host=frontier04572
host=frontier03167
host=frontier04959
host=frontier02659
host=frontier03550
host=frontier02781
host=frontier07696
host=frontier04188
host=frontier01373
host=frontier06989
host=frontier03302
host=frontier02530
host=frontier02277
host=frontier04322
host=frontier05730
host=frontier07449
host=frontier01759
host=frontier08080
host=frontier09308
host=frontier03169
host=frontier03421
host=frontier02145
host=frontier00990
host=frontier04323
host=frontier05731
host=frontier04575
host=frontier04829
host=frontier05214
host=frontier06222
host=frontier03171
host=frontier00607
host=frontier03554
host=frontier06994
host=frontier00739
host=frontier02400
host=frontier05215
host=frontier04446
host=frontier05853
host=frontier09311
host=frontier00354
host=frontier02653
host=frontier05469
host=frontier05088
host=frontier02401
host=frontier07339
host=frontier05854
host=frontier09057
host=frontier00436
host=frontier03297
host=frontier09313
host=frontier03427
host=frontier08878
host=frontier06477
host=frontier04063
host=frontier05470
host=frontier02655
host=frontier05090
host=frontier06863
host=frontier04702
host=frontier07122
host=frontier00227
host=frontier03934
host=frontier02911
host=frontier04703
host=frontier06349
host=frontier03552
host=frontier06745
host=frontier09309
host=frontier02915
host=frontier04578
allowed=1-2
allowed=1-2
allowed=1-2
host=frontier06100
allowed=1-2
allowed=1-2
allowed=1-2
host=frontier00111
allowed=1-2
allowed=1-2
host=frontier00865
allowed=1-2
current_cpu=  1
allowed=1-2
allowed=1-2
allowed=1-2
allowed=1-2
allowed=1-2
host=frontier08205
host=frontier02909
host=frontier03298
host=frontier02656
host=frontier04701
host=frontier07574
allowed=1-2
host=frontier01887
allowed=1-2
allowed=1-2
host=frontier08603
allowed=1-2
host=frontier06480
allowed=1-2
allowed=1-2
host=frontier06735
allowed=1-2
allowed=1-2
allowed=1-2
allowed=1-2
allowed=1-2
allowed=1-2
allowed=1-2
allowed=1-2
allowed=1-2
host=frontier06742
allowed=1-2
allowed=1-2
allowed=1-2
allowed=1-2
allowed=1-2
allowed=1-2
allowed=1-2
host=frontier02143
allowed=1-2
allowed=1-2
host=frontier04960
host=frontier04321
allowed=1-2
allowed=1-2
allowed=1-2
allowed=1-2
allowed=1-2
host=frontier04961
host=frontier03805
allowed=1-2
host=frontier09025
allowed=1-2
allowed=1-2
allowed=1-2
host=frontier01760
allowed=1-2
allowed=1-2
host=frontier00738
host=frontier03938
host=frontier05948
host=frontier04190
allowed=1-2
allowed=1-2
allowed=1-2
host=frontier02398
allowed=1-2
allowed=1-2
allowed=1-2
allowed=1-2
allowed=1-2
allowed=1-2
allowed=1-2
allowed=1-2
host=frontier08347
host=frontier05949
allowed=1-2
allowed=1-2
host=frontier01245
allowed=1-2
allowed=1-2
host=frontier07954
allowed=1-2
allowed=1-2
allowed=1-2
host=frontier00992
host=frontier03808
allowed=1-2
allowed=1-2
host=frontier00993
host=frontier07969
host=frontier04831
allowed=1-2
allowed=1-2
allowed=1-2
host=frontier06609
host=frontier05601
host=frontier04193
allowed=1-2
host=frontier05973
allowed=1-2
allowed=1-2
allowed=1-2
host=frontier08204
allowed=1-2
allowed=1-2
allowed=1-2
allowed=1-2
host=frontier04832
allowed=1-2
allowed=1-2
host=frontier00611
host=frontier01248
allowed=1-2
allowed=1-2
host=frontier02403
host=frontier06098
host=frontier04065
host=frontier05340
host=frontier00110
host=frontier00480
host=frontier00864
allowed=1-2
host=frontier02274
host=frontier00612
host=frontier05472
allowed=1-2
host=frontier08456
host=frontier07681
allowed=1-2
allowed=1-2
allowed=1-2
host=frontier00734
allowed=1-2
host=frontier00331
host=frontier06482
allowed=1-2
host=frontier00112
host=frontier06868
host=frontier02529
host=frontier05093
host=frontier01504
host=frontier00736
host=frontier09445
host=frontier03551
host=frontier08461
host=frontier06350
host=frontier03936
host=frontier03684
host=frontier05596
host=frontier05344
allowed=1-2
host=frontier04706
host=frontier02397
host=frontier00351
host=frontier04574
host=frontier06604
host=frontier01121
host=frontier01891
allowed=1-2
allowed=1-2
host=frontier05213
allowed=1-2
host=frontier02532
host=frontier07126
host=frontier02784
host=frontier00221
host=frontier02146
host=frontier03037
host=frontier03555
host=frontier04964
host=frontier03423
host=frontier06995
host=frontier04577
host=frontier06861
allowed=1-2
host=frontier02786
host=frontier02271
host=frontier03678
host=frontier03809
host=frontier03039
host=frontier06996
host=frontier02016
host=frontier00355
host=frontier04447
host=frontier05855
host=frontier06997
host=frontier04700
host=frontier06097
host=frontier01379
host=frontier01632
host=frontier00862
host=frontier05217
host=frontier07198
host=frontier04448
host=frontier02017
host=frontier09182
host=frontier07120
host=frontier03811
host=frontier09183
host=frontier02527
host=frontier02657
host=frontier01635
host=frontier04066
host=frontier04451
host=frontier05341
host=frontier06481
host=frontier09443
host=frontier09444
host=frontier01119
host=frontier01757
host=frontier01251
host=frontier09186
host=frontier01890
host=frontier06990
host=frontier04189
host=frontier00484
host=frontier07940
host=frontier02914
host=frontier01374
host=frontier06352
host=frontier03553
host=frontier00583
host=frontier06991
host=frontier03422
host=frontier02399
host=frontier02014
host=frontier06746
host=frontier05972
host=frontier04830
host=frontier01630
host=frontier08729
host=frontier09056
host=frontier00609
host=frontier09312
host=frontier04062
host=frontier06224
host=frontier00861
host=frontier06476
host=frontier03040
host=frontier00224
host=frontier02402
host=frontier02787
host=frontier06225
current_cpu=  1
current_cpu=  1
current_cpu=  1
allowed=1-2
current_cpu=  1
current_cpu=  1
current_cpu=  2
allowed=1-2
current_cpu=  1
current_cpu=  1
host=frontier08074
allowed=1-2
current_cpu=  2
host=frontier08213
current_cpu=  1
current_cpu=  1
current_cpu=  1
current_cpu=  1
host=frontier07205
current_cpu=  1
host=frontier01633
allowed=1-2
allowed=1-2
allowed=1-2
host=frontier04449
allowed=1-2
allowed=1-2
host=frontier00478
allowed=1-2
current_cpu=  1
allowed=1-2
host=frontier04834
current_cpu=  1
current_cpu=  1
allowed=1-2
current_cpu=  1
allowed=1-2
current_cpu=  1
current_cpu=  1
host=frontier08927
host=frontier09442
allowed=1-2
current_cpu=  1
current_cpu=  1
current_cpu=  1
current_cpu=  1
current_cpu=  1
current_cpu=  1
current_cpu=  1
current_cpu=  1
current_cpu=  1
allowed=1-2
host=frontier00866
host=frontier07688
current_cpu=  1
host=frontier04067
current_cpu=  1
host=frontier05945
current_cpu=  1
current_cpu=  1
current_cpu=  2
current_cpu=  1
current_cpu=  2
host=frontier08079
host=frontier05946
allowed=1-2
current_cpu=  2
host=frontier09004
host=frontier06483
current_cpu=  1
allowed=1-2
allowed=1-2
current_cpu=  1
host=frontier00114
host=frontier02782
host=frontier03303
current_cpu=  1
current_cpu=  1
host=frontier07697
current_cpu=  1
current_cpu=  1
allowed=1-2
allowed=1-2
current_cpu=  1
allowed=1-2
current_cpu=  1
host=frontier06104
current_cpu=  1
current_cpu=  2
allowed=1-2
current_cpu=  1
current_cpu=  1
allowed=1-2
allowed=1-2
allowed=1-2
host=frontier07320
allowed=1-2
current_cpu=  1
current_cpu=  1
current_cpu=  1
allowed=1-2
host=frontier03806
host=frontier07949
current_cpu=  1
current_cpu=  1
current_cpu=  1
current_cpu=  1
host=frontier07700
current_cpu=  1
current_cpu=  1
host=frontier04445
current_cpu=  1
current_cpu=  2
host=frontier05852
allowed=1-2
host=frontier09055
host=frontier03939
allowed=1-2
current_cpu=  1
current_cpu=  1
allowed=1-2
current_cpu=  1
host=frontier02147
current_cpu=  1
allowed=1-2
current_cpu=  1
current_cpu=  2
host=frontier00222
current_cpu=  1
allowed=1-2
host=frontier07562
allowed=1-2
host=frontier03172
current_cpu=  1
current_cpu=  1
host=frontier01763
allowed=1-2
allowed=1-2
allowed=1-2
current_cpu=  1
current_cpu=  1
current_cpu=  1
allowed=1-2
allowed=1-2
allowed=1-2
current_cpu=  1
host=frontier08201
allowed=1-2
current_cpu=  2
host=frontier07822
current_cpu=  1
current_cpu=  1
allowed=1-2
current_cpu=  1
host=frontier05602
host=frontier01885
current_cpu=  1
current_cpu=  1
current_cpu=  1
allowed=1-2
current_cpu=  1
host=frontier08584
current_cpu=  1
host=frontier08591
allowed=1-2
allowed=1-2
current_cpu=  1
host=frontier05725
current_cpu=  1
allowed=1-2
allowed=1-2
host=frontier07974
host=frontier00225
host=frontier09441
host=frontier07427
allowed=1-2
allowed=1-2
host=frontier02910
allowed=1-2
allowed=1-2
host=frontier07121
host=frontier04450
allowed=1-2
current_cpu=  1
allowed=1-2
allowed=1-2
allowed=1-2
host=frontier07214
host=frontier04958
current_cpu=  2
host=frontier04319
allowed=1-2
allowed=1-2
current_cpu=  1
current_cpu=  1
current_cpu=  1
allowed=1-2
host=frontier01118
current_cpu=  1
host=frontier05473
host=frontier02528
host=frontier05092
host=frontier08076
allowed=1-2
allowed=1-2
current_cpu=  1
host=frontier08929
allowed=1-2
allowed=1-2
host=frontier03683
host=frontier07835
allowed=1-2
allowed=1-2
host=frontier00482
allowed=1-2
host=frontier04320
allowed=1-2
allowed=1-2
host=frontier07843
allowed=1-2
allowed=1-2
allowed=1-2
allowed=1-2
allowed=1-2
host=frontier03168
host=frontier06103
allowed=1-2
allowed=1-2
current_cpu=  1
host=frontier03937
allowed=1-2
host=frontier06744
allowed=1-2
allowed=1-2
allowed=1-2
host=frontier05212
host=frontier08708
allowed=1-2
allowed=1-2
allowed=1-2
host=frontier07310
current_cpu=  2
current_cpu=  1
allowed=1-2
current_cpu=  1
allowed=1-2
host=frontier08087
allowed=1-2
host=frontier06606
host=frontier01122
host=frontier01507
host=frontier05598
host=frontier00115
host=frontier04962
host=frontier04828
host=frontier00352
allowed=1-2
host=frontier08578
host=frontier01376
allowed=1-2
host=frontier03807
host=frontier01761
host=frontier04963
allowed=1-2
allowed=1-2
host=frontier08095
host=frontier00353
host=frontier05346
host=frontier07558
host=frontier07192
host=frontier06607
allowed=1-2
allowed=1-2
host=frontier02015
host=frontier06223
host=frontier05468
allowed=1-2
host=frontier04192
host=frontier04061
host=frontier01762
host=frontier05600
allowed=1-2
allowed=1-2
host=frontier08200
allowed=1-2
current_cpu=  1
allowed=1-2
allowed=1-2
allowed=1-2
allowed=1-2
allowed=1-2
allowed=1-2
allowed=1-2
allowed=1-2
allowed=1-2
host=frontier01246
allowed=1-2
allowed=1-2
host=frontier06610
host=frontier03679
allowed=1-2
allowed=1-2
allowed=1-2
allowed=1-2
allowed=1-2
allowed=1-2
host=frontier09181
allowed=1-2
allowed=1-2
allowed=1-2
host=frontier03810
host=frontier01501
host=frontier00863
host=frontier08452
allowed=1-2
host=frontier06226
allowed=1-2
allowed=1-2
host=frontier07572
host=frontier02018
host=frontier04317
host=frontier05091
host=frontier02019
host=frontier03681
host=frontier06228
allowed=1-2
allowed=1-2
allowed=1-2
host=frontier04318
allowed=1-2
allowed=1-2
host=frontier03549
allowed=1-2
host=frontier03043
allowed=1-2
host=frontier07215
host=frontier09184
host=frontier06865
host=frontier06739
allowed=1-2
host=frontier01503
allowed=1-2
host=frontier07299
allowed=1-2
allowed=1-2
host=frontier00735
host=frontier05342
host=frontier08458
host=frontier07446
host=frontier03935
host=frontier02912
allowed=1-2
host=frontier02276
allowed=1-2
host=frontier08705
host=frontier04705
host=frontier02913
host=frontier04573
host=frontier01505
host=frontier07301
host=frontier01758
host=frontier01120
host=frontier00350
host=frontier05729
allowed=1-2
allowed=1-2
host=frontier00867
host=frontier00737
allowed=1-2
host=frontier05947
host=frontier09446
host=frontier06351
allowed=1-2
allowed=1-2
allowed=1-2
allowed=1-2
host=frontier07125
host=frontier00989
host=frontier08465
host=frontier01506
allowed=1-2
allowed=1-2
allowed=1-2
host=frontier05345
host=frontier01375
host=frontier09054
allowed=1-2
host=frontier08339
host=frontier02783
allowed=1-2
host=frontier07324
allowed=1-2
host=frontier09310
host=frontier04191
host=frontier01123
allowed=1-2
host=frontier05599
host=frontier01629
host=frontier02533
host=frontier06354
allowed=1-2
host=frontier00991
allowed=1-2
allowed=1-2
host=frontier06608
allowed=1-2
host=frontier00608
allowed=1-2
allowed=1-2
host=frontier07194
host=frontier07718
host=frontier08348
host=frontier02785
allowed=1-2
allowed=1-2
allowed=1-2
host=frontier08857
host=frontier01631
allowed=1-2
host=frontier03424
allowed=1-2
allowed=1-2
host=frontier07814
host=frontier03173
host=frontier05216
allowed=1-2
allowed=1-2
host=frontier05089
host=frontier04194
host=frontier07425
allowed=1-2
host=frontier07971
allowed=1-2
host=frontier08351
host=frontier00994
allowed=1-2
host=frontier01247
allowed=1-2
host=frontier03428
host=frontier08605
host=frontier01250
host=frontier00113
host=frontier02272
current_cpu=  2
current_cpu=  1
allowed=1-2
current_cpu=  2
allowed=1-2
allowed=1-2
allowed=1-2
current_cpu=  1
current_cpu=  1
current_cpu=  1
allowed=1-2
current_cpu=  2
current_cpu=  1
allowed=1-2
current_cpu=  1
current_cpu=  1
allowed=1-2
current_cpu=  2
current_cpu=  2
allowed=1-2
allowed=1-2
current_cpu=  2
current_cpu=  1
allowed=1-2
allowed=1-2
allowed=1-2
allowed=1-2
allowed=1-2
allowed=1-2
current_cpu=  1
allowed=1-2
allowed=1-2
current_cpu=  1
current_cpu=  2
allowed=1-2
allowed=1-2
allowed=1-2
allowed=1-2
current_cpu=  2
current_cpu=  2
current_cpu=  2
allowed=1-2
current_cpu=  2
current_cpu=  2
current_cpu=  2
current_cpu=  2
allowed=1-2
current_cpu=  2
current_cpu=  2
allowed=1-2
allowed=1-2
allowed=1-2
allowed=1-2
allowed=1-2
current_cpu=  1
allowed=1-2
allowed=1-2
current_cpu=  2
current_cpu=  2
allowed=1-2
current_cpu=  1
allowed=1-2
current_cpu=  1
allowed=1-2
current_cpu=  1
allowed=1-2
allowed=1-2
current_cpu=  1
current_cpu=  2
current_cpu=  1
current_cpu=  1
current_cpu=  1
current_cpu=  1
allowed=1-2
current_cpu=  1
allowed=1-2
current_cpu=  1
allowed=1-2
allowed=1-2
current_cpu=  1
allowed=1-2
allowed=1-2
current_cpu=  1
current_cpu=  2
allowed=1-2
current_cpu=  2
current_cpu=  1
host=frontier00995
allowed=1-2
host=frontier07823
allowed=1-2
host=frontier05471
allowed=1-2
allowed=1-2
current_cpu=  1
current_cpu=  2
allowed=1-2
current_cpu=  2
current_cpu=  1
allowed=1-2
allowed=1-2
current_cpu=  2
current_cpu=  1
host=frontier03933
current_cpu=  2
current_cpu=  1
allowed=1-2
host=frontier03299
allowed=1-2
allowed=1-2
current_cpu=  1
current_cpu=  2
current_cpu=  2
allowed=1-2
allowed=1-2
allowed=1-2
host=frontier02658
allowed=1-2
allowed=1-2
current_cpu=  1
current_cpu=  2
allowed=1-2
current_cpu=  1
current_cpu=  1
allowed=1-2
allowed=1-2
current_cpu=  1
current_cpu=  1
allowed=1-2
current_cpu=  1
host=frontier05474
allowed=1-2
host=frontier07448
current_cpu=  1
current_cpu=  1
allowed=1-2
current_cpu=  1
host=frontier05343
current_cpu=  1
current_cpu=  2
current_cpu=  1
host=frontier00483
host=frontier08706
current_cpu=  1
allowed=1-2
allowed=1-2
current_cpu=  1
current_cpu=  2
allowed=1-2
current_cpu=  1
allowed=1-2
current_cpu=  1
current_cpu=  1
current_cpu=  2
allowed=1-2
allowed=1-2
current_cpu=  1
current_cpu=  2
current_cpu=  1
host=frontier02144
allowed=1-2
current_cpu=  1
current_cpu=  1
allowed=1-2
current_cpu=  1
allowed=1-2
allowed=1-2
allowed=1-2
allowed=1-2
allowed=1-2
allowed=1-2
allowed=1-2
allowed=1-2
current_cpu=  1
allowed=1-2
allowed=1-2
current_cpu=  1
allowed=1-2
allowed=1-2
allowed=1-2
current_cpu=  1
current_cpu=  1
allowed=1-2
allowed=1-2
allowed=1-2
allowed=1-2
allowed=1-2
allowed=1-2
host=frontier03038
current_cpu=  1
current_cpu=  1
allowed=1-2
allowed=1-2
allowed=1-2
current_cpu=  1
allowed=1-2
allowed=1-2
allowed=1-2
host=frontier00740
allowed=1-2
current_cpu=  1
current_cpu=  1
allowed=1-2
current_cpu=  1
current_cpu=  1
current_cpu=  1
current_cpu=  1
current_cpu=  2
current_cpu=  2
current_cpu=  1
current_cpu=  1
current_cpu=  1
current_cpu=  1
host=frontier02654
host=frontier07196
allowed=1-2
host=frontier08582
current_cpu=  2
current_cpu=  2
allowed=1-2
allowed=1-2
current_cpu=  2
current_cpu=  2
current_cpu=  1
current_cpu=  1
current_cpu=  1
current_cpu=  1
allowed=1-2
current_cpu=  2
current_cpu=  1
current_cpu=  2
allowed=1-2
allowed=1-2
allowed=1-2
allowed=1-2
current_cpu=  2
allowed=1-2
current_cpu=  1
host=frontier06611
host=frontier08899
current_cpu=  1
host=frontier03680
host=frontier04064
allowed=1-2
allowed=1-2
host=frontier02273
allowed=1-2
allowed=1-2
allowed=1-2
host=frontier07827
allowed=1-2
allowed=1-2
current_cpu=  1
host=frontier08454
host=frontier01117
current_cpu=  1
current_cpu=  1
allowed=1-2
host=frontier01502
host=frontier07428
host=frontier08066
host=frontier01249
current_cpu=  1
current_cpu=  1
allowed=1-2
current_cpu=  1
allowed=1-2
current_cpu=  1
allowed=1-2
allowed=1-2
allowed=1-2
allowed=1-2
current_cpu=  1
allowed=1-2
current_cpu=  1
host=frontier07436
host=frontier03300
allowed=1-2
current_cpu=  1
current_cpu=  1
allowed=1-2
allowed=1-2
allowed=1-2
allowed=1-2
host=frontier06102
allowed=1-2
allowed=1-2
current_cpu=  1
allowed=1-2
current_cpu=  1
host=frontier08223
allowed=1-2
allowed=1-2
allowed=1-2
host=frontier05094
allowed=1-2
host=frontier08330
allowed=1-2
allowed=1-2
allowed=1-2
allowed=1-2
allowed=1-2
host=frontier06743
allowed=1-2
current_cpu=  1
current_cpu=  1
allowed=1-2
allowed=1-2
current_cpu=  2
allowed=1-2
allowed=1-2
allowed=1-2
current_cpu=  1
current_cpu=  1
current_cpu=  1
current_cpu=  1
allowed=1-2
allowed=1-2
allowed=1-2
allowed=1-2
host=frontier05597
current_cpu=  1
current_cpu=  1
current_cpu=  1
allowed=1-2
allowed=1-2
allowed=1-2
host=frontier07553
current_cpu=  2
allowed=1-2
allowed=1-2
host=frontier08710
host=frontier08474
host=frontier07698
current_cpu=  1
allowed=1-2
current_cpu=  2
allowed=1-2
allowed=1-2
allowed=1-2
current_cpu=  1
allowed=1-2
host=frontier07952
allowed=1-2
allowed=1-2
allowed=1-2
current_cpu=  1
allowed=1-2
current_cpu=  1
current_cpu=  2
allowed=1-2
current_cpu=  1
host=frontier06355
host=frontier07331
allowed=1-2
current_cpu=  1
current_cpu=  1
host=frontier08580
host=frontier01377
allowed=1-2
allowed=1-2
allowed=1-2
allowed=1-2
current_cpu=  1
current_cpu=  1
current_cpu=  1
allowed=1-2
allowed=1-2
current_cpu=  1
host=frontier08349
allowed=1-2
current_cpu=  1
current_cpu=  1
allowed=1-2
allowed=1-2
allowed=1-2
host=frontier01378
current_cpu=  1
current_cpu=  1
allowed=1-2
allowed=1-2
allowed=1-2
current_cpu=  2
allowed=1-2
current_cpu=  1
allowed=1-2
allowed=1-2
current_cpu=  1
allowed=1-2
current_cpu=  1
host=frontier00610
host=frontier07571
allowed=1-2
allowed=1-2
allowed=1-2
allowed=1-2
host=frontier02531
host=frontier08332
host=frontier07570
allowed=1-2
host=frontier06099
host=frontier02142
host=frontier07123
host=frontier02013
host=frontier04576
host=frontier06860
current_cpu=  1
current_cpu=  2
current_cpu=  2
current_cpu=  2
current_cpu=  1
current_cpu=  1
current_cpu=  1
current_cpu=  1
current_cpu=  1
current_cpu=  2
current_cpu=  2
current_cpu=  2
current_cpu=  1
current_cpu=  2
current_cpu=  2
current_cpu=  2
current_cpu=  1
current_cpu=  2
current_cpu=  1
current_cpu=  2
current_cpu=  1
current_cpu=  2
current_cpu=  2
current_cpu=  1
current_cpu=  1
current_cpu=  2
current_cpu=  1
current_cpu=  1
current_cpu=  1
current_cpu=  2
current_cpu=  1
current_cpu=  2
current_cpu=  2
allowed=1-2
current_cpu=  1
allowed=1-2
current_cpu=  2
allowed=1-2
current_cpu=  2
current_cpu=  2
current_cpu=  1
current_cpu=  2
current_cpu=  1
current_cpu=  1
allowed=1-2
current_cpu=  1
current_cpu=  2
current_cpu=  1
current_cpu=  1
current_cpu=  1
current_cpu=  2
current_cpu=  2
current_cpu=  1
allowed=1-2
current_cpu=  2
allowed=1-2
current_cpu=  1
allowed=1-2
allowed=1-2
allowed=1-2
current_cpu=  1
current_cpu=  2
current_cpu=  2
current_cpu=  2
current_cpu=  2
current_cpu=  1
allowed=1-2
current_cpu=  1
current_cpu=  2
current_cpu=  2
current_cpu=  2
current_cpu=  2
current_cpu=  2
current_cpu=  2
current_cpu=  1
current_cpu=  1
current_cpu=  1
current_cpu=  2
current_cpu=  2
current_cpu=  2
current_cpu=  1
current_cpu=  1
current_cpu=  1
current_cpu=  2
current_cpu=  2
current_cpu=  1
current_cpu=  1
current_cpu=  2
current_cpu=  2
current_cpu=  1
current_cpu=  2
current_cpu=  1
allowed=1-2
current_cpu=  1
current_cpu=  1
allowed=1-2
allowed=1-2
current_cpu=  2
allowed=1-2
current_cpu=  1
current_cpu=  1
current_cpu=  2
current_cpu=  1
current_cpu=  1
current_cpu=  2
current_cpu=  2
current_cpu=  2
allowed=1-2
allowed=1-2
allowed=1-2
allowed=1-2
current_cpu=  1
current_cpu=  2
allowed=1-2
current_cpu=  1
current_cpu=  1
current_cpu=  1
allowed=1-2
current_cpu=  1
current_cpu=  1
allowed=1-2
current_cpu=  1
allowed=1-2
allowed=1-2
allowed=1-2
allowed=1-2
current_cpu=  1
current_cpu=  2
current_cpu=  2
current_cpu=  2
current_cpu=  1
current_cpu=  2
current_cpu=  2
allowed=1-2
allowed=1-2
current_cpu=  1
current_cpu=  2
current_cpu=  1
current_cpu=  2
allowed=1-2
current_cpu=  1
current_cpu=  2
current_cpu=  2
allowed=1-2
current_cpu=  2
current_cpu=  1
current_cpu=  2
allowed=1-2
current_cpu=  1
allowed=1-2
current_cpu=  1
current_cpu=  2
current_cpu=  2
current_cpu=  1
current_cpu=  1
allowed=1-2
current_cpu=  1
current_cpu=  2
current_cpu=  2
current_cpu=  1
current_cpu=  1
current_cpu=  1
current_cpu=  1
current_cpu=  1
current_cpu=  1
current_cpu=  2
allowed=1-2
current_cpu=  1
current_cpu=  1
current_cpu=  1
current_cpu=  2
current_cpu=  1
allowed=1-2
allowed=1-2
allowed=1-2
current_cpu=  1
current_cpu=  1
current_cpu=  1
current_cpu=  1
allowed=1-2
current_cpu=  1
current_cpu=  1
current_cpu=  2
current_cpu=  1
current_cpu=  1
allowed=1-2
allowed=1-2
allowed=1-2
allowed=1-2
current_cpu=  2
current_cpu=  1
current_cpu=  1
current_cpu=  1
current_cpu=  1
current_cpu=  2
allowed=1-2
current_cpu=  2
allowed=1-2
current_cpu=  1
current_cpu=  2
current_cpu=  2
current_cpu=  2
current_cpu=  2
current_cpu=  1
current_cpu=  2
allowed=1-2
current_cpu=  2
current_cpu=  2
current_cpu=  1
current_cpu=  1
allowed=1-2
allowed=1-2
current_cpu=  1
allowed=1-2
allowed=1-2
allowed=1-2
allowed=1-2
allowed=1-2
allowed=1-2
current_cpu=  2
current_cpu=  1
host=frontier06197
allowed=1-2
current_cpu=  2
host=frontier00223
current_cpu=  1
current_cpu=  1
host=frontier08206
current_cpu=  1
current_cpu=  1
current_cpu=  1
current_cpu=  1
current_cpu=  1
allowed=1-2
current_cpu=  2
current_cpu=  2
allowed=1-2
current_cpu=  1
allowed=1-2
current_cpu=  1
current_cpu=  2
current_cpu=  2
current_cpu=  1
current_cpu=  1
current_cpu=  2
current_cpu=  2
current_cpu=  1
current_cpu=  2
current_cpu=  1
current_cpu=  1
current_cpu=  2
current_cpu=  2
allowed=1-2
current_cpu=  1
current_cpu=  2
current_cpu=  1
host=frontier06862
current_cpu=  2
current_cpu=  1
current_cpu=  1
allowed=1-2
host=frontier08717
allowed=1-2
current_cpu=  2
current_cpu=  1
host=frontier08928
current_cpu=  2
allowed=1-2
current_cpu=  2
allowed=1-2
allowed=1-2
current_cpu=  2
current_cpu=  1
current_cpu=  1
current_cpu=  2
current_cpu=  1
current_cpu=  2
current_cpu=  1
current_cpu=  1
current_cpu=  1
allowed=1-2
current_cpu=  1
current_cpu=  2
current_cpu=  2
current_cpu=  1
current_cpu=  1
current_cpu=  1
allowed=1-2
current_cpu=  2
current_cpu=  2
allowed=1-2
current_cpu=  1
current_cpu=  2
current_cpu=  1
current_cpu=  1
current_cpu=  2
current_cpu=  1
current_cpu=  1
current_cpu=  2
current_cpu=  1
current_cpu=  1
current_cpu=  2
current_cpu=  2
current_cpu=  1
current_cpu=  2
current_cpu=  1
current_cpu=  1
current_cpu=  1
current_cpu=  1
current_cpu=  1
current_cpu=  1
current_cpu=  2
current_cpu=  2
current_cpu=  2
current_cpu=  1
current_cpu=  2
host=frontier03170
current_cpu=  2
current_cpu=  2
current_cpu=  1
host=frontier05218
current_cpu=  1
current_cpu=  1
host=frontier07124
current_cpu=  2
allowed=1-2
allowed=1-2
current_cpu=  1
allowed=1-2
current_cpu=  1
current_cpu=  2
current_cpu=  1
+ echo 'Launching Copper Gracefully On All Nodes : End'
Launching Copper Gracefully On All Nodes : End
+ exe=/mnt/bb/wcastil/copper_mount/lustre/orion/stf243/world-shared/hagertnl/CUG26/benchmark_builds/osu/install-osu-7.5.1/libexec/osu-micro-benchmarks/mpi/startup/osu_init
+ /usr/bin/time srun --overlap -N 512 -n 4096 --ntasks-per-node=8 -c 5 /mnt/bb/wcastil/copper_mount/lustre/orion/stf243/world-shared/hagertnl/CUG26/benchmark_builds/osu/install-osu-7.5.1/libexec/osu-micro-benchmarks/mpi/startup/osu_init
# OSU MPI Init Test v7.5
nprocs: 4096, min: 1843 ms, max: 5404 ms, avg: 5039 ms
0.08user 0.20system 0:11.87elapsed 2%CPU (0avgtext+0avgdata 20480maxresident)k
24inputs+0outputs (0major+5131minor)pagefaults 0swaps
+ sleep 2s
+ /usr/bin/time srun --overlap -N 512 -n 4096 --ntasks-per-node=8 -c 5 /mnt/bb/wcastil/copper_mount/lustre/orion/stf243/world-shared/hagertnl/CUG26/benchmark_builds/osu/install-osu-7.5.1/libexec/osu-micro-benchmarks/mpi/startup/osu_init
# OSU MPI Init Test v7.5
nprocs: 4096, min: 666 ms, max: 834 ms, avg: 795 ms
0.06user 0.16system 0:06.25elapsed 3%CPU (0avgtext+0avgdata 19456maxresident)k
24inputs+0outputs (0major+5131minor)pagefaults 0swaps
+ sleep 2s
+ /usr/bin/time srun --overlap -N 512 -n 4096 --ntasks-per-node=8 -c 5 /mnt/bb/wcastil/copper_mount/lustre/orion/stf243/world-shared/hagertnl/CUG26/benchmark_builds/osu/install-osu-7.5.1/libexec/osu-micro-benchmarks/mpi/startup/osu_init
# OSU MPI Init Test v7.5
nprocs: 4096, min: 656 ms, max: 837 ms, avg: 796 ms
0.06user 0.16system 0:07.94elapsed 2%CPU (0avgtext+0avgdata 19456maxresident)k
0inputs+0outputs (0major+5131minor)pagefaults 0swaps
+ sleep 2s
+ /usr/bin/time srun --overlap -N 512 -n 4096 --ntasks-per-node=8 -c 5 /mnt/bb/wcastil/copper_mount/lustre/orion/stf243/world-shared/hagertnl/CUG26/benchmark_builds/osu/install-osu-7.5.1/libexec/osu-micro-benchmarks/mpi/startup/osu_init
# OSU MPI Init Test v7.5
nprocs: 4096, min: 676 ms, max: 853 ms, avg: 803 ms
0.06user 0.17system 0:06.27elapsed 3%CPU (0avgtext+0avgdata 18432maxresident)k
0inputs+0outputs (0major+5131minor)pagefaults 0swaps
+ sleep 2s
+ /usr/bin/time srun --overlap -N 512 -n 4096 --ntasks-per-node=8 -c 5 /mnt/bb/wcastil/copper_mount/lustre/orion/stf243/world-shared/hagertnl/CUG26/benchmark_builds/osu/install-osu-7.5.1/libexec/osu-micro-benchmarks/mpi/startup/osu_init
# OSU MPI Init Test v7.5
nprocs: 4096, min: 669 ms, max: 844 ms, avg: 801 ms
0.06user 0.16system 0:06.26elapsed 3%CPU (0avgtext+0avgdata 18432maxresident)k
0inputs+0outputs (0major+5132minor)pagefaults 0swaps
+ sleep 2s
+ conda deactivate
+ local cmd=deactivate
+ case "$cmd" in
+ __conda_activate deactivate
+ '[' -n '' ']'
+ local ask_conda
++ PS1='(base) '
++ __conda_exe shell.posix deactivate
++ /autofs/nccs-svm1_sw/frontier/miniforge3/23.11.0-0/bin/conda shell.posix deactivate
+ ask_conda='export PATH='\''/autofs/nccs-svm1_sw/frontier/miniforge3/23.11.0-0/condabin:/sw/frontier/lfs-wrapper/0.0.1/bin/lfs:/sw/frontier/miniforge3/23.11.0-0/bin:/opt/cray/libfabric/1.22.0/bin:/opt/rocm-6.4.2/bin:/sw/frontier/spack-envs/cpe25.09-cpu/opt/llvm-amdgpu-6.4.2/darshan-runtime-3.4.7-tvdocpzv3jfj4y6ki5jvmmkics323gon/bin:/opt/cray/pe/mpich/9.0.1/ofi/amd/6.0/bin:/opt/cray/pe/mpich/9.0.1/bin:/opt/cray/pe/perftools/25.09.0/bin:/opt/cray/pe/papi/7.2.0.2/bin:/opt/cray/pe/craype/2.7.35/bin:/sw/frontier/ums/ums046/copper/build:/sw/sources/hpss/bin:/sw/frontier/spack-envs/core-25.03/opt/gcc-13.2/tmux-3.4-fcqqko3j4ga67yuc7zxaqcwsix5hns2v/bin:/opt/clmgr/sbin:/opt/clmgr/bin:/opt/sgi/sbin:/opt/sgi/bin:/sw/frontier/bin:/ccs/home/wcastil/.local/bin:/usr/local/bin:/usr/bin:/bin:/opt/bin:/opt/c3/bin:/usr/lib/mit/bin:/opt/puppetlabs/bin:/opt/cray/pe/bin'\''
. "/autofs/nccs-svm1_sw/frontier/miniforge3/23.11.0-0/etc/conda/deactivate.d/libxml2_deactivate.sh"
. "/autofs/nccs-svm1_sw/frontier/miniforge3/23.11.0-0/etc/conda/deactivate.d/libglib_deactivate.sh"
unset CONDA_PREFIX
unset CONDA_DEFAULT_ENV
unset CONDA_PROMPT_MODIFIER
PS1='\'''\''
export CONDA_SHLVL='\''0'\''
export CONDA_EXE='\''/autofs/nccs-svm1_sw/frontier/miniforge3/23.11.0-0/bin/conda'\''
export _CE_M='\'''\''
export _CE_CONDA='\'''\''
export CONDA_PYTHON_EXE='\''/autofs/nccs-svm1_sw/frontier/miniforge3/23.11.0-0/bin/python'\'''
+ eval 'export PATH='\''/autofs/nccs-svm1_sw/frontier/miniforge3/23.11.0-0/condabin:/sw/frontier/lfs-wrapper/0.0.1/bin/lfs:/sw/frontier/miniforge3/23.11.0-0/bin:/opt/cray/libfabric/1.22.0/bin:/opt/rocm-6.4.2/bin:/sw/frontier/spack-envs/cpe25.09-cpu/opt/llvm-amdgpu-6.4.2/darshan-runtime-3.4.7-tvdocpzv3jfj4y6ki5jvmmkics323gon/bin:/opt/cray/pe/mpich/9.0.1/ofi/amd/6.0/bin:/opt/cray/pe/mpich/9.0.1/bin:/opt/cray/pe/perftools/25.09.0/bin:/opt/cray/pe/papi/7.2.0.2/bin:/opt/cray/pe/craype/2.7.35/bin:/sw/frontier/ums/ums046/copper/build:/sw/sources/hpss/bin:/sw/frontier/spack-envs/core-25.03/opt/gcc-13.2/tmux-3.4-fcqqko3j4ga67yuc7zxaqcwsix5hns2v/bin:/opt/clmgr/sbin:/opt/clmgr/bin:/opt/sgi/sbin:/opt/sgi/bin:/sw/frontier/bin:/ccs/home/wcastil/.local/bin:/usr/local/bin:/usr/bin:/bin:/opt/bin:/opt/c3/bin:/usr/lib/mit/bin:/opt/puppetlabs/bin:/opt/cray/pe/bin'\''
. "/autofs/nccs-svm1_sw/frontier/miniforge3/23.11.0-0/etc/conda/deactivate.d/libxml2_deactivate.sh"
. "/autofs/nccs-svm1_sw/frontier/miniforge3/23.11.0-0/etc/conda/deactivate.d/libglib_deactivate.sh"
unset CONDA_PREFIX
unset CONDA_DEFAULT_ENV
unset CONDA_PROMPT_MODIFIER
PS1='\'''\''
export CONDA_SHLVL='\''0'\''
export CONDA_EXE='\''/autofs/nccs-svm1_sw/frontier/miniforge3/23.11.0-0/bin/conda'\''
export _CE_M='\'''\''
export _CE_CONDA='\'''\''
export CONDA_PYTHON_EXE='\''/autofs/nccs-svm1_sw/frontier/miniforge3/23.11.0-0/bin/python'\'''
++ export PATH=/autofs/nccs-svm1_sw/frontier/miniforge3/23.11.0-0/condabin:/sw/frontier/lfs-wrapper/0.0.1/bin/lfs:/sw/frontier/miniforge3/23.11.0-0/bin:/opt/cray/libfabric/1.22.0/bin:/opt/rocm-6.4.2/bin:/sw/frontier/spack-envs/cpe25.09-cpu/opt/llvm-amdgpu-6.4.2/darshan-runtime-3.4.7-tvdocpzv3jfj4y6ki5jvmmkics323gon/bin:/opt/cray/pe/mpich/9.0.1/ofi/amd/6.0/bin:/opt/cray/pe/mpich/9.0.1/bin:/opt/cray/pe/perftools/25.09.0/bin:/opt/cray/pe/papi/7.2.0.2/bin:/opt/cray/pe/craype/2.7.35/bin:/sw/frontier/ums/ums046/copper/build:/sw/sources/hpss/bin:/sw/frontier/spack-envs/core-25.03/opt/gcc-13.2/tmux-3.4-fcqqko3j4ga67yuc7zxaqcwsix5hns2v/bin:/opt/clmgr/sbin:/opt/clmgr/bin:/opt/sgi/sbin:/opt/sgi/bin:/sw/frontier/bin:/ccs/home/wcastil/.local/bin:/usr/local/bin:/usr/bin:/bin:/opt/bin:/opt/c3/bin:/usr/lib/mit/bin:/opt/puppetlabs/bin:/opt/cray/pe/bin
++ PATH=/autofs/nccs-svm1_sw/frontier/miniforge3/23.11.0-0/condabin:/sw/frontier/lfs-wrapper/0.0.1/bin/lfs:/sw/frontier/miniforge3/23.11.0-0/bin:/opt/cray/libfabric/1.22.0/bin:/opt/rocm-6.4.2/bin:/sw/frontier/spack-envs/cpe25.09-cpu/opt/llvm-amdgpu-6.4.2/darshan-runtime-3.4.7-tvdocpzv3jfj4y6ki5jvmmkics323gon/bin:/opt/cray/pe/mpich/9.0.1/ofi/amd/6.0/bin:/opt/cray/pe/mpich/9.0.1/bin:/opt/cray/pe/perftools/25.09.0/bin:/opt/cray/pe/papi/7.2.0.2/bin:/opt/cray/pe/craype/2.7.35/bin:/sw/frontier/ums/ums046/copper/build:/sw/sources/hpss/bin:/sw/frontier/spack-envs/core-25.03/opt/gcc-13.2/tmux-3.4-fcqqko3j4ga67yuc7zxaqcwsix5hns2v/bin:/opt/clmgr/sbin:/opt/clmgr/bin:/opt/sgi/sbin:/opt/sgi/bin:/sw/frontier/bin:/ccs/home/wcastil/.local/bin:/usr/local/bin:/usr/bin:/bin:/opt/bin:/opt/c3/bin:/usr/lib/mit/bin:/opt/puppetlabs/bin:/opt/cray/pe/bin
++ . /autofs/nccs-svm1_sw/frontier/miniforge3/23.11.0-0/etc/conda/deactivate.d/libxml2_deactivate.sh
+++ test -n ''
+++ unset XML_CATALOG_FILES
+++ unset xml_catalog_files_libxml2
++ . /autofs/nccs-svm1_sw/frontier/miniforge3/23.11.0-0/etc/conda/deactivate.d/libglib_deactivate.sh
+++ export GSETTINGS_SCHEMA_DIR=
+++ GSETTINGS_SCHEMA_DIR=
+++ unset GSETTINGS_SCHEMA_DIR_CONDA_BACKUP
+++ '[' -z ']'
+++ unset GSETTINGS_SCHEMA_DIR
++ unset CONDA_PREFIX
++ unset CONDA_DEFAULT_ENV
++ unset CONDA_PROMPT_MODIFIER
++ PS1=
++ export CONDA_SHLVL=0
++ CONDA_SHLVL=0
++ export CONDA_EXE=/autofs/nccs-svm1_sw/frontier/miniforge3/23.11.0-0/bin/conda
++ CONDA_EXE=/autofs/nccs-svm1_sw/frontier/miniforge3/23.11.0-0/bin/conda
++ export _CE_M=
++ _CE_M=
++ export _CE_CONDA=
++ _CE_CONDA=
++ export CONDA_PYTHON_EXE=/autofs/nccs-svm1_sw/frontier/miniforge3/23.11.0-0/bin/python
++ CONDA_PYTHON_EXE=/autofs/nccs-svm1_sw/frontier/miniforge3/23.11.0-0/bin/python
+ __conda_hashr
+ '[' -n '' ']'
+ '[' -n '' ']'
+ hash -r
+ stop_copper.sh -d /lustre/orion/stf243/world-shared/wcastil/Experiments/CUG26/copper_run/logs -v /mnt/bb/wcastil/copper_mount
/var/spool/slurmd/job4348863/slurm_script: line 39: stop_copper.sh: command not found
