+ '[' -z '' ']'
+ case "$-" in
+ __lmod_vx=x
+ '[' -n x ']'
+ set +x
Shell debugging temporarily silenced: export LMOD_SH_DBG_ON=1 for this output (/opt/cray/pe/lmod/lmod/init/bash)
Shell debugging restarted
+ unset __lmod_vx
+ cd /lustre/orion/stf243/world-shared/wcastil/Experiments/CUG26/copper_run/osu
+ module load ums ums046 copper
+ '[' -z '' ']'
+ case "$-" in
+ __lmod_sh_dbg=x
+ '[' -n x ']'
+ set +x
Shell debugging temporarily silenced: export LMOD_SH_DBG_ON=1 for Lmod's output
Copper loaded: use 'launch_copper_frontier' and 'stop_copper_frontier'.
COPPER_ROOT: /sw/frontier/ums/ums046/copper
launch_copper_frontier points to:
/sw/frontier/ums/ums046/copper/build/launch_copper_frontier.sh 
Shell debugging restarted
+ unset __lmod_sh_dbg
+ return 0
+ module list
+ '[' -z '' ']'
+ case "$-" in
+ __lmod_sh_dbg=x
+ '[' -n x ']'
+ set +x
Shell debugging temporarily silenced: export LMOD_SH_DBG_ON=1 for Lmod's output

Currently Loaded Modules:
  1) craype-x86-trento               12) PrgEnv-cray/8.6.0
  2) libfabric/1.22.0                13) Core/25.03
  3) craype-network-ofi              14) tmux/3.4
  4) perftools-base/24.11.0          15) darshan-runtime/3.4.6-mpi (E4S)
  5) xpmem/2.11.3-1.3_gdbda01a1eb3d  16) hsi/default
  6) cray-pmi/6.1.15                 17) lfs-wrapper/0.0.1
  7) cce/18.0.1                      18) DefApps
  8) craype/2.7.33                   19) ums/default
  9) cray-dsmml/0.3.0                20) ums046/default
 10) cray-mpich/8.1.31               21) copper/0.1
 11) cray-libsci/24.11.0

  Where:
   E4S:  E4S: Extreme-scale Scientific Software Stack (E4S) https://e4s.io/index.html

 

Shell debugging restarted
+ unset __lmod_sh_dbg
+ return 0
+ echo 4348864
4348864
+ echo 1024
1024
+ echo copper_spindle
copper_spindle
+ echo 'frontier[00116-00128,00228-00241,00356-00369,00485-00498,00613-00626,00741-00754,00868-00881,00996-01009,01124-01137,01252-01265,01380-01393,01508-01521,01636-01649,01764-01777,01892-01905,02020-02033,02148-02161,02278-02291,02404-02417,02534-02538,02541-02549,02660-02673,02788-02801,02916-02929,03044-03057,03174-03187,03304-03317,03430-03443,03556-03569,03685-03698,03812-03825,03940-03953,04068-04081,04195,04197-04209,04324-04337,04452-04465,04579-04592,04707-04712,04714-04721,04835-04848,04965-04978,05095-05108,05219-05232,05347-05360,05475-05488,05603-05616,05732-05745,05859-05867,05869-05873,05974-05987,06105-06118,06229-06235,06237-06243,06356-06361,06364-06371,06484-06487,06490-06499,06612-06613,06616-06627,06747-06760,06869-06882,06998-07003,07005-07012,07127-07129,07131-07141,07217,07219,07234,07238-07240,07247,07257,07260-07264,07267,07340-07341,07343-07345,07373,07381,07383,07386,07390,07393-07396,07450,07457,07466-07467,07471,07478,07486,07490-07492,07499,07507-07509,07575-07576,07583,07591,07593,07595-07596,07604,07612,07616,07625,07637-07639,07719,07721-07722,07730,07751,07759,07764-07765,07772,07780,07782,07785-07787,07845,07847-07848,07856,07864-07865,07870,07877,07886-07887,07898,07908-07910,07975,07982,07992,07994,08013,08017,08020,08024,08032,08034,08036,08038,08045-08046,08096-08097,08101,08108,08116,08118,08120-08122,08139,08141,08158-08159,08225-08227,08234,08242-08244,08246-08247,08255,08263,08265,08267,08352-08353,08360,08368-08369,08372-08374,08381,08389,08394,08423,08426,08475,08477-08479,08486,08494-08496,08498,08500,08507,08517,08528,08620-08621,08625,08633,08641,08643,08645,08647,08654,08663-08664,08666-08667,08731,08738,08752,08759,08792,08807-08814,08930-08942,09058-09070,09187-09199,09314-09326,09447-09459]'
frontier[00116-00128,00228-00241,00356-00369,00485-00498,00613-00626,00741-00754,00868-00881,00996-01009,01124-01137,01252-01265,01380-01393,01508-01521,01636-01649,01764-01777,01892-01905,02020-02033,02148-02161,02278-02291,02404-02417,02534-02538,02541-02549,02660-02673,02788-02801,02916-02929,03044-03057,03174-03187,03304-03317,03430-03443,03556-03569,03685-03698,03812-03825,03940-03953,04068-04081,04195,04197-04209,04324-04337,04452-04465,04579-04592,04707-04712,04714-04721,04835-04848,04965-04978,05095-05108,05219-05232,05347-05360,05475-05488,05603-05616,05732-05745,05859-05867,05869-05873,05974-05987,06105-06118,06229-06235,06237-06243,06356-06361,06364-06371,06484-06487,06490-06499,06612-06613,06616-06627,06747-06760,06869-06882,06998-07003,07005-07012,07127-07129,07131-07141,07217,07219,07234,07238-07240,07247,07257,07260-07264,07267,07340-07341,07343-07345,07373,07381,07383,07386,07390,07393-07396,07450,07457,07466-07467,07471,07478,07486,07490-07492,07499,07507-07509,07575-07576,07583,07591,07593,07595-07596,07604,07612,07616,07625,07637-07639,07719,07721-07722,07730,07751,07759,07764-07765,07772,07780,07782,07785-07787,07845,07847-07848,07856,07864-07865,07870,07877,07886-07887,07898,07908-07910,07975,07982,07992,07994,08013,08017,08020,08024,08032,08034,08036,08038,08045-08046,08096-08097,08101,08108,08116,08118,08120-08122,08139,08141,08158-08159,08225-08227,08234,08242-08244,08246-08247,08255,08263,08265,08267,08352-08353,08360,08368-08369,08372-08374,08381,08389,08394,08423,08426,08475,08477-08479,08486,08494-08496,08498,08500,08507,08517,08528,08620-08621,08625,08633,08641,08643,08645,08647,08654,08663-08664,08666-08667,08731,08738,08752,08759,08792,08807-08814,08930-08942,09058-09070,09187-09199,09314-09326,09447-09459]
+ LOGDIR=/lustre/orion/stf243/world-shared/wcastil/Experiments/CUG26/copper_run/logs
+ cd /lustre/orion/stf243/world-shared/wcastil/Experiments/CUG26/copper_run/logs
+ PACKAGE_ENV_LOCATION=/lustre/orion/stf243/world-shared/hagertnl/CUG26/benchmark_builds
+ source /lustre/orion/stf243/world-shared/hagertnl/CUG26/benchmark_builds/common_modules.sh
++ module load PrgEnv-amd
++ '[' -z '' ']'
++ case "$-" in
++ __lmod_sh_dbg=x
++ '[' -n x ']'
++ set +x
Shell debugging temporarily silenced: export LMOD_SH_DBG_ON=1 for Lmod's output

Lmod is automatically replacing "cce/18.0.1" with "amd/6.2.4".


Lmod is automatically replacing "PrgEnv-cray/8.6.0" with "PrgEnv-amd/8.6.0".


Due to MODULEPATH changes, the following have been reloaded:
  1) cray-libsci/24.11.0     2) cray-mpich/8.1.31     3) darshan-runtime/3.4.6-mpi

Shell debugging restarted
++ unset __lmod_sh_dbg
++ return 0
++ module load cpe/25.09
++ '[' -z '' ']'
++ case "$-" in
++ __lmod_sh_dbg=x
++ '[' -n x ']'
++ set +x
Shell debugging temporarily silenced: export LMOD_SH_DBG_ON=1 for Lmod's output

The following have been reloaded with a version change:
  1) amd/6.2.4 => amd/6.4.2
  2) cray-dsmml/0.3.0 => cray-dsmml/0.3.1
  3) cray-libsci/24.11.0 => cray-libsci/25.09.0
  4) cray-mpich/8.1.31 => cray-mpich/9.0.1
  5) cray-pmi/6.1.15 => cray-pmi/6.1.16
  6) craype/2.7.33 => craype/2.7.35
  7) darshan-runtime/3.4.6-mpi => darshan-runtime/3.4.7-mpi
  8) perftools-base/24.11.0 => perftools-base/25.09.0

Shell debugging restarted
++ unset __lmod_sh_dbg
++ return 0
++ module load amd/6.4.2
++ '[' -z '' ']'
++ case "$-" in
++ __lmod_sh_dbg=x
++ '[' -n x ']'
++ set +x
Shell debugging temporarily silenced: export LMOD_SH_DBG_ON=1 for Lmod's output
Shell debugging restarted
++ unset __lmod_sh_dbg
++ return 0
++ module load rocm/6.4.2
++ '[' -z '' ']'
++ case "$-" in
++ __lmod_sh_dbg=x
++ '[' -n x ']'
++ set +x
Shell debugging temporarily silenced: export LMOD_SH_DBG_ON=1 for Lmod's output
Shell debugging restarted
++ unset __lmod_sh_dbg
++ return 0
++ module load libfabric/1.22.0
++ '[' -z '' ']'
++ case "$-" in
++ __lmod_sh_dbg=x
++ '[' -n x ']'
++ set +x
Shell debugging temporarily silenced: export LMOD_SH_DBG_ON=1 for Lmod's output
Shell debugging restarted
++ unset __lmod_sh_dbg
++ return 0
++ module load craype-accel-amd-gfx90a
++ '[' -z '' ']'
++ case "$-" in
++ __lmod_sh_dbg=x
++ '[' -n x ']'
++ set +x
Shell debugging temporarily silenced: export LMOD_SH_DBG_ON=1 for Lmod's output
Shell debugging restarted
++ unset __lmod_sh_dbg
++ return 0
++ module load miniforge3/23.11.0-0
++ '[' -z '' ']'
++ case "$-" in
++ __lmod_sh_dbg=x
++ '[' -n x ']'
++ set +x
Shell debugging temporarily silenced: export LMOD_SH_DBG_ON=1 for Lmod's output
Shell debugging restarted
++ unset __lmod_sh_dbg
++ return 0
++ export LD_LIBRARY_PATH=/opt/cray/pe/mpich/9.0.1/ofi/amd/6.0/lib:/opt/cray/pe/mpich/9.0.1/gtl/lib:/opt/cray/pe/libsci/25.09.0/AMD/6.0/x86_64/lib:/opt/cray/pe/perftools/25.09.0/lib64:/opt/cray/pe/pmi/6.1.16/lib:/opt/cray/pe/dsmml/0.3.1/dsmml/lib:/opt/cray/libfabric/1.22.0/lib64:/opt/rocm-6.4.2/lib/roctracer:/opt/rocm-6.4.2/lib/rocprofiler:/opt/rocm-6.4.2/lib:/sw/frontier/spack-envs/cpe25.09-cpu/opt/llvm-amdgpu-6.4.2/darshan-runtime-3.4.7-tvdocpzv3jfj4y6ki5jvmmkics323gon/lib:/opt/rocm-6.4.2/llvm/lib:/opt/cray/pe/papi/7.2.0.2/lib64
++ LD_LIBRARY_PATH=/opt/cray/pe/mpich/9.0.1/ofi/amd/6.0/lib:/opt/cray/pe/mpich/9.0.1/gtl/lib:/opt/cray/pe/libsci/25.09.0/AMD/6.0/x86_64/lib:/opt/cray/pe/perftools/25.09.0/lib64:/opt/cray/pe/pmi/6.1.16/lib:/opt/cray/pe/dsmml/0.3.1/dsmml/lib:/opt/cray/libfabric/1.22.0/lib64:/opt/rocm-6.4.2/lib/roctracer:/opt/rocm-6.4.2/lib/rocprofiler:/opt/rocm-6.4.2/lib:/sw/frontier/spack-envs/cpe25.09-cpu/opt/llvm-amdgpu-6.4.2/darshan-runtime-3.4.7-tvdocpzv3jfj4y6ki5jvmmkics323gon/lib:/opt/rocm-6.4.2/llvm/lib:/opt/cray/pe/papi/7.2.0.2/lib64
++ [[ /var/spool/slurmd/job4348864/slurm_script == \/\l\u\s\t\r\e\/\o\r\i\o\n\/\s\t\f\2\4\3\/\w\o\r\l\d\-\s\h\a\r\e\d\/\h\a\g\e\r\t\n\l\/\C\U\G\2\6\/\b\e\n\c\h\m\a\r\k\_\b\u\i\l\d\s\/\c\o\m\m\o\n\_\m\o\d\u\l\e\s\.\s\h ]]
+ COPPER_MOUNT_PATH=/mnt/bb/wcastil/copper_mount
+ /lustre/orion/stf243/world-shared/wcastil/Experiments/CUG26/copper_run/launch_copper_frontier.sh -d /lustre/orion/stf243/world-shared/wcastil/Experiments/CUG26/copper_run/logs -v /mnt/bb/wcastil/copper_mount -M 220000000
+ '[' -z '' ']'
+ case "$-" in
+ __lmod_vx=x
+ '[' -n x ']'
+ set +x
Shell debugging temporarily silenced: export LMOD_SH_DBG_ON=1 for this output (/opt/cray/pe/lmod/lmod/init/bash)
Shell debugging restarted
+ unset __lmod_vx
+ echo 'Launching Copper Gracefully On All Nodes : Start'
Launching Copper Gracefully On All Nodes : Start
+ echo /sw/frontier/ums/ums046/copper
/sw/frontier/ums/ums046/copper
+ CUPATH=/sw/frontier/ums/ums046/copper/build/cu_fuse
+ DISCOVERY_HELPER=/sw/frontier/ums/ums046/copper/build/list_cxi_hsn_thallium
+ CU_FUSE_MNT_VIEWDIR=/tmp/wcastil/copper
+ facility_address_book=/sw/frontier/ums/ums046/copper/build/olcf_frontier_copper_addressbook.txt
+ address_book_source=facility
+ log_level=0
+ log_dir=/ccs/home/wcastil/copper-logs
+ log_type=file
+ trees=1
+ max_cacheable_byte_size=10485760
+ md_enoent_ttl_ms=2000
+ profile_metrics=0
+ profile_top_n=0
+ profile_paths_full=0
+ profile_snapshot_interval_s=0
+ sleeptime=10
+ physcpubind=1,2
+ net_type=cxi://cxi1
+ getopts l:t:d:T:M:E:PN:AI:s:b:F:a:n:v: opt
+ case ${opt} in
+ log_dir=/lustre/orion/stf243/world-shared/wcastil/Experiments/CUG26/copper_run/logs
+ getopts l:t:d:T:M:E:PN:AI:s:b:F:a:n:v: opt
+ case ${opt} in
+ CU_FUSE_MNT_VIEWDIR=/mnt/bb/wcastil/copper_mount
+ getopts l:t:d:T:M:E:PN:AI:s:b:F:a:n:v: opt
+ case ${opt} in
+ max_cacheable_byte_size=220000000
+ getopts l:t:d:T:M:E:PN:AI:s:b:F:a:n:v: opt
+ log_dir=/lustre/orion/stf243/world-shared/wcastil/Experiments/CUG26/copper_run/logs/4348864
+ logs_dir=/lustre/orion/stf243/world-shared/wcastil/Experiments/CUG26/copper_run/logs/4348864/logs
+ tables_dir=/lustre/orion/stf243/world-shared/wcastil/Experiments/CUG26/copper_run/logs/4348864/tables
+ profiling_dir=/lustre/orion/stf243/world-shared/wcastil/Experiments/CUG26/copper_run/logs/4348864/profiling
+ profiling_final_dir=/lustre/orion/stf243/world-shared/wcastil/Experiments/CUG26/copper_run/logs/4348864/profiling/final
+ profiling_cluster_dir=/lustre/orion/stf243/world-shared/wcastil/Experiments/CUG26/copper_run/logs/4348864/profiling/cluster
+ node_file_copy=/lustre/orion/stf243/world-shared/wcastil/Experiments/CUG26/copper_run/logs/4348864/logs/node_file.txt
+ prepared_address_book=/lustre/orion/stf243/world-shared/wcastil/Experiments/CUG26/copper_run/logs/4348864/logs/copper_address_book.txt
+ prepared_address_book_full_output=/lustre/orion/stf243/world-shared/wcastil/Experiments/CUG26/copper_run/logs/4348864/logs/copper_address_book_full_output.txt
+ prepare_address_book_awk=/lustre/orion/stf243/world-shared/wcastil/Experiments/CUG26/copper_run/logs/4348864/logs/prepare_address_book.awk
+ select_discovered_address_book_awk=/lustre/orion/stf243/world-shared/wcastil/Experiments/CUG26/copper_run/logs/4348864/logs/select_discovered_address_book.awk
+ echo 'log_level                  : 0'
log_level                  : 0
+ echo 'log_type                   : file'
log_type                   : file
+ echo 'trees                      : 1'
trees                      : 1
+ echo 'max_cacheable_byte_size    : 220000000'
max_cacheable_byte_size    : 220000000
+ echo 'md_enoent_ttl_ms           : 2000'
md_enoent_ttl_ms           : 2000
+ echo 'profile_metrics            : 0'
profile_metrics            : 0
+ echo 'profile_top_n              : 0'
profile_top_n              : 0
+ echo 'profile_paths_full         : 0'
profile_paths_full         : 0
+ echo 'profile_snapshot_interval_s: 0'
profile_snapshot_interval_s: 0
+ echo 'sleeptime                  : 10'
sleeptime                  : 10
+ echo 'CU_FUSE_MNT_VIEWDIR        : /mnt/bb/wcastil/copper_mount'
CU_FUSE_MNT_VIEWDIR        : /mnt/bb/wcastil/copper_mount
+ echo 'LOGDIR                     : /lustre/orion/stf243/world-shared/wcastil/Experiments/CUG26/copper_run/logs/4348864'
LOGDIR                     : /lustre/orion/stf243/world-shared/wcastil/Experiments/CUG26/copper_run/logs/4348864
+ echo 'logs_dir                   : /lustre/orion/stf243/world-shared/wcastil/Experiments/CUG26/copper_run/logs/4348864/logs'
logs_dir                   : /lustre/orion/stf243/world-shared/wcastil/Experiments/CUG26/copper_run/logs/4348864/logs
+ echo 'tables_dir                 : /lustre/orion/stf243/world-shared/wcastil/Experiments/CUG26/copper_run/logs/4348864/tables'
tables_dir                 : /lustre/orion/stf243/world-shared/wcastil/Experiments/CUG26/copper_run/logs/4348864/tables
+ echo 'profiling_final_dir        : /lustre/orion/stf243/world-shared/wcastil/Experiments/CUG26/copper_run/logs/4348864/profiling/final'
profiling_final_dir        : /lustre/orion/stf243/world-shared/wcastil/Experiments/CUG26/copper_run/logs/4348864/profiling/final
+ echo 'profiling_cluster_dir      : /lustre/orion/stf243/world-shared/wcastil/Experiments/CUG26/copper_run/logs/4348864/profiling/cluster'
profiling_cluster_dir      : /lustre/orion/stf243/world-shared/wcastil/Experiments/CUG26/copper_run/logs/4348864/profiling/cluster
+ echo 'SLURM_NODEFILE             : '
SLURM_NODEFILE             : 
+ echo 'physcpubind                : 1,2'
physcpubind                : 1,2
+ echo 'facility_address_book      : /sw/frontier/ums/ums046/copper/build/olcf_frontier_copper_addressbook.txt'
facility_address_book      : /sw/frontier/ums/ums046/copper/build/olcf_frontier_copper_addressbook.txt
+ echo 'address_book_source        : facility'
address_book_source        : facility
+ echo 'prepared_address_book      : /lustre/orion/stf243/world-shared/wcastil/Experiments/CUG26/copper_run/logs/4348864/logs/copper_address_book.txt'
prepared_address_book      : /lustre/orion/stf243/world-shared/wcastil/Experiments/CUG26/copper_run/logs/4348864/logs/copper_address_book.txt
+ echo 'prepared_address_book_full : /lustre/orion/stf243/world-shared/wcastil/Experiments/CUG26/copper_run/logs/4348864/logs/copper_address_book_full_output.txt'
prepared_address_book_full : /lustre/orion/stf243/world-shared/wcastil/Experiments/CUG26/copper_run/logs/4348864/logs/copper_address_book_full_output.txt
+ echo 'discovery_helper           : /sw/frontier/ums/ums046/copper/build/list_cxi_hsn_thallium'
discovery_helper           : /sw/frontier/ums/ums046/copper/build/list_cxi_hsn_thallium
+ echo 'net_type                   : cxi://cxi1'
net_type                   : cxi://cxi1
+ mkdir -p /lustre/orion/stf243/world-shared/wcastil/Experiments/CUG26/copper_run/logs/4348864/logs /lustre/orion/stf243/world-shared/wcastil/Experiments/CUG26/copper_run/logs/4348864/tables/final /lustre/orion/stf243/world-shared/wcastil/Experiments/CUG26/copper_run/logs/4348864/profiling/final /lustre/orion/stf243/world-shared/wcastil/Experiments/CUG26/copper_run/logs/4348864/profiling/cluster
+ scontrol show hostnames 'frontier[00116-00128,00228-00241,00356-00369,00485-00498,00613-00626,00741-00754,00868-00881,00996-01009,01124-01137,01252-01265,01380-01393,01508-01521,01636-01649,01764-01777,01892-01905,02020-02033,02148-02161,02278-02291,02404-02417,02534-02538,02541-02549,02660-02673,02788-02801,02916-02929,03044-03057,03174-03187,03304-03317,03430-03443,03556-03569,03685-03698,03812-03825,03940-03953,04068-04081,04195,04197-04209,04324-04337,04452-04465,04579-04592,04707-04712,04714-04721,04835-04848,04965-04978,05095-05108,05219-05232,05347-05360,05475-05488,05603-05616,05732-05745,05859-05867,05869-05873,05974-05987,06105-06118,06229-06235,06237-06243,06356-06361,06364-06371,06484-06487,06490-06499,06612-06613,06616-06627,06747-06760,06869-06882,06998-07003,07005-07012,07127-07129,07131-07141,07217,07219,07234,07238-07240,07247,07257,07260-07264,07267,07340-07341,07343-07345,07373,07381,07383,07386,07390,07393-07396,07450,07457,07466-07467,07471,07478,07486,07490-07492,07499,07507-07509,07575-07576,07583,07591,07593,07595-07596,07604,07612,07616,07625,07637-07639,07719,07721-07722,07730,07751,07759,07764-07765,07772,07780,07782,07785-07787,07845,07847-07848,07856,07864-07865,07870,07877,07886-07887,07898,07908-07910,07975,07982,07992,07994,08013,08017,08020,08024,08032,08034,08036,08038,08045-08046,08096-08097,08101,08108,08116,08118,08120-08122,08139,08141,08158-08159,08225-08227,08234,08242-08244,08246-08247,08255,08263,08265,08267,08352-08353,08360,08368-08369,08372-08374,08381,08389,08394,08423,08426,08475,08477-08479,08486,08494-08496,08498,08500,08507,08517,08528,08620-08621,08625,08633,08641,08643,08645,08647,08654,08663-08664,08666-08667,08731,08738,08752,08759,08792,08807-08814,08930-08942,09058-09070,09187-09199,09314-09326,09447-09459]'
+ clush --hostfile /lustre/orion/stf243/world-shared/wcastil/Experiments/CUG26/copper_run/logs/4348864/logs/node_file.txt 'fusermount3 -u /mnt/bb/wcastil/copper_mount'
+ clush --hostfile /lustre/orion/stf243/world-shared/wcastil/Experiments/CUG26/copper_run/logs/4348864/logs/node_file.txt 'rm -rf /mnt/bb/wcastil/copper_mount'
+ clush --hostfile /lustre/orion/stf243/world-shared/wcastil/Experiments/CUG26/copper_run/logs/4348864/logs/node_file.txt 'mkdir -p /mnt/bb/wcastil/copper_mount'
+ rm -f /lustre/orion/stf243/world-shared/wcastil/Experiments/CUG26/copper_run/logs/4348864/logs/copper_address_book.txt /lustre/orion/stf243/world-shared/wcastil/Experiments/CUG26/copper_run/logs/4348864/logs/copper_address_book_full_output.txt /lustre/orion/stf243/world-shared/wcastil/Experiments/CUG26/copper_run/logs/4348864/logs/prepare_address_book.awk /lustre/orion/stf243/world-shared/wcastil/Experiments/CUG26/copper_run/logs/4348864/logs/select_discovered_address_book.awk
+ echo 'Preparing job-local address book once before full cu_fuse launch'
Preparing job-local address book once before full cu_fuse launch
++ date +%s
+ prepare_address_book_start_epoch=1775664938
+ prepare_address_book_rc=0
+ case "${address_book_source}" in
+ prepare_address_book_from_facility
+ cp /sw/frontier/ums/ums046/copper/build/olcf_frontier_copper_addressbook.txt /lustre/orion/stf243/world-shared/wcastil/Experiments/CUG26/copper_run/logs/4348864/logs/copper_address_book_full_output.txt
+ cat
+ srun --overlap -N 1 -n 1 --ntasks-per-node=1 env NODEFILE_PATH=/lustre/orion/stf243/world-shared/wcastil/Experiments/CUG26/copper_run/logs/4348864/logs/node_file.txt FACILITY_BOOK=/sw/frontier/ums/ums046/copper/build/olcf_frontier_copper_addressbook.txt OUTPUT_PATH=/lustre/orion/stf243/world-shared/wcastil/Experiments/CUG26/copper_run/logs/4348864/logs/copper_address_book.txt AWK_SCRIPT=/lustre/orion/stf243/world-shared/wcastil/Experiments/CUG26/copper_run/logs/4348864/logs/prepare_address_book.awk bash -lc 'awk -f "$AWK_SCRIPT" "$NODEFILE_PATH" "$FACILITY_BOOK" > "$OUTPUT_PATH"'
Deactivating conda environments
++ date +%s
+ prepare_address_book_end_epoch=1775664939
+ echo 'prepared address book generation took 1 s'
prepared address book generation took 1 s
+ '[' 0 -ne 0 ']'
+ '[' '!' -s /lustre/orion/stf243/world-shared/wcastil/Experiments/CUG26/copper_run/logs/4348864/logs/copper_address_book.txt ']'
+ profile_options=
+ '[' 0 -eq 1 ']'
+ '[' 0 -gt 0 ']'
+ '[' 0 -eq 1 ']'
+ '[' 0 -gt 0 ']'
+ options=' -f -tpath / -vpath /mnt/bb/wcastil/copper_mount -log_level 0 -log_type file -log_output_dir /lustre/orion/stf243/world-shared/wcastil/Experiments/CUG26/copper_run/logs/4348864 -net_type cxi://cxi1 -trees 1 -nf /lustre/orion/stf243/world-shared/wcastil/Experiments/CUG26/copper_run/logs/4348864/logs/node_file.txt -max_cacheable_byte_size 220000000 -md_enoent_ttl_ms 2000 -facility_address_book /lustre/orion/stf243/world-shared/wcastil/Experiments/CUG26/copper_run/logs/4348864/logs/copper_address_book.txt -prefiltered_address_book 1 -s /mnt/bb/wcastil/copper_mount'
+ echo 'sleeping for 10 s'
sleeping for 10 s
+ sleep 10s
+ srun --overlap -N 1024 --ntasks-per-node=1 --cpus-per-task=2 bash -c '
    echo "host=$(hostname)"
    echo "allowed=$(grep Cpus_allowed_list /proc/self/status | awk "{print \$2}")"
    echo "current_cpu=$(ps -o psr= -p $$)"
    exec /sw/frontier/ums/ums046/copper/build/cu_fuse  -f -tpath / -vpath /mnt/bb/wcastil/copper_mount -log_level 0 -log_type file -log_output_dir /lustre/orion/stf243/world-shared/wcastil/Experiments/CUG26/copper_run/logs/4348864 -net_type cxi://cxi1 -trees 1 -nf /lustre/orion/stf243/world-shared/wcastil/Experiments/CUG26/copper_run/logs/4348864/logs/node_file.txt -max_cacheable_byte_size 220000000 -md_enoent_ttl_ms 2000 -facility_address_book /lustre/orion/stf243/world-shared/wcastil/Experiments/CUG26/copper_run/logs/4348864/logs/copper_address_book.txt -prefiltered_address_book 1 -s /mnt/bb/wcastil/copper_mount
    '\''
  '
host=frontier00116
host=frontier09448
host=frontier06109
host=frontier00626
host=frontier02919
host=frontier00120
host=frontier01764
host=frontier00743
host=frontier09198
host=frontier06360
host=frontier05611
host=frontier06370
host=frontier09322
host=frontier03819
host=frontier00368
host=frontier01391
host=frontier03181
allowed=1-2
allowed=1-2
host=frontier02283
allowed=1-2
host=frontier02032
host=frontier05870
host=frontier09193
allowed=1-2
host=frontier07263
allowed=1-2
host=frontier06879
allowed=1-2
host=frontier09196
host=frontier02287
allowed=1-2
host=frontier00121
allowed=1-2
host=frontier04080
allowed=1-2
host=frontier00744
host=frontier03175
host=frontier03946
host=frontier00123
allowed=1-2
host=frontier06753
host=frontier06115
host=frontier00881
host=frontier03698
host=frontier05108
host=frontier09456
host=frontier03948
host=frontier00747
host=frontier08620
host=frontier01382
host=frontier06117
host=frontier02155
host=frontier01383
host=frontier04584
host=frontier05980
host=frontier05744
host=frontier07002
host=frontier04973
host=frontier01000
host=frontier09319
host=frontier03045
host=frontier01637
host=frontier03953
host=frontier04203
host=frontier07786
host=frontier03184
allowed=1-2
allowed=1-2
host=frontier05225
host=frontier03185
host=frontier01639
host=frontier05476
allowed=1-2
allowed=1-2
host=frontier05862
allowed=1-2
host=frontier02278
allowed=1-2
host=frontier03049
host=frontier03821
host=frontier00233
host=frontier03437
host=frontier04707
host=frontier04072
host=frontier02029
host=frontier04708
host=frontier04209
host=frontier00486
host=frontier06874
host=frontier08938
host=frontier00872
host=frontier01644
host=frontier02916
host=frontier01508
host=frontier00875
host=frontier02150
host=frontier02673
host=frontier04718
host=frontier01904
host=frontier05605
host=frontier04198
host=frontier04336
host=frontier03432
host=frontier04453
host=frontier02795
host=frontier09069
host=frontier07593
host=frontier00754
host=frontier03820
host=frontier05099
host=frontier00128
host=frontier00363
host=frontier01135
allowed=1-2
host=frontier05745
host=frontier04836
host=frontier01771
host=frontier07141
host=frontier07576
host=frontier02929
host=frontier00750
current_cpu=  1
current_cpu=  1
host=frontier02667
allowed=1-2
host=frontier05232
host=frontier07261
host=frontier04846
host=frontier02284
host=frontier08096
current_cpu=  1
host=frontier05101
allowed=1-2
allowed=1-2
allowed=1-2
host=frontier07262
host=frontier01646
allowed=1-2
current_cpu=  2
host=frontier08941
host=frontier04463
host=frontier01647
host=frontier06748
host=frontier09450
allowed=1-2
host=frontier05103
host=frontier06111
host=frontier04078
host=frontier01898
host=frontier02148
host=frontier08942
host=frontier09452
current_cpu=  1
host=frontier09058
host=frontier04715
allowed=1-2
allowed=1-2
host=frontier05873
current_cpu=  1
allowed=1-2
current_cpu=  1
host=frontier02288
host=frontier03312
host=frontier00356
host=frontier06113
host=frontier04330
host=frontier09059
allowed=1-2
current_cpu=  1
allowed=1-2
host=frontier01265
host=frontier07135
host=frontier01901
allowed=1-2
host=frontier08118
host=frontier00122
host=frontier02541
allowed=1-2
allowed=1-2
host=frontier06498
host=frontier00745
allowed=1-2
host=frontier02788
host=frontier00880
allowed=1-2
allowed=1-2
allowed=1-2
host=frontier00496
allowed=1-2
host=frontier09062
allowed=1-2
allowed=1-2
allowed=1-2
host=frontier07138
host=frontier02404
host=frontier06364
allowed=1-2
host=frontier02544
allowed=1-2
allowed=1-2
host=frontier07975
allowed=1-2
allowed=1-2
host=frontier05743
allowed=1-2
host=frontier07001
host=frontier01519
host=frontier02927
host=frontier00748
host=frontier08813
allowed=1-2
allowed=1-2
allowed=1-2
host=frontier00613
allowed=1-2
host=frontier02156
host=frontier08625
host=frontier08373
host=frontier03950
host=frontier03814
host=frontier00228
host=frontier01136
host=frontier05859
allowed=1-2
host=frontier01386
host=frontier00615
host=frontier00751
allowed=1-2
host=frontier07217
host=frontier04976
host=frontier04588
host=frontier03817
host=frontier00229
allowed=1-2
allowed=1-2
host=frontier02159
host=frontier02549
allowed=1-2
host=frontier08017
allowed=1-2
allowed=1-2
host=frontier03568
allowed=1-2
current_cpu=  1
host=frontier00230
current_cpu=  1
host=frontier07234
host=frontier01638
allowed=1-2
allowed=1-2
allowed=1-2
allowed=1-2
host=frontier04978
host=frontier03569
host=frontier09070
current_cpu=  1
current_cpu=  1
allowed=1-2
host=frontier04840
host=frontier07238
current_cpu=  2
host=frontier04456
allowed=1-2
host=frontier05613
host=frontier02798
host=frontier02026
host=frontier04841
host=frontier00869
host=frontier07240
allowed=1-2
host=frontier08663
allowed=1-2
allowed=1-2
allowed=1-2
allowed=1-2
allowed=1-2
host=frontier08936
host=frontier06105
host=frontier03050
host=frontier07011
host=frontier08666
host=frontier01393
allowed=1-2
host=frontier03439
allowed=1-2
host=frontier01007
host=frontier02801
host=frontier05098
host=frontier04073
allowed=1-2
allowed=1-2
allowed=1-2
allowed=1-2
allowed=1-2
host=frontier04324
allowed=1-2
host=frontier02666
allowed=1-2
host=frontier01258
host=frontier07466
host=frontier08246
allowed=1-2
host=frontier07128
host=frontier04075
host=frontier00874
allowed=1-2
host=frontier00118
host=frontier02670
host=frontier04966
host=frontier03694
host=frontier04465
host=frontier00742
host=frontier02149
host=frontier08792
host=frontier09197
allowed=1-2
allowed=1-2
host=frontier01129
host=frontier06752
host=frontier01902
host=frontier02152
allowed=1-2
host=frontier02153
host=frontier01131
host=frontier09315
allowed=1-2
allowed=1-2
host=frontier04334
allowed=1-2
host=frontier03563
host=frontier07509
host=frontier08372
host=frontier04335
host=frontier06616
allowed=1-2
host=frontier02020
host=frontier02793
host=frontier08633
host=frontier04975
host=frontier05982
host=frontier03182
host=frontier08930
host=frontier02408
host=frontier03044
allowed=1-2
host=frontier06232
allowed=1-2
allowed=1-2
host=frontier01001
host=frontier04589
host=frontier08226
allowed=1-2
allowed=1-2
host=frontier05475
host=frontier01389
allowed=1-2
host=frontier07008
host=frontier06870
allowed=1-2
host=frontier06235
host=frontier09323
host=frontier06484
host=frontier05614
host=frontier07010
host=frontier00620
host=frontier05229
host=frontier00622
host=frontier08045
allowed=1-2
host=frontier00623
host=frontier01894
host=frontier04074
host=frontier00236
host=frontier08738
host=frontier08759
host=frontier03057
host=frontier06357
host=frontier05488
host=frontier04081
host=frontier09455
host=frontier01380
host=frontier04719
host=frontier08368
host=frontier01768
host=frontier03949
host=frontier01133
host=frontier01384
host=frontier09067
host=frontier04838
host=frontier00366
host=frontier02661
host=frontier01003
host=frontier00232
host=frontier08934
allowed=1-2
allowed=1-2
allowed=1-2
current_cpu=  2
allowed=1-2
allowed=1-2
host=frontier04201
allowed=1-2
allowed=1-2
allowed=1-2
allowed=1-2
host=frontier05981
host=frontier01385
allowed=1-2
host=frontier03565
allowed=1-2
host=frontier02917
host=frontier06876
current_cpu=  1
host=frontier08046
allowed=1-2
host=frontier08731
host=frontier00237
host=frontier00624
host=frontier01509
allowed=1-2
host=frontier09192
allowed=1-2
allowed=1-2
allowed=1-2
allowed=1-2
current_cpu=  1
current_cpu=  2
current_cpu=  1
host=frontier03308
allowed=1-2
host=frontier09449
host=frontier05347
host=frontier07471
allowed=1-2
host=frontier07870
host=frontier04326
host=frontier06878
current_cpu=  1
current_cpu=  1
allowed=1-2
allowed=1-2
host=frontier06110
allowed=1-2
host=frontier03941
allowed=1-2
host=frontier03443
host=frontier08263
host=frontier04848
allowed=1-2
host=frontier07639
current_cpu=  1
allowed=1-2
allowed=1-2
allowed=1-2
allowed=1-2
host=frontier06749
allowed=1-2
host=frontier07486
host=frontier04328
host=frontier06356
allowed=1-2
host=frontier05349
host=frontier09195
host=frontier07719
host=frontier05485
allowed=1-2
allowed=1-2
host=frontier06495
allowed=1-2
current_cpu=  1
host=frontier08267
current_cpu=  1
allowed=1-2
host=frontier00241
host=frontier07721
host=frontier08498
host=frontier02537
host=frontier07887
host=frontier07490
current_cpu=  1
allowed=1-2
allowed=1-2
allowed=1-2
host=frontier08500
allowed=1-2
host=frontier08807
allowed=1-2
allowed=1-2
host=frontier03944
host=frontier04579
current_cpu=  1
host=frontier08116
current_cpu=  2
allowed=1-2
allowed=1-2
allowed=1-2
host=frontier00879
host=frontier03945
current_cpu=  2
allowed=1-2
host=frontier07492
host=frontier05106
host=frontier07908
host=frontier08507
allowed=1-2
allowed=1-2
current_cpu=  1
current_cpu=  1
current_cpu=  1
allowed=1-2
allowed=1-2
current_cpu=  2
host=frontier08360
host=frontier07136
host=frontier04332
allowed=1-2
allowed=1-2
host=frontier03697
current_cpu=  1
host=frontier04581
current_cpu=  1
host=frontier03177
host=frontier02789
current_cpu=  1
host=frontier04333
host=frontier06999
allowed=1-2
host=frontier07910
current_cpu=  1
allowed=1-2
current_cpu=  2
host=frontier03315
host=frontier06499
host=frontier08121
host=frontier05741
current_cpu=  1
current_cpu=  2
allowed=1-2
allowed=1-2
host=frontier01518
allowed=1-2
host=frontier07764
current_cpu=  1
allowed=1-2
current_cpu=  1
host=frontier00497
current_cpu=  2
allowed=1-2
host=frontier02154
host=frontier03178
current_cpu=  2
current_cpu=  1
allowed=1-2
current_cpu=  1
allowed=1-2
allowed=1-2
host=frontier02405
allowed=1-2
host=frontier07982
host=frontier07765
host=frontier06365
host=frontier00498
allowed=1-2
host=frontier05979
host=frontier05606
allowed=1-2
current_cpu=  2
current_cpu=  1
host=frontier00362
current_cpu=  1
allowed=1-2
current_cpu=  2
host=frontier01520
allowed=1-2
host=frontier02406
allowed=1-2
host=frontier04585
allowed=1-2
allowed=1-2
allowed=1-2
allowed=1-2
allowed=1-2
allowed=1-2
current_cpu=  2
allowed=1-2
host=frontier08013
allowed=1-2
allowed=1-2
host=frontier06759
current_cpu=  2
allowed=1-2
host=frontier04837
host=frontier07005
host=frontier05359
host=frontier03566
allowed=1-2
allowed=1-2
allowed=1-2
host=frontier07390
allowed=1-2
current_cpu=  2
current_cpu=  1
allowed=1-2
allowed=1-2
current_cpu=  1
allowed=1-2
current_cpu=  2
host=frontier07591
host=frontier08225
current_cpu=  1
allowed=1-2
current_cpu=  1
allowed=1-2
allowed=1-2
host=frontier01774
host=frontier02796
allowed=1-2
host=frontier08020
current_cpu=  2
host=frontier03434
host=frontier01388
host=frontier02024
current_cpu=  1
current_cpu=  2
current_cpu=  1
allowed=1-2
allowed=1-2
allowed=1-2
host=frontier02025
host=frontier02161
host=frontier02797
current_cpu=  2
allowed=1-2
allowed=1-2
host=frontier07595
allowed=1-2
current_cpu=  2
host=frontier00868
allowed=1-2
host=frontier06622
host=frontier05477
host=frontier03685
host=frontier00619
host=frontier02412
host=frontier04070
allowed=1-2
allowed=1-2
allowed=1-2
host=frontier07395
allowed=1-2
allowed=1-2
current_cpu=  2
current_cpu=  1
allowed=1-2
current_cpu=  2
host=frontier05864
host=frontier09324
host=frontier01255
host=frontier06623
current_cpu=  2
host=frontier08034
host=frontier00369
host=frontier07604
current_cpu=  2
current_cpu=  2
current_cpu=  2
allowed=1-2
host=frontier01642
allowed=1-2
host=frontier03687
host=frontier08243
allowed=1-2
host=frontier04208
host=frontier02028
host=frontier00870
host=frontier02800
host=frontier07247
allowed=1-2
host=frontier05097
allowed=1-2
allowed=1-2
current_cpu=  1
allowed=1-2
host=frontier07012
current_cpu=  1
allowed=1-2
allowed=1-2
allowed=1-2
allowed=1-2
current_cpu=  1
host=frontier04459
current_cpu=  2
host=frontier08038
current_cpu=  1
current_cpu=  1
current_cpu=  2
allowed=1-2
current_cpu=  1
allowed=1-2
current_cpu=  1
allowed=1-2
allowed=1-2
host=frontier03689
allowed=1-2
host=frontier07260
host=frontier07625
host=frontier08479
current_cpu=  2
host=frontier06107
host=frontier04461
host=frontier04325
allowed=1-2
host=frontier03441
host=frontier08247
host=frontier01645
allowed=1-2
host=frontier06491
host=frontier01895
host=frontier01259
host=frontier07467
host=frontier03053
host=frontier06241
host=frontier01009
host=frontier05100
host=frontier07638
host=frontier07129
host=frontier05483
host=frontier04462
host=frontier01260
host=frontier02534
host=frontier06877
host=frontier06492
host=frontier06242
host=frontier03940
allowed=1-2
host=frontier01124
host=frontier04847
host=frontier00117
host=frontier02033
host=frontier00490
host=frontier04712
current_cpu=  1
host=frontier08495
allowed=1-2
host=frontier06493
host=frontier03309
host=frontier02285
host=frontier09194
host=frontier02535
host=frontier03692
host=frontier05102
host=frontier05871
host=frontier08101
host=frontier02536
host=frontier03556
host=frontier07264
host=frontier00491
host=frontier07886
host=frontier08496
host=frontier03310
allowed=1-2
host=frontier05872
host=frontier05736
host=frontier04965
host=frontier00240
host=frontier00877
allowed=1-2
host=frontier02671
host=frontier00492
allowed=1-2
allowed=1-2
host=frontier06750
allowed=1-2
host=frontier01649
host=frontier06880
host=frontier05737
host=frontier01899
allowed=1-2
host=frontier07267
allowed=1-2
host=frontier02538
allowed=1-2
host=frontier05974
host=frontier03174
current_cpu=  1
host=frontier04716
host=frontier03558
host=frontier08352
host=frontier05351
host=frontier01264
host=frontier04967
host=frontier06751
host=frontier07722
host=frontier01128
host=frontier03696
current_cpu=  1
allowed=1-2
host=frontier06114
host=frontier06497
host=frontier05739
allowed=1-2
host=frontier00494
host=frontier02151
host=frontier00357
host=frontier04717
host=frontier07730
host=frontier07341
host=frontier08353
host=frontier03176
host=frontier08517
allowed=1-2
allowed=1-2
host=frontier07343
current_cpu=  1
host=frontier09061
host=frontier02290
host=frontier01130
host=frontier03560
host=frontier02542
host=frontier01516
host=frontier04195
host=frontier06998
host=frontier06361
host=frontier03561
host=frontier02291
host=frontier00746
allowed=1-2
allowed=1-2
host=frontier03947
host=frontier04197
host=frontier09314
host=frontier05977
host=frontier07137
host=frontier06754
host=frontier01767
host=frontier01903
allowed=1-2
current_cpu=  2
current_cpu=  2
host=frontier05219
allowed=1-2
host=frontier03812
current_cpu=  1
host=frontier08122
host=frontier05742
host=frontier01132
host=frontier07345
host=frontier07000
host=frontier08369
host=frontier00996
host=frontier05355
allowed=1-2
host=frontier09064
host=frontier01769
allowed=1-2
host=frontier00126
host=frontier09458
host=frontier09316
host=frontier07373
host=frontier03813
allowed=1-2
host=frontier02545
allowed=1-2
host=frontier06118
host=frontier08139
host=frontier07381
allowed=1-2
current_cpu=  1
host=frontier00998
host=frontier01770
host=frontier02546
host=frontier07992
host=frontier04200
host=frontier09459
host=frontier01134
host=frontier05221
allowed=1-2
host=frontier06229
host=frontier07140
host=frontier02157
allowed=1-2
host=frontier00999
host=frontier04974
host=frontier08158
host=frontier05608
host=frontier06367
host=frontier01521
host=frontier07003
host=frontier08374
host=frontier00614
host=frontier03431
host=frontier07780
allowed=1-2
host=frontier04337
allowed=1-2
host=frontier08641
allowed=1-2
allowed=1-2
host=frontier08381
allowed=1-2
host=frontier02548
allowed=1-2
allowed=1-2
host=frontier02794
host=frontier04452
current_cpu=  1
host=frontier08159
host=frontier02158
host=frontier00364
allowed=1-2
current_cpu=  2
current_cpu=  2
host=frontier09320
host=frontier08643
host=frontier07006
host=frontier08931
host=frontier06619
host=frontier02023
host=frontier05224
host=frontier01387
host=frontier09068
host=frontier06760
host=frontier08389
allowed=1-2
allowed=1-2
allowed=1-2
host=frontier02660
host=frontier05861
current_cpu=  2
host=frontier07393
host=frontier04839
current_cpu=  2
host=frontier00753
host=frontier01252
allowed=1-2
host=frontier01002
host=frontier06233
allowed=1-2
host=frontier04455
host=frontier02411
current_cpu=  1
host=frontier08423
host=frontier08227
host=frontier05985
host=frontier00367
host=frontier08933
host=frontier06234
host=frontier03047
host=frontier05612
allowed=1-2
allowed=1-2
current_cpu=  1
host=frontier09187
host=frontier08234
host=frontier04206
host=frontier05986
allowed=1-2
allowed=1-2
allowed=1-2
host=frontier07845
host=frontier01640
host=frontier08032
host=frontier08654
host=frontier09188
allowed=1-2
host=frontier03686
host=frontier06485
host=frontier08475
host=frontier03187
host=frontier04207
host=frontier02027
allowed=1-2
host=frontier06237
host=frontier05478
allowed=1-2
host=frontier02279
host=frontier02413
host=frontier02799
host=frontier05865
host=frontier07848
host=frontier04843
allowed=1-2
host=frontier06873
host=frontier03822
host=frontier06238
host=frontier02664
host=frontier03304
host=frontier01256
host=frontier08664
host=frontier09189
host=frontier08477
host=frontier07457
host=frontier00235
host=frontier05616
host=frontier03051
host=frontier07856
host=frontier03823
host=frontier05866
host=frontier05480
host=frontier08244
host=frontier05230
host=frontier01643
host=frontier06239
host=frontier09190
allowed=1-2
allowed=1-2
host=frontier00487
current_cpu=  2
host=frontier08667
host=frontier03824
allowed=1-2
allowed=1-2
host=frontier06875
allowed=1-2
host=frontier05732
host=frontier07127
allowed=1-2
host=frontier07864
host=frontier02416
host=frontier04460
host=frontier06627
host=frontier04710
host=frontier03307
host=frontier02417
host=frontier05733
host=frontier00488
host=frontier07637
host=frontier07865
host=frontier05869
host=frontier08939
host=frontier05482
host=frontier02031
host=frontier05734
host=frontier06747
host=frontier08940
host=frontier00625
host=frontier02918
host=frontier01896
host=frontier08494
host=frontier03691
host=frontier04711
host=frontier00238
allowed=1-2
host=frontier00489
host=frontier03054
host=frontier01511
host=frontier05348
host=frontier06243
host=frontier05735
host=frontier04327
host=frontier00239
host=frontier01897
host=frontier07478
host=frontier08097
host=frontier03055
host=frontier08752
host=frontier05484
host=frontier07132
host=frontier04464
host=frontier01648
allowed=1-2
host=frontier03942
host=frontier00876
host=frontier08265
host=frontier02920
host=frontier00119
host=frontier01126
host=frontier03056
host=frontier02286
host=frontier01512
host=frontier01262
host=frontier01513
host=frontier05104
host=frontier04079
host=frontier06112
host=frontier02921
host=frontier04329
host=frontier08108
allowed=1-2
host=frontier01263
allowed=1-2
host=frontier03311
host=frontier07133
host=frontier01127
host=frontier06881
host=frontier05738
host=frontier07491
host=frontier05487
host=frontier06358
host=frontier07340
host=frontier00493
host=frontier01900
host=frontier02672
host=frontier02922
host=frontier06496
host=frontier01514
host=frontier07134
host=frontier04331
host=frontier04580
host=frontier06359
host=frontier09060
host=frontier05352
allowed=1-2
host=frontier02289
allowed=1-2
host=frontier01515
host=frontier01765
host=frontier03313
host=frontier06882
host=frontier02923
host=frontier05975
host=frontier05976
host=frontier05107
host=frontier05740
allowed=1-2
host=frontier05353
allowed=1-2
host=frontier01766
host=frontier08120
host=frontier04969
host=frontier05603
host=frontier07909
host=frontier00358
host=frontier00495
host=frontier03314
host=frontier04970
host=frontier08528
host=frontier01381
host=frontier05354
host=frontier07344
host=frontier02925
allowed=1-2
host=frontier04582
host=frontier00359
allowed=1-2
host=frontier06116
host=frontier01517
host=frontier02543
host=frontier02790
host=frontier06612
host=frontier04583
host=frontier04971
allowed=1-2
host=frontier00125
host=frontier06755
host=frontier09063
host=frontier04720
host=frontier07508
host=frontier03562
host=frontier03316
host=frontier08621
host=frontier06613
host=frontier00361
host=frontier03179
host=frontier05220
host=frontier05356
host=frontier04199
host=frontier06756
host=frontier01905
host=frontier03317
host=frontier00997
allowed=1-2
allowed=1-2
host=frontier08812
host=frontier06366
host=frontier05357
host=frontier03430
host=frontier07575
host=frontier04835
host=frontier09317
host=frontier03180
host=frontier09065
allowed=1-2
host=frontier05607
host=frontier07772
host=frontier00127
host=frontier07383
host=frontier05222
host=frontier07994
host=frontier09318
host=frontier03951
host=frontier06758
host=frontier06617
host=frontier02407
host=frontier02547
host=frontier05358
host=frontier04586
host=frontier06230
host=frontier02021
host=frontier08814
host=frontier03815
host=frontier03952
host=frontier07583
host=frontier04202
host=frontier06618
host=frontier05223
allowed=1-2
host=frontier04587
host=frontier06368
host=frontier07386
host=frontier07782
host=frontier05609
host=frontier02022
host=frontier01772
host=frontier02409
host=frontier00752
host=frontier03183
host=frontier03567
host=frontier01137
host=frontier05860
host=frontier03433
host=frontier06369
host=frontier00365
host=frontier01773
host=frontier07219
allowed=1-2
host=frontier00616
host=frontier08394
host=frontier00617
host=frontier03046
host=frontier06869
host=frontier08645
host=frontier04204
host=frontier07007
host=frontier04977
host=frontier04454
allowed=1-2
host=frontier02410
allowed=1-2
host=frontier00618
allowed=1-2
host=frontier08024
host=frontier04069
host=frontier06371
host=frontier01253
host=frontier03435
host=frontier08647
host=frontier04205
host=frontier04590
host=frontier07787
host=frontier06621
allowed=1-2
host=frontier05227
host=frontier03436
host=frontier05863
host=frontier06871
host=frontier07596
host=frontier01004
host=frontier07239
host=frontier02662
host=frontier01390
host=frontier08426
host=frontier01254
host=frontier03048
host=frontier04591
allowed=1-2
host=frontier07396
host=frontier04071
host=frontier07847
host=frontier05096
host=frontier01777
host=frontier04592
host=frontier08935
host=frontier05228
host=frontier02663
host=frontier01005
host=frontier08242
host=frontier01641
host=frontier06872
host=frontier05479
host=frontier03438
host=frontier06624
host=frontier07450
host=frontier02414
host=frontier00485
host=frontier01892
host=frontier08036
host=frontier00234
host=frontier00621
host=frontier06486
host=frontier04458
host=frontier02415
host=frontier01257
host=frontier03305
host=frontier08937
host=frontier07616
host=frontier08478
host=frontier04844
host=frontier06487
host=frontier09326
host=frontier02665
host=frontier01893
host=frontier07257
host=frontier06625
host=frontier03688
host=frontier01008
host=frontier03440
host=frontier03306
host=frontier04845
host=frontier02282
host=frontier05481
host=frontier03052
host=frontier05231
host=frontier06626
host=frontier04709
host=frontier05867
host=frontier06490
host=frontier06240
host=frontier09191
host=frontier03442
host=frontier07877
host=frontier05486
host=frontier03557
host=frontier00878
host=frontier08808
host=frontier03559
host=frontier07499
host=frontier02924
host=frontier05604
host=frontier04972
host=frontier02791
host=frontier09066
host=frontier05360
host=frontier02160
host=frontier05095
host=frontier04842
host=frontier02030
current_cpu=  2
current_cpu=  1
current_cpu=  1
current_cpu=  2
current_cpu=  2
allowed=1-2
current_cpu=  2
current_cpu=  2
current_cpu=  1
current_cpu=  2
allowed=1-2
allowed=1-2
current_cpu=  1
allowed=1-2
current_cpu=  2
allowed=1-2
allowed=1-2
allowed=1-2
current_cpu=  2
allowed=1-2
allowed=1-2
allowed=1-2
allowed=1-2
current_cpu=  1
allowed=1-2
current_cpu=  1
current_cpu=  2
current_cpu=  1
current_cpu=  1
allowed=1-2
current_cpu=  1
allowed=1-2
allowed=1-2
allowed=1-2
current_cpu=  2
allowed=1-2
allowed=1-2
allowed=1-2
current_cpu=  1
current_cpu=  1
allowed=1-2
current_cpu=  1
allowed=1-2
current_cpu=  1
allowed=1-2
allowed=1-2
allowed=1-2
current_cpu=  2
allowed=1-2
current_cpu=  2
current_cpu=  2
current_cpu=  1
current_cpu=  2
allowed=1-2
current_cpu=  1
allowed=1-2
allowed=1-2
allowed=1-2
current_cpu=  1
allowed=1-2
allowed=1-2
allowed=1-2
allowed=1-2
current_cpu=  2
current_cpu=  1
allowed=1-2
current_cpu=  1
allowed=1-2
current_cpu=  1
allowed=1-2
allowed=1-2
allowed=1-2
allowed=1-2
allowed=1-2
allowed=1-2
current_cpu=  1
current_cpu=  1
current_cpu=  1
allowed=1-2
current_cpu=  1
allowed=1-2
current_cpu=  1
current_cpu=  1
allowed=1-2
allowed=1-2
allowed=1-2
current_cpu=  1
current_cpu=  2
current_cpu=  2
allowed=1-2
allowed=1-2
current_cpu=  1
allowed=1-2
allowed=1-2
allowed=1-2
allowed=1-2
current_cpu=  2
current_cpu=  2
current_cpu=  1
current_cpu=  2
allowed=1-2
allowed=1-2
allowed=1-2
current_cpu=  2
current_cpu=  2
allowed=1-2
allowed=1-2
host=frontier08809
allowed=1-2
allowed=1-2
allowed=1-2
allowed=1-2
current_cpu=  1
allowed=1-2
current_cpu=  1
allowed=1-2
allowed=1-2
allowed=1-2
allowed=1-2
current_cpu=  2
current_cpu=  2
allowed=1-2
current_cpu=  2
allowed=1-2
current_cpu=  1
allowed=1-2
current_cpu=  1
allowed=1-2
allowed=1-2
current_cpu=  1
current_cpu=  2
current_cpu=  2
allowed=1-2
current_cpu=  1
allowed=1-2
allowed=1-2
allowed=1-2
current_cpu=  2
allowed=1-2
allowed=1-2
current_cpu=  1
allowed=1-2
current_cpu=  1
allowed=1-2
current_cpu=  1
allowed=1-2
current_cpu=  2
allowed=1-2
current_cpu=  2
current_cpu=  2
current_cpu=  1
current_cpu=  2
current_cpu=  2
current_cpu=  2
current_cpu=  2
allowed=1-2
current_cpu=  2
current_cpu=  1
allowed=1-2
current_cpu=  1
allowed=1-2
allowed=1-2
allowed=1-2
allowed=1-2
current_cpu=  2
current_cpu=  1
current_cpu=  1
allowed=1-2
current_cpu=  1
current_cpu=  2
current_cpu=  1
current_cpu=  1
host=frontier07785
allowed=1-2
allowed=1-2
current_cpu=  2
current_cpu=  2
current_cpu=  1
allowed=1-2
allowed=1-2
current_cpu=  1
allowed=1-2
allowed=1-2
allowed=1-2
allowed=1-2
current_cpu=  1
current_cpu=  1
current_cpu=  2
allowed=1-2
allowed=1-2
allowed=1-2
current_cpu=  2
current_cpu=  2
allowed=1-2
current_cpu=  1
allowed=1-2
current_cpu=  2
allowed=1-2
allowed=1-2
allowed=1-2
allowed=1-2
allowed=1-2
allowed=1-2
current_cpu=  1
current_cpu=  2
current_cpu=  2
allowed=1-2
current_cpu=  1
current_cpu=  2
current_cpu=  1
allowed=1-2
allowed=1-2
allowed=1-2
allowed=1-2
allowed=1-2
allowed=1-2
allowed=1-2
current_cpu=  2
allowed=1-2
current_cpu=  1
allowed=1-2
allowed=1-2
current_cpu=  1
allowed=1-2
allowed=1-2
allowed=1-2
allowed=1-2
allowed=1-2
current_cpu=  1
allowed=1-2
current_cpu=  1
current_cpu=  1
current_cpu=  2
allowed=1-2
current_cpu=  2
current_cpu=  1
current_cpu=  1
current_cpu=  1
allowed=1-2
allowed=1-2
current_cpu=  1
current_cpu=  2
current_cpu=  1
current_cpu=  1
allowed=1-2
current_cpu=  2
allowed=1-2
allowed=1-2
allowed=1-2
allowed=1-2
allowed=1-2
allowed=1-2
current_cpu=  1
allowed=1-2
allowed=1-2
allowed=1-2
current_cpu=  2
allowed=1-2
allowed=1-2
allowed=1-2
allowed=1-2
allowed=1-2
allowed=1-2
allowed=1-2
allowed=1-2
allowed=1-2
allowed=1-2
allowed=1-2
host=frontier08255
allowed=1-2
allowed=1-2
allowed=1-2
allowed=1-2
allowed=1-2
allowed=1-2
allowed=1-2
current_cpu=  1
allowed=1-2
allowed=1-2
allowed=1-2
allowed=1-2
allowed=1-2
allowed=1-2
allowed=1-2
current_cpu=  2
allowed=1-2
allowed=1-2
allowed=1-2
allowed=1-2
allowed=1-2
allowed=1-2
allowed=1-2
allowed=1-2
allowed=1-2
allowed=1-2
allowed=1-2
allowed=1-2
allowed=1-2
allowed=1-2
allowed=1-2
allowed=1-2
current_cpu=  2
allowed=1-2
allowed=1-2
host=frontier00741
host=frontier09451
allowed=1-2
allowed=1-2
allowed=1-2
current_cpu=  2
allowed=1-2
current_cpu=  2
current_cpu=  2
current_cpu=  2
allowed=1-2
allowed=1-2
allowed=1-2
allowed=1-2
current_cpu=  1
allowed=1-2
current_cpu=  1
allowed=1-2
current_cpu=  2
allowed=1-2
allowed=1-2
allowed=1-2
allowed=1-2
allowed=1-2
allowed=1-2
allowed=1-2
allowed=1-2
allowed=1-2
allowed=1-2
host=frontier09453
allowed=1-2
current_cpu=  2
allowed=1-2
allowed=1-2
allowed=1-2
current_cpu=  1
allowed=1-2
allowed=1-2
host=frontier09454
allowed=1-2
allowed=1-2
allowed=1-2
allowed=1-2
allowed=1-2
allowed=1-2
allowed=1-2
current_cpu=  1
current_cpu=  2
allowed=1-2
allowed=1-2
allowed=1-2
allowed=1-2
allowed=1-2
allowed=1-2
allowed=1-2
allowed=1-2
host=frontier09199
allowed=1-2
allowed=1-2
allowed=1-2
allowed=1-2
current_cpu=  2
current_cpu=  2
allowed=1-2
host=frontier08810
allowed=1-2
allowed=1-2
allowed=1-2
allowed=1-2
allowed=1-2
allowed=1-2
allowed=1-2
current_cpu=  1
allowed=1-2
current_cpu=  2
allowed=1-2
allowed=1-2
allowed=1-2
allowed=1-2
allowed=1-2
allowed=1-2
allowed=1-2
allowed=1-2
allowed=1-2
current_cpu=  1
allowed=1-2
allowed=1-2
current_cpu=  2
allowed=1-2
allowed=1-2
allowed=1-2
allowed=1-2
allowed=1-2
current_cpu=  2
host=frontier07139
allowed=1-2
current_cpu=  1
allowed=1-2
allowed=1-2
allowed=1-2
current_cpu=  2
allowed=1-2
allowed=1-2
allowed=1-2
allowed=1-2
allowed=1-2
allowed=1-2
allowed=1-2
allowed=1-2
host=frontier02928
current_cpu=  1
allowed=1-2
allowed=1-2
allowed=1-2
current_cpu=  1
allowed=1-2
allowed=1-2
allowed=1-2
allowed=1-2
allowed=1-2
allowed=1-2
allowed=1-2
allowed=1-2
allowed=1-2
allowed=1-2
allowed=1-2
current_cpu=  2
allowed=1-2
current_cpu=  2
allowed=1-2
current_cpu=  1
current_cpu=  2
allowed=1-2
current_cpu=  2
allowed=1-2
current_cpu=  1
current_cpu=  2
allowed=1-2
allowed=1-2
allowed=1-2
allowed=1-2
allowed=1-2
current_cpu=  1
allowed=1-2
allowed=1-2
allowed=1-2
allowed=1-2
allowed=1-2
allowed=1-2
allowed=1-2
allowed=1-2
allowed=1-2
allowed=1-2
allowed=1-2
current_cpu=  2
current_cpu=  2
current_cpu=  1
allowed=1-2
allowed=1-2
allowed=1-2
allowed=1-2
host=frontier09321
allowed=1-2
host=frontier05984
allowed=1-2
current_cpu=  2
allowed=1-2
allowed=1-2
current_cpu=  2
allowed=1-2
allowed=1-2
allowed=1-2
allowed=1-2
allowed=1-2
allowed=1-2
host=frontier00231
allowed=1-2
allowed=1-2
allowed=1-2
allowed=1-2
current_cpu=  2
current_cpu=  1
allowed=1-2
allowed=1-2
allowed=1-2
host=frontier07009
host=frontier03186
allowed=1-2
current_cpu=  1
current_cpu=  1
current_cpu=  2
allowed=1-2
allowed=1-2
host=frontier01776
allowed=1-2
allowed=1-2
allowed=1-2
current_cpu=  1
allowed=1-2
allowed=1-2
allowed=1-2
allowed=1-2
allowed=1-2
current_cpu=  2
allowed=1-2
allowed=1-2
current_cpu=  1
allowed=1-2
allowed=1-2
allowed=1-2
allowed=1-2
allowed=1-2
allowed=1-2
current_cpu=  2
allowed=1-2
allowed=1-2
allowed=1-2
host=frontier02280
allowed=1-2
allowed=1-2
allowed=1-2
allowed=1-2
host=frontier05615
allowed=1-2
allowed=1-2
allowed=1-2
allowed=1-2
allowed=1-2
allowed=1-2
allowed=1-2
allowed=1-2
allowed=1-2
allowed=1-2
allowed=1-2
allowed=1-2
allowed=1-2
allowed=1-2
allowed=1-2
host=frontier00871
current_cpu=  2
current_cpu=  1
allowed=1-2
allowed=1-2
allowed=1-2
current_cpu=  2
current_cpu=  1
allowed=1-2
current_cpu=  2
allowed=1-2
allowed=1-2
current_cpu=  2
allowed=1-2
allowed=1-2
allowed=1-2
allowed=1-2
allowed=1-2
allowed=1-2
allowed=1-2
allowed=1-2
allowed=1-2
allowed=1-2
allowed=1-2
allowed=1-2
allowed=1-2
allowed=1-2
allowed=1-2
allowed=1-2
host=frontier02668
allowed=1-2
allowed=1-2
allowed=1-2
allowed=1-2
allowed=1-2
allowed=1-2
allowed=1-2
allowed=1-2
host=frontier01510
current_cpu=  2
allowed=1-2
allowed=1-2
allowed=1-2
allowed=1-2
allowed=1-2
allowed=1-2
host=frontier02669
allowed=1-2
allowed=1-2
host=frontier01125
allowed=1-2
allowed=1-2
allowed=1-2
allowed=1-2
allowed=1-2
allowed=1-2
allowed=1-2
allowed=1-2
allowed=1-2
current_cpu=  2
allowed=1-2
allowed=1-2
allowed=1-2
allowed=1-2
allowed=1-2
allowed=1-2
allowed=1-2
allowed=1-2
allowed=1-2
host=frontier04714
allowed=1-2
allowed=1-2
allowed=1-2
allowed=1-2
allowed=1-2
allowed=1-2
allowed=1-2
allowed=1-2
current_cpu=  1
allowed=1-2
current_cpu=  2
host=frontier03943
host=frontier05350
allowed=1-2
allowed=1-2
allowed=1-2
allowed=1-2
allowed=1-2
allowed=1-2
allowed=1-2
allowed=1-2
allowed=1-2
allowed=1-2
allowed=1-2
allowed=1-2
allowed=1-2
allowed=1-2
allowed=1-2
allowed=1-2
allowed=1-2
allowed=1-2
allowed=1-2
allowed=1-2
current_cpu=  1
allowed=1-2
host=frontier04968
current_cpu=  2
allowed=1-2
allowed=1-2
allowed=1-2
allowed=1-2
allowed=1-2
allowed=1-2
allowed=1-2
allowed=1-2
allowed=1-2
current_cpu=  1
allowed=1-2
current_cpu=  2
allowed=1-2
allowed=1-2
allowed=1-2
allowed=1-2
allowed=1-2
allowed=1-2
allowed=1-2
allowed=1-2
allowed=1-2
allowed=1-2
allowed=1-2
allowed=1-2
allowed=1-2
allowed=1-2
host=frontier07507
current_cpu=  1
allowed=1-2
allowed=1-2
current_cpu=  1
allowed=1-2
allowed=1-2
allowed=1-2
host=frontier07759
host=frontier08811
allowed=1-2
allowed=1-2
allowed=1-2
allowed=1-2
current_cpu=  2
allowed=1-2
allowed=1-2
allowed=1-2
allowed=1-2
allowed=1-2
allowed=1-2
host=frontier09457
allowed=1-2
allowed=1-2
allowed=1-2
allowed=1-2
allowed=1-2
allowed=1-2
allowed=1-2
allowed=1-2
allowed=1-2
allowed=1-2
allowed=1-2
allowed=1-2
host=frontier04721
current_cpu=  2
current_cpu=  1
allowed=1-2
allowed=1-2
allowed=1-2
allowed=1-2
allowed=1-2
host=frontier06757
allowed=1-2
allowed=1-2
allowed=1-2
host=frontier08141
allowed=1-2
current_cpu=  2
current_cpu=  1
current_cpu=  2
current_cpu=  1
current_cpu=  1
current_cpu=  2
current_cpu=  2
current_cpu=  2
current_cpu=  1
current_cpu=  2
current_cpu=  1
current_cpu=  2
current_cpu=  1
current_cpu=  2
current_cpu=  1
current_cpu=  2
current_cpu=  1
current_cpu=  1
current_cpu=  1
current_cpu=  1
current_cpu=  2
current_cpu=  2
current_cpu=  2
current_cpu=  1
current_cpu=  1
current_cpu=  2
current_cpu=  1
current_cpu=  2
current_cpu=  1
current_cpu=  1
current_cpu=  2
current_cpu=  2
current_cpu=  1
current_cpu=  1
current_cpu=  2
current_cpu=  2
current_cpu=  2
current_cpu=  2
current_cpu=  2
current_cpu=  1
current_cpu=  1
current_cpu=  1
current_cpu=  2
current_cpu=  2
current_cpu=  1
current_cpu=  2
current_cpu=  1
current_cpu=  2
current_cpu=  2
current_cpu=  2
current_cpu=  1
current_cpu=  2
current_cpu=  2
current_cpu=  1
allowed=1-2
current_cpu=  1
current_cpu=  2
current_cpu=  1
current_cpu=  2
current_cpu=  1
current_cpu=  1
current_cpu=  2
current_cpu=  1
current_cpu=  1
current_cpu=  1
current_cpu=  2
current_cpu=  1
current_cpu=  2
current_cpu=  1
current_cpu=  2
current_cpu=  1
current_cpu=  2
current_cpu=  1
current_cpu=  2
current_cpu=  2
current_cpu=  1
current_cpu=  2
current_cpu=  2
current_cpu=  2
current_cpu=  1
current_cpu=  1
current_cpu=  1
current_cpu=  1
current_cpu=  2
current_cpu=  1
current_cpu=  1
current_cpu=  1
current_cpu=  2
current_cpu=  1
current_cpu=  2
current_cpu=  2
current_cpu=  1
current_cpu=  1
current_cpu=  2
current_cpu=  2
current_cpu=  1
current_cpu=  1
current_cpu=  1
current_cpu=  1
current_cpu=  2
current_cpu=  1
current_cpu=  1
current_cpu=  1
current_cpu=  1
current_cpu=  1
current_cpu=  2
current_cpu=  2
current_cpu=  2
current_cpu=  1
current_cpu=  1
current_cpu=  2
current_cpu=  2
allowed=1-2
current_cpu=  1
current_cpu=  2
current_cpu=  1
allowed=1-2
current_cpu=  2
current_cpu=  1
current_cpu=  2
current_cpu=  1
current_cpu=  2
current_cpu=  2
current_cpu=  2
allowed=1-2
current_cpu=  2
current_cpu=  2
current_cpu=  1
current_cpu=  2
current_cpu=  2
current_cpu=  1
host=frontier01261
current_cpu=  2
current_cpu=  2
current_cpu=  1
current_cpu=  2
current_cpu=  1
current_cpu=  1
current_cpu=  1
current_cpu=  2
current_cpu=  1
current_cpu=  1
current_cpu=  2
current_cpu=  1
current_cpu=  1
current_cpu=  1
allowed=1-2
allowed=1-2
current_cpu=  2
allowed=1-2
current_cpu=  1
current_cpu=  1
current_cpu=  1
current_cpu=  2
current_cpu=  2
current_cpu=  2
current_cpu=  2
current_cpu=  1
current_cpu=  2
current_cpu=  2
current_cpu=  2
current_cpu=  1
current_cpu=  2
allowed=1-2
current_cpu=  2
current_cpu=  1
allowed=1-2
current_cpu=  2
current_cpu=  2
current_cpu=  2
current_cpu=  2
current_cpu=  2
current_cpu=  2
current_cpu=  1
allowed=1-2
current_cpu=  2
current_cpu=  1
current_cpu=  1
current_cpu=  2
current_cpu=  2
current_cpu=  1
current_cpu=  1
current_cpu=  1
current_cpu=  2
current_cpu=  2
current_cpu=  2
current_cpu=  2
allowed=1-2
allowed=1-2
current_cpu=  2
current_cpu=  2
current_cpu=  2
current_cpu=  2
current_cpu=  1
current_cpu=  2
current_cpu=  2
allowed=1-2
current_cpu=  1
current_cpu=  1
current_cpu=  1
current_cpu=  1
current_cpu=  1
allowed=1-2
current_cpu=  2
current_cpu=  2
current_cpu=  1
current_cpu=  1
current_cpu=  2
current_cpu=  2
current_cpu=  1
current_cpu=  2
current_cpu=  1
current_cpu=  1
current_cpu=  2
current_cpu=  2
current_cpu=  1
current_cpu=  2
current_cpu=  1
current_cpu=  1
current_cpu=  2
current_cpu=  2
current_cpu=  2
current_cpu=  1
current_cpu=  2
allowed=1-2
current_cpu=  1
current_cpu=  1
current_cpu=  2
current_cpu=  2
current_cpu=  2
current_cpu=  2
current_cpu=  2
current_cpu=  2
current_cpu=  2
current_cpu=  2
current_cpu=  2
current_cpu=  2
current_cpu=  1
current_cpu=  2
allowed=1-2
current_cpu=  1
current_cpu=  2
current_cpu=  1
current_cpu=  2
current_cpu=  2
current_cpu=  1
current_cpu=  2
current_cpu=  2
current_cpu=  1
current_cpu=  1
current_cpu=  1
current_cpu=  2
current_cpu=  1
current_cpu=  1
current_cpu=  2
current_cpu=  1
current_cpu=  1
current_cpu=  1
current_cpu=  1
current_cpu=  2
current_cpu=  1
current_cpu=  2
current_cpu=  1
current_cpu=  2
current_cpu=  2
current_cpu=  2
current_cpu=  2
current_cpu=  1
current_cpu=  1
current_cpu=  1
current_cpu=  1
current_cpu=  1
current_cpu=  2
current_cpu=  2
current_cpu=  2
current_cpu=  1
current_cpu=  2
current_cpu=  2
current_cpu=  1
allowed=1-2
current_cpu=  2
allowed=1-2
current_cpu=  1
current_cpu=  1
current_cpu=  1
current_cpu=  2
current_cpu=  1
current_cpu=  2
current_cpu=  2
current_cpu=  2
current_cpu=  2
current_cpu=  2
current_cpu=  2
current_cpu=  2
allowed=1-2
current_cpu=  2
current_cpu=  2
current_cpu=  1
current_cpu=  2
current_cpu=  2
current_cpu=  1
current_cpu=  1
current_cpu=  1
current_cpu=  1
current_cpu=  2
current_cpu=  1
current_cpu=  2
allowed=1-2
current_cpu=  2
allowed=1-2
current_cpu=  1
current_cpu=  2
allowed=1-2
current_cpu=  1
current_cpu=  2
current_cpu=  2
current_cpu=  2
current_cpu=  1
current_cpu=  1
allowed=1-2
current_cpu=  2
current_cpu=  2
current_cpu=  2
current_cpu=  2
current_cpu=  2
current_cpu=  2
current_cpu=  1
current_cpu=  1
current_cpu=  2
current_cpu=  2
current_cpu=  2
current_cpu=  2
current_cpu=  2
current_cpu=  1
allowed=1-2
current_cpu=  2
current_cpu=  1
current_cpu=  2
allowed=1-2
current_cpu=  2
current_cpu=  2
current_cpu=  2
current_cpu=  2
current_cpu=  1
current_cpu=  2
allowed=1-2
current_cpu=  1
current_cpu=  1
current_cpu=  1
current_cpu=  2
current_cpu=  1
current_cpu=  1
current_cpu=  2
current_cpu=  2
current_cpu=  2
current_cpu=  2
current_cpu=  1
current_cpu=  2
current_cpu=  2
current_cpu=  2
current_cpu=  2
current_cpu=  2
current_cpu=  1
current_cpu=  1
current_cpu=  2
allowed=1-2
current_cpu=  2
current_cpu=  1
current_cpu=  1
current_cpu=  2
current_cpu=  1
current_cpu=  2
current_cpu=  1
current_cpu=  2
current_cpu=  1
current_cpu=  1
current_cpu=  2
current_cpu=  2
current_cpu=  1
host=frontier06108
allowed=1-2
host=frontier03825
current_cpu=  2
current_cpu=  2
current_cpu=  2
current_cpu=  2
host=frontier03690
current_cpu=  1
allowed=1-2
current_cpu=  1
current_cpu=  1
current_cpu=  2
allowed=1-2
current_cpu=  2
current_cpu=  2
current_cpu=  1
current_cpu=  1
current_cpu=  1
current_cpu=  2
allowed=1-2
current_cpu=  2
current_cpu=  1
current_cpu=  1
current_cpu=  1
allowed=1-2
current_cpu=  2
current_cpu=  2
current_cpu=  1
current_cpu=  1
current_cpu=  1
current_cpu=  1
current_cpu=  2
current_cpu=  2
current_cpu=  2
allowed=1-2
current_cpu=  1
current_cpu=  2
allowed=1-2
allowed=1-2
current_cpu=  2
current_cpu=  1
host=frontier04077
current_cpu=  2
current_cpu=  2
current_cpu=  2
current_cpu=  2
current_cpu=  2
current_cpu=  2
current_cpu=  1
current_cpu=  2
current_cpu=  2
current_cpu=  1
current_cpu=  1
current_cpu=  1
current_cpu=  1
current_cpu=  1
current_cpu=  1
current_cpu=  2
current_cpu=  2
current_cpu=  2
current_cpu=  1
current_cpu=  2
current_cpu=  1
allowed=1-2
current_cpu=  1
current_cpu=  2
current_cpu=  2
current_cpu=  2
current_cpu=  2
current_cpu=  2
current_cpu=  1
current_cpu=  1
current_cpu=  2
current_cpu=  2
current_cpu=  1
allowed=1-2
current_cpu=  2
allowed=1-2
current_cpu=  2
current_cpu=  2
current_cpu=  2
current_cpu=  1
allowed=1-2
current_cpu=  1
current_cpu=  1
current_cpu=  2
current_cpu=  2
host=frontier07898
current_cpu=  2
allowed=1-2
current_cpu=  2
current_cpu=  2
current_cpu=  2
current_cpu=  1
current_cpu=  1
current_cpu=  1
current_cpu=  2
host=frontier03695
allowed=1-2
current_cpu=  2
allowed=1-2
current_cpu=  2
current_cpu=  1
current_cpu=  1
current_cpu=  1
current_cpu=  1
current_cpu=  2
current_cpu=  2
current_cpu=  1
current_cpu=  2
current_cpu=  1
current_cpu=  2
allowed=1-2
current_cpu=  2
current_cpu=  2
current_cpu=  1
current_cpu=  2
current_cpu=  1
current_cpu=  1
current_cpu=  2
current_cpu=  1
current_cpu=  2
current_cpu=  1
current_cpu=  1
current_cpu=  2
current_cpu=  2
current_cpu=  1
current_cpu=  1
current_cpu=  1
current_cpu=  1
current_cpu=  2
current_cpu=  2
current_cpu=  2
host=frontier07751
allowed=1-2
current_cpu=  1
current_cpu=  1
current_cpu=  2
current_cpu=  2
current_cpu=  2
current_cpu=  2
current_cpu=  1
current_cpu=  1
allowed=1-2
current_cpu=  2
current_cpu=  2
current_cpu=  2
current_cpu=  1
current_cpu=  1
current_cpu=  1
current_cpu=  1
current_cpu=  1
current_cpu=  2
allowed=1-2
current_cpu=  1
current_cpu=  1
current_cpu=  2
allowed=1-2
current_cpu=  2
current_cpu=  1
current_cpu=  1
current_cpu=  2
current_cpu=  2
host=frontier05978
allowed=1-2
current_cpu=  1
current_cpu=  2
current_cpu=  1
current_cpu=  2
current_cpu=  1
current_cpu=  2
current_cpu=  2
allowed=1-2
current_cpu=  1
current_cpu=  2
current_cpu=  1
current_cpu=  1
current_cpu=  2
current_cpu=  1
current_cpu=  2
current_cpu=  2
current_cpu=  1
current_cpu=  2
current_cpu=  2
current_cpu=  1
current_cpu=  2
current_cpu=  2
current_cpu=  1
current_cpu=  2
allowed=1-2
current_cpu=  2
current_cpu=  1
current_cpu=  2
current_cpu=  1
current_cpu=  2
current_cpu=  2
current_cpu=  2
allowed=1-2
current_cpu=  1
current_cpu=  2
current_cpu=  1
current_cpu=  1
current_cpu=  1
allowed=1-2
current_cpu=  1
current_cpu=  2
allowed=1-2
allowed=1-2
current_cpu=  1
current_cpu=  1
current_cpu=  1
current_cpu=  1
current_cpu=  1
allowed=1-2
current_cpu=  1
host=frontier03564
current_cpu=  2
allowed=1-2
current_cpu=  2
allowed=1-2
current_cpu=  2
allowed=1-2
current_cpu=  1
allowed=1-2
current_cpu=  2
allowed=1-2
current_cpu=  1
allowed=1-2
current_cpu=  1
allowed=1-2
current_cpu=  2
allowed=1-2
current_cpu=  1
current_cpu=  2
allowed=1-2
allowed=1-2
current_cpu=  1
current_cpu=  1
allowed=1-2
allowed=1-2
current_cpu=  1
current_cpu=  2
allowed=1-2
allowed=1-2
current_cpu=  2
current_cpu=  2
allowed=1-2
allowed=1-2
current_cpu=  1
current_cpu=  1
current_cpu=  1
allowed=1-2
current_cpu=  1
current_cpu=  1
allowed=1-2
host=frontier01636
current_cpu=  1
allowed=1-2
current_cpu=  2
allowed=1-2
current_cpu=  2
current_cpu=  2
allowed=1-2
allowed=1-2
current_cpu=  2
current_cpu=  1
host=frontier06231
current_cpu=  2
allowed=1-2
allowed=1-2
current_cpu=  1
current_cpu=  2
allowed=1-2
allowed=1-2
current_cpu=  2
current_cpu=  2
allowed=1-2
allowed=1-2
current_cpu=  2
current_cpu=  1
current_cpu=  1
allowed=1-2
current_cpu=  1
allowed=1-2
current_cpu=  1
current_cpu=  1
allowed=1-2
allowed=1-2
current_cpu=  2
current_cpu=  1
host=frontier05983
allowed=1-2
allowed=1-2
current_cpu=  2
current_cpu=  1
current_cpu=  2
current_cpu=  2
allowed=1-2
current_cpu=  2
allowed=1-2
current_cpu=  2
allowed=1-2
current_cpu=  2
current_cpu=  1
allowed=1-2
allowed=1-2
current_cpu=  2
current_cpu=  1
allowed=1-2
allowed=1-2
current_cpu=  1
current_cpu=  1
allowed=1-2
current_cpu=  2
current_cpu=  1
allowed=1-2
current_cpu=  2
host=frontier05610
current_cpu=  2
allowed=1-2
allowed=1-2
allowed=1-2
current_cpu=  2
current_cpu=  2
allowed=1-2
allowed=1-2
current_cpu=  2
current_cpu=  1
current_cpu=  2
current_cpu=  2
host=frontier06620
host=frontier08932
allowed=1-2
allowed=1-2
current_cpu=  1
allowed=1-2
current_cpu=  2
allowed=1-2
current_cpu=  1
host=frontier03818
allowed=1-2
allowed=1-2
current_cpu=  2
current_cpu=  2
allowed=1-2
allowed=1-2
current_cpu=  1
current_cpu=  1
host=frontier04068
current_cpu=  1
allowed=1-2
allowed=1-2
current_cpu=  1
current_cpu=  1
allowed=1-2
current_cpu=  2
current_cpu=  2
allowed=1-2
current_cpu=  2
allowed=1-2
current_cpu=  2
current_cpu=  2
current_cpu=  2
current_cpu=  1
allowed=1-2
host=frontier07394
current_cpu=  2
allowed=1-2
current_cpu=  1
allowed=1-2
current_cpu=  1
allowed=1-2
current_cpu=  1
current_cpu=  2
host=frontier05226
allowed=1-2
allowed=1-2
current_cpu=  1
current_cpu=  1
current_cpu=  1
allowed=1-2
allowed=1-2
current_cpu=  1
current_cpu=  1
allowed=1-2
allowed=1-2
current_cpu=  1
current_cpu=  2
current_cpu=  1
allowed=1-2
current_cpu=  2
allowed=1-2
current_cpu=  1
current_cpu=  2
current_cpu=  1
allowed=1-2
current_cpu=  2
allowed=1-2
current_cpu=  1
current_cpu=  2
current_cpu=  1
allowed=1-2
current_cpu=  1
current_cpu=  2
allowed=1-2
allowed=1-2
current_cpu=  2
current_cpu=  1
allowed=1-2
allowed=1-2
current_cpu=  2
current_cpu=  2
allowed=1-2
allowed=1-2
current_cpu=  2
current_cpu=  1
current_cpu=  1
allowed=1-2
current_cpu=  2
current_cpu=  2
allowed=1-2
current_cpu=  1
current_cpu=  1
allowed=1-2
current_cpu=  1
allowed=1-2
current_cpu=  2
allowed=1-2
current_cpu=  2
host=frontier05987
allowed=1-2
allowed=1-2
current_cpu=  1
current_cpu=  1
current_cpu=  1
allowed=1-2
current_cpu=  2
allowed=1-2
current_cpu=  2
allowed=1-2
current_cpu=  2
host=frontier04457
allowed=1-2
allowed=1-2
current_cpu=  2
current_cpu=  2
allowed=1-2
allowed=1-2
current_cpu=  1
current_cpu=  2
allowed=1-2
allowed=1-2
current_cpu=  1
current_cpu=  1
allowed=1-2
host=frontier09325
current_cpu=  2
allowed=1-2
current_cpu=  1
current_cpu=  1
current_cpu=  2
allowed=1-2
current_cpu=  1
host=frontier01006
allowed=1-2
allowed=1-2
current_cpu=  1
current_cpu=  2
allowed=1-2
allowed=1-2
current_cpu=  1
current_cpu=  2
allowed=1-2
allowed=1-2
current_cpu=  2
current_cpu=  1
allowed=1-2
host=frontier07612
current_cpu=  1
allowed=1-2
current_cpu=  1
current_cpu=  1
allowed=1-2
allowed=1-2
current_cpu=  2
current_cpu=  1
current_cpu=  1
allowed=1-2
current_cpu=  2
allowed=1-2
current_cpu=  2
allowed=1-2
current_cpu=  2
allowed=1-2
current_cpu=  2
allowed=1-2
current_cpu=  1
allowed=1-2
current_cpu=  1
allowed=1-2
current_cpu=  2
allowed=1-2
current_cpu=  1
allowed=1-2
current_cpu=  1
allowed=1-2
current_cpu=  2
allowed=1-2
current_cpu=  2
allowed=1-2
current_cpu=  2
allowed=1-2
current_cpu=  1
allowed=1-2
current_cpu=  1
allowed=1-2
current_cpu=  1
allowed=1-2
current_cpu=  2
host=frontier06106
allowed=1-2
allowed=1-2
current_cpu=  1
current_cpu=  2
allowed=1-2
allowed=1-2
current_cpu=  1
current_cpu=  1
allowed=1-2
allowed=1-2
current_cpu=  2
current_cpu=  2
allowed=1-2
allowed=1-2
current_cpu=  1
current_cpu=  2
allowed=1-2
allowed=1-2
current_cpu=  1
current_cpu=  2
allowed=1-2
allowed=1-2
current_cpu=  2
current_cpu=  2
allowed=1-2
host=frontier09447
current_cpu=  1
allowed=1-2
allowed=1-2
allowed=1-2
current_cpu=  1
current_cpu=  1
allowed=1-2
host=frontier08486
current_cpu=  2
allowed=1-2
current_cpu=  1
host=frontier00873
allowed=1-2
allowed=1-2
current_cpu=  1
current_cpu=  1
host=frontier07131
allowed=1-2
allowed=1-2
current_cpu=  2
host=frontier06494
host=frontier03693
allowed=1-2
allowed=1-2
current_cpu=  1
current_cpu=  2
allowed=1-2
allowed=1-2
current_cpu=  1
current_cpu=  2
allowed=1-2
host=frontier05105
current_cpu=  2
allowed=1-2
current_cpu=  1
allowed=1-2
current_cpu=  2
allowed=1-2
current_cpu=  2
allowed=1-2
current_cpu=  1
allowed=1-2
current_cpu=  1
allowed=1-2
current_cpu=  2
host=frontier00124
allowed=1-2
allowed=1-2
current_cpu=  2
current_cpu=  2
allowed=1-2
host=frontier00749
current_cpu=  1
allowed=1-2
current_cpu=  1
host=frontier02792
allowed=1-2
allowed=1-2
current_cpu=  2
host=frontier03816
allowed=1-2
allowed=1-2
current_cpu=  2
current_cpu=  1
allowed=1-2
allowed=1-2
current_cpu=  2
current_cpu=  2
allowed=1-2
allowed=1-2
current_cpu=  1
current_cpu=  2
host=frontier04076
host=frontier00360
allowed=1-2
allowed=1-2
current_cpu=  2
current_cpu=  1
current_cpu=  2
host=frontier02926
allowed=1-2
host=frontier01775
current_cpu=  2
allowed=1-2
current_cpu=  2
current_cpu=  1
host=frontier01392
host=frontier02281
allowed=1-2
allowed=1-2
current_cpu=  2
current_cpu=  2
current_cpu=  1
current_cpu=  2
current_cpu=  1
+ echo 'Launching Copper Gracefully On All Nodes : End'
Launching Copper Gracefully On All Nodes : End
+ exe=/mnt/bb/wcastil/copper_mount/lustre/orion/stf243/world-shared/hagertnl/CUG26/benchmark_builds/osu/install-osu-7.5.1/libexec/osu-micro-benchmarks/mpi/startup/osu_init
+ /usr/bin/time srun --overlap -N 1024 -n 8192 --ntasks-per-node=8 -c 5 /mnt/bb/wcastil/copper_mount/lustre/orion/stf243/world-shared/hagertnl/CUG26/benchmark_builds/osu/install-osu-7.5.1/libexec/osu-micro-benchmarks/mpi/startup/osu_init
# OSU MPI Init Test v7.5
nprocs: 8192, min: 2419 ms, max: 3869 ms, avg: 3471 ms
0.19user 0.37system 0:12.03elapsed 4%CPU (0avgtext+0avgdata 21504maxresident)k
24inputs+8outputs (0major+7460minor)pagefaults 0swaps
+ sleep 2s
+ /usr/bin/time srun --overlap -N 1024 -n 8192 --ntasks-per-node=8 -c 5 /mnt/bb/wcastil/copper_mount/lustre/orion/stf243/world-shared/hagertnl/CUG26/benchmark_builds/osu/install-osu-7.5.1/libexec/osu-micro-benchmarks/mpi/startup/osu_init
# OSU MPI Init Test v7.5
nprocs: 8192, min: 675 ms, max: 840 ms, avg: 804 ms
0.11user 0.29system 0:06.43elapsed 6%CPU (0avgtext+0avgdata 26624maxresident)k
24inputs+0outputs (0major+7460minor)pagefaults 0swaps
+ sleep 2s
+ /usr/bin/time srun --overlap -N 1024 -n 8192 --ntasks-per-node=8 -c 5 /mnt/bb/wcastil/copper_mount/lustre/orion/stf243/world-shared/hagertnl/CUG26/benchmark_builds/osu/install-osu-7.5.1/libexec/osu-micro-benchmarks/mpi/startup/osu_init
# OSU MPI Init Test v7.5
nprocs: 8192, min: 658 ms, max: 843 ms, avg: 804 ms
0.12user 0.29system 0:06.39elapsed 6%CPU (0avgtext+0avgdata 24576maxresident)k
0inputs+0outputs (0major+7460minor)pagefaults 0swaps
+ sleep 2s
+ /usr/bin/time srun --overlap -N 1024 -n 8192 --ntasks-per-node=8 -c 5 /mnt/bb/wcastil/copper_mount/lustre/orion/stf243/world-shared/hagertnl/CUG26/benchmark_builds/osu/install-osu-7.5.1/libexec/osu-micro-benchmarks/mpi/startup/osu_init
# OSU MPI Init Test v7.5
nprocs: 8192, min: 646 ms, max: 835 ms, avg: 797 ms
0.12user 0.29system 0:06.48elapsed 6%CPU (0avgtext+0avgdata 22528maxresident)k
0inputs+0outputs (0major+7459minor)pagefaults 0swaps
+ sleep 2s
+ /usr/bin/time srun --overlap -N 1024 -n 8192 --ntasks-per-node=8 -c 5 /mnt/bb/wcastil/copper_mount/lustre/orion/stf243/world-shared/hagertnl/CUG26/benchmark_builds/osu/install-osu-7.5.1/libexec/osu-micro-benchmarks/mpi/startup/osu_init
# OSU MPI Init Test v7.5
nprocs: 8192, min: 708 ms, max: 875 ms, avg: 832 ms
0.12user 0.29system 0:07.50elapsed 5%CPU (0avgtext+0avgdata 24576maxresident)k
0inputs+8outputs (0major+7460minor)pagefaults 0swaps
+ sleep 2s
+ conda deactivate
+ local cmd=deactivate
+ case "$cmd" in
+ __conda_activate deactivate
+ '[' -n '' ']'
+ local ask_conda
++ PS1='(base) '
++ __conda_exe shell.posix deactivate
++ /autofs/nccs-svm1_sw/frontier/miniforge3/23.11.0-0/bin/conda shell.posix deactivate
+ ask_conda='export PATH='\''/autofs/nccs-svm1_sw/frontier/miniforge3/23.11.0-0/condabin:/sw/frontier/lfs-wrapper/0.0.1/bin/lfs:/sw/frontier/miniforge3/23.11.0-0/bin:/opt/cray/libfabric/1.22.0/bin:/opt/rocm-6.4.2/bin:/sw/frontier/spack-envs/cpe25.09-cpu/opt/llvm-amdgpu-6.4.2/darshan-runtime-3.4.7-tvdocpzv3jfj4y6ki5jvmmkics323gon/bin:/opt/cray/pe/mpich/9.0.1/ofi/amd/6.0/bin:/opt/cray/pe/mpich/9.0.1/bin:/opt/cray/pe/perftools/25.09.0/bin:/opt/cray/pe/papi/7.2.0.2/bin:/opt/cray/pe/craype/2.7.35/bin:/sw/frontier/ums/ums046/copper/build:/sw/sources/hpss/bin:/sw/frontier/spack-envs/core-25.03/opt/gcc-13.2/tmux-3.4-fcqqko3j4ga67yuc7zxaqcwsix5hns2v/bin:/opt/clmgr/sbin:/opt/clmgr/bin:/opt/sgi/sbin:/opt/sgi/bin:/sw/frontier/bin:/ccs/home/wcastil/.local/bin:/usr/local/bin:/usr/bin:/bin:/opt/bin:/opt/c3/bin:/usr/lib/mit/bin:/opt/puppetlabs/bin:/opt/cray/pe/bin'\''
. "/autofs/nccs-svm1_sw/frontier/miniforge3/23.11.0-0/etc/conda/deactivate.d/libxml2_deactivate.sh"
. "/autofs/nccs-svm1_sw/frontier/miniforge3/23.11.0-0/etc/conda/deactivate.d/libglib_deactivate.sh"
unset CONDA_PREFIX
unset CONDA_DEFAULT_ENV
unset CONDA_PROMPT_MODIFIER
PS1='\'''\''
export CONDA_SHLVL='\''0'\''
export CONDA_EXE='\''/autofs/nccs-svm1_sw/frontier/miniforge3/23.11.0-0/bin/conda'\''
export _CE_M='\'''\''
export _CE_CONDA='\'''\''
export CONDA_PYTHON_EXE='\''/autofs/nccs-svm1_sw/frontier/miniforge3/23.11.0-0/bin/python'\'''
+ eval 'export PATH='\''/autofs/nccs-svm1_sw/frontier/miniforge3/23.11.0-0/condabin:/sw/frontier/lfs-wrapper/0.0.1/bin/lfs:/sw/frontier/miniforge3/23.11.0-0/bin:/opt/cray/libfabric/1.22.0/bin:/opt/rocm-6.4.2/bin:/sw/frontier/spack-envs/cpe25.09-cpu/opt/llvm-amdgpu-6.4.2/darshan-runtime-3.4.7-tvdocpzv3jfj4y6ki5jvmmkics323gon/bin:/opt/cray/pe/mpich/9.0.1/ofi/amd/6.0/bin:/opt/cray/pe/mpich/9.0.1/bin:/opt/cray/pe/perftools/25.09.0/bin:/opt/cray/pe/papi/7.2.0.2/bin:/opt/cray/pe/craype/2.7.35/bin:/sw/frontier/ums/ums046/copper/build:/sw/sources/hpss/bin:/sw/frontier/spack-envs/core-25.03/opt/gcc-13.2/tmux-3.4-fcqqko3j4ga67yuc7zxaqcwsix5hns2v/bin:/opt/clmgr/sbin:/opt/clmgr/bin:/opt/sgi/sbin:/opt/sgi/bin:/sw/frontier/bin:/ccs/home/wcastil/.local/bin:/usr/local/bin:/usr/bin:/bin:/opt/bin:/opt/c3/bin:/usr/lib/mit/bin:/opt/puppetlabs/bin:/opt/cray/pe/bin'\''
. "/autofs/nccs-svm1_sw/frontier/miniforge3/23.11.0-0/etc/conda/deactivate.d/libxml2_deactivate.sh"
. "/autofs/nccs-svm1_sw/frontier/miniforge3/23.11.0-0/etc/conda/deactivate.d/libglib_deactivate.sh"
unset CONDA_PREFIX
unset CONDA_DEFAULT_ENV
unset CONDA_PROMPT_MODIFIER
PS1='\'''\''
export CONDA_SHLVL='\''0'\''
export CONDA_EXE='\''/autofs/nccs-svm1_sw/frontier/miniforge3/23.11.0-0/bin/conda'\''
export _CE_M='\'''\''
export _CE_CONDA='\'''\''
export CONDA_PYTHON_EXE='\''/autofs/nccs-svm1_sw/frontier/miniforge3/23.11.0-0/bin/python'\'''
++ export PATH=/autofs/nccs-svm1_sw/frontier/miniforge3/23.11.0-0/condabin:/sw/frontier/lfs-wrapper/0.0.1/bin/lfs:/sw/frontier/miniforge3/23.11.0-0/bin:/opt/cray/libfabric/1.22.0/bin:/opt/rocm-6.4.2/bin:/sw/frontier/spack-envs/cpe25.09-cpu/opt/llvm-amdgpu-6.4.2/darshan-runtime-3.4.7-tvdocpzv3jfj4y6ki5jvmmkics323gon/bin:/opt/cray/pe/mpich/9.0.1/ofi/amd/6.0/bin:/opt/cray/pe/mpich/9.0.1/bin:/opt/cray/pe/perftools/25.09.0/bin:/opt/cray/pe/papi/7.2.0.2/bin:/opt/cray/pe/craype/2.7.35/bin:/sw/frontier/ums/ums046/copper/build:/sw/sources/hpss/bin:/sw/frontier/spack-envs/core-25.03/opt/gcc-13.2/tmux-3.4-fcqqko3j4ga67yuc7zxaqcwsix5hns2v/bin:/opt/clmgr/sbin:/opt/clmgr/bin:/opt/sgi/sbin:/opt/sgi/bin:/sw/frontier/bin:/ccs/home/wcastil/.local/bin:/usr/local/bin:/usr/bin:/bin:/opt/bin:/opt/c3/bin:/usr/lib/mit/bin:/opt/puppetlabs/bin:/opt/cray/pe/bin
++ PATH=/autofs/nccs-svm1_sw/frontier/miniforge3/23.11.0-0/condabin:/sw/frontier/lfs-wrapper/0.0.1/bin/lfs:/sw/frontier/miniforge3/23.11.0-0/bin:/opt/cray/libfabric/1.22.0/bin:/opt/rocm-6.4.2/bin:/sw/frontier/spack-envs/cpe25.09-cpu/opt/llvm-amdgpu-6.4.2/darshan-runtime-3.4.7-tvdocpzv3jfj4y6ki5jvmmkics323gon/bin:/opt/cray/pe/mpich/9.0.1/ofi/amd/6.0/bin:/opt/cray/pe/mpich/9.0.1/bin:/opt/cray/pe/perftools/25.09.0/bin:/opt/cray/pe/papi/7.2.0.2/bin:/opt/cray/pe/craype/2.7.35/bin:/sw/frontier/ums/ums046/copper/build:/sw/sources/hpss/bin:/sw/frontier/spack-envs/core-25.03/opt/gcc-13.2/tmux-3.4-fcqqko3j4ga67yuc7zxaqcwsix5hns2v/bin:/opt/clmgr/sbin:/opt/clmgr/bin:/opt/sgi/sbin:/opt/sgi/bin:/sw/frontier/bin:/ccs/home/wcastil/.local/bin:/usr/local/bin:/usr/bin:/bin:/opt/bin:/opt/c3/bin:/usr/lib/mit/bin:/opt/puppetlabs/bin:/opt/cray/pe/bin
++ . /autofs/nccs-svm1_sw/frontier/miniforge3/23.11.0-0/etc/conda/deactivate.d/libxml2_deactivate.sh
+++ test -n ''
+++ unset XML_CATALOG_FILES
+++ unset xml_catalog_files_libxml2
++ . /autofs/nccs-svm1_sw/frontier/miniforge3/23.11.0-0/etc/conda/deactivate.d/libglib_deactivate.sh
+++ export GSETTINGS_SCHEMA_DIR=
+++ GSETTINGS_SCHEMA_DIR=
+++ unset GSETTINGS_SCHEMA_DIR_CONDA_BACKUP
+++ '[' -z ']'
+++ unset GSETTINGS_SCHEMA_DIR
++ unset CONDA_PREFIX
++ unset CONDA_DEFAULT_ENV
++ unset CONDA_PROMPT_MODIFIER
++ PS1=
++ export CONDA_SHLVL=0
++ CONDA_SHLVL=0
++ export CONDA_EXE=/autofs/nccs-svm1_sw/frontier/miniforge3/23.11.0-0/bin/conda
++ CONDA_EXE=/autofs/nccs-svm1_sw/frontier/miniforge3/23.11.0-0/bin/conda
++ export _CE_M=
++ _CE_M=
++ export _CE_CONDA=
++ _CE_CONDA=
++ export CONDA_PYTHON_EXE=/autofs/nccs-svm1_sw/frontier/miniforge3/23.11.0-0/bin/python
++ CONDA_PYTHON_EXE=/autofs/nccs-svm1_sw/frontier/miniforge3/23.11.0-0/bin/python
+ __conda_hashr
+ '[' -n '' ']'
+ '[' -n '' ']'
+ hash -r
+ stop_copper.sh -d /lustre/orion/stf243/world-shared/wcastil/Experiments/CUG26/copper_run/logs -v /mnt/bb/wcastil/copper_mount
/var/spool/slurmd/job4348864/slurm_script: line 39: stop_copper.sh: command not found
