+ '[' -z '' ']'
+ case "$-" in
+ __lmod_vx=x
+ '[' -n x ']'
+ set +x
Shell debugging temporarily silenced: export LMOD_SH_DBG_ON=1 for this output (/opt/cray/pe/lmod/lmod/init/bash)
Shell debugging restarted
+ unset __lmod_vx
+ cd /lustre/orion/stf243/world-shared/wcastil/Experiments/CUG26/copper_run/osu
+ module load ums ums046 copper
+ '[' -z '' ']'
+ case "$-" in
+ __lmod_sh_dbg=x
+ '[' -n x ']'
+ set +x
Shell debugging temporarily silenced: export LMOD_SH_DBG_ON=1 for Lmod's output
Copper loaded: use 'launch_copper_frontier' and 'stop_copper_frontier'.
COPPER_ROOT: /sw/frontier/ums/ums046/copper
launch_copper_frontier points to:
/sw/frontier/ums/ums046/copper/build/launch_copper_frontier.sh 
Shell debugging restarted
+ unset __lmod_sh_dbg
+ return 0
+ module list
+ '[' -z '' ']'
+ case "$-" in
+ __lmod_sh_dbg=x
+ '[' -n x ']'
+ set +x
Shell debugging temporarily silenced: export LMOD_SH_DBG_ON=1 for Lmod's output

Currently Loaded Modules:
  1) craype-x86-trento               12) PrgEnv-cray/8.6.0
  2) libfabric/1.22.0                13) Core/25.03
  3) craype-network-ofi              14) tmux/3.4
  4) perftools-base/24.11.0          15) darshan-runtime/3.4.6-mpi (E4S)
  5) xpmem/2.11.3-1.3_gdbda01a1eb3d  16) hsi/default
  6) cray-pmi/6.1.15                 17) lfs-wrapper/0.0.1
  7) cce/18.0.1                      18) DefApps
  8) craype/2.7.33                   19) ums/default
  9) cray-dsmml/0.3.0                20) ums046/default
 10) cray-mpich/8.1.31               21) copper/0.1
 11) cray-libsci/24.11.0

  Where:
   E4S:  E4S: Extreme-scale Scientific Software Stack (E4S) https://e4s.io/index.html

 

Shell debugging restarted
+ unset __lmod_sh_dbg
+ return 0
+ echo 4348868
4348868
+ echo 1024
1024
+ echo copper_spindle
copper_spindle
+ echo 'frontier[00209-00210,00212,00216-00217,00220,00242-00248,00330,00333,00335-00336,00338,00347-00348,00370-00376,00464,00467-00468,00472-00474,00476-00477,00499-00505,00598-00600,00602-00604,00627-00633,00707-00709,00713-00714,00716,00719-00721,00724-00726,00728-00730,00755-00760,00834-00835,00839-00840,00842,00846,00850-00852,00854-00856,00860,00882-00888,00972-00973,00976-00982,00986-00987,01010-01016,01107-01108,01111-01113,01115,01138-01144,01213,01217-01218,01220,01223-01224,01228-01234,01238-01241,01243-01244,01266-01267,01346,01349-01350,01354-01356,01358-01361,01364-01365,01367,01369-01371,01394-01398,01469-01470,01472,01475-01476,01480-01486,01490-01491,01493,01496-01497,01499,01522-01524,01598-01604,01606-01612,01616-01619,01621-01623,01721-01729,01732-01739,01742-01745,01848-01855,01858-01864,01866-01871,01974-01981,01983-01990,01994-01998,02095,02099-02116,02120-02121,02225-02233,02235-02242,02245-02248,02352-02359,02361-02368,02370,02372-02375,02482,02485,02487-02494,02497-02506,02508,02606-02621,02623-02627,02733-02753,02864-02884,02989-03009,03119-03139,03247-03267,03373-03393,03501-03521,03630-03650,03757-03777,03885-03905,04013-04017,04019-04034,04141-04161,04269-04289,04397-04413,04415-04418,04525-04545,04653-04673,04781-04801,04910-04929,05039-05058,05165-05184,05293-05312,05421-05440,05549-05568,05678-05697,05805-05809,05812,05816-05817,05828-05829,05837-05838,05840,05849,05874-05879,06002-06007,06016,06133-06136,06143,06258-06264,06271,06386-06391,06398,06514-06519,06526,06642-06647,06652,06775-06779,06897-06903,06910,07027-07033,07156-07161,07282-07287,07294,07412-07416,07535-07537,07540-07542,07549-07550,07679,07928,07936,08190,08320,08948-08950,09072-09078,09203-09207,09327-09334,09429,09431,09435,09439-09440,09460-09467]'
frontier[00209-00210,00212,00216-00217,00220,00242-00248,00330,00333,00335-00336,00338,00347-00348,00370-00376,00464,00467-00468,00472-00474,00476-00477,00499-00505,00598-00600,00602-00604,00627-00633,00707-00709,00713-00714,00716,00719-00721,00724-00726,00728-00730,00755-00760,00834-00835,00839-00840,00842,00846,00850-00852,00854-00856,00860,00882-00888,00972-00973,00976-00982,00986-00987,01010-01016,01107-01108,01111-01113,01115,01138-01144,01213,01217-01218,01220,01223-01224,01228-01234,01238-01241,01243-01244,01266-01267,01346,01349-01350,01354-01356,01358-01361,01364-01365,01367,01369-01371,01394-01398,01469-01470,01472,01475-01476,01480-01486,01490-01491,01493,01496-01497,01499,01522-01524,01598-01604,01606-01612,01616-01619,01621-01623,01721-01729,01732-01739,01742-01745,01848-01855,01858-01864,01866-01871,01974-01981,01983-01990,01994-01998,02095,02099-02116,02120-02121,02225-02233,02235-02242,02245-02248,02352-02359,02361-02368,02370,02372-02375,02482,02485,02487-02494,02497-02506,02508,02606-02621,02623-02627,02733-02753,02864-02884,02989-03009,03119-03139,03247-03267,03373-03393,03501-03521,03630-03650,03757-03777,03885-03905,04013-04017,04019-04034,04141-04161,04269-04289,04397-04413,04415-04418,04525-04545,04653-04673,04781-04801,04910-04929,05039-05058,05165-05184,05293-05312,05421-05440,05549-05568,05678-05697,05805-05809,05812,05816-05817,05828-05829,05837-05838,05840,05849,05874-05879,06002-06007,06016,06133-06136,06143,06258-06264,06271,06386-06391,06398,06514-06519,06526,06642-06647,06652,06775-06779,06897-06903,06910,07027-07033,07156-07161,07282-07287,07294,07412-07416,07535-07537,07540-07542,07549-07550,07679,07928,07936,08190,08320,08948-08950,09072-09078,09203-09207,09327-09334,09429,09431,09435,09439-09440,09460-09467]
+ LOGDIR=/lustre/orion/stf243/world-shared/wcastil/Experiments/CUG26/copper_run/logs
+ cd /lustre/orion/stf243/world-shared/wcastil/Experiments/CUG26/copper_run/logs
+ PACKAGE_ENV_LOCATION=/lustre/orion/stf243/world-shared/hagertnl/CUG26/benchmark_builds
+ source /lustre/orion/stf243/world-shared/hagertnl/CUG26/benchmark_builds/common_modules.sh
++ module load PrgEnv-amd
++ '[' -z '' ']'
++ case "$-" in
++ __lmod_sh_dbg=x
++ '[' -n x ']'
++ set +x
Shell debugging temporarily silenced: export LMOD_SH_DBG_ON=1 for Lmod's output

Lmod is automatically replacing "cce/18.0.1" with "amd/6.2.4".


Lmod is automatically replacing "PrgEnv-cray/8.6.0" with "PrgEnv-amd/8.6.0".


Due to MODULEPATH changes, the following have been reloaded:
  1) cray-libsci/24.11.0     2) cray-mpich/8.1.31     3) darshan-runtime/3.4.6-mpi

Shell debugging restarted
++ unset __lmod_sh_dbg
++ return 0
++ module load cpe/25.09
++ '[' -z '' ']'
++ case "$-" in
++ __lmod_sh_dbg=x
++ '[' -n x ']'
++ set +x
Shell debugging temporarily silenced: export LMOD_SH_DBG_ON=1 for Lmod's output

The following have been reloaded with a version change:
  1) amd/6.2.4 => amd/6.4.2
  2) cray-dsmml/0.3.0 => cray-dsmml/0.3.1
  3) cray-libsci/24.11.0 => cray-libsci/25.09.0
  4) cray-mpich/8.1.31 => cray-mpich/9.0.1
  5) cray-pmi/6.1.15 => cray-pmi/6.1.16
  6) craype/2.7.33 => craype/2.7.35
  7) darshan-runtime/3.4.6-mpi => darshan-runtime/3.4.7-mpi
  8) perftools-base/24.11.0 => perftools-base/25.09.0

Shell debugging restarted
++ unset __lmod_sh_dbg
++ return 0
++ module load amd/6.4.2
++ '[' -z '' ']'
++ case "$-" in
++ __lmod_sh_dbg=x
++ '[' -n x ']'
++ set +x
Shell debugging temporarily silenced: export LMOD_SH_DBG_ON=1 for Lmod's output
Shell debugging restarted
++ unset __lmod_sh_dbg
++ return 0
++ module load rocm/6.4.2
++ '[' -z '' ']'
++ case "$-" in
++ __lmod_sh_dbg=x
++ '[' -n x ']'
++ set +x
Shell debugging temporarily silenced: export LMOD_SH_DBG_ON=1 for Lmod's output
Shell debugging restarted
++ unset __lmod_sh_dbg
++ return 0
++ module load libfabric/1.22.0
++ '[' -z '' ']'
++ case "$-" in
++ __lmod_sh_dbg=x
++ '[' -n x ']'
++ set +x
Shell debugging temporarily silenced: export LMOD_SH_DBG_ON=1 for Lmod's output
Shell debugging restarted
++ unset __lmod_sh_dbg
++ return 0
++ module load craype-accel-amd-gfx90a
++ '[' -z '' ']'
++ case "$-" in
++ __lmod_sh_dbg=x
++ '[' -n x ']'
++ set +x
Shell debugging temporarily silenced: export LMOD_SH_DBG_ON=1 for Lmod's output
Shell debugging restarted
++ unset __lmod_sh_dbg
++ return 0
++ module load miniforge3/23.11.0-0
++ '[' -z '' ']'
++ case "$-" in
++ __lmod_sh_dbg=x
++ '[' -n x ']'
++ set +x
Shell debugging temporarily silenced: export LMOD_SH_DBG_ON=1 for Lmod's output
Shell debugging restarted
++ unset __lmod_sh_dbg
++ return 0
++ export LD_LIBRARY_PATH=/opt/cray/pe/mpich/9.0.1/ofi/amd/6.0/lib:/opt/cray/pe/mpich/9.0.1/gtl/lib:/opt/cray/pe/libsci/25.09.0/AMD/6.0/x86_64/lib:/opt/cray/pe/perftools/25.09.0/lib64:/opt/cray/pe/pmi/6.1.16/lib:/opt/cray/pe/dsmml/0.3.1/dsmml/lib:/opt/cray/libfabric/1.22.0/lib64:/opt/rocm-6.4.2/lib/roctracer:/opt/rocm-6.4.2/lib/rocprofiler:/opt/rocm-6.4.2/lib:/sw/frontier/spack-envs/cpe25.09-cpu/opt/llvm-amdgpu-6.4.2/darshan-runtime-3.4.7-tvdocpzv3jfj4y6ki5jvmmkics323gon/lib:/opt/rocm-6.4.2/llvm/lib:/opt/cray/pe/papi/7.2.0.2/lib64
++ LD_LIBRARY_PATH=/opt/cray/pe/mpich/9.0.1/ofi/amd/6.0/lib:/opt/cray/pe/mpich/9.0.1/gtl/lib:/opt/cray/pe/libsci/25.09.0/AMD/6.0/x86_64/lib:/opt/cray/pe/perftools/25.09.0/lib64:/opt/cray/pe/pmi/6.1.16/lib:/opt/cray/pe/dsmml/0.3.1/dsmml/lib:/opt/cray/libfabric/1.22.0/lib64:/opt/rocm-6.4.2/lib/roctracer:/opt/rocm-6.4.2/lib/rocprofiler:/opt/rocm-6.4.2/lib:/sw/frontier/spack-envs/cpe25.09-cpu/opt/llvm-amdgpu-6.4.2/darshan-runtime-3.4.7-tvdocpzv3jfj4y6ki5jvmmkics323gon/lib:/opt/rocm-6.4.2/llvm/lib:/opt/cray/pe/papi/7.2.0.2/lib64
++ [[ /var/spool/slurmd/job4348868/slurm_script == \/\l\u\s\t\r\e\/\o\r\i\o\n\/\s\t\f\2\4\3\/\w\o\r\l\d\-\s\h\a\r\e\d\/\h\a\g\e\r\t\n\l\/\C\U\G\2\6\/\b\e\n\c\h\m\a\r\k\_\b\u\i\l\d\s\/\c\o\m\m\o\n\_\m\o\d\u\l\e\s\.\s\h ]]
+ COPPER_MOUNT_PATH=/mnt/bb/wcastil/copper_mount
+ /lustre/orion/stf243/world-shared/wcastil/Experiments/CUG26/copper_run/launch_copper_frontier.sh -d /lustre/orion/stf243/world-shared/wcastil/Experiments/CUG26/copper_run/logs -v /mnt/bb/wcastil/copper_mount -M 220000000
+ '[' -z '' ']'
+ case "$-" in
+ __lmod_vx=x
+ '[' -n x ']'
+ set +x
Shell debugging temporarily silenced: export LMOD_SH_DBG_ON=1 for this output (/opt/cray/pe/lmod/lmod/init/bash)
Shell debugging restarted
+ unset __lmod_vx
+ echo 'Launching Copper Gracefully On All Nodes : Start'
Launching Copper Gracefully On All Nodes : Start
+ echo /sw/frontier/ums/ums046/copper
/sw/frontier/ums/ums046/copper
+ CUPATH=/sw/frontier/ums/ums046/copper/build/cu_fuse
+ DISCOVERY_HELPER=/sw/frontier/ums/ums046/copper/build/list_cxi_hsn_thallium
+ CU_FUSE_MNT_VIEWDIR=/tmp/wcastil/copper
+ facility_address_book=/sw/frontier/ums/ums046/copper/build/olcf_frontier_copper_addressbook.txt
+ address_book_source=facility
+ log_level=0
+ log_dir=/ccs/home/wcastil/copper-logs
+ log_type=file
+ trees=1
+ max_cacheable_byte_size=10485760
+ md_enoent_ttl_ms=2000
+ profile_metrics=0
+ profile_top_n=0
+ profile_paths_full=0
+ profile_snapshot_interval_s=0
+ sleeptime=10
+ physcpubind=1,2
+ net_type=cxi://cxi1
+ getopts l:t:d:T:M:E:PN:AI:s:b:F:a:n:v: opt
+ case ${opt} in
+ log_dir=/lustre/orion/stf243/world-shared/wcastil/Experiments/CUG26/copper_run/logs
+ getopts l:t:d:T:M:E:PN:AI:s:b:F:a:n:v: opt
+ case ${opt} in
+ CU_FUSE_MNT_VIEWDIR=/mnt/bb/wcastil/copper_mount
+ getopts l:t:d:T:M:E:PN:AI:s:b:F:a:n:v: opt
+ case ${opt} in
+ max_cacheable_byte_size=220000000
+ getopts l:t:d:T:M:E:PN:AI:s:b:F:a:n:v: opt
+ log_dir=/lustre/orion/stf243/world-shared/wcastil/Experiments/CUG26/copper_run/logs/4348868
+ logs_dir=/lustre/orion/stf243/world-shared/wcastil/Experiments/CUG26/copper_run/logs/4348868/logs
+ tables_dir=/lustre/orion/stf243/world-shared/wcastil/Experiments/CUG26/copper_run/logs/4348868/tables
+ profiling_dir=/lustre/orion/stf243/world-shared/wcastil/Experiments/CUG26/copper_run/logs/4348868/profiling
+ profiling_final_dir=/lustre/orion/stf243/world-shared/wcastil/Experiments/CUG26/copper_run/logs/4348868/profiling/final
+ profiling_cluster_dir=/lustre/orion/stf243/world-shared/wcastil/Experiments/CUG26/copper_run/logs/4348868/profiling/cluster
+ node_file_copy=/lustre/orion/stf243/world-shared/wcastil/Experiments/CUG26/copper_run/logs/4348868/logs/node_file.txt
+ prepared_address_book=/lustre/orion/stf243/world-shared/wcastil/Experiments/CUG26/copper_run/logs/4348868/logs/copper_address_book.txt
+ prepared_address_book_full_output=/lustre/orion/stf243/world-shared/wcastil/Experiments/CUG26/copper_run/logs/4348868/logs/copper_address_book_full_output.txt
+ prepare_address_book_awk=/lustre/orion/stf243/world-shared/wcastil/Experiments/CUG26/copper_run/logs/4348868/logs/prepare_address_book.awk
+ select_discovered_address_book_awk=/lustre/orion/stf243/world-shared/wcastil/Experiments/CUG26/copper_run/logs/4348868/logs/select_discovered_address_book.awk
+ echo 'log_level                  : 0'
log_level                  : 0
+ echo 'log_type                   : file'
log_type                   : file
+ echo 'trees                      : 1'
trees                      : 1
+ echo 'max_cacheable_byte_size    : 220000000'
max_cacheable_byte_size    : 220000000
+ echo 'md_enoent_ttl_ms           : 2000'
md_enoent_ttl_ms           : 2000
+ echo 'profile_metrics            : 0'
profile_metrics            : 0
+ echo 'profile_top_n              : 0'
profile_top_n              : 0
+ echo 'profile_paths_full         : 0'
profile_paths_full         : 0
+ echo 'profile_snapshot_interval_s: 0'
profile_snapshot_interval_s: 0
+ echo 'sleeptime                  : 10'
sleeptime                  : 10
+ echo 'CU_FUSE_MNT_VIEWDIR        : /mnt/bb/wcastil/copper_mount'
CU_FUSE_MNT_VIEWDIR        : /mnt/bb/wcastil/copper_mount
+ echo 'LOGDIR                     : /lustre/orion/stf243/world-shared/wcastil/Experiments/CUG26/copper_run/logs/4348868'
LOGDIR                     : /lustre/orion/stf243/world-shared/wcastil/Experiments/CUG26/copper_run/logs/4348868
+ echo 'logs_dir                   : /lustre/orion/stf243/world-shared/wcastil/Experiments/CUG26/copper_run/logs/4348868/logs'
logs_dir                   : /lustre/orion/stf243/world-shared/wcastil/Experiments/CUG26/copper_run/logs/4348868/logs
+ echo 'tables_dir                 : /lustre/orion/stf243/world-shared/wcastil/Experiments/CUG26/copper_run/logs/4348868/tables'
tables_dir                 : /lustre/orion/stf243/world-shared/wcastil/Experiments/CUG26/copper_run/logs/4348868/tables
+ echo 'profiling_final_dir        : /lustre/orion/stf243/world-shared/wcastil/Experiments/CUG26/copper_run/logs/4348868/profiling/final'
profiling_final_dir        : /lustre/orion/stf243/world-shared/wcastil/Experiments/CUG26/copper_run/logs/4348868/profiling/final
+ echo 'profiling_cluster_dir      : /lustre/orion/stf243/world-shared/wcastil/Experiments/CUG26/copper_run/logs/4348868/profiling/cluster'
profiling_cluster_dir      : /lustre/orion/stf243/world-shared/wcastil/Experiments/CUG26/copper_run/logs/4348868/profiling/cluster
+ echo 'SLURM_NODEFILE             : '
SLURM_NODEFILE             : 
+ echo 'physcpubind                : 1,2'
physcpubind                : 1,2
+ echo 'facility_address_book      : /sw/frontier/ums/ums046/copper/build/olcf_frontier_copper_addressbook.txt'
facility_address_book      : /sw/frontier/ums/ums046/copper/build/olcf_frontier_copper_addressbook.txt
+ echo 'address_book_source        : facility'
address_book_source        : facility
+ echo 'prepared_address_book      : /lustre/orion/stf243/world-shared/wcastil/Experiments/CUG26/copper_run/logs/4348868/logs/copper_address_book.txt'
prepared_address_book      : /lustre/orion/stf243/world-shared/wcastil/Experiments/CUG26/copper_run/logs/4348868/logs/copper_address_book.txt
+ echo 'prepared_address_book_full : /lustre/orion/stf243/world-shared/wcastil/Experiments/CUG26/copper_run/logs/4348868/logs/copper_address_book_full_output.txt'
prepared_address_book_full : /lustre/orion/stf243/world-shared/wcastil/Experiments/CUG26/copper_run/logs/4348868/logs/copper_address_book_full_output.txt
+ echo 'discovery_helper           : /sw/frontier/ums/ums046/copper/build/list_cxi_hsn_thallium'
discovery_helper           : /sw/frontier/ums/ums046/copper/build/list_cxi_hsn_thallium
+ echo 'net_type                   : cxi://cxi1'
net_type                   : cxi://cxi1
+ mkdir -p /lustre/orion/stf243/world-shared/wcastil/Experiments/CUG26/copper_run/logs/4348868/logs /lustre/orion/stf243/world-shared/wcastil/Experiments/CUG26/copper_run/logs/4348868/tables/final /lustre/orion/stf243/world-shared/wcastil/Experiments/CUG26/copper_run/logs/4348868/profiling/final /lustre/orion/stf243/world-shared/wcastil/Experiments/CUG26/copper_run/logs/4348868/profiling/cluster
+ scontrol show hostnames 'frontier[00209-00210,00212,00216-00217,00220,00242-00248,00330,00333,00335-00336,00338,00347-00348,00370-00376,00464,00467-00468,00472-00474,00476-00477,00499-00505,00598-00600,00602-00604,00627-00633,00707-00709,00713-00714,00716,00719-00721,00724-00726,00728-00730,00755-00760,00834-00835,00839-00840,00842,00846,00850-00852,00854-00856,00860,00882-00888,00972-00973,00976-00982,00986-00987,01010-01016,01107-01108,01111-01113,01115,01138-01144,01213,01217-01218,01220,01223-01224,01228-01234,01238-01241,01243-01244,01266-01267,01346,01349-01350,01354-01356,01358-01361,01364-01365,01367,01369-01371,01394-01398,01469-01470,01472,01475-01476,01480-01486,01490-01491,01493,01496-01497,01499,01522-01524,01598-01604,01606-01612,01616-01619,01621-01623,01721-01729,01732-01739,01742-01745,01848-01855,01858-01864,01866-01871,01974-01981,01983-01990,01994-01998,02095,02099-02116,02120-02121,02225-02233,02235-02242,02245-02248,02352-02359,02361-02368,02370,02372-02375,02482,02485,02487-02494,02497-02506,02508,02606-02621,02623-02627,02733-02753,02864-02884,02989-03009,03119-03139,03247-03267,03373-03393,03501-03521,03630-03650,03757-03777,03885-03905,04013-04017,04019-04034,04141-04161,04269-04289,04397-04413,04415-04418,04525-04545,04653-04673,04781-04801,04910-04929,05039-05058,05165-05184,05293-05312,05421-05440,05549-05568,05678-05697,05805-05809,05812,05816-05817,05828-05829,05837-05838,05840,05849,05874-05879,06002-06007,06016,06133-06136,06143,06258-06264,06271,06386-06391,06398,06514-06519,06526,06642-06647,06652,06775-06779,06897-06903,06910,07027-07033,07156-07161,07282-07287,07294,07412-07416,07535-07537,07540-07542,07549-07550,07679,07928,07936,08190,08320,08948-08950,09072-09078,09203-09207,09327-09334,09429,09431,09435,09439-09440,09460-09467]'
+ clush --hostfile /lustre/orion/stf243/world-shared/wcastil/Experiments/CUG26/copper_run/logs/4348868/logs/node_file.txt 'fusermount3 -u /mnt/bb/wcastil/copper_mount'
+ clush --hostfile /lustre/orion/stf243/world-shared/wcastil/Experiments/CUG26/copper_run/logs/4348868/logs/node_file.txt 'rm -rf /mnt/bb/wcastil/copper_mount'
+ clush --hostfile /lustre/orion/stf243/world-shared/wcastil/Experiments/CUG26/copper_run/logs/4348868/logs/node_file.txt 'mkdir -p /mnt/bb/wcastil/copper_mount'
+ rm -f /lustre/orion/stf243/world-shared/wcastil/Experiments/CUG26/copper_run/logs/4348868/logs/copper_address_book.txt /lustre/orion/stf243/world-shared/wcastil/Experiments/CUG26/copper_run/logs/4348868/logs/copper_address_book_full_output.txt /lustre/orion/stf243/world-shared/wcastil/Experiments/CUG26/copper_run/logs/4348868/logs/prepare_address_book.awk /lustre/orion/stf243/world-shared/wcastil/Experiments/CUG26/copper_run/logs/4348868/logs/select_discovered_address_book.awk
+ echo 'Preparing job-local address book once before full cu_fuse launch'
Preparing job-local address book once before full cu_fuse launch
++ date +%s
+ prepare_address_book_start_epoch=1775664977
+ prepare_address_book_rc=0
+ case "${address_book_source}" in
+ prepare_address_book_from_facility
+ cp /sw/frontier/ums/ums046/copper/build/olcf_frontier_copper_addressbook.txt /lustre/orion/stf243/world-shared/wcastil/Experiments/CUG26/copper_run/logs/4348868/logs/copper_address_book_full_output.txt
+ cat
+ srun --overlap -N 1 -n 1 --ntasks-per-node=1 env NODEFILE_PATH=/lustre/orion/stf243/world-shared/wcastil/Experiments/CUG26/copper_run/logs/4348868/logs/node_file.txt FACILITY_BOOK=/sw/frontier/ums/ums046/copper/build/olcf_frontier_copper_addressbook.txt OUTPUT_PATH=/lustre/orion/stf243/world-shared/wcastil/Experiments/CUG26/copper_run/logs/4348868/logs/copper_address_book.txt AWK_SCRIPT=/lustre/orion/stf243/world-shared/wcastil/Experiments/CUG26/copper_run/logs/4348868/logs/prepare_address_book.awk bash -lc 'awk -f "$AWK_SCRIPT" "$NODEFILE_PATH" "$FACILITY_BOOK" > "$OUTPUT_PATH"'
Deactivating conda environments
++ date +%s
+ prepare_address_book_end_epoch=1775664978
+ echo 'prepared address book generation took 1 s'
prepared address book generation took 1 s
+ '[' 0 -ne 0 ']'
+ '[' '!' -s /lustre/orion/stf243/world-shared/wcastil/Experiments/CUG26/copper_run/logs/4348868/logs/copper_address_book.txt ']'
+ profile_options=
+ '[' 0 -eq 1 ']'
+ '[' 0 -gt 0 ']'
+ '[' 0 -eq 1 ']'
+ '[' 0 -gt 0 ']'
+ options=' -f -tpath / -vpath /mnt/bb/wcastil/copper_mount -log_level 0 -log_type file -log_output_dir /lustre/orion/stf243/world-shared/wcastil/Experiments/CUG26/copper_run/logs/4348868 -net_type cxi://cxi1 -trees 1 -nf /lustre/orion/stf243/world-shared/wcastil/Experiments/CUG26/copper_run/logs/4348868/logs/node_file.txt -max_cacheable_byte_size 220000000 -md_enoent_ttl_ms 2000 -facility_address_book /lustre/orion/stf243/world-shared/wcastil/Experiments/CUG26/copper_run/logs/4348868/logs/copper_address_book.txt -prefiltered_address_book 1 -s /mnt/bb/wcastil/copper_mount'
+ echo 'sleeping for 10 s'
sleeping for 10 s
+ sleep 10s
+ srun --overlap -N 1024 --ntasks-per-node=1 --cpus-per-task=2 bash -c '
    echo "host=$(hostname)"
    echo "allowed=$(grep Cpus_allowed_list /proc/self/status | awk "{print \$2}")"
    echo "current_cpu=$(ps -o psr= -p $$)"
    exec /sw/frontier/ums/ums046/copper/build/cu_fuse  -f -tpath / -vpath /mnt/bb/wcastil/copper_mount -log_level 0 -log_type file -log_output_dir /lustre/orion/stf243/world-shared/wcastil/Experiments/CUG26/copper_run/logs/4348868 -net_type cxi://cxi1 -trees 1 -nf /lustre/orion/stf243/world-shared/wcastil/Experiments/CUG26/copper_run/logs/4348868/logs/node_file.txt -max_cacheable_byte_size 220000000 -md_enoent_ttl_ms 2000 -facility_address_book /lustre/orion/stf243/world-shared/wcastil/Experiments/CUG26/copper_run/logs/4348868/logs/copper_address_book.txt -prefiltered_address_book 1 -s /mnt/bb/wcastil/copper_mount
    '\''
  '
host=frontier00600
host=frontier05311
host=frontier02623
host=frontier01224
host=frontier00860
host=frontier06901
host=frontier00209
host=frontier00373
host=frontier06902
host=frontier01228
host=frontier04793
host=frontier05422
host=frontier07027
host=frontier03377
host=frontier00755
host=frontier00756
host=frontier06526
host=frontier05829
host=frontier04025
host=frontier01111
host=frontier00242
host=frontier03380
host=frontier04541
host=frontier03767
host=frontier03124
host=frontier02868
host=frontier01113
host=frontier09203
host=frontier03640
host=frontier07032
host=frontier02225
host=frontier01240
host=frontier02227
host=frontier00477
host=frontier03258
host=frontier01523
host=frontier01244
host=frontier04289
host=frontier00842
host=frontier07159
host=frontier04398
host=frontier00981
host=frontier01346
host=frontier00502
host=frontier05048
host=frontier00851
host=frontier04529
host=frontier06003
host=frontier02745
host=frontier02235
host=frontier04918
host=frontier04144
host=frontier01859
allowed=1-2
allowed=1-2
allowed=1-2
allowed=1-2
host=frontier01358
allowed=1-2
allowed=1-2
host=frontier02882
allowed=1-2
host=frontier05809
host=frontier04663
host=frontier04922
allowed=1-2
allowed=1-2
host=frontier04406
host=frontier02624
allowed=1-2
host=frontier01987
host=frontier02240
host=frontier09072
host=frontier04277
allowed=1-2
host=frontier01014
host=frontier03504
host=frontier01988
host=frontier03119
host=frontier01015
host=frontier00729
host=frontier02625
host=frontier06903
host=frontier02884
host=frontier00603
host=frontier05421
host=frontier03505
allowed=1-2
host=frontier04279
host=frontier07413
host=frontier03249
host=frontier00216
host=frontier09074
host=frontier01230
allowed=1-2
allowed=1-2
allowed=1-2
host=frontier02864
host=frontier02990
host=frontier01736
host=frontier09075
host=frontier04280
allowed=1-2
allowed=1-2
allowed=1-2
host=frontier03765
host=frontier01612
host=frontier02115
host=frontier05058
host=frontier09461
host=frontier02374
host=frontier05554
host=frontier04539
allowed=1-2
allowed=1-2
host=frontier09462
allowed=1-2
host=frontier01995
host=frontier01867
host=frontier09077
host=frontier04928
host=frontier02606
host=frontier03252
allowed=1-2
allowed=1-2
allowed=1-2
allowed=1-2
host=frontier05838
host=frontier02735
host=frontier06643
host=frontier00758
host=frontier04283
host=frontier09463
allowed=1-2
allowed=1-2
allowed=1-2
allowed=1-2
host=frontier04542
host=frontier04671
host=frontier00472
host=frontier03254
allowed=1-2
host=frontier02737
allowed=1-2
host=frontier09204
host=frontier00245
host=frontier01497
host=frontier02487
host=frontier00632
host=frontier03641
host=frontier04156
host=frontier04673
host=frontier05874
host=frontier00246
allowed=1-2
host=frontier03770
host=frontier02488
host=frontier06262
host=frontier03512
host=frontier01394
allowed=1-2
host=frontier00247
host=frontier04287
host=frontier02997
host=frontier05875
host=frontier01395
host=frontier02355
host=frontier09467
allowed=1-2
allowed=1-2
allowed=1-2
host=frontier02490
host=frontier03772
host=frontier02998
host=frontier04288
host=frontier02740
host=frontier02356
host=frontier03514
allowed=1-2
allowed=1-2
host=frontier05432
host=frontier02491
host=frontier00500
allowed=1-2
allowed=1-2
host=frontier05433
host=frontier01398
host=frontier07550
host=frontier03903
host=frontier04784
host=frontier02230
host=frontier03000
allowed=1-2
host=frontier07160
host=frontier00335
allowed=1-2
host=frontier05879
host=frontier00501
host=frontier04269
host=frontier04527
host=frontier05174
allowed=1-2
allowed=1-2
host=frontier06002
host=frontier06388
host=frontier04528
allowed=1-2
allowed=1-2
host=frontier06779
host=frontier04658
allowed=1-2
allowed=1-2
host=frontier02617
host=frontier05306
host=frontier01349
allowed=1-2
host=frontier02233
allowed=1-2
host=frontier01602
host=frontier03264
host=frontier03004
host=frontier09332
host=frontier03885
allowed=1-2
allowed=1-2
host=frontier04402
host=frontier06898
host=frontier05806
host=frontier01983
host=frontier03005
host=frontier03266
host=frontier04532
host=frontier06398
host=frontier04920
host=frontier00598
host=frontier03630
host=frontier07286
host=frontier02621
host=frontier00371
host=frontier06900
host=frontier06007
allowed=1-2
host=frontier02238
host=frontier04404
host=frontier03631
host=frontier04923
host=frontier09435
host=frontier01733
host=frontier05182
host=frontier04021
host=frontier04794
host=frontier04665
host=frontier05683
host=frontier05057
host=frontier03893
host=frontier09460
host=frontier00217
host=frontier04410
host=frontier03638
host=frontier05295
host=frontier02375
host=frontier05837
host=frontier00630
host=frontier04413
host=frontier05040
host=frontier01138
host=frontier04416
host=frontier04417
host=frontier05430
host=frontier02228
host=frontier04653
host=frontier01141
host=frontier03386
host=frontier00330
host=frontier02492
host=frontier04161
host=frontier04526
host=frontier04034
host=frontier01469
host=frontier01723
host=frontier04013
host=frontier05566
host=frontier03134
host=frontier05436
host=frontier02362
host=frontier00338
host=frontier01217
host=frontier05177
host=frontier04143
host=frontier02106
host=frontier01475
host=frontier07284
host=frontier05050
host=frontier02237
host=frontier05309
host=frontier00856
host=frontier06514
host=frontier01729
host=frontier05052
host=frontier05310
current_cpu=  1
current_cpu=  1
current_cpu=  2
current_cpu=  1
allowed=1-2
current_cpu=  1
allowed=1-2
current_cpu=  1
host=frontier00726
allowed=1-2
host=frontier02367
allowed=1-2
allowed=1-2
current_cpu=  1
current_cpu=  1
allowed=1-2
allowed=1-2
current_cpu=  1
allowed=1-2
allowed=1-2
host=frontier01359
allowed=1-2
allowed=1-2
current_cpu=  2
host=frontier02111
allowed=1-2
allowed=1-2
allowed=1-2
allowed=1-2
allowed=1-2
allowed=1-2
allowed=1-2
allowed=1-2
allowed=1-2
allowed=1-2
host=frontier00374
host=frontier04407
host=frontier03634
host=frontier01484
host=frontier02752
allowed=1-2
allowed=1-2
current_cpu=  2
host=frontier01610
allowed=1-2
host=frontier01735
allowed=1-2
allowed=1-2
allowed=1-2
host=frontier03635
host=frontier03376
allowed=1-2
host=frontier00604
allowed=1-2
host=frontier03763
current_cpu=  1
host=frontier02627
current_cpu=  1
current_cpu=  2
allowed=1-2
allowed=1-2
allowed=1-2
host=frontier01864
host=frontier04409
allowed=1-2
host=frontier02506
host=frontier02373
host=frontier05684
host=frontier03250
allowed=1-2
current_cpu=  1
current_cpu=  1
current_cpu=  2
allowed=1-2
host=frontier09076
host=frontier03251
allowed=1-2
allowed=1-2
allowed=1-2
allowed=1-2
host=frontier01737
allowed=1-2
allowed=1-2
allowed=1-2
current_cpu=  2
current_cpu=  2
allowed=1-2
current_cpu=  2
allowed=1-2
allowed=1-2
allowed=1-2
allowed=1-2
host=frontier07416
host=frontier04153
host=frontier02992
allowed=1-2
host=frontier04798
allowed=1-2
host=frontier01616
current_cpu=  2
current_cpu=  1
current_cpu=  1
current_cpu=  2
host=frontier01234
allowed=1-2
allowed=1-2
allowed=1-2
allowed=1-2
host=frontier03509
allowed=1-2
allowed=1-2
host=frontier09078
host=frontier05426
host=frontier01112
current_cpu=  2
current_cpu=  2
current_cpu=  2
host=frontier00631
host=frontier04155
allowed=1-2
allowed=1-2
host=frontier02736
allowed=1-2
host=frontier09464
host=frontier04800
host=frontier02608
current_cpu=  2
allowed=1-2
current_cpu=  1
allowed=1-2
allowed=1-2
allowed=1-2
allowed=1-2
allowed=1-2
host=frontier06261
allowed=1-2
host=frontier01371
host=frontier04285
allowed=1-2
host=frontier03511
host=frontier02609
allowed=1-2
allowed=1-2
current_cpu=  1
allowed=1-2
host=frontier05559
host=frontier01499
allowed=1-2
host=frontier03642
allowed=1-2
allowed=1-2
host=frontier06646
allowed=1-2
host=frontier00835
host=frontier07156
allowed=1-2
allowed=1-2
allowed=1-2
allowed=1-2
allowed=1-2
allowed=1-2
host=frontier04030
host=frontier06647
host=frontier05560
host=frontier05691
host=frontier04911
current_cpu=  2
host=frontier04159
allowed=1-2
allowed=1-2
allowed=1-2
allowed=1-2
host=frontier01243
host=frontier02612
host=frontier04418
allowed=1-2
allowed=1-2
allowed=1-2
current_cpu=  2
current_cpu=  1
allowed=1-2
allowed=1-2
host=frontier00840
host=frontier01397
host=frontier06775
host=frontier07158
host=frontier07549
host=frontier05693
host=frontier02999
host=frontier03773
allowed=1-2
current_cpu=  1
allowed=1-2
allowed=1-2
allowed=1-2
allowed=1-2
host=frontier01977
allowed=1-2
allowed=1-2
host=frontier04397
host=frontier03646
host=frontier03260
allowed=1-2
current_cpu=  1
host=frontier01267
allowed=1-2
allowed=1-2
current_cpu=  1
allowed=1-2
allowed=1-2
allowed=1-2
allowed=1-2
host=frontier02615
host=frontier02359
allowed=1-2
host=frontier03517
host=frontier06777
current_cpu=  2
current_cpu=  1
allowed=1-2
allowed=1-2
host=frontier07928
host=frontier03002
host=frontier04270
host=frontier04657
host=frontier01144
host=frontier02361
host=frontier04141
host=frontier01600
allowed=1-2
host=frontier05565
current_cpu=  2
allowed=1-2
allowed=1-2
current_cpu=  2
host=frontier09331
current_cpu=  2
allowed=1-2
allowed=1-2
allowed=1-2
host=frontier03519
current_cpu=  2
host=frontier01601
host=frontier02877
allowed=1-2
current_cpu=  1
host=frontier02498
host=frontier03135
allowed=1-2
host=frontier00852
allowed=1-2
host=frontier01854
allowed=1-2
host=frontier03650
allowed=1-2
allowed=1-2
current_cpu=  2
host=frontier08190
host=frontier06390
current_cpu=  1
allowed=1-2
host=frontier03757
allowed=1-2
allowed=1-2
host=frontier00348
allowed=1-2
host=frontier02879
host=frontier02747
host=frontier03392
allowed=1-2
host=frontier04531
host=frontier04273
host=frontier04016
host=frontier02365
host=frontier05439
allowed=1-2
host=frontier01480
host=frontier04403
host=frontier01984
allowed=1-2
allowed=1-2
allowed=1-2
host=frontier01355
host=frontier03137
allowed=1-2
host=frontier05807
allowed=1-2
host=frontier03267
allowed=1-2
allowed=1-2
allowed=1-2
host=frontier09429
allowed=1-2
allowed=1-2
current_cpu=  1
allowed=1-2
host=frontier03888
host=frontier04662
allowed=1-2
allowed=1-2
host=frontier05680
host=frontier02239
host=frontier04276
host=frontier03502
host=frontier01482
host=frontier02110
host=frontier03760
host=frontier01860
host=frontier03889
host=frontier02750
allowed=1-2
host=frontier03247
host=frontier05054
host=frontier03009
host=frontier05550
host=frontier02368
allowed=1-2
allowed=1-2
allowed=1-2
allowed=1-2
allowed=1-2
host=frontier09439
host=frontier05183
host=frontier04924
host=frontier01229
host=frontier01360
allowed=1-2
host=frontier02370
host=frontier01862
host=frontier04149
host=frontier03248
allowed=1-2
host=frontier01016
host=frontier02372
host=frontier05056
host=frontier05184
host=frontier04537
host=frontier02989
allowed=1-2
allowed=1-2
host=frontier07414
host=frontier00627
host=frontier05423
host=frontier02114
allowed=1-2
host=frontier05553
host=frontier06519
host=frontier01486
host=frontier03636
allowed=1-2
host=frontier01490
allowed=1-2
host=frontier03637
host=frontier04024
host=frontier01866
host=frontier07028
host=frontier03378
host=frontier03507
host=frontier00886
host=frontier06143
host=frontier03894
host=frontier01994
host=frontier06258
allowed=1-2
host=frontier01367
allowed=1-2
host=frontier05165
allowed=1-2
host=frontier03379
allowed=1-2
host=frontier03123
host=frontier00757
host=frontier00467
allowed=1-2
host=frontier05687
host=frontier01996
host=frontier02867
host=frontier04026
host=frontier00243
host=frontier07535
allowed=1-2
host=frontier00972
host=frontier06644
host=frontier03125
host=frontier01618
host=frontier01496
host=frontier00244
host=frontier07031
host=frontier04415
host=frontier09465
allowed=1-2
host=frontier07537
host=frontier01239
host=frontier04801
host=frontier03127
host=frontier01744
allowed=1-2
allowed=1-2
host=frontier02226
host=frontier02738
host=frontier05690
host=frontier00633
host=frontier03257
host=frontier01622
allowed=1-2
host=frontier01139
host=frontier02099
host=frontier03643
host=frontier05300
host=frontier02871
allowed=1-2
host=frontier01974
allowed=1-2
host=frontier04912
host=frontier03385
host=frontier01848
host=frontier05561
host=frontier04031
host=frontier01396
host=frontier05876
host=frontier00248
host=frontier06652
allowed=1-2
host=frontier09207
host=frontier03129
host=frontier04913
host=frontier01524
allowed=1-2
host=frontier03645
allowed=1-2
host=frontier00709
allowed=1-2
host=frontier05877
host=frontier00979
allowed=1-2
allowed=1-2
host=frontier05694
host=frontier00713
host=frontier02874
allowed=1-2
host=frontier01266
host=frontier05303
host=frontier02358
host=frontier05045
host=frontier02614
allowed=1-2
host=frontier04785
allowed=1-2
host=frontier09329
host=frontier01143
host=frontier03388
host=frontier07679
allowed=1-2
host=frontier01851
host=frontier05175
host=frontier06778
host=frontier02744
host=frontier04786
host=frontier03649
allowed=1-2
host=frontier07282
allowed=1-2
allowed=1-2
allowed=1-2
allowed=1-2
host=frontier01725
allowed=1-2
host=frontier01980
host=frontier02497
host=frontier04530
allowed=1-2
allowed=1-2
allowed=1-2
host=frontier00987
allowed=1-2
host=frontier00504
allowed=1-2
host=frontier00720
host=frontier02746
host=frontier04272
host=frontier04789
host=frontier01727
host=frontier02619
host=frontier05568
allowed=1-2
allowed=1-2
host=frontier01010
host=frontier03006
host=frontier03887
allowed=1-2
host=frontier04790
host=frontier01858
allowed=1-2
host=frontier00370
host=frontier02500
host=frontier01728
host=frontier06006
host=frontier00724
host=frontier02366
allowed=1-2
allowed=1-2
allowed=1-2
host=frontier01481
host=frontier08949
host=frontier05679
host=frontier00599
allowed=1-2
host=frontier02881
allowed=1-2
host=frontier01012
host=frontier03007
host=frontier04019
host=frontier01013
host=frontier03632
host=frontier03008
host=frontier01986
host=frontier04020
host=frontier03761
host=frontier07412
host=frontier05682
host=frontier06517
host=frontier03892
host=frontier06135
host=frontier04795
host=frontier06518
host=frontier02242
host=frontier01863
host=frontier05828
host=frontier06136
host=frontier04796
host=frontier00628
host=frontier05294
host=frontier01232
host=frontier05685
host=frontier02248
host=frontier01868
host=frontier04929
host=frontier01493
host=frontier04670
host=frontier05296
host=frontier04154
host=frontier07030
host=frontier03381
host=frontier05557
host=frontier05039
host=frontier05298
host=frontier04672
host=frontier03255
host=frontier05428
host=frontier01115
host=frontier00976
host=frontier03899
host=frontier02610
host=frontier01871
host=frontier00834
host=frontier03256
host=frontier05299
host=frontier09466
host=frontier03771
host=frontier03513
host=frontier00476
host=frontier05042
host=frontier02611
host=frontier02872
host=frontier03901
host=frontier01140
host=frontier00839
host=frontier02229
host=frontier00980
host=frontier05563
host=frontier02102
host=frontier01722
host=frontier05878
host=frontier05046
host=frontier03132
host=frontier02231
host=frontier02104
host=frontier05047
host=frontier01724
host=frontier00719
host=frontier03777
host=frontier04917
host=frontier01853
host=frontier05697
host=frontier02105
host=frontier03520
host=frontier01981
host=frontier06897
host=frontier02618
host=frontier01855
host=frontier09333
host=frontier06391
host=frontier05178
host=frontier04919
host=frontier02499
host=frontier09334
host=frontier05051
host=frontier03393
host=frontier04274
host=frontier01604
host=frontier06899
host=frontier04017
host=frontier02749
host=frontier04275
current_cpu=  2
current_cpu=  2
current_cpu=  1
allowed=1-2
current_cpu=  2
allowed=1-2
current_cpu=  1
host=frontier06016
current_cpu=  1
current_cpu=  2
current_cpu=  1
host=frontier05312
current_cpu=  1
current_cpu=  1
allowed=1-2
current_cpu=  2
current_cpu=  2
allowed=1-2
current_cpu=  1
host=frontier03374
current_cpu=  2
current_cpu=  2
current_cpu=  1
current_cpu=  1
current_cpu=  2
current_cpu=  1
current_cpu=  2
current_cpu=  2
current_cpu=  1
allowed=1-2
allowed=1-2
allowed=1-2
allowed=1-2
allowed=1-2
current_cpu=  2
current_cpu=  2
allowed=1-2
current_cpu=  2
allowed=1-2
current_cpu=  1
current_cpu=  2
current_cpu=  1
allowed=1-2
allowed=1-2
current_cpu=  2
allowed=1-2
current_cpu=  1
host=frontier01485
allowed=1-2
allowed=1-2
current_cpu=  2
current_cpu=  2
current_cpu=  1
allowed=1-2
allowed=1-2
current_cpu=  2
allowed=1-2
allowed=1-2
allowed=1-2
allowed=1-2
current_cpu=  1
current_cpu=  1
allowed=1-2
allowed=1-2
current_cpu=  2
current_cpu=  2
current_cpu=  2
current_cpu=  1
host=frontier03122
allowed=1-2
current_cpu=  1
current_cpu=  2
current_cpu=  1
current_cpu=  2
current_cpu=  1
current_cpu=  2
current_cpu=  2
current_cpu=  1
allowed=1-2
allowed=1-2
allowed=1-2
current_cpu=  1
allowed=1-2
current_cpu=  2
allowed=1-2
allowed=1-2
current_cpu=  1
current_cpu=  1
current_cpu=  2
current_cpu=  2
allowed=1-2
current_cpu=  2
current_cpu=  2
allowed=1-2
allowed=1-2
allowed=1-2
current_cpu=  1
allowed=1-2
allowed=1-2
allowed=1-2
current_cpu=  2
current_cpu=  2
allowed=1-2
current_cpu=  1
allowed=1-2
allowed=1-2
allowed=1-2
host=frontier07536
current_cpu=  2
current_cpu=  2
current_cpu=  2
current_cpu=  2
current_cpu=  2
current_cpu=  2
allowed=1-2
current_cpu=  2
allowed=1-2
allowed=1-2
current_cpu=  1
allowed=1-2
allowed=1-2
allowed=1-2
current_cpu=  1
current_cpu=  1
current_cpu=  1
allowed=1-2
allowed=1-2
current_cpu=  2
host=frontier07033
host=frontier01621
allowed=1-2
current_cpu=  1
current_cpu=  1
allowed=1-2
current_cpu=  1
allowed=1-2
current_cpu=  1
allowed=1-2
current_cpu=  2
current_cpu=  2
current_cpu=  2
allowed=1-2
current_cpu=  1
current_cpu=  1
current_cpu=  1
allowed=1-2
allowed=1-2
allowed=1-2
allowed=1-2
allowed=1-2
current_cpu=  1
current_cpu=  2
allowed=1-2
current_cpu=  1
current_cpu=  2
current_cpu=  1
current_cpu=  2
allowed=1-2
allowed=1-2
allowed=1-2
current_cpu=  2
current_cpu=  1
current_cpu=  2
host=frontier04782
current_cpu=  2
current_cpu=  2
host=frontier02741
allowed=1-2
allowed=1-2
allowed=1-2
host=frontier01721
allowed=1-2
allowed=1-2
host=frontier01849
allowed=1-2
allowed=1-2
allowed=1-2
current_cpu=  2
current_cpu=  1
current_cpu=  1
current_cpu=  1
current_cpu=  2
current_cpu=  1
allowed=1-2
current_cpu=  2
current_cpu=  1
allowed=1-2
allowed=1-2
allowed=1-2
current_cpu=  2
host=frontier02742
allowed=1-2
current_cpu=  1
current_cpu=  1
current_cpu=  2
current_cpu=  1
current_cpu=  1
current_cpu=  2
allowed=1-2
allowed=1-2
host=frontier04915
current_cpu=  1
allowed=1-2
allowed=1-2
current_cpu=  2
current_cpu=  1
host=frontier01979
allowed=1-2
allowed=1-2
allowed=1-2
allowed=1-2
allowed=1-2
allowed=1-2
allowed=1-2
allowed=1-2
current_cpu=  2
allowed=1-2
current_cpu=  2
current_cpu=  1
current_cpu=  1
allowed=1-2
current_cpu=  1
current_cpu=  2
current_cpu=  1
allowed=1-2
allowed=1-2
allowed=1-2
current_cpu=  1
allowed=1-2
allowed=1-2
current_cpu=  1
allowed=1-2
current_cpu=  1
allowed=1-2
current_cpu=  2
allowed=1-2
current_cpu=  2
current_cpu=  1
allowed=1-2
allowed=1-2
current_cpu=  2
host=frontier01603
allowed=1-2
current_cpu=  1
current_cpu=  1
allowed=1-2
current_cpu=  2
allowed=1-2
allowed=1-2
host=frontier01476
allowed=1-2
current_cpu=  2
allowed=1-2
allowed=1-2
allowed=1-2
allowed=1-2
allowed=1-2
current_cpu=  2
allowed=1-2
allowed=1-2
allowed=1-2
current_cpu=  2
current_cpu=  1
current_cpu=  2
allowed=1-2
allowed=1-2
current_cpu=  2
allowed=1-2
current_cpu=  1
allowed=1-2
current_cpu=  2
current_cpu=  1
current_cpu=  1
allowed=1-2
current_cpu=  2
current_cpu=  1
current_cpu=  2
host=frontier01985
allowed=1-2
allowed=1-2
host=frontier05440
current_cpu=  2
current_cpu=  2
host=frontier04792
allowed=1-2
host=frontier00372
allowed=1-2
allowed=1-2
allowed=1-2
allowed=1-2
allowed=1-2
allowed=1-2
host=frontier03373
allowed=1-2
host=frontier08950
host=frontier06515
allowed=1-2
allowed=1-2
current_cpu=  1
allowed=1-2
allowed=1-2
allowed=1-2
allowed=1-2
host=frontier02751
host=frontier04535
allowed=1-2
host=frontier01861
host=frontier01483
host=frontier03633
host=frontier00728
current_cpu=  1
current_cpu=  2
current_cpu=  2
current_cpu=  2
current_cpu=  2
allowed=1-2
allowed=1-2
allowed=1-2
allowed=1-2
allowed=1-2
current_cpu=  2
allowed=1-2
allowed=1-2
allowed=1-2
allowed=1-2
host=frontier05551
host=frontier02112
host=frontier01609
current_cpu=  1
allowed=1-2
allowed=1-2
allowed=1-2
allowed=1-2
allowed=1-2
host=frontier06910
host=frontier01989
allowed=1-2
host=frontier04408
host=frontier00375
host=frontier02626
host=frontier00730
host=frontier00884
host=frontier04022
current_cpu=  2
current_cpu=  2
allowed=1-2
allowed=1-2
host=frontier04667
allowed=1-2
allowed=1-2
current_cpu=  1
allowed=1-2
allowed=1-2
allowed=1-2
allowed=1-2
current_cpu=  2
host=frontier05293
host=frontier04151
allowed=1-2
current_cpu=  1
allowed=1-2
allowed=1-2
host=frontier05424
host=frontier04927
allowed=1-2
allowed=1-2
allowed=1-2
allowed=1-2
allowed=1-2
allowed=1-2
allowed=1-2
allowed=1-2
host=frontier02246
allowed=1-2
host=frontier03508
current_cpu=  2
allowed=1-2
current_cpu=  2
allowed=1-2
current_cpu=  1
host=frontier04669
host=frontier07029
allowed=1-2
current_cpu=  1
allowed=1-2
allowed=1-2
host=frontier01491
allowed=1-2
current_cpu=  2
allowed=1-2
host=frontier03639
host=frontier02120
host=frontier05556
allowed=1-2
allowed=1-2
allowed=1-2
host=frontier06259
allowed=1-2
host=frontier04799
host=frontier01617
host=frontier02482
allowed=1-2
host=frontier05166
current_cpu=  1
allowed=1-2
allowed=1-2
allowed=1-2
allowed=1-2
host=frontier01238
allowed=1-2
allowed=1-2
host=frontier01742
host=frontier05167
host=frontier05427
host=frontier00759
host=frontier05297
host=frontier02485
allowed=1-2
allowed=1-2
host=frontier05849
allowed=1-2
host=frontier00760
host=frontier05168
host=frontier02995
host=frontier06645
current_cpu=  2
allowed=1-2
allowed=1-2
host=frontier04028
allowed=1-2
host=frontier00473
host=frontier01870
host=frontier03126
allowed=1-2
allowed=1-2
current_cpu=  1
host=frontier04029
current_cpu=  1
allowed=1-2
host=frontier04910
allowed=1-2
allowed=1-2
allowed=1-2
host=frontier05429
host=frontier02095
host=frontier02870
host=frontier04544
host=frontier03383
allowed=1-2
allowed=1-2
current_cpu=  1
host=frontier09206
allowed=1-2
allowed=1-2
host=frontier00977
allowed=1-2
allowed=1-2
allowed=1-2
host=frontier03384
host=frontier04545
current_cpu=  1
allowed=1-2
host=frontier02489
current_cpu=  1
allowed=1-2
allowed=1-2
allowed=1-2
allowed=1-2
allowed=1-2
allowed=1-2
allowed=1-2
host=frontier06264
allowed=1-2
allowed=1-2
current_cpu=  2
allowed=1-2
allowed=1-2
host=frontier07542
allowed=1-2
allowed=1-2
current_cpu=  1
allowed=1-2
current_cpu=  1
allowed=1-2
host=frontier02101
current_cpu=  1
host=frontier03130
allowed=1-2
host=frontier04160
host=frontier02613
host=frontier03259
host=frontier04783
allowed=1-2
current_cpu=  1
current_cpu=  1
allowed=1-2
allowed=1-2
host=frontier04655
allowed=1-2
current_cpu=  1
allowed=1-2
host=frontier09328
allowed=1-2
host=frontier01142
allowed=1-2
host=frontier05173
allowed=1-2
allowed=1-2
current_cpu=  2
host=frontier00714
allowed=1-2
current_cpu=  2
allowed=1-2
allowed=1-2
host=frontier00846
host=frontier05434
allowed=1-2
host=frontier01599
allowed=1-2
host=frontier03647
current_cpu=  1
allowed=1-2
host=frontier01978
host=frontier05696
allowed=1-2
host=frontier02876
host=frontier00336
host=frontier02616
host=frontier03389
host=frontier03262
host=frontier01852
allowed=1-2
host=frontier01470
allowed=1-2
host=frontier03133
allowed=1-2
host=frontier03776
host=frontier09330
allowed=1-2
host=frontier04400
host=frontier01472
current_cpu=  1
allowed=1-2
current_cpu=  2
current_cpu=  1
current_cpu=  1
current_cpu=  2
allowed=1-2
current_cpu=  1
allowed=1-2
allowed=1-2
host=frontier00503
host=frontier03390
allowed=1-2
current_cpu=  1
current_cpu=  1
current_cpu=  2
host=frontier05437
allowed=1-2
current_cpu=  2
allowed=1-2
host=frontier02878
current_cpu=  2
allowed=1-2
allowed=1-2
host=frontier07283
host=frontier05049
allowed=1-2
allowed=1-2
allowed=1-2
allowed=1-2
host=frontier03521
allowed=1-2
current_cpu=  2
current_cpu=  1
host=frontier00505
host=frontier00721
host=frontier04660
host=frontier08320
host=frontier02107
allowed=1-2
host=frontier01218
host=frontier02236
allowed=1-2
allowed=1-2
current_cpu=  1
allowed=1-2
allowed=1-2
current_cpu=  2
allowed=1-2
host=frontier02880
allowed=1-2
host=frontier07285
allowed=1-2
allowed=1-2
host=frontier08948
allowed=1-2
host=frontier05179
allowed=1-2
current_cpu=  1
current_cpu=  1
current_cpu=  2
allowed=1-2
allowed=1-2
host=frontier01223
allowed=1-2
allowed=1-2
current_cpu=  2
allowed=1-2
current_cpu=  2
allowed=1-2
host=frontier02501
allowed=1-2
host=frontier04405
host=frontier09431
host=frontier02502
host=frontier05181
host=frontier01607
host=frontier04534
allowed=1-2
host=frontier01732
allowed=1-2
host=frontier03139
allowed=1-2
host=frontier04147
allowed=1-2
host=frontier05549
allowed=1-2
host=frontier06133
allowed=1-2
allowed=1-2
host=frontier04148
host=frontier07294
host=frontier00602
host=frontier01608
host=frontier03890
host=frontier00210
host=frontier02883
host=frontier02503
host=frontier03503
host=frontier00882
host=frontier05812
host=frontier06516
host=frontier00883
allowed=1-2
allowed=1-2
allowed=1-2
host=frontier04536
host=frontier05816
host=frontier09073
host=frontier04278
host=frontier00212
host=frontier06134
host=frontier02241
host=frontier05055
host=frontier01734
host=frontier02504
host=frontier09440
allowed=1-2
host=frontier01361
allowed=1-2
allowed=1-2
host=frontier02113
allowed=1-2
host=frontier02505
host=frontier03120
host=frontier05552
allowed=1-2
host=frontier05817
allowed=1-2
host=frontier04150
host=frontier04925
host=frontier00885
host=frontier01611
host=frontier03506
allowed=1-2
host=frontier04538
allowed=1-2
host=frontier04023
host=frontier02245
host=frontier01107
host=frontier01364
host=frontier01231
host=frontier03764
host=frontier00376
host=frontier03121
allowed=1-2
host=frontier02991
allowed=1-2
host=frontier02733
allowed=1-2
allowed=1-2
allowed=1-2
host=frontier04281
host=frontier04152
host=frontier00220
host=frontier04668
host=frontier02865
host=frontier00464
host=frontier07415
host=frontier02508
host=frontier04797
host=frontier00887
host=frontier03895
host=frontier05686
host=frontier04540
host=frontier01738
host=frontier00629
host=frontier02866
host=frontier02116
host=frontier05425
host=frontier02734
host=frontier01233
host=frontier04282
host=frontier06642
host=frontier02247
host=frontier04411
allowed=1-2
allowed=1-2
host=frontier01739
allowed=1-2
allowed=1-2
allowed=1-2
host=frontier04412
allowed=1-2
allowed=1-2
allowed=1-2
host=frontier02607
host=frontier01369
host=frontier00468
host=frontier03896
host=frontier03253
host=frontier02121
host=frontier04284
host=frontier03768
host=frontier05688
allowed=1-2
allowed=1-2
host=frontier02352
host=frontier01869
host=frontier05840
host=frontier03510
host=frontier01370
host=frontier04027
host=frontier06260
host=frontier02994
allowed=1-2
host=frontier00973
allowed=1-2
host=frontier01998
allowed=1-2
host=frontier02869
host=frontier01743
host=frontier05558
host=frontier04543
host=frontier03382
host=frontier05689
host=frontier03898
host=frontier02353
allowed=1-2
allowed=1-2
allowed=1-2
allowed=1-2
host=frontier00474
allowed=1-2
host=frontier04286
allowed=1-2
allowed=1-2
allowed=1-2
allowed=1-2
host=frontier02354
host=frontier07540
allowed=1-2
host=frontier04157
host=frontier05041
allowed=1-2
allowed=1-2
host=frontier01522
host=frontier06263
host=frontier07541
host=frontier00707
host=frontier05170
allowed=1-2
allowed=1-2
host=frontier03900
host=frontier01745
host=frontier01241
allowed=1-2
allowed=1-2
allowed=1-2
allowed=1-2
allowed=1-2
host=frontier00708
allowed=1-2
host=frontier07157
host=frontier01975
host=frontier05043
host=frontier05431
host=frontier05301
host=frontier05171
host=frontier00978
host=frontier05692
host=frontier01623
host=frontier03644
host=frontier06271
host=frontier05302
host=frontier02357
allowed=1-2
host=frontier00499
host=frontier03902
host=frontier05562
host=frontier05172
host=frontier04525
host=frontier01976
host=frontier02873
host=frontier04654
host=frontier05044
host=frontier09327
host=frontier04032
allowed=1-2
host=frontier04033
host=frontier06386
host=frontier06776
host=frontier04914
host=frontier03387
host=frontier00333
host=frontier01598
allowed=1-2
allowed=1-2
host=frontier03516
allowed=1-2
host=frontier03131
host=frontier03774
allowed=1-2
allowed=1-2
host=frontier02743
host=frontier03001
host=frontier06387
host=frontier03261
host=frontier05564
allowed=1-2
host=frontier02875
host=frontier04656
host=frontier02103
host=frontier05695
host=frontier03775
host=frontier03904
host=frontier02493
allowed=1-2
host=frontier00982
host=frontier04399
allowed=1-2
host=frontier03518
host=frontier07161
host=frontier00716
host=frontier03648
host=frontier02494
allowed=1-2
allowed=1-2
host=frontier05435
host=frontier00850
host=frontier05305
host=frontier04916
host=frontier03905
host=frontier01213
host=frontier04142
host=frontier00986
allowed=1-2
host=frontier04787
allowed=1-2
host=frontier03263
allowed=1-2
allowed=1-2
host=frontier05176
host=frontier03003
host=frontier07936
host=frontier06389
allowed=1-2
allowed=1-2
allowed=1-2
host=frontier04014
host=frontier05307
host=frontier06004
host=frontier04788
host=frontier01350
host=frontier00347
host=frontier01726
allowed=1-2
host=frontier05805
host=frontier05567
allowed=1-2
allowed=1-2
host=frontier04659
host=frontier03391
allowed=1-2
host=frontier01354
host=frontier05438
allowed=1-2
host=frontier00854
allowed=1-2
host=frontier05308
host=frontier03265
host=frontier02364
allowed=1-2
host=frontier03136
host=frontier06005
host=frontier03886
allowed=1-2
allowed=1-2
allowed=1-2
host=frontier00855
allowed=1-2
host=frontier02108
host=frontier04145
host=frontier01011
allowed=1-2
host=frontier04661
host=frontier01220
host=frontier03758
allowed=1-2
host=frontier02748
host=frontier05678
allowed=1-2
allowed=1-2
host=frontier03759
allowed=1-2
host=frontier03501
host=frontier03138
host=frontier00725
host=frontier04791
host=frontier01356
host=frontier04146
host=frontier02109
host=frontier04533
host=frontier01606
allowed=1-2
allowed=1-2
host=frontier05180
host=frontier05808
host=frontier07287
host=frontier05053
host=frontier05681
host=frontier04664
host=frontier03762
host=frontier03375
host=frontier02753
host=frontier04666
host=frontier04926
host=frontier01990
host=frontier01108
host=frontier01365
host=frontier05555
host=frontier03766
host=frontier00888
host=frontier02993
host=frontier03897
host=frontier01997
host=frontier01619
host=frontier03769
host=frontier05169
host=frontier09205
host=frontier04158
host=frontier02100
host=frontier03515
host=frontier01850
host=frontier05304
host=frontier02232
host=frontier04271
host=frontier04401
host=frontier04015
host=frontier02620
host=frontier04921
current_cpu=  1
current_cpu=  1
allowed=1-2
allowed=1-2
current_cpu=  1
current_cpu=  1
allowed=1-2
current_cpu=  2
current_cpu=  2
current_cpu=  1
current_cpu=  1
current_cpu=  2
current_cpu=  2
current_cpu=  1
current_cpu=  2
current_cpu=  1
current_cpu=  1
allowed=1-2
current_cpu=  2
current_cpu=  1
current_cpu=  1
current_cpu=  2
current_cpu=  1
current_cpu=  1
current_cpu=  1
current_cpu=  1
current_cpu=  2
current_cpu=  1
allowed=1-2
current_cpu=  2
current_cpu=  1
current_cpu=  1
current_cpu=  2
current_cpu=  1
current_cpu=  1
current_cpu=  1
current_cpu=  2
current_cpu=  1
current_cpu=  1
current_cpu=  1
current_cpu=  2
current_cpu=  2
current_cpu=  2
current_cpu=  1
current_cpu=  1
current_cpu=  1
current_cpu=  2
allowed=1-2
current_cpu=  1
current_cpu=  1
current_cpu=  2
current_cpu=  2
current_cpu=  1
current_cpu=  1
current_cpu=  2
current_cpu=  2
allowed=1-2
allowed=1-2
current_cpu=  1
current_cpu=  1
current_cpu=  2
current_cpu=  1
current_cpu=  1
current_cpu=  1
current_cpu=  2
current_cpu=  1
current_cpu=  2
current_cpu=  2
current_cpu=  1
current_cpu=  2
current_cpu=  2
current_cpu=  2
allowed=1-2
allowed=1-2
current_cpu=  2
current_cpu=  1
current_cpu=  1
allowed=1-2
current_cpu=  2
current_cpu=  1
allowed=1-2
current_cpu=  2
current_cpu=  2
current_cpu=  2
current_cpu=  1
current_cpu=  1
current_cpu=  2
current_cpu=  2
allowed=1-2
current_cpu=  2
current_cpu=  1
current_cpu=  1
allowed=1-2
current_cpu=  2
current_cpu=  2
allowed=1-2
current_cpu=  1
current_cpu=  2
current_cpu=  1
current_cpu=  1
current_cpu=  1
current_cpu=  2
current_cpu=  1
current_cpu=  1
current_cpu=  1
current_cpu=  1
current_cpu=  1
current_cpu=  2
current_cpu=  1
current_cpu=  2
current_cpu=  2
current_cpu=  1
current_cpu=  2
current_cpu=  1
current_cpu=  2
current_cpu=  2
allowed=1-2
current_cpu=  2
current_cpu=  2
current_cpu=  1
current_cpu=  2
allowed=1-2
current_cpu=  2
current_cpu=  2
current_cpu=  2
current_cpu=  2
current_cpu=  2
current_cpu=  2
current_cpu=  2
current_cpu=  2
current_cpu=  2
current_cpu=  2
current_cpu=  1
current_cpu=  2
current_cpu=  2
current_cpu=  1
allowed=1-2
current_cpu=  1
current_cpu=  2
allowed=1-2
allowed=1-2
current_cpu=  1
allowed=1-2
current_cpu=  1
current_cpu=  1
current_cpu=  2
current_cpu=  2
current_cpu=  2
current_cpu=  2
allowed=1-2
current_cpu=  1
allowed=1-2
allowed=1-2
current_cpu=  2
current_cpu=  1
current_cpu=  1
current_cpu=  1
current_cpu=  2
current_cpu=  2
allowed=1-2
allowed=1-2
current_cpu=  2
allowed=1-2
allowed=1-2
allowed=1-2
current_cpu=  2
current_cpu=  2
current_cpu=  2
current_cpu=  1
current_cpu=  1
current_cpu=  2
current_cpu=  1
current_cpu=  1
current_cpu=  2
allowed=1-2
allowed=1-2
current_cpu=  1
current_cpu=  2
current_cpu=  1
current_cpu=  1
current_cpu=  1
current_cpu=  2
current_cpu=  1
current_cpu=  2
current_cpu=  2
current_cpu=  2
current_cpu=  2
current_cpu=  1
current_cpu=  1
current_cpu=  2
current_cpu=  2
current_cpu=  2
current_cpu=  2
current_cpu=  1
current_cpu=  2
current_cpu=  1
current_cpu=  2
current_cpu=  2
current_cpu=  1
allowed=1-2
current_cpu=  1
current_cpu=  1
current_cpu=  2
current_cpu=  1
current_cpu=  2
current_cpu=  1
allowed=1-2
allowed=1-2
current_cpu=  2
current_cpu=  1
allowed=1-2
allowed=1-2
current_cpu=  1
current_cpu=  2
allowed=1-2
allowed=1-2
current_cpu=  2
current_cpu=  1
allowed=1-2
allowed=1-2
current_cpu=  1
current_cpu=  1
current_cpu=  1
current_cpu=  1
allowed=1-2
current_cpu=  1
current_cpu=  2
current_cpu=  2
current_cpu=  2
current_cpu=  2
current_cpu=  2
allowed=1-2
current_cpu=  1
allowed=1-2
current_cpu=  2
current_cpu=  1
current_cpu=  1
current_cpu=  1
current_cpu=  1
allowed=1-2
current_cpu=  2
allowed=1-2
current_cpu=  2
current_cpu=  2
current_cpu=  2
current_cpu=  2
current_cpu=  2
current_cpu=  1
current_cpu=  1
current_cpu=  2
allowed=1-2
current_cpu=  2
allowed=1-2
current_cpu=  2
current_cpu=  2
current_cpu=  2
allowed=1-2
allowed=1-2
current_cpu=  1
current_cpu=  2
current_cpu=  1
current_cpu=  1
current_cpu=  1
allowed=1-2
current_cpu=  1
current_cpu=  1
allowed=1-2
allowed=1-2
current_cpu=  1
current_cpu=  1
current_cpu=  2
allowed=1-2
current_cpu=  2
current_cpu=  2
current_cpu=  1
current_cpu=  2
allowed=1-2
current_cpu=  1
allowed=1-2
allowed=1-2
current_cpu=  1
current_cpu=  1
current_cpu=  1
allowed=1-2
current_cpu=  1
current_cpu=  1
allowed=1-2
current_cpu=  2
current_cpu=  2
current_cpu=  1
current_cpu=  2
current_cpu=  1
allowed=1-2
current_cpu=  1
host=frontier02363
current_cpu=  1
current_cpu=  1
allowed=1-2
current_cpu=  2
allowed=1-2
allowed=1-2
current_cpu=  1
allowed=1-2
allowed=1-2
current_cpu=  1
current_cpu=  1
allowed=1-2
allowed=1-2
current_cpu=  2
current_cpu=  2
current_cpu=  2
current_cpu=  1
allowed=1-2
current_cpu=  1
current_cpu=  2
allowed=1-2
allowed=1-2
allowed=1-2
current_cpu=  1
current_cpu=  2
current_cpu=  2
allowed=1-2
current_cpu=  2
current_cpu=  2
current_cpu=  2
allowed=1-2
current_cpu=  2
current_cpu=  1
allowed=1-2
allowed=1-2
current_cpu=  1
current_cpu=  1
current_cpu=  2
allowed=1-2
current_cpu=  2
current_cpu=  1
current_cpu=  2
allowed=1-2
current_cpu=  2
current_cpu=  2
allowed=1-2
current_cpu=  1
current_cpu=  2
current_cpu=  1
current_cpu=  1
current_cpu=  2
allowed=1-2
allowed=1-2
current_cpu=  2
current_cpu=  2
allowed=1-2
allowed=1-2
current_cpu=  1
current_cpu=  1
allowed=1-2
current_cpu=  2
current_cpu=  1
current_cpu=  2
allowed=1-2
current_cpu=  2
current_cpu=  1
current_cpu=  2
allowed=1-2
current_cpu=  2
current_cpu=  2
current_cpu=  2
current_cpu=  2
current_cpu=  2
allowed=1-2
allowed=1-2
current_cpu=  1
current_cpu=  1
current_cpu=  2
allowed=1-2
current_cpu=  1
current_cpu=  2
current_cpu=  2
current_cpu=  2
current_cpu=  1
current_cpu=  1
current_cpu=  2
current_cpu=  2
current_cpu=  2
allowed=1-2
current_cpu=  2
current_cpu=  2
current_cpu=  1
current_cpu=  1
current_cpu=  1
allowed=1-2
current_cpu=  2
current_cpu=  2
current_cpu=  2
current_cpu=  1
current_cpu=  1
allowed=1-2
current_cpu=  2
allowed=1-2
current_cpu=  1
current_cpu=  1
allowed=1-2
allowed=1-2
current_cpu=  2
current_cpu=  2
allowed=1-2
allowed=1-2
current_cpu=  1
current_cpu=  2
current_cpu=  1
current_cpu=  1
current_cpu=  1
allowed=1-2
current_cpu=  1
current_cpu=  1
allowed=1-2
current_cpu=  1
current_cpu=  2
allowed=1-2
current_cpu=  1
current_cpu=  2
allowed=1-2
current_cpu=  2
current_cpu=  2
current_cpu=  1
current_cpu=  2
allowed=1-2
current_cpu=  2
current_cpu=  1
current_cpu=  1
current_cpu=  1
allowed=1-2
allowed=1-2
current_cpu=  1
current_cpu=  2
current_cpu=  2
allowed=1-2
current_cpu=  1
current_cpu=  2
current_cpu=  2
allowed=1-2
current_cpu=  2
current_cpu=  1
allowed=1-2
allowed=1-2
allowed=1-2
current_cpu=  1
current_cpu=  2
current_cpu=  1
allowed=1-2
allowed=1-2
current_cpu=  2
current_cpu=  1
allowed=1-2
allowed=1-2
current_cpu=  2
current_cpu=  2
allowed=1-2
allowed=1-2
current_cpu=  2
current_cpu=  1
current_cpu=  1
allowed=1-2
current_cpu=  2
current_cpu=  1
current_cpu=  2
allowed=1-2
current_cpu=  2
current_cpu=  2
allowed=1-2
allowed=1-2
current_cpu=  2
current_cpu=  1
current_cpu=  2
allowed=1-2
allowed=1-2
current_cpu=  2
current_cpu=  1
current_cpu=  1
current_cpu=  2
current_cpu=  1
allowed=1-2
allowed=1-2
current_cpu=  1
current_cpu=  2
current_cpu=  2
allowed=1-2
current_cpu=  1
current_cpu=  2
current_cpu=  2
allowed=1-2
current_cpu=  2
current_cpu=  2
current_cpu=  2
allowed=1-2
current_cpu=  1
allowed=1-2
current_cpu=  1
current_cpu=  2
current_cpu=  2
current_cpu=  2
current_cpu=  2
allowed=1-2
current_cpu=  2
current_cpu=  2
allowed=1-2
allowed=1-2
current_cpu=  1
allowed=1-2
current_cpu=  2
allowed=1-2
current_cpu=  1
allowed=1-2
current_cpu=  1
current_cpu=  2
allowed=1-2
allowed=1-2
current_cpu=  1
current_cpu=  1
current_cpu=  1
current_cpu=  2
current_cpu=  2
current_cpu=  1
current_cpu=  2
allowed=1-2
current_cpu=  1
allowed=1-2
current_cpu=  2
current_cpu=  2
allowed=1-2
current_cpu=  1
current_cpu=  2
allowed=1-2
current_cpu=  2
current_cpu=  1
current_cpu=  1
current_cpu=  1
allowed=1-2
current_cpu=  1
current_cpu=  2
current_cpu=  1
current_cpu=  2
current_cpu=  1
allowed=1-2
current_cpu=  1
current_cpu=  1
allowed=1-2
current_cpu=  1
allowed=1-2
current_cpu=  2
allowed=1-2
current_cpu=  2
current_cpu=  1
allowed=1-2
allowed=1-2
current_cpu=  1
current_cpu=  2
allowed=1-2
current_cpu=  1
current_cpu=  2
allowed=1-2
current_cpu=  2
current_cpu=  1
allowed=1-2
current_cpu=  2
current_cpu=  2
allowed=1-2
current_cpu=  2
current_cpu=  2
allowed=1-2
current_cpu=  1
current_cpu=  2
allowed=1-2
current_cpu=  2
current_cpu=  2
current_cpu=  2
current_cpu=  2
allowed=1-2
allowed=1-2
current_cpu=  2
current_cpu=  2
allowed=1-2
allowed=1-2
current_cpu=  1
current_cpu=  2
allowed=1-2
allowed=1-2
current_cpu=  1
current_cpu=  1
allowed=1-2
allowed=1-2
current_cpu=  1
current_cpu=  2
allowed=1-2
allowed=1-2
current_cpu=  2
current_cpu=  1
allowed=1-2
allowed=1-2
current_cpu=  1
current_cpu=  2
allowed=1-2
current_cpu=  1
current_cpu=  1
current_cpu=  1
current_cpu=  1
allowed=1-2
current_cpu=  1
allowed=1-2
current_cpu=  2
current_cpu=  1
allowed=1-2
allowed=1-2
current_cpu=  1
allowed=1-2
current_cpu=  1
host=frontier03891
allowed=1-2
allowed=1-2
current_cpu=  2
allowed=1-2
current_cpu=  1
allowed=1-2
current_cpu=  2
allowed=1-2
current_cpu=  2
allowed=1-2
current_cpu=  1
allowed=1-2
current_cpu=  2
current_cpu=  2
current_cpu=  1
allowed=1-2
current_cpu=  1
current_cpu=  1
current_cpu=  2
allowed=1-2
current_cpu=  2
current_cpu=  2
allowed=1-2
allowed=1-2
current_cpu=  1
current_cpu=  1
allowed=1-2
current_cpu=  1
current_cpu=  2
allowed=1-2
current_cpu=  1
current_cpu=  2
allowed=1-2
allowed=1-2
current_cpu=  2
current_cpu=  1
allowed=1-2
allowed=1-2
current_cpu=  1
current_cpu=  1
allowed=1-2
current_cpu=  1
current_cpu=  2
allowed=1-2
current_cpu=  2
current_cpu=  2
current_cpu=  1
allowed=1-2
current_cpu=  2
allowed=1-2
current_cpu=  2
allowed=1-2
current_cpu=  1
allowed=1-2
current_cpu=  1
allowed=1-2
current_cpu=  1
allowed=1-2
current_cpu=  2
allowed=1-2
current_cpu=  1
current_cpu=  1
allowed=1-2
current_cpu=  2
current_cpu=  1
allowed=1-2
current_cpu=  2
current_cpu=  2
allowed=1-2
current_cpu=  1
current_cpu=  2
current_cpu=  2
current_cpu=  2
allowed=1-2
current_cpu=  1
allowed=1-2
current_cpu=  2
allowed=1-2
current_cpu=  1
allowed=1-2
current_cpu=  1
current_cpu=  1
allowed=1-2
allowed=1-2
current_cpu=  1
current_cpu=  1
allowed=1-2
allowed=1-2
current_cpu=  2
allowed=1-2
current_cpu=  1
allowed=1-2
current_cpu=  2
current_cpu=  2
allowed=1-2
allowed=1-2
current_cpu=  2
current_cpu=  2
allowed=1-2
allowed=1-2
current_cpu=  2
current_cpu=  2
allowed=1-2
allowed=1-2
current_cpu=  2
current_cpu=  2
allowed=1-2
allowed=1-2
current_cpu=  2
current_cpu=  2
allowed=1-2
allowed=1-2
current_cpu=  2
current_cpu=  2
allowed=1-2
allowed=1-2
current_cpu=  2
current_cpu=  2
allowed=1-2
allowed=1-2
current_cpu=  1
current_cpu=  2
current_cpu=  1
current_cpu=  1
current_cpu=  2
allowed=1-2
current_cpu=  1
current_cpu=  1
current_cpu=  1
current_cpu=  1
allowed=1-2
current_cpu=  1
current_cpu=  2
current_cpu=  2
current_cpu=  1
current_cpu=  2
allowed=1-2
allowed=1-2
current_cpu=  2
current_cpu=  2
allowed=1-2
allowed=1-2
current_cpu=  1
current_cpu=  2
allowed=1-2
allowed=1-2
current_cpu=  1
current_cpu=  1
allowed=1-2
allowed=1-2
current_cpu=  1
current_cpu=  2
current_cpu=  1
allowed=1-2
current_cpu=  2
current_cpu=  1
current_cpu=  2
allowed=1-2
current_cpu=  1
allowed=1-2
current_cpu=  2
allowed=1-2
current_cpu=  1
allowed=1-2
current_cpu=  1
allowed=1-2
current_cpu=  2
allowed=1-2
current_cpu=  2
allowed=1-2
current_cpu=  1
allowed=1-2
current_cpu=  1
current_cpu=  2
allowed=1-2
current_cpu=  1
current_cpu=  1
allowed=1-2
current_cpu=  2
current_cpu=  2
allowed=1-2
allowed=1-2
current_cpu=  1
current_cpu=  2
current_cpu=  2
allowed=1-2
current_cpu=  2
allowed=1-2
current_cpu=  1
allowed=1-2
current_cpu=  1
allowed=1-2
current_cpu=  2
allowed=1-2
current_cpu=  1
allowed=1-2
current_cpu=  2
current_cpu=  2
current_cpu=  1
current_cpu=  2
current_cpu=  2
allowed=1-2
current_cpu=  2
current_cpu=  1
allowed=1-2
current_cpu=  1
current_cpu=  2
current_cpu=  1
current_cpu=  1
current_cpu=  2
host=frontier02996
allowed=1-2
allowed=1-2
current_cpu=  2
allowed=1-2
current_cpu=  1
current_cpu=  1
allowed=1-2
current_cpu=  1
allowed=1-2
current_cpu=  1
current_cpu=  1
current_cpu=  2
allowed=1-2
current_cpu=  2
allowed=1-2
current_cpu=  1
allowed=1-2
current_cpu=  1
host=frontier02739
allowed=1-2
allowed=1-2
current_cpu=  1
allowed=1-2
current_cpu=  2
current_cpu=  1
host=frontier03128
current_cpu=  2
allowed=1-2
allowed=1-2
current_cpu=  1
allowed=1-2
current_cpu=  2
allowed=1-2
current_cpu=  2
current_cpu=  1
current_cpu=  2
current_cpu=  2
current_cpu=  1
current_cpu=  1
allowed=1-2
current_cpu=  1
current_cpu=  2
allowed=1-2
current_cpu=  2
allowed=1-2
current_cpu=  2
allowed=1-2
current_cpu=  1
allowed=1-2
current_cpu=  2
allowed=1-2
current_cpu=  2
allowed=1-2
current_cpu=  2
allowed=1-2
current_cpu=  2
allowed=1-2
current_cpu=  2
allowed=1-2
current_cpu=  2
allowed=1-2
current_cpu=  1
allowed=1-2
current_cpu=  2
allowed=1-2
current_cpu=  2
allowed=1-2
current_cpu=  2
current_cpu=  1
current_cpu=  1
allowed=1-2
current_cpu=  1
allowed=1-2
current_cpu=  1
allowed=1-2
current_cpu=  1
allowed=1-2
current_cpu=  2
allowed=1-2
current_cpu=  1
allowed=1-2
current_cpu=  2
allowed=1-2
current_cpu=  2
allowed=1-2
current_cpu=  2
allowed=1-2
current_cpu=  1
allowed=1-2
current_cpu=  1
allowed=1-2
current_cpu=  1
current_cpu=  1
allowed=1-2
allowed=1-2
current_cpu=  2
current_cpu=  2
allowed=1-2
allowed=1-2
current_cpu=  1
current_cpu=  1
allowed=1-2
allowed=1-2
current_cpu=  1
current_cpu=  2
current_cpu=  1
allowed=1-2
current_cpu=  1
current_cpu=  1
current_cpu=  2
allowed=1-2
current_cpu=  1
current_cpu=  1
allowed=1-2
allowed=1-2
current_cpu=  2
current_cpu=  1
current_cpu=  2
current_cpu=  1
allowed=1-2
allowed=1-2
current_cpu=  2
current_cpu=  2
allowed=1-2
allowed=1-2
current_cpu=  1
current_cpu=  2
allowed=1-2
current_cpu=  2
current_cpu=  1
allowed=1-2
current_cpu=  1
allowed=1-2
current_cpu=  2
current_cpu=  1
allowed=1-2
allowed=1-2
current_cpu=  2
current_cpu=  1
allowed=1-2
allowed=1-2
current_cpu=  2
current_cpu=  2
allowed=1-2
current_cpu=  1
current_cpu=  1
allowed=1-2
current_cpu=  1
allowed=1-2
current_cpu=  1
current_cpu=  2
current_cpu=  1
allowed=1-2
current_cpu=  2
allowed=1-2
current_cpu=  2
allowed=1-2
current_cpu=  2
current_cpu=  2
allowed=1-2
allowed=1-2
current_cpu=  1
current_cpu=  1
current_cpu=  1
current_cpu=  2
allowed=1-2
allowed=1-2
current_cpu=  1
current_cpu=  2
allowed=1-2
allowed=1-2
current_cpu=  2
current_cpu=  1
allowed=1-2
allowed=1-2
current_cpu=  2
current_cpu=  2
allowed=1-2
allowed=1-2
current_cpu=  1
current_cpu=  1
current_cpu=  1
allowed=1-2
current_cpu=  1
current_cpu=  2
allowed=1-2
current_cpu=  1
current_cpu=  2
current_cpu=  1
allowed=1-2
allowed=1-2
current_cpu=  2
current_cpu=  2
allowed=1-2
allowed=1-2
current_cpu=  1
current_cpu=  2
current_cpu=  2
current_cpu=  1
current_cpu=  1
allowed=1-2
current_cpu=  2
allowed=1-2
current_cpu=  1
allowed=1-2
current_cpu=  1
allowed=1-2
current_cpu=  1
allowed=1-2
current_cpu=  2
allowed=1-2
current_cpu=  2
allowed=1-2
current_cpu=  2
current_cpu=  2
allowed=1-2
allowed=1-2
current_cpu=  1
current_cpu=  1
current_cpu=  1
current_cpu=  1
allowed=1-2
allowed=1-2
current_cpu=  1
current_cpu=  1
current_cpu=  1
allowed=1-2
current_cpu=  1
allowed=1-2
current_cpu=  2
current_cpu=  1
allowed=1-2
current_cpu=  1
current_cpu=  1
allowed=1-2
current_cpu=  1
allowed=1-2
current_cpu=  2
allowed=1-2
current_cpu=  1
current_cpu=  1
allowed=1-2
allowed=1-2
current_cpu=  2
current_cpu=  2
allowed=1-2
current_cpu=  2
current_cpu=  1
current_cpu=  1
current_cpu=  2
allowed=1-2
current_cpu=  2
current_cpu=  1
allowed=1-2
allowed=1-2
current_cpu=  2
current_cpu=  2
allowed=1-2
current_cpu=  1
current_cpu=  2
allowed=1-2
current_cpu=  2
allowed=1-2
current_cpu=  1
allowed=1-2
current_cpu=  1
current_cpu=  1
allowed=1-2
allowed=1-2
current_cpu=  2
current_cpu=  1
current_cpu=  2
current_cpu=  1
allowed=1-2
current_cpu=  2
current_cpu=  2
allowed=1-2
current_cpu=  1
allowed=1-2
current_cpu=  2
allowed=1-2
current_cpu=  2
allowed=1-2
current_cpu=  2
allowed=1-2
current_cpu=  2
allowed=1-2
current_cpu=  2
allowed=1-2
current_cpu=  1
allowed=1-2
current_cpu=  1
allowed=1-2
current_cpu=  2
current_cpu=  2
current_cpu=  2
allowed=1-2
current_cpu=  1
allowed=1-2
current_cpu=  1
allowed=1-2
current_cpu=  2
allowed=1-2
current_cpu=  1
allowed=1-2
current_cpu=  1
allowed=1-2
current_cpu=  2
allowed=1-2
current_cpu=  1
allowed=1-2
current_cpu=  2
allowed=1-2
current_cpu=  2
allowed=1-2
current_cpu=  1
allowed=1-2
current_cpu=  2
allowed=1-2
current_cpu=  2
allowed=1-2
current_cpu=  2
allowed=1-2
current_cpu=  2
allowed=1-2
current_cpu=  1
allowed=1-2
current_cpu=  1
allowed=1-2
current_cpu=  1
allowed=1-2
current_cpu=  2
allowed=1-2
current_cpu=  1
allowed=1-2
current_cpu=  2
allowed=1-2
current_cpu=  1
allowed=1-2
current_cpu=  1
allowed=1-2
current_cpu=  1
allowed=1-2
current_cpu=  2
allowed=1-2
current_cpu=  2
host=frontier04781
allowed=1-2
allowed=1-2
current_cpu=  2
current_cpu=  2
allowed=1-2
allowed=1-2
current_cpu=  1
current_cpu=  2
allowed=1-2
allowed=1-2
current_cpu=  1
current_cpu=  1
allowed=1-2
allowed=1-2
current_cpu=  1
current_cpu=  1
allowed=1-2
allowed=1-2
current_cpu=  1
current_cpu=  1
allowed=1-2
current_cpu=  2
+ echo 'Launching Copper Gracefully On All Nodes : End'
Launching Copper Gracefully On All Nodes : End
+ exe=/mnt/bb/wcastil/copper_mount/lustre/orion/stf243/world-shared/hagertnl/CUG26/benchmark_builds/osu/install-osu-7.5.1/libexec/osu-micro-benchmarks/mpi/startup/osu_init
+ /usr/bin/time srun --overlap -N 1024 -n 8192 --ntasks-per-node=8 -c 5 /mnt/bb/wcastil/copper_mount/lustre/orion/stf243/world-shared/hagertnl/CUG26/benchmark_builds/osu/install-osu-7.5.1/libexec/osu-micro-benchmarks/mpi/startup/osu_init
# OSU MPI Init Test v7.5
nprocs: 8192, min: 2393 ms, max: 3857 ms, avg: 3466 ms
0.19user 0.36system 0:11.28elapsed 4%CPU (0avgtext+0avgdata 24576maxresident)k
24inputs+0outputs (0major+7464minor)pagefaults 0swaps
+ sleep 2s
+ /usr/bin/time srun --overlap -N 1024 -n 8192 --ntasks-per-node=8 -c 5 /mnt/bb/wcastil/copper_mount/lustre/orion/stf243/world-shared/hagertnl/CUG26/benchmark_builds/osu/install-osu-7.5.1/libexec/osu-micro-benchmarks/mpi/startup/osu_init
# OSU MPI Init Test v7.5
nprocs: 8192, min: 682 ms, max: 844 ms, avg: 802 ms
0.12user 0.29system 0:06.42elapsed 6%CPU (0avgtext+0avgdata 25600maxresident)k
24inputs+0outputs (0major+7460minor)pagefaults 0swaps
+ sleep 2s
+ /usr/bin/time srun --overlap -N 1024 -n 8192 --ntasks-per-node=8 -c 5 /mnt/bb/wcastil/copper_mount/lustre/orion/stf243/world-shared/hagertnl/CUG26/benchmark_builds/osu/install-osu-7.5.1/libexec/osu-micro-benchmarks/mpi/startup/osu_init
# OSU MPI Init Test v7.5
nprocs: 8192, min: 685 ms, max: 836 ms, avg: 797 ms
0.12user 0.28system 0:06.38elapsed 6%CPU (0avgtext+0avgdata 23552maxresident)k
0inputs+0outputs (0major+7460minor)pagefaults 0swaps
+ sleep 2s
+ /usr/bin/time srun --overlap -N 1024 -n 8192 --ntasks-per-node=8 -c 5 /mnt/bb/wcastil/copper_mount/lustre/orion/stf243/world-shared/hagertnl/CUG26/benchmark_builds/osu/install-osu-7.5.1/libexec/osu-micro-benchmarks/mpi/startup/osu_init
# OSU MPI Init Test v7.5
nprocs: 8192, min: 672 ms, max: 844 ms, avg: 804 ms
0.12user 0.28system 0:06.54elapsed 6%CPU (0avgtext+0avgdata 22528maxresident)k
0inputs+0outputs (0major+7460minor)pagefaults 0swaps
+ sleep 2s
+ /usr/bin/time srun --overlap -N 1024 -n 8192 --ntasks-per-node=8 -c 5 /mnt/bb/wcastil/copper_mount/lustre/orion/stf243/world-shared/hagertnl/CUG26/benchmark_builds/osu/install-osu-7.5.1/libexec/osu-micro-benchmarks/mpi/startup/osu_init
# OSU MPI Init Test v7.5
nprocs: 8192, min: 673 ms, max: 835 ms, avg: 796 ms
0.13user 0.29system 0:06.42elapsed 6%CPU (0avgtext+0avgdata 22528maxresident)k
0inputs+0outputs (0major+7460minor)pagefaults 0swaps
+ sleep 2s
+ conda deactivate
+ local cmd=deactivate
+ case "$cmd" in
+ __conda_activate deactivate
+ '[' -n '' ']'
+ local ask_conda
++ PS1='(base) '
++ __conda_exe shell.posix deactivate
++ /autofs/nccs-svm1_sw/frontier/miniforge3/23.11.0-0/bin/conda shell.posix deactivate
+ ask_conda='export PATH='\''/autofs/nccs-svm1_sw/frontier/miniforge3/23.11.0-0/condabin:/sw/frontier/lfs-wrapper/0.0.1/bin/lfs:/sw/frontier/miniforge3/23.11.0-0/bin:/opt/cray/libfabric/1.22.0/bin:/opt/rocm-6.4.2/bin:/sw/frontier/spack-envs/cpe25.09-cpu/opt/llvm-amdgpu-6.4.2/darshan-runtime-3.4.7-tvdocpzv3jfj4y6ki5jvmmkics323gon/bin:/opt/cray/pe/mpich/9.0.1/ofi/amd/6.0/bin:/opt/cray/pe/mpich/9.0.1/bin:/opt/cray/pe/perftools/25.09.0/bin:/opt/cray/pe/papi/7.2.0.2/bin:/opt/cray/pe/craype/2.7.35/bin:/sw/frontier/ums/ums046/copper/build:/sw/sources/hpss/bin:/sw/frontier/spack-envs/core-25.03/opt/gcc-13.2/tmux-3.4-fcqqko3j4ga67yuc7zxaqcwsix5hns2v/bin:/opt/clmgr/sbin:/opt/clmgr/bin:/opt/sgi/sbin:/opt/sgi/bin:/sw/frontier/bin:/ccs/home/wcastil/.local/bin:/usr/local/bin:/usr/bin:/bin:/opt/bin:/opt/c3/bin:/usr/lib/mit/bin:/opt/puppetlabs/bin:/opt/cray/pe/bin'\''
. "/autofs/nccs-svm1_sw/frontier/miniforge3/23.11.0-0/etc/conda/deactivate.d/libxml2_deactivate.sh"
. "/autofs/nccs-svm1_sw/frontier/miniforge3/23.11.0-0/etc/conda/deactivate.d/libglib_deactivate.sh"
unset CONDA_PREFIX
unset CONDA_DEFAULT_ENV
unset CONDA_PROMPT_MODIFIER
PS1='\'''\''
export CONDA_SHLVL='\''0'\''
export CONDA_EXE='\''/autofs/nccs-svm1_sw/frontier/miniforge3/23.11.0-0/bin/conda'\''
export _CE_M='\'''\''
export _CE_CONDA='\'''\''
export CONDA_PYTHON_EXE='\''/autofs/nccs-svm1_sw/frontier/miniforge3/23.11.0-0/bin/python'\'''
+ eval 'export PATH='\''/autofs/nccs-svm1_sw/frontier/miniforge3/23.11.0-0/condabin:/sw/frontier/lfs-wrapper/0.0.1/bin/lfs:/sw/frontier/miniforge3/23.11.0-0/bin:/opt/cray/libfabric/1.22.0/bin:/opt/rocm-6.4.2/bin:/sw/frontier/spack-envs/cpe25.09-cpu/opt/llvm-amdgpu-6.4.2/darshan-runtime-3.4.7-tvdocpzv3jfj4y6ki5jvmmkics323gon/bin:/opt/cray/pe/mpich/9.0.1/ofi/amd/6.0/bin:/opt/cray/pe/mpich/9.0.1/bin:/opt/cray/pe/perftools/25.09.0/bin:/opt/cray/pe/papi/7.2.0.2/bin:/opt/cray/pe/craype/2.7.35/bin:/sw/frontier/ums/ums046/copper/build:/sw/sources/hpss/bin:/sw/frontier/spack-envs/core-25.03/opt/gcc-13.2/tmux-3.4-fcqqko3j4ga67yuc7zxaqcwsix5hns2v/bin:/opt/clmgr/sbin:/opt/clmgr/bin:/opt/sgi/sbin:/opt/sgi/bin:/sw/frontier/bin:/ccs/home/wcastil/.local/bin:/usr/local/bin:/usr/bin:/bin:/opt/bin:/opt/c3/bin:/usr/lib/mit/bin:/opt/puppetlabs/bin:/opt/cray/pe/bin'\''
. "/autofs/nccs-svm1_sw/frontier/miniforge3/23.11.0-0/etc/conda/deactivate.d/libxml2_deactivate.sh"
. "/autofs/nccs-svm1_sw/frontier/miniforge3/23.11.0-0/etc/conda/deactivate.d/libglib_deactivate.sh"
unset CONDA_PREFIX
unset CONDA_DEFAULT_ENV
unset CONDA_PROMPT_MODIFIER
PS1='\'''\''
export CONDA_SHLVL='\''0'\''
export CONDA_EXE='\''/autofs/nccs-svm1_sw/frontier/miniforge3/23.11.0-0/bin/conda'\''
export _CE_M='\'''\''
export _CE_CONDA='\'''\''
export CONDA_PYTHON_EXE='\''/autofs/nccs-svm1_sw/frontier/miniforge3/23.11.0-0/bin/python'\'''
++ export PATH=/autofs/nccs-svm1_sw/frontier/miniforge3/23.11.0-0/condabin:/sw/frontier/lfs-wrapper/0.0.1/bin/lfs:/sw/frontier/miniforge3/23.11.0-0/bin:/opt/cray/libfabric/1.22.0/bin:/opt/rocm-6.4.2/bin:/sw/frontier/spack-envs/cpe25.09-cpu/opt/llvm-amdgpu-6.4.2/darshan-runtime-3.4.7-tvdocpzv3jfj4y6ki5jvmmkics323gon/bin:/opt/cray/pe/mpich/9.0.1/ofi/amd/6.0/bin:/opt/cray/pe/mpich/9.0.1/bin:/opt/cray/pe/perftools/25.09.0/bin:/opt/cray/pe/papi/7.2.0.2/bin:/opt/cray/pe/craype/2.7.35/bin:/sw/frontier/ums/ums046/copper/build:/sw/sources/hpss/bin:/sw/frontier/spack-envs/core-25.03/opt/gcc-13.2/tmux-3.4-fcqqko3j4ga67yuc7zxaqcwsix5hns2v/bin:/opt/clmgr/sbin:/opt/clmgr/bin:/opt/sgi/sbin:/opt/sgi/bin:/sw/frontier/bin:/ccs/home/wcastil/.local/bin:/usr/local/bin:/usr/bin:/bin:/opt/bin:/opt/c3/bin:/usr/lib/mit/bin:/opt/puppetlabs/bin:/opt/cray/pe/bin
++ PATH=/autofs/nccs-svm1_sw/frontier/miniforge3/23.11.0-0/condabin:/sw/frontier/lfs-wrapper/0.0.1/bin/lfs:/sw/frontier/miniforge3/23.11.0-0/bin:/opt/cray/libfabric/1.22.0/bin:/opt/rocm-6.4.2/bin:/sw/frontier/spack-envs/cpe25.09-cpu/opt/llvm-amdgpu-6.4.2/darshan-runtime-3.4.7-tvdocpzv3jfj4y6ki5jvmmkics323gon/bin:/opt/cray/pe/mpich/9.0.1/ofi/amd/6.0/bin:/opt/cray/pe/mpich/9.0.1/bin:/opt/cray/pe/perftools/25.09.0/bin:/opt/cray/pe/papi/7.2.0.2/bin:/opt/cray/pe/craype/2.7.35/bin:/sw/frontier/ums/ums046/copper/build:/sw/sources/hpss/bin:/sw/frontier/spack-envs/core-25.03/opt/gcc-13.2/tmux-3.4-fcqqko3j4ga67yuc7zxaqcwsix5hns2v/bin:/opt/clmgr/sbin:/opt/clmgr/bin:/opt/sgi/sbin:/opt/sgi/bin:/sw/frontier/bin:/ccs/home/wcastil/.local/bin:/usr/local/bin:/usr/bin:/bin:/opt/bin:/opt/c3/bin:/usr/lib/mit/bin:/opt/puppetlabs/bin:/opt/cray/pe/bin
++ . /autofs/nccs-svm1_sw/frontier/miniforge3/23.11.0-0/etc/conda/deactivate.d/libxml2_deactivate.sh
+++ test -n ''
+++ unset XML_CATALOG_FILES
+++ unset xml_catalog_files_libxml2
++ . /autofs/nccs-svm1_sw/frontier/miniforge3/23.11.0-0/etc/conda/deactivate.d/libglib_deactivate.sh
+++ export GSETTINGS_SCHEMA_DIR=
+++ GSETTINGS_SCHEMA_DIR=
+++ unset GSETTINGS_SCHEMA_DIR_CONDA_BACKUP
+++ '[' -z ']'
+++ unset GSETTINGS_SCHEMA_DIR
++ unset CONDA_PREFIX
++ unset CONDA_DEFAULT_ENV
++ unset CONDA_PROMPT_MODIFIER
++ PS1=
++ export CONDA_SHLVL=0
++ CONDA_SHLVL=0
++ export CONDA_EXE=/autofs/nccs-svm1_sw/frontier/miniforge3/23.11.0-0/bin/conda
++ CONDA_EXE=/autofs/nccs-svm1_sw/frontier/miniforge3/23.11.0-0/bin/conda
++ export _CE_M=
++ _CE_M=
++ export _CE_CONDA=
++ _CE_CONDA=
++ export CONDA_PYTHON_EXE=/autofs/nccs-svm1_sw/frontier/miniforge3/23.11.0-0/bin/python
++ CONDA_PYTHON_EXE=/autofs/nccs-svm1_sw/frontier/miniforge3/23.11.0-0/bin/python
+ __conda_hashr
+ '[' -n '' ']'
+ '[' -n '' ']'
+ hash -r
+ stop_copper.sh -d /lustre/orion/stf243/world-shared/wcastil/Experiments/CUG26/copper_run/logs -v /mnt/bb/wcastil/copper_mount
/var/spool/slurmd/job4348868/slurm_script: line 39: stop_copper.sh: command not found
