+ '[' -z '' ']'
+ case "$-" in
+ __lmod_vx=x
+ '[' -n x ']'
+ set +x
Shell debugging temporarily silenced: export LMOD_SH_DBG_ON=1 for this output (/opt/cray/pe/lmod/lmod/init/bash)
Shell debugging restarted
+ unset __lmod_vx
+ source /lustre/orion/stf243/world-shared/hagertnl/CUG26/benchmark_builds/common_modules.sh
++ module load PrgEnv-amd
++ '[' -z '' ']'
++ case "$-" in
++ __lmod_sh_dbg=x
++ '[' -n x ']'
++ set +x
Shell debugging temporarily silenced: export LMOD_SH_DBG_ON=1 for Lmod's output

Lmod is automatically replacing "cce/18.0.1" with "amd/6.2.4".


Lmod is automatically replacing "PrgEnv-cray/8.6.0" with "PrgEnv-amd/8.6.0".


Due to MODULEPATH changes, the following have been reloaded:
  1) cray-libsci/24.11.0     2) cray-mpich/8.1.31     3) darshan-runtime/3.4.6-mpi

Shell debugging restarted
++ unset __lmod_sh_dbg
++ return 0
++ module load cpe/25.09
++ '[' -z '' ']'
++ case "$-" in
++ __lmod_sh_dbg=x
++ '[' -n x ']'
++ set +x
Shell debugging temporarily silenced: export LMOD_SH_DBG_ON=1 for Lmod's output

The following have been reloaded with a version change:
  1) amd/6.2.4 => amd/6.4.2
  2) cray-dsmml/0.3.0 => cray-dsmml/0.3.1
  3) cray-libsci/24.11.0 => cray-libsci/25.09.0
  4) cray-mpich/8.1.31 => cray-mpich/9.0.1
  5) cray-pmi/6.1.15 => cray-pmi/6.1.16
  6) craype/2.7.33 => craype/2.7.35
  7) darshan-runtime/3.4.6-mpi => darshan-runtime/3.4.7-mpi
  8) perftools-base/24.11.0 => perftools-base/25.09.0

Shell debugging restarted
++ unset __lmod_sh_dbg
++ return 0
++ module load amd/6.4.2
++ '[' -z '' ']'
++ case "$-" in
++ __lmod_sh_dbg=x
++ '[' -n x ']'
++ set +x
Shell debugging temporarily silenced: export LMOD_SH_DBG_ON=1 for Lmod's output
Shell debugging restarted
++ unset __lmod_sh_dbg
++ return 0
++ module load rocm/6.4.2
++ '[' -z '' ']'
++ case "$-" in
++ __lmod_sh_dbg=x
++ '[' -n x ']'
++ set +x
Shell debugging temporarily silenced: export LMOD_SH_DBG_ON=1 for Lmod's output
Shell debugging restarted
++ unset __lmod_sh_dbg
++ return 0
++ module load libfabric/1.22.0
++ '[' -z '' ']'
++ case "$-" in
++ __lmod_sh_dbg=x
++ '[' -n x ']'
++ set +x
Shell debugging temporarily silenced: export LMOD_SH_DBG_ON=1 for Lmod's output
Shell debugging restarted
++ unset __lmod_sh_dbg
++ return 0
++ module load craype-accel-amd-gfx90a
++ '[' -z '' ']'
++ case "$-" in
++ __lmod_sh_dbg=x
++ '[' -n x ']'
++ set +x
Shell debugging temporarily silenced: export LMOD_SH_DBG_ON=1 for Lmod's output
Shell debugging restarted
++ unset __lmod_sh_dbg
++ return 0
++ module load miniforge3/23.11.0-0
++ '[' -z '' ']'
++ case "$-" in
++ __lmod_sh_dbg=x
++ '[' -n x ']'
++ set +x
Shell debugging temporarily silenced: export LMOD_SH_DBG_ON=1 for Lmod's output
Shell debugging restarted
++ unset __lmod_sh_dbg
++ return 0
++ export LD_LIBRARY_PATH=/opt/cray/pe/mpich/9.0.1/ofi/amd/6.0/lib:/opt/cray/pe/mpich/9.0.1/gtl/lib:/opt/cray/pe/libsci/25.09.0/AMD/6.0/x86_64/lib:/opt/cray/pe/perftools/25.09.0/lib64:/opt/cray/pe/pmi/6.1.16/lib:/opt/cray/pe/dsmml/0.3.1/dsmml/lib:/opt/cray/libfabric/1.22.0/lib64:/opt/rocm-6.4.2/lib/roctracer:/opt/rocm-6.4.2/lib/rocprofiler:/opt/rocm-6.4.2/lib:/sw/frontier/spack-envs/cpe25.09-cpu/opt/llvm-amdgpu-6.4.2/darshan-runtime-3.4.7-tvdocpzv3jfj4y6ki5jvmmkics323gon/lib:/opt/rocm-6.4.2/llvm/lib:/opt/cray/pe/papi/7.2.0.2/lib64
++ LD_LIBRARY_PATH=/opt/cray/pe/mpich/9.0.1/ofi/amd/6.0/lib:/opt/cray/pe/mpich/9.0.1/gtl/lib:/opt/cray/pe/libsci/25.09.0/AMD/6.0/x86_64/lib:/opt/cray/pe/perftools/25.09.0/lib64:/opt/cray/pe/pmi/6.1.16/lib:/opt/cray/pe/dsmml/0.3.1/dsmml/lib:/opt/cray/libfabric/1.22.0/lib64:/opt/rocm-6.4.2/lib/roctracer:/opt/rocm-6.4.2/lib/rocprofiler:/opt/rocm-6.4.2/lib:/sw/frontier/spack-envs/cpe25.09-cpu/opt/llvm-amdgpu-6.4.2/darshan-runtime-3.4.7-tvdocpzv3jfj4y6ki5jvmmkics323gon/lib:/opt/rocm-6.4.2/llvm/lib:/opt/cray/pe/papi/7.2.0.2/lib64
++ [[ /var/spool/slurmd/job4188437/slurm_script == \/\l\u\s\t\r\e\/\o\r\i\o\n\/\s\t\f\2\4\3\/\w\o\r\l\d\-\s\h\a\r\e\d\/\h\a\g\e\r\t\n\l\/\C\U\G\2\6\/\b\e\n\c\h\m\a\r\k\_\b\u\i\l\d\s\/\c\o\m\m\o\n\_\m\o\d\u\l\e\s\.\s\h ]]
+ module load libfabric/1.22.0
+ '[' -z '' ']'
+ case "$-" in
+ __lmod_sh_dbg=x
+ '[' -n x ']'
+ set +x
Shell debugging temporarily silenced: export LMOD_SH_DBG_ON=1 for Lmod's output
Shell debugging restarted
+ unset __lmod_sh_dbg
+ return 0
+ module load ums ums046 copper
+ '[' -z '' ']'
+ case "$-" in
+ __lmod_sh_dbg=x
+ '[' -n x ']'
+ set +x
Shell debugging temporarily silenced: export LMOD_SH_DBG_ON=1 for Lmod's output
Copper loaded: use 'launch_copper' and 'stop_copper'.
COPPER_ROOT: /sw/frontier/ums/ums046/copper
launch_copper points to: /sw/frontier/ums/ums046/copper/build/launch_copper.sh
Shell debugging restarted
+ unset __lmod_sh_dbg
+ return 0
+ [[ /var/spool/slurmd/job4188437/slurm_script == \/\v\a\r\/\s\p\o\o\l\/\s\l\u\r\m\d\/\j\o\b\4\1\8\8\4\3\7\/\s\l\u\r\m\_\s\c\r\i\p\t ]]
+ echo 'This script should be sourced! When it is not, it prints out the resulting module set:'
This script should be sourced! When it is not, it prints out the resulting module set:
+ module list
+ '[' -z '' ']'
+ case "$-" in
+ __lmod_sh_dbg=x
+ '[' -n x ']'
+ set +x
Shell debugging temporarily silenced: export LMOD_SH_DBG_ON=1 for Lmod's output

Currently Loaded Modules:
  1) craype-x86-trento               14) cpe/25.09
  2) craype-network-ofi              15) amd/6.4.2
  3) xpmem/2.11.3-1.3_gdbda01a1eb3d  16) cray-libsci/25.09.0
  4) Core/25.03                      17) cray-mpich/9.0.1
  5) tmux/3.4                        18) darshan-runtime/3.4.7-mpi (E4S)
  6) hsi/default                     19) rocm/6.4.2
  7) lfs-wrapper/0.0.1               20) craype-accel-amd-gfx90a
  8) DefApps                         21) miniforge3/23.11.0-0
  9) PrgEnv-amd/8.6.0                22) libfabric/1.22.0
 10) cray-dsmml/0.3.1                23) ums/default
 11) cray-pmi/6.1.16                 24) ums046/default
 12) craype/2.7.35                   25) copper/0.1
 13) perftools-base/25.09.0

  Where:
   E4S:  E4S: Extreme-scale Scientific Software Stack (E4S) https://e4s.io/index.html

 

Shell debugging restarted
+ unset __lmod_sh_dbg
+ return 0
+ exe=/tmp/khana/copper/lustre/orion/stf243/world-shared/hagertnl/CUG26/benchmark_builds/osu/install-osu-7.5.1/libexec/osu-micro-benchmarks/mpi/startup/osu_init
+ LOGDIR=/lustre/orion/stf008/proj-shared/hvac/copper-cug/copper_logs
+ launch_copper.sh -d /lustre/orion/stf008/proj-shared/hvac/copper-cug/copper_logs
+ '[' -z '' ']'
+ case "$-" in
+ __lmod_vx=x
+ '[' -n x ']'
+ set +x
Shell debugging temporarily silenced: export LMOD_SH_DBG_ON=1 for this output (/opt/cray/pe/lmod/lmod/init/bash)
Shell debugging restarted
+ unset __lmod_vx
+ echo 'Launching Copper Gracefully On All Nodes : Start'
Launching Copper Gracefully On All Nodes : Start
+ echo /sw/frontier/ums/ums046/copper
/sw/frontier/ums/ums046/copper
+ CUPATH=/sw/frontier/ums/ums046/copper/build/cu_fuse
+ CU_FUSE_MNT_VIEWDIR=/tmp/khana/copper
+ facility_address_book=/sw/frontier/ums/ums046/copper/olcf_copper_addressbook.txt
+ log_level=6
+ log_dir=/ccs/home/khana/copper-logs/4188437
+ log_type=file
+ trees=1
+ max_cacheable_byte_size=10485760
+ sleeptime=20
+ physcpubind=57-60
+ net_type=cxi://cxi1
+ getopts l:t:d:T:M:s:b:F:n: opt
+ case ${opt} in
+ log_dir=/lustre/orion/stf008/proj-shared/hvac/copper-cug/copper_logs
+ getopts l:t:d:T:M:s:b:F:n: opt
+ echo 'log_level                  : 6'
log_level                  : 6
+ echo 'log_type                   : file'
log_type                   : file
+ echo 'trees                      : 1'
trees                      : 1
+ echo 'max_cacheable_byte_size    : 10485760'
max_cacheable_byte_size    : 10485760
+ echo 'sleeptime                  : 20'
sleeptime                  : 20
+ echo 'CU_FUSE_MNT_VIEWDIR        : /tmp/khana/copper'
CU_FUSE_MNT_VIEWDIR        : /tmp/khana/copper
+ echo 'LOGDIR                     : /lustre/orion/stf008/proj-shared/hvac/copper-cug/copper_logs'
LOGDIR                     : /lustre/orion/stf008/proj-shared/hvac/copper-cug/copper_logs
+ echo 'SLURM_NODEFILE             : '
SLURM_NODEFILE             : 
+ echo 'physcpubind                : 57-60'
physcpubind                : 57-60
+ echo 'facility_address_book      : /sw/frontier/ums/ums046/copper/olcf_copper_addressbook.txt'
facility_address_book      : /sw/frontier/ums/ums046/copper/olcf_copper_addressbook.txt
+ echo 'net_type                   : cxi://cxi1'
net_type                   : cxi://cxi1
+ mkdir -p /lustre/orion/stf008/proj-shared/hvac/copper-cug/copper_logs
+ SLURM_NODEFILE=/lustre/orion/stf008/proj-shared/hvac/copper-cug/copper_logs/node_file.txt
+ scontrol show hostnames 'frontier[00135-00140,00142-00143]'
+ echo 'Ignore errors below this line related to copper fuse unmount or cleanup if any. '
Ignore errors below this line related to copper fuse unmount or cleanup if any. 
+ clush --hostfile /lustre/orion/stf008/proj-shared/hvac/copper-cug/copper_logs/node_file.txt 'fusermount3 -u /tmp/khana/copper'
frontier00135: fusermount3: bad mount point /tmp/khana/copper: No such file or directory
clush: frontier00135: exited with exit code 1
frontier00140: fusermount3: bad mount point /tmp/khana/copper: No such file or directory
clush: frontier00140: exited with exit code 1
frontier00137: fusermount3: bad mount point /tmp/khana/copper: No such file or directory
frontier00143: fusermount3: bad mount point /tmp/khana/copper: No such file or directory
clush: frontier00137: exited with exit code 1
clush: frontier00143: exited with exit code 1
frontier00136: fusermount3: bad mount point /tmp/khana/copper: No such file or directory
frontier00142: fusermount3: bad mount point /tmp/khana/copper: No such file or directory
clush: frontier00136: exited with exit code 1
clush: frontier00142: exited with exit code 1
frontier00138: fusermount3: bad mount point /tmp/khana/copper: No such file or directory
clush: frontier00138: exited with exit code 1
frontier00139: fusermount3: bad mount point /tmp/khana/copper: No such file or directory
clush: frontier00139: exited with exit code 1
+ clush --hostfile /lustre/orion/stf008/proj-shared/hvac/copper-cug/copper_logs/node_file.txt 'rm -rf /tmp/khana/copper'
+ clush --hostfile /lustre/orion/stf008/proj-shared/hvac/copper-cug/copper_logs/node_file.txt 'mkdir -p /tmp/khana/copper'
+ echo 'Errors below this line are critical - report if any. '
Errors below this line are critical - report if any. 
+ options=' -f -tpath / -vpath /tmp/khana/copper -log_level 6 -log_type file -log_output_dir /lustre/orion/stf008/proj-shared/hvac/copper-cug/copper_logs -net_type cxi://cxi1 -trees 1 -nf /lustre/orion/stf008/proj-shared/hvac/copper-cug/copper_logs/node_file.txt -max_cacheable_byte_size 10485760  -facility_address_book /sw/frontier/ums/ums046/copper/olcf_copper_addressbook.txt -s /tmp/khana/copper'
+ sleep 20s
+ srun -N 8 --ntasks-per-node=1 --cpus-per-task=2 --cpu-bind=threads --network=single_node_vni,job_vni /sw/frontier/ums/ums046/copper/build/cu_fuse -f -tpath / -vpath /tmp/khana/copper -log_level 6 -log_type file -log_output_dir /lustre/orion/stf008/proj-shared/hvac/copper-cug/copper_logs -net_type cxi://cxi1 -trees 1 -nf /lustre/orion/stf008/proj-shared/hvac/copper-cug/copper_logs/node_file.txt -max_cacheable_byte_size 10485760 -facility_address_book /sw/frontier/ums/ums046/copper/olcf_copper_addressbook.txt -s /tmp/khana/copper
2026-03-09 10-41-47.374 [Debug] (cu_hello_main)  
2026-03-09 10-41-47.374 [Info] (cu_hello_main) hostname found to be: frontier00140
2026-03-09 10-41-47.374 [Debug] (process_args) -tpath was found: /
2026-03-09 10-41-47.374 [Debug] (process_args) -vpath was found: /tmp/khana/copper
2026-03-09 10-41-47.374 [Debug] (process_args) -log_level was found: 6
2026-03-09 10-41-47.374 [Debug] (process_args) -log_type was found: file
2026-03-09 10-41-47.374 [Debug] (process_args) -log_output_dir was found: /lustre/orion/stf008/proj-shared/hvac/copper-cug/copper_logs
2026-03-09 10-41-47.375 [Debug] (process_args) -net_type was found: cxi://cxi1
2026-03-09 10-41-47.375 [Debug] (process_args) -trees was found: 1
2026-03-09 10-41-47.375 [Debug] (process_args) -nf was found: /lustre/orion/stf008/proj-shared/hvac/copper-cug/copper_logs/node_file.txt
2026-03-09 10-41-47.375 [Debug] (process_args) -max_cacheable_byte_size was found: 10485760
2026-03-09 10-41-47.375 [Debug] (process_args) -facility_address_book was found: /sw/frontier/ums/ums046/copper/olcf_copper_addressbook.txt
2026-03-09 10-41-47.375 [Info] (cu_hello_main) copper address located at path: /lustre/orion/stf008/proj-shared/hvac/copper-cug/copper_logs/copper_address_book.txt
2026-03-09 10-41-47.375 [Info] (cu_hello_main) facility address book filename path: /sw/frontier/ums/ums046/copper/olcf_copper_addressbook.txt
2026-03-09 10-41-47.375 [Info] (cu_hello_main) output filename path: /lustre/orion/stf008/proj-shared/hvac/copper-cug/copper_logs/frontier00140-461074-output.log
2026-03-09 10-41-47.391 [Debug] (cu_hello_main)  
2026-03-09 10-41-47.391 [Info] (cu_hello_main) hostname found to be: frontier00136
2026-03-09 10-41-47.391 [Debug] (process_args) -tpath was found: /
2026-03-09 10-41-47.391 [Debug] (process_args) -vpath was found: /tmp/khana/copper
2026-03-09 10-41-47.391 [Debug] (process_args) -log_level was found: 6
2026-03-09 10-41-47.391 [Debug] (process_args) -log_type was found: file
2026-03-09 10-41-47.391 [Debug] (process_args) -log_output_dir was found: /lustre/orion/stf008/proj-shared/hvac/copper-cug/copper_logs
2026-03-09 10-41-47.391 [Debug] (process_args) -net_type was found: cxi://cxi1
2026-03-09 10-41-47.391 [Debug] (process_args) -trees was found: 1
2026-03-09 10-41-47.391 [Debug] (process_args) -nf was found: /lustre/orion/stf008/proj-shared/hvac/copper-cug/copper_logs/node_file.txt
2026-03-09 10-41-47.391 [Debug] (process_args) -max_cacheable_byte_size was found: 10485760
2026-03-09 10-41-47.391 [Debug] (process_args) -facility_address_book was found: /sw/frontier/ums/ums046/copper/olcf_copper_addressbook.txt
2026-03-09 10-41-47.391 [Info] (cu_hello_main) copper address located at path: /lustre/orion/stf008/proj-shared/hvac/copper-cug/copper_logs/copper_address_book.txt
2026-03-09 10-41-47.391 [Info] (cu_hello_main) facility address book filename path: /sw/frontier/ums/ums046/copper/olcf_copper_addressbook.txt
2026-03-09 10-41-47.391 [Info] (cu_hello_main) output filename path: /lustre/orion/stf008/proj-shared/hvac/copper-cug/copper_logs/frontier00136-378187-output.log
2026-03-09 10-41-47.396 [Debug] (cu_hello_main)  
2026-03-09 10-41-47.396 [Info] (cu_hello_main) hostname found to be: frontier00142
2026-03-09 10-41-47.396 [Debug] (process_args) -tpath was found: /
2026-03-09 10-41-47.396 [Debug] (process_args) -vpath was found: /tmp/khana/copper
2026-03-09 10-41-47.396 [Debug] (process_args) -log_level was found: 6
2026-03-09 10-41-47.396 [Debug] (process_args) -log_type was found: file
2026-03-09 10-41-47.396 [Debug] (process_args) -log_output_dir was found: /lustre/orion/stf008/proj-shared/hvac/copper-cug/copper_logs
2026-03-09 10-41-47.396 [Debug] (process_args) -net_type was found: cxi://cxi1
2026-03-09 10-41-47.396 [Debug] (process_args) -trees was found: 1
2026-03-09 10-41-47.396 [Debug] (process_args) -nf was found: /lustre/orion/stf008/proj-shared/hvac/copper-cug/copper_logs/node_file.txt
2026-03-09 10-41-47.396 [Debug] (process_args) -max_cacheable_byte_size was found: 10485760
2026-03-09 10-41-47.396 [Debug] (process_args) -facility_address_book was found: /sw/frontier/ums/ums046/copper/olcf_copper_addressbook.txt
2026-03-09 10-41-47.396 [Info] (cu_hello_main) copper address located at path: /lustre/orion/stf008/proj-shared/hvac/copper-cug/copper_logs/copper_address_book.txt
2026-03-09 10-41-47.396 [Info] (cu_hello_main) facility address book filename path: /sw/frontier/ums/ums046/copper/olcf_copper_addressbook.txt
2026-03-09 10-41-47.396 [Info] (cu_hello_main) output filename path: /lustre/orion/stf008/proj-shared/hvac/copper-cug/copper_logs/frontier00142-1761852-output.log
2026-03-09 10-41-47.402 [Debug] (cu_hello_main)  
2026-03-09 10-41-47.402 [Info] (cu_hello_main) hostname found to be: frontier00137
2026-03-09 10-41-47.402 [Debug] (process_args) -tpath was found: /
2026-03-09 10-41-47.402 [Debug] (process_args) -vpath was found: /tmp/khana/copper
2026-03-09 10-41-47.402 [Debug] (process_args) -log_level was found: 6
2026-03-09 10-41-47.402 [Debug] (process_args) -log_type was found: file
2026-03-09 10-41-47.402 [Debug] (process_args) -log_output_dir was found: /lustre/orion/stf008/proj-shared/hvac/copper-cug/copper_logs
2026-03-09 10-41-47.402 [Debug] (process_args) -net_type was found: cxi://cxi1
2026-03-09 10-41-47.402 [Debug] (process_args) -trees was found: 1
2026-03-09 10-41-47.402 [Debug] (process_args) -nf was found: /lustre/orion/stf008/proj-shared/hvac/copper-cug/copper_logs/node_file.txt
2026-03-09 10-41-47.402 [Debug] (process_args) -max_cacheable_byte_size was found: 10485760
2026-03-09 10-41-47.402 [Debug] (process_args) -facility_address_book was found: /sw/frontier/ums/ums046/copper/olcf_copper_addressbook.txt
2026-03-09 10-41-47.402 [Info] (cu_hello_main) copper address located at path: /lustre/orion/stf008/proj-shared/hvac/copper-cug/copper_logs/copper_address_book.txt
2026-03-09 10-41-47.402 [Info] (cu_hello_main) facility address book filename path: /sw/frontier/ums/ums046/copper/olcf_copper_addressbook.txt
2026-03-09 10-41-47.402 [Info] (cu_hello_main) output filename path: /lustre/orion/stf008/proj-shared/hvac/copper-cug/copper_logs/frontier00137-1314802-output.log
2026-03-09 10-41-47.403 [Debug] (cu_hello_main)  
2026-03-09 10-41-47.403 [Info] (cu_hello_main) hostname found to be: frontier00138
2026-03-09 10-41-47.403 [Debug] (process_args) -tpath was found: /
2026-03-09 10-41-47.403 [Debug] (process_args) -vpath was found: /tmp/khana/copper
2026-03-09 10-41-47.403 [Debug] (process_args) -log_level was found: 6
2026-03-09 10-41-47.403 [Debug] (process_args) -log_type was found: file
2026-03-09 10-41-47.403 [Debug] (process_args) -log_output_dir was found: /lustre/orion/stf008/proj-shared/hvac/copper-cug/copper_logs
2026-03-09 10-41-47.403 [Debug] (process_args) -net_type was found: cxi://cxi1
2026-03-09 10-41-47.403 [Debug] (process_args) -trees was found: 1
2026-03-09 10-41-47.403 [Debug] (process_args) -nf was found: /lustre/orion/stf008/proj-shared/hvac/copper-cug/copper_logs/node_file.txt
2026-03-09 10-41-47.403 [Debug] (process_args) -max_cacheable_byte_size was found: 10485760
2026-03-09 10-41-47.403 [Debug] (process_args) -facility_address_book was found: /sw/frontier/ums/ums046/copper/olcf_copper_addressbook.txt
2026-03-09 10-41-47.403 [Info] (cu_hello_main) copper address located at path: /lustre/orion/stf008/proj-shared/hvac/copper-cug/copper_logs/copper_address_book.txt
2026-03-09 10-41-47.403 [Info] (cu_hello_main) facility address book filename path: /sw/frontier/ums/ums046/copper/olcf_copper_addressbook.txt
2026-03-09 10-41-47.403 [Info] (cu_hello_main) output filename path: /lustre/orion/stf008/proj-shared/hvac/copper-cug/copper_logs/frontier00138-1546741-output.log
2026-03-09 10-41-47.407 [Debug] (cu_hello_main)  
2026-03-09 10-41-47.407 [Info] (cu_hello_main) hostname found to be: frontier00139
2026-03-09 10-41-47.407 [Debug] (process_args) -tpath was found: /
2026-03-09 10-41-47.407 [Debug] (process_args) -vpath was found: /tmp/khana/copper
2026-03-09 10-41-47.407 [Debug] (process_args) -log_level was found: 6
2026-03-09 10-41-47.407 [Debug] (process_args) -log_type was found: file
2026-03-09 10-41-47.407 [Debug] (process_args) -log_output_dir was found: /lustre/orion/stf008/proj-shared/hvac/copper-cug/copper_logs
2026-03-09 10-41-47.407 [Debug] (process_args) -net_type was found: cxi://cxi1
2026-03-09 10-41-47.407 [Debug] (process_args) -trees was found: 1
2026-03-09 10-41-47.407 [Debug] (process_args) -nf was found: /lustre/orion/stf008/proj-shared/hvac/copper-cug/copper_logs/node_file.txt
2026-03-09 10-41-47.407 [Debug] (process_args) -max_cacheable_byte_size was found: 10485760
2026-03-09 10-41-47.407 [Debug] (process_args) -facility_address_book was found: /sw/frontier/ums/ums046/copper/olcf_copper_addressbook.txt
2026-03-09 10-41-47.407 [Info] (cu_hello_main) copper address located at path: /lustre/orion/stf008/proj-shared/hvac/copper-cug/copper_logs/copper_address_book.txt
2026-03-09 10-41-47.407 [Info] (cu_hello_main) facility address book filename path: /sw/frontier/ums/ums046/copper/olcf_copper_addressbook.txt
2026-03-09 10-41-47.407 [Info] (cu_hello_main) output filename path: /lustre/orion/stf008/proj-shared/hvac/copper-cug/copper_logs/frontier00139-444234-output.log
2026-03-09 10-41-47.464 [Debug] (cu_hello_main)  
2026-03-09 10-41-47.464 [Info] (cu_hello_main) hostname found to be: frontier00135
2026-03-09 10-41-47.464 [Debug] (process_args) -tpath was found: /
2026-03-09 10-41-47.464 [Debug] (process_args) -vpath was found: /tmp/khana/copper
2026-03-09 10-41-47.464 [Debug] (process_args) -log_level was found: 6
2026-03-09 10-41-47.464 [Debug] (process_args) -log_type was found: file
2026-03-09 10-41-47.464 [Debug] (process_args) -log_output_dir was found: /lustre/orion/stf008/proj-shared/hvac/copper-cug/copper_logs
2026-03-09 10-41-47.464 [Debug] (process_args) -net_type was found: cxi://cxi1
2026-03-09 10-41-47.464 [Debug] (process_args) -trees was found: 1
2026-03-09 10-41-47.464 [Debug] (process_args) -nf was found: /lustre/orion/stf008/proj-shared/hvac/copper-cug/copper_logs/node_file.txt
2026-03-09 10-41-47.464 [Debug] (process_args) -max_cacheable_byte_size was found: 10485760
2026-03-09 10-41-47.464 [Debug] (process_args) -facility_address_book was found: /sw/frontier/ums/ums046/copper/olcf_copper_addressbook.txt
2026-03-09 10-41-47.464 [Info] (cu_hello_main) copper address located at path: /lustre/orion/stf008/proj-shared/hvac/copper-cug/copper_logs/copper_address_book.txt
2026-03-09 10-41-47.464 [Info] (cu_hello_main) facility address book filename path: /sw/frontier/ums/ums046/copper/olcf_copper_addressbook.txt
2026-03-09 10-41-47.464 [Info] (cu_hello_main) output filename path: /lustre/orion/stf008/proj-shared/hvac/copper-cug/copper_logs/frontier00135-1943273-output.log
2026-03-09 10-41-47.587 [Debug] (cu_hello_main)  
2026-03-09 10-41-47.587 [Info] (cu_hello_main) hostname found to be: frontier00143
2026-03-09 10-41-47.587 [Debug] (process_args) -tpath was found: /
2026-03-09 10-41-47.587 [Debug] (process_args) -vpath was found: /tmp/khana/copper
2026-03-09 10-41-47.587 [Debug] (process_args) -log_level was found: 6
2026-03-09 10-41-47.587 [Debug] (process_args) -log_type was found: file
2026-03-09 10-41-47.587 [Debug] (process_args) -log_output_dir was found: /lustre/orion/stf008/proj-shared/hvac/copper-cug/copper_logs
2026-03-09 10-41-47.587 [Debug] (process_args) -net_type was found: cxi://cxi1
2026-03-09 10-41-47.587 [Debug] (process_args) -trees was found: 1
2026-03-09 10-41-47.587 [Debug] (process_args) -nf was found: /lustre/orion/stf008/proj-shared/hvac/copper-cug/copper_logs/node_file.txt
2026-03-09 10-41-47.587 [Debug] (process_args) -max_cacheable_byte_size was found: 10485760
2026-03-09 10-41-47.587 [Debug] (process_args) -facility_address_book was found: /sw/frontier/ums/ums046/copper/olcf_copper_addressbook.txt
2026-03-09 10-41-47.587 [Info] (cu_hello_main) copper address located at path: /lustre/orion/stf008/proj-shared/hvac/copper-cug/copper_logs/copper_address_book.txt
2026-03-09 10-41-47.587 [Info] (cu_hello_main) facility address book filename path: /sw/frontier/ums/ums046/copper/olcf_copper_addressbook.txt
2026-03-09 10-41-47.587 [Info] (cu_hello_main) output filename path: /lustre/orion/stf008/proj-shared/hvac/copper-cug/copper_logs/frontier00143-1464614-output.log
+ echo 'Launching Copper Gracefully On All Nodes : End'
Launching Copper Gracefully On All Nodes : End
+ set -x
+ ldd /tmp/khana/copper/lustre/orion/stf243/world-shared/hagertnl/CUG26/benchmark_builds/osu/install-osu-7.5.1/libexec/osu-micro-benchmarks/mpi/startup/osu_init
	linux-vdso.so.1 (0x00007fffed9ce000)
	libamdhip64.so.6 => /opt/rocm-6.4.2/lib/libamdhip64.so.6 (0x00007fffec1ed000)
	libm.so.6 => /lib64/libm.so.6 (0x00007fffec0ed000)
	libdarshan.so.0 => /sw/frontier/spack-envs/cpe25.09-cpu/opt/llvm-amdgpu-6.4.2/darshan-runtime-3.4.7-tvdocpzv3jfj4y6ki5jvmmkics323gon/lib/libdarshan.so.0 (0x00007fffec09e000)
	libz.so.1 => /usr/lib64/libz.so.1 (0x00007fffec085000)
	libmpi_amd.so.12 => /opt/cray/pe/mpich/9.0.1/ofi/amd/6.0/lib/libmpi_amd.so.12 (0x00007fffeaf35000)
	libmpi_gtl_hsa.so.0 => /opt/cray/pe/mpich/9.0.1/ofi/amd/6.0/lib/libmpi_gtl_hsa.so.0 (0x00007fffeae8a000)
	libxpmem.so.0 => /usr/lib64/libxpmem.so.0 (0x00007fffeae87000)
	libstdc++.so.6 => /usr/lib64/libstdc++.so.6 (0x00007fffeac31000)
	libgcc_s.so.1 => /lib64/libgcc_s.so.1 (0x00007fffeac04000)
	libc.so.6 => /lib64/libc.so.6 (0x00007fffea9ef000)
	librocprofiler-register.so.0 => /opt/rocm-6.4.2/lib/librocprofiler-register.so.0 (0x00007fffea96e000)
	libamd_comgr.so.3 => /opt/rocm-6.4.2/lib/libamd_comgr.so.3 (0x00007fffe11c1000)
	libhsa-runtime64.so.1 => /opt/rocm-6.4.2/lib/libhsa-runtime64.so.1 (0x00007fffe0e77000)
	libnuma.so.1 => /usr/lib64/libnuma.so.1 (0x00007fffe0c00000)
	/lib64/ld-linux-x86-64.so.2 (0x00007fffed9d0000)
	libfabric.so.1 => /opt/cray/libfabric/1.22.0/lib64/libfabric.so.1 (0x00007fffe0ac9000)
	libatomic.so.1 => /usr/lib64/libatomic.so.1 (0x00007fffe0e6b000)
	libpmi.so.0 => /opt/cray/pe/pmi/6.1.16/lib/libpmi.so.0 (0x00007fffe0e47000)
	libpmi2.so.0 => /opt/cray/pe/pmi/6.1.16/lib/libpmi2.so.0 (0x00007fffe0e23000)
	libzstd.so.1 => /usr/lib64/libzstd.so.1 (0x00007fffe0a0a000)
	libelf.so.1 => /usr/lib64/libelf.so.1 (0x00007fffe0600000)
	libdrm.so.2 => /opt/amdgpu/lib64/libdrm.so.2 (0x00007fffe09f3000)
	libdrm_amdgpu.so.1 => /opt/amdgpu/lib64/libdrm_amdgpu.so.1 (0x00007fffe0e13000)
	libcxi.so.1 => /usr/lib64/libcxi.so.1 (0x00007fffe09d2000)
	libpthread.so.0 => /lib64/libpthread.so.0 (0x00007fffe0e0e000)
	libpals.so.0 => /opt/cray/pals/1.6/lib/libpals.so.0 (0x00007fffe09ca000)
	libnl-3.so.200 => /usr/lib64/libnl-3.so.200 (0x00007fffe09a7000)
++ seq 1 5
+ for i in $(seq 1 5)
+ /usr/bin/time srun -N 8 -n 64 -c 7 --ntasks-per-node=8 --gpus-per-node=8 --gpu-bind=closest --cpus-per-task=1 --threads-per-core=1 --network=single_node_vni,job_vni /tmp/khana/copper/lustre/orion/stf243/world-shared/hagertnl/CUG26/benchmark_builds/osu/install-osu-7.5.1/libexec/osu-micro-benchmarks/mpi/startup/osu_init
# OSU MPI Init Test v7.5
nprocs: 64, min: 370 ms, max: 745 ms, avg: 560 ms
0.01user 0.02system 0:02.77elapsed 1%CPU (0avgtext+0avgdata 18432maxresident)k
38inputs+8outputs (0major+3477minor)pagefaults 0swaps
+ for i in $(seq 1 5)
+ /usr/bin/time srun -N 8 -n 64 -c 7 --ntasks-per-node=8 --gpus-per-node=8 --gpu-bind=closest --cpus-per-task=1 --threads-per-core=1 --network=single_node_vni,job_vni /tmp/khana/copper/lustre/orion/stf243/world-shared/hagertnl/CUG26/benchmark_builds/osu/install-osu-7.5.1/libexec/osu-micro-benchmarks/mpi/startup/osu_init
srun: Step created for StepId=4188437.2
# OSU MPI Init Test v7.5
nprocs: 64, min: 253 ms, max: 297 ms, avg: 271 ms
0.01user 0.01system 0:00.64elapsed 5%CPU (0avgtext+0avgdata 18432maxresident)k
38inputs+0outputs (0major+3476minor)pagefaults 0swaps
+ for i in $(seq 1 5)
+ /usr/bin/time srun -N 8 -n 64 -c 7 --ntasks-per-node=8 --gpus-per-node=8 --gpu-bind=closest --cpus-per-task=1 --threads-per-core=1 --network=single_node_vni,job_vni /tmp/khana/copper/lustre/orion/stf243/world-shared/hagertnl/CUG26/benchmark_builds/osu/install-osu-7.5.1/libexec/osu-micro-benchmarks/mpi/startup/osu_init
srun: Step created for StepId=4188437.3
# OSU MPI Init Test v7.5
nprocs: 64, min: 731 ms, max: 768 ms, avg: 754 ms
0.01user 0.02system 0:01.09elapsed 3%CPU (0avgtext+0avgdata 18432maxresident)k
0inputs+0outputs (0major+3476minor)pagefaults 0swaps
+ for i in $(seq 1 5)
+ /usr/bin/time srun -N 8 -n 64 -c 7 --ntasks-per-node=8 --gpus-per-node=8 --gpu-bind=closest --cpus-per-task=1 --threads-per-core=1 --network=single_node_vni,job_vni /tmp/khana/copper/lustre/orion/stf243/world-shared/hagertnl/CUG26/benchmark_builds/osu/install-osu-7.5.1/libexec/osu-micro-benchmarks/mpi/startup/osu_init
# OSU MPI Init Test v7.5
nprocs: 64, min: 253 ms, max: 291 ms, avg: 267 ms
0.02user 0.01system 0:00.59elapsed 6%CPU (0avgtext+0avgdata 18432maxresident)k
0inputs+0outputs (0major+3477minor)pagefaults 0swaps
+ for i in $(seq 1 5)
+ /usr/bin/time srun -N 8 -n 64 -c 7 --ntasks-per-node=8 --gpus-per-node=8 --gpu-bind=closest --cpus-per-task=1 --threads-per-core=1 --network=single_node_vni,job_vni /tmp/khana/copper/lustre/orion/stf243/world-shared/hagertnl/CUG26/benchmark_builds/osu/install-osu-7.5.1/libexec/osu-micro-benchmarks/mpi/startup/osu_init
srun: Step created for StepId=4188437.5
# OSU MPI Init Test v7.5
nprocs: 64, min: 724 ms, max: 764 ms, avg: 738 ms
0.02user 0.01system 0:01.07elapsed 3%CPU (0avgtext+0avgdata 18432maxresident)k
0inputs+8outputs (0major+3476minor)pagefaults 0swaps
+ set +x
+ '[' -z '' ']'
+ case "$-" in
+ __lmod_vx=x
+ '[' -n x ']'
+ set +x
Shell debugging temporarily silenced: export LMOD_SH_DBG_ON=1 for this output (/opt/cray/pe/lmod/lmod/init/bash)
Shell debugging restarted
+ unset __lmod_vx
+ log_dir=/ccs/home/khana/copper-logs/4188437
+ getopts d: opt
+ case ${opt} in
+ log_dir=/lustre/orion/stf008/proj-shared/hvac/copper-cug/copper_logs
+ getopts d: opt
+ SLURM_NODEFILE=/lustre/orion/stf008/proj-shared/hvac/copper-cug/copper_logs/node_file.txt
+ echo 'Stopping Copper Gracefully On All Nodes : Start'
Stopping Copper Gracefully On All Nodes : Start
+ CU_FUSE_MNT_VIEWDIR=/tmp/khana/copper
+ clush --hostfile /lustre/orion/stf008/proj-shared/hvac/copper-cug/copper_logs/node_file.txt 'pkill -9 cu_fuse'
+ clush --hostfile /lustre/orion/stf008/proj-shared/hvac/copper-cug/copper_logs/node_file.txt 'fusermount3 -u /tmp/khana/copper'
srun: error: frontier00140: task 5: Killed
srun: Terminating StepId=4188437.0
srun: error: frontier00138: task 3: Killed
slurmstepd: error: *** STEP 4188437.0 ON frontier00135 CANCELLED AT 2026-03-09T10:42:14 ***
srun: error: frontier00136: task 1: Killed
srun: error: frontier00142: task 6: Killed
srun: error: frontier00137: task 2: Killed
srun: error: frontier00143: task 7: Killed
srun: error: frontier00139: task 4: Killed
srun: error: frontier00135: task 0: Killed
srun: Force Terminated StepId=4188437.0
frontier00915: fusermount3: bad mount point /tmp/khana/copper: No such file or directory
clush: frontier00915: exited with exit code 1
frontier03642: fusermount3: bad mount point /tmp/khana/copper: No such file or directory
clush: frontier03642: exited with exit code 1
frontier00668: fusermount3: bad mount point /tmp/khana/copper: No such file or directory
clush: frontier00668: exited with exit code 1
frontier00865: fusermount3: bad mount point /tmp/khana/copper: No such file or directory
clush: frontier00865: exited with exit code 1
frontier06348: fusermount3: bad mount point /tmp/khana/copper: No such file or directory
clush: frontier06348: exited with exit code 1
frontier06221: fusermount3: bad mount point /tmp/khana/copper: No such file or directory
clush: frontier06221: exited with exit code 1
frontier03812: fusermount3: bad mount point /tmp/khana/copper: No such file or directory
clush: frontier03812: exited with exit code 1
frontier03495: fusermount3: bad mount point /tmp/khana/copper: No such file or directory
frontier06104: fusermount3: bad mount point /tmp/khana/copper: No such file or directory
clush: frontier03495: exited with exit code 1
clush: frontier06104: exited with exit code 1
frontier00534: fusermount3: bad mount point /tmp/khana/copper: No such file or directory
clush: frontier00534: exited with exit code 1
frontier01035: fusermount3: bad mount point /tmp/khana/copper: No such file or directory
frontier06480: fusermount3: bad mount point /tmp/khana/copper: No such file or directory
frontier03380: fusermount3: bad mount point /tmp/khana/copper: No such file or directory
clush: frontier01035: exited with exit code 1
clush: frontier06480: exited with exit code 1
clush: frontier03380: exited with exit code 1
frontier06610: fusermount3: bad mount point /tmp/khana/copper: No such file or directory
clush: frontier06610: exited with exit code 1
frontier00117: fusermount3: bad mount point /tmp/khana/copper: No such file or directory
frontier03961: fusermount3: bad mount point /tmp/khana/copper: No such file or directory
clush: frontier00117: exited with exit code 1
clush: frontier03961: exited with exit code 1
frontier00265: fusermount3: bad mount point /tmp/khana/copper: No such file or directory
clush: frontier00265: exited with exit code 1
frontier04190: fusermount3: bad mount point /tmp/khana/copper: No such file or directory
clush: frontier04190: exited with exit code 1
frontier04977: fusermount3: bad mount point /tmp/khana/copper: No such file or directory
clush: frontier04977: exited with exit code 1
frontier01678: fusermount3: bad mount point /tmp/khana/copper: No such file or directory
clush: frontier01678: exited with exit code 1
frontier04693: fusermount3: bad mount point /tmp/khana/copper: No such file or directory
clush: frontier04693: exited with exit code 1
frontier06987: fusermount3: bad mount point /tmp/khana/copper: No such file or directory
clush: frontier06987: exited with exit code 1
frontier01178: fusermount3: bad mount point /tmp/khana/copper: No such file or directory
frontier04820: fusermount3: bad mount point /tmp/khana/copper: No such file or directory
frontier06736: fusermount3: bad mount point /tmp/khana/copper: No such file or directory
clush: frontier01178: exited with exit code 1
clush: frontier04820: exited with exit code 1
clush: frontier06736: exited with exit code 1
frontier00158: fusermount3: bad mount point /tmp/khana/copper: No such file or directory
frontier01557: fusermount3: bad mount point /tmp/khana/copper: No such file or directory
clush: frontier00158: exited with exit code 1
clush: frontier01557: exited with exit code 1
frontier07371: fusermount3: bad mount point /tmp/khana/copper: No such file or directory
clush: frontier07371: exited with exit code 1
frontier04066: fusermount3: bad mount point /tmp/khana/copper: No such file or directory
clush: frontier04066: exited with exit code 1
frontier04443: fusermount3: bad mount point /tmp/khana/copper: No such file or directory
clush: frontier04443: exited with exit code 1
frontier04558: fusermount3: bad mount point /tmp/khana/copper: No such file or directory
frontier07754: fusermount3: bad mount point /tmp/khana/copper: No such file or directory
clush: frontier04558: exited with exit code 1
clush: frontier07754: exited with exit code 1
frontier01310: fusermount3: bad mount point /tmp/khana/copper: No such file or directory
frontier01815: fusermount3: bad mount point /tmp/khana/copper: No such file or directory
clush: frontier01310: exited with exit code 1
clush: frontier01815: exited with exit code 1
frontier02471: fusermount3: bad mount point /tmp/khana/copper: No such file or directory
clush: frontier02471: exited with exit code 1
frontier07626: fusermount3: bad mount point /tmp/khana/copper: No such file or directory
clush: frontier07626: exited with exit code 1
frontier04315: fusermount3: bad mount point /tmp/khana/copper: No such file or directory
clush: frontier04315: exited with exit code 1
frontier07883: fusermount3: bad mount point /tmp/khana/copper: No such file or directory
clush: frontier07883: exited with exit code 1
frontier06862: fusermount3: bad mount point /tmp/khana/copper: No such file or directory
clush: frontier06862: exited with exit code 1
frontier05207: fusermount3: bad mount point /tmp/khana/copper: No such file or directory
clush: frontier05207: exited with exit code 1
frontier05073: fusermount3: bad mount point /tmp/khana/copper: No such file or directory
clush: frontier05073: exited with exit code 1
frontier05973: fusermount3: bad mount point /tmp/khana/copper: No such file or directory
clush: frontier05973: exited with exit code 1
frontier02342: fusermount3: bad mount point /tmp/khana/copper: No such file or directory
clush: frontier02342: exited with exit code 1
frontier00452: fusermount3: bad mount point /tmp/khana/copper: No such file or directory
frontier02216: fusermount3: bad mount point /tmp/khana/copper: No such file or directory
frontier07500: fusermount3: bad mount point /tmp/khana/copper: No such file or directory
frontier01955: fusermount3: bad mount point /tmp/khana/copper: No such file or directory
clush: frontier00452: exited with exit code 1
clush: frontier07500: exited with exit code 1
frontier07117: fusermount3: bad mount point /tmp/khana/copper: No such file or directory
clush: frontier02216: exited with exit code 1
clush: frontier07117: exited with exit code 1
clush: frontier01955: exited with exit code 1
frontier05328: fusermount3: bad mount point /tmp/khana/copper: No such file or directory
clush: frontier05328: exited with exit code 1
frontier08010: fusermount3: bad mount point /tmp/khana/copper: No such file or directory
clush: frontier08010: exited with exit code 1
frontier08108: fusermount3: bad mount point /tmp/khana/copper: No such file or directory
clush: frontier08108: exited with exit code 1
frontier07245: fusermount3: bad mount point /tmp/khana/copper: No such file or directory
clush: frontier07245: exited with exit code 1
frontier01473: fusermount3: bad mount point /tmp/khana/copper: No such file or directory
frontier03268: fusermount3: bad mount point /tmp/khana/copper: No such file or directory
clush: frontier01473: exited with exit code 1
clush: frontier03268: exited with exit code 1
frontier02593: fusermount3: bad mount point /tmp/khana/copper: No such file or directory
clush: frontier02593: exited with exit code 1
frontier02732: fusermount3: bad mount point /tmp/khana/copper: No such file or directory
frontier05838: fusermount3: bad mount point /tmp/khana/copper: No such file or directory
clush: frontier02732: exited with exit code 1
clush: frontier05838: exited with exit code 1
frontier05583: fusermount3: bad mount point /tmp/khana/copper: No such file or directory
frontier02086: fusermount3: bad mount point /tmp/khana/copper: No such file or directory
clush: frontier05583: exited with exit code 1
clush: frontier02086: exited with exit code 1
frontier02994: fusermount3: bad mount point /tmp/khana/copper: No such file or directory
clush: frontier02994: exited with exit code 1
frontier05454: fusermount3: bad mount point /tmp/khana/copper: No such file or directory
clush: frontier05454: exited with exit code 1
frontier03124: fusermount3: bad mount point /tmp/khana/copper: No such file or directory
clush: frontier03124: exited with exit code 1
frontier02858: fusermount3: bad mount point /tmp/khana/copper: No such file or directory
clush: frontier02858: exited with exit code 1
frontier05717: fusermount3: bad mount point /tmp/khana/copper: No such file or directory
clush: frontier05717: exited with exit code 1
+ clush --hostfile /lustre/orion/stf008/proj-shared/hvac/copper-cug/copper_logs/node_file.txt 'rm -rf /tmp/khana/copper'
+ echo 'Stopping Copper Gracefully On All Nodes : End'
Stopping Copper Gracefully On All Nodes : End
