+ '[' -z '' ']'
+ case "$-" in
+ __lmod_vx=x
+ '[' -n x ']'
+ set +x
Shell debugging temporarily silenced: export LMOD_SH_DBG_ON=1 for this output (/opt/cray/pe/lmod/lmod/init/bash)
Shell debugging restarted
+ unset __lmod_vx
+ source /lustre/orion/stf243/world-shared/hagertnl/CUG26/benchmark_builds/common_modules.sh
++ module load PrgEnv-amd
++ '[' -z '' ']'
++ case "$-" in
++ __lmod_sh_dbg=x
++ '[' -n x ']'
++ set +x
Shell debugging temporarily silenced: export LMOD_SH_DBG_ON=1 for Lmod's output

Lmod is automatically replacing "cce/18.0.1" with "amd/6.2.4".


Lmod is automatically replacing "PrgEnv-cray/8.6.0" with "PrgEnv-amd/8.6.0".


Due to MODULEPATH changes, the following have been reloaded:
  1) cray-libsci/24.11.0     2) cray-mpich/8.1.31     3) darshan-runtime/3.4.6-mpi

Shell debugging restarted
++ unset __lmod_sh_dbg
++ return 0
++ module load cpe/25.09
++ '[' -z '' ']'
++ case "$-" in
++ __lmod_sh_dbg=x
++ '[' -n x ']'
++ set +x
Shell debugging temporarily silenced: export LMOD_SH_DBG_ON=1 for Lmod's output

The following have been reloaded with a version change:
  1) amd/6.2.4 => amd/6.4.2
  2) cray-dsmml/0.3.0 => cray-dsmml/0.3.1
  3) cray-libsci/24.11.0 => cray-libsci/25.09.0
  4) cray-mpich/8.1.31 => cray-mpich/9.0.1
  5) cray-pmi/6.1.15 => cray-pmi/6.1.16
  6) craype/2.7.33 => craype/2.7.35
  7) darshan-runtime/3.4.6-mpi => darshan-runtime/3.4.7-mpi
  8) perftools-base/24.11.0 => perftools-base/25.09.0

Shell debugging restarted
++ unset __lmod_sh_dbg
++ return 0
++ module load amd/6.4.2
++ '[' -z '' ']'
++ case "$-" in
++ __lmod_sh_dbg=x
++ '[' -n x ']'
++ set +x
Shell debugging temporarily silenced: export LMOD_SH_DBG_ON=1 for Lmod's output
Shell debugging restarted
++ unset __lmod_sh_dbg
++ return 0
++ module load rocm/6.4.2
++ '[' -z '' ']'
++ case "$-" in
++ __lmod_sh_dbg=x
++ '[' -n x ']'
++ set +x
Shell debugging temporarily silenced: export LMOD_SH_DBG_ON=1 for Lmod's output
Shell debugging restarted
++ unset __lmod_sh_dbg
++ return 0
++ module load libfabric/1.22.0
++ '[' -z '' ']'
++ case "$-" in
++ __lmod_sh_dbg=x
++ '[' -n x ']'
++ set +x
Shell debugging temporarily silenced: export LMOD_SH_DBG_ON=1 for Lmod's output
Shell debugging restarted
++ unset __lmod_sh_dbg
++ return 0
++ module load craype-accel-amd-gfx90a
++ '[' -z '' ']'
++ case "$-" in
++ __lmod_sh_dbg=x
++ '[' -n x ']'
++ set +x
Shell debugging temporarily silenced: export LMOD_SH_DBG_ON=1 for Lmod's output
Shell debugging restarted
++ unset __lmod_sh_dbg
++ return 0
++ module load miniforge3/23.11.0-0
++ '[' -z '' ']'
++ case "$-" in
++ __lmod_sh_dbg=x
++ '[' -n x ']'
++ set +x
Shell debugging temporarily silenced: export LMOD_SH_DBG_ON=1 for Lmod's output
Shell debugging restarted
++ unset __lmod_sh_dbg
++ return 0
++ export LD_LIBRARY_PATH=/opt/cray/pe/mpich/9.0.1/ofi/amd/6.0/lib:/opt/cray/pe/mpich/9.0.1/gtl/lib:/opt/cray/pe/libsci/25.09.0/AMD/6.0/x86_64/lib:/opt/cray/pe/perftools/25.09.0/lib64:/opt/cray/pe/pmi/6.1.16/lib:/opt/cray/pe/dsmml/0.3.1/dsmml/lib:/opt/cray/libfabric/1.22.0/lib64:/opt/rocm-6.4.2/lib/roctracer:/opt/rocm-6.4.2/lib/rocprofiler:/opt/rocm-6.4.2/lib:/sw/frontier/spack-envs/cpe25.09-cpu/opt/llvm-amdgpu-6.4.2/darshan-runtime-3.4.7-tvdocpzv3jfj4y6ki5jvmmkics323gon/lib:/opt/rocm-6.4.2/llvm/lib:/opt/cray/pe/papi/7.2.0.2/lib64
++ LD_LIBRARY_PATH=/opt/cray/pe/mpich/9.0.1/ofi/amd/6.0/lib:/opt/cray/pe/mpich/9.0.1/gtl/lib:/opt/cray/pe/libsci/25.09.0/AMD/6.0/x86_64/lib:/opt/cray/pe/perftools/25.09.0/lib64:/opt/cray/pe/pmi/6.1.16/lib:/opt/cray/pe/dsmml/0.3.1/dsmml/lib:/opt/cray/libfabric/1.22.0/lib64:/opt/rocm-6.4.2/lib/roctracer:/opt/rocm-6.4.2/lib/rocprofiler:/opt/rocm-6.4.2/lib:/sw/frontier/spack-envs/cpe25.09-cpu/opt/llvm-amdgpu-6.4.2/darshan-runtime-3.4.7-tvdocpzv3jfj4y6ki5jvmmkics323gon/lib:/opt/rocm-6.4.2/llvm/lib:/opt/cray/pe/papi/7.2.0.2/lib64
++ [[ /var/spool/slurmd/job4188435/slurm_script == \/\l\u\s\t\r\e\/\o\r\i\o\n\/\s\t\f\2\4\3\/\w\o\r\l\d\-\s\h\a\r\e\d\/\h\a\g\e\r\t\n\l\/\C\U\G\2\6\/\b\e\n\c\h\m\a\r\k\_\b\u\i\l\d\s\/\c\o\m\m\o\n\_\m\o\d\u\l\e\s\.\s\h ]]
+ module load libfabric/1.22.0
+ '[' -z '' ']'
+ case "$-" in
+ __lmod_sh_dbg=x
+ '[' -n x ']'
+ set +x
Shell debugging temporarily silenced: export LMOD_SH_DBG_ON=1 for Lmod's output
Shell debugging restarted
+ unset __lmod_sh_dbg
+ return 0
+ module load ums ums046 copper
+ '[' -z '' ']'
+ case "$-" in
+ __lmod_sh_dbg=x
+ '[' -n x ']'
+ set +x
Shell debugging temporarily silenced: export LMOD_SH_DBG_ON=1 for Lmod's output
Copper loaded: use 'launch_copper' and 'stop_copper'.
COPPER_ROOT: /sw/frontier/ums/ums046/copper
launch_copper points to: /sw/frontier/ums/ums046/copper/build/launch_copper.sh
Shell debugging restarted
+ unset __lmod_sh_dbg
+ return 0
+ [[ /var/spool/slurmd/job4188435/slurm_script == \/\v\a\r\/\s\p\o\o\l\/\s\l\u\r\m\d\/\j\o\b\4\1\8\8\4\3\5\/\s\l\u\r\m\_\s\c\r\i\p\t ]]
+ echo 'This script should be sourced! When it is not, it prints out the resulting module set:'
This script should be sourced! When it is not, it prints out the resulting module set:
+ module list
+ '[' -z '' ']'
+ case "$-" in
+ __lmod_sh_dbg=x
+ '[' -n x ']'
+ set +x
Shell debugging temporarily silenced: export LMOD_SH_DBG_ON=1 for Lmod's output

Currently Loaded Modules:
  1) craype-x86-trento               14) cpe/25.09
  2) craype-network-ofi              15) amd/6.4.2
  3) xpmem/2.11.3-1.3_gdbda01a1eb3d  16) cray-libsci/25.09.0
  4) Core/25.03                      17) cray-mpich/9.0.1
  5) tmux/3.4                        18) darshan-runtime/3.4.7-mpi (E4S)
  6) hsi/default                     19) rocm/6.4.2
  7) lfs-wrapper/0.0.1               20) craype-accel-amd-gfx90a
  8) DefApps                         21) miniforge3/23.11.0-0
  9) PrgEnv-amd/8.6.0                22) libfabric/1.22.0
 10) cray-dsmml/0.3.1                23) ums/default
 11) cray-pmi/6.1.16                 24) ums046/default
 12) craype/2.7.35                   25) copper/0.1
 13) perftools-base/25.09.0

  Where:
   E4S:  E4S: Extreme-scale Scientific Software Stack (E4S) https://e4s.io/index.html

 

Shell debugging restarted
+ unset __lmod_sh_dbg
+ return 0
+ exe=/tmp/khana/copper/lustre/orion/stf243/world-shared/hagertnl/CUG26/benchmark_builds/osu/install-osu-7.5.1/libexec/osu-micro-benchmarks/mpi/startup/osu_init
+ LOGDIR=/lustre/orion/stf008/proj-shared/hvac/copper-cug/copper_logs
+ launch_copper.sh -d /lustre/orion/stf008/proj-shared/hvac/copper-cug/copper_logs
+ '[' -z '' ']'
+ case "$-" in
+ __lmod_vx=x
+ '[' -n x ']'
+ set +x
Shell debugging temporarily silenced: export LMOD_SH_DBG_ON=1 for this output (/opt/cray/pe/lmod/lmod/init/bash)
Shell debugging restarted
+ unset __lmod_vx
+ echo 'Launching Copper Gracefully On All Nodes : Start'
Launching Copper Gracefully On All Nodes : Start
+ echo /sw/frontier/ums/ums046/copper
/sw/frontier/ums/ums046/copper
+ CUPATH=/sw/frontier/ums/ums046/copper/build/cu_fuse
+ CU_FUSE_MNT_VIEWDIR=/tmp/khana/copper
+ facility_address_book=/sw/frontier/ums/ums046/copper/olcf_copper_addressbook.txt
+ log_level=6
+ log_dir=/ccs/home/khana/copper-logs/4188435
+ log_type=file
+ trees=1
+ max_cacheable_byte_size=10485760
+ sleeptime=20
+ physcpubind=57-60
+ net_type=cxi://cxi1
+ getopts l:t:d:T:M:s:b:F:n: opt
+ case ${opt} in
+ log_dir=/lustre/orion/stf008/proj-shared/hvac/copper-cug/copper_logs
+ getopts l:t:d:T:M:s:b:F:n: opt
+ echo 'log_level                  : 6'
log_level                  : 6
+ echo 'log_type                   : file'
log_type                   : file
+ echo 'trees                      : 1'
trees                      : 1
+ echo 'max_cacheable_byte_size    : 10485760'
max_cacheable_byte_size    : 10485760
+ echo 'sleeptime                  : 20'
sleeptime                  : 20
+ echo 'CU_FUSE_MNT_VIEWDIR        : /tmp/khana/copper'
CU_FUSE_MNT_VIEWDIR        : /tmp/khana/copper
+ echo 'LOGDIR                     : /lustre/orion/stf008/proj-shared/hvac/copper-cug/copper_logs'
LOGDIR                     : /lustre/orion/stf008/proj-shared/hvac/copper-cug/copper_logs
+ echo 'SLURM_NODEFILE             : '
SLURM_NODEFILE             : 
+ echo 'physcpubind                : 57-60'
physcpubind                : 57-60
+ echo 'facility_address_book      : /sw/frontier/ums/ums046/copper/olcf_copper_addressbook.txt'
facility_address_book      : /sw/frontier/ums/ums046/copper/olcf_copper_addressbook.txt
+ echo 'net_type                   : cxi://cxi1'
net_type                   : cxi://cxi1
+ mkdir -p /lustre/orion/stf008/proj-shared/hvac/copper-cug/copper_logs
+ SLURM_NODEFILE=/lustre/orion/stf008/proj-shared/hvac/copper-cug/copper_logs/node_file.txt
+ scontrol show hostnames 'frontier[08860,08930-08935,08955]'
+ echo 'Ignore errors below this line related to copper fuse unmount or cleanup if any. '
Ignore errors below this line related to copper fuse unmount or cleanup if any. 
+ clush --hostfile /lustre/orion/stf008/proj-shared/hvac/copper-cug/copper_logs/node_file.txt 'fusermount3 -u /tmp/khana/copper'
frontier08860: fusermount3: bad mount point /tmp/khana/copper: No such file or directory
clush: frontier08860: exited with exit code 1
frontier08955: fusermount3: bad mount point /tmp/khana/copper: No such file or directory
clush: frontier08955: exited with exit code 1
frontier08933: fusermount3: bad mount point /tmp/khana/copper: No such file or directory
clush: frontier08933: exited with exit code 1
frontier08934: fusermount3: bad mount point /tmp/khana/copper: No such file or directory
clush: frontier08934: exited with exit code 1
frontier08935: fusermount3: bad mount point /tmp/khana/copper: No such file or directory
clush: frontier08935: exited with exit code 1
frontier08931: fusermount3: bad mount point /tmp/khana/copper: No such file or directory
clush: frontier08931: exited with exit code 1
frontier08930: fusermount3: bad mount point /tmp/khana/copper: No such file or directory
clush: frontier08930: exited with exit code 1
frontier08932: fusermount3: bad mount point /tmp/khana/copper: No such file or directory
clush: frontier08932: exited with exit code 1
+ clush --hostfile /lustre/orion/stf008/proj-shared/hvac/copper-cug/copper_logs/node_file.txt 'rm -rf /tmp/khana/copper'
+ clush --hostfile /lustre/orion/stf008/proj-shared/hvac/copper-cug/copper_logs/node_file.txt 'mkdir -p /tmp/khana/copper'
+ echo 'Errors below this line are critical - report if any. '
Errors below this line are critical - report if any. 
+ options=' -f -tpath / -vpath /tmp/khana/copper -log_level 6 -log_type file -log_output_dir /lustre/orion/stf008/proj-shared/hvac/copper-cug/copper_logs -net_type cxi://cxi1 -trees 1 -nf /lustre/orion/stf008/proj-shared/hvac/copper-cug/copper_logs/node_file.txt -max_cacheable_byte_size 10485760  -facility_address_book /sw/frontier/ums/ums046/copper/olcf_copper_addressbook.txt -s /tmp/khana/copper'
+ sleep 20s
+ srun -N 8 --ntasks-per-node=1 --cpus-per-task=2 --cpu-bind=threads --network=single_node_vni,job_vni /sw/frontier/ums/ums046/copper/build/cu_fuse -f -tpath / -vpath /tmp/khana/copper -log_level 6 -log_type file -log_output_dir /lustre/orion/stf008/proj-shared/hvac/copper-cug/copper_logs -net_type cxi://cxi1 -trees 1 -nf /lustre/orion/stf008/proj-shared/hvac/copper-cug/copper_logs/node_file.txt -max_cacheable_byte_size 10485760 -facility_address_book /sw/frontier/ums/ums046/copper/olcf_copper_addressbook.txt -s /tmp/khana/copper
2026-03-09 10-56-21.833 [Debug] (cu_hello_main)  
2026-03-09 10-56-21.833 [Info] (cu_hello_main) hostname found to be: frontier08860
2026-03-09 10-56-21.833 [Debug] (process_args) -tpath was found: /
2026-03-09 10-56-21.833 [Debug] (process_args) -vpath was found: /tmp/khana/copper
2026-03-09 10-56-21.833 [Debug] (process_args) -log_level was found: 6
2026-03-09 10-56-21.833 [Debug] (process_args) -log_type was found: file
2026-03-09 10-56-21.833 [Debug] (process_args) -log_output_dir was found: /lustre/orion/stf008/proj-shared/hvac/copper-cug/copper_logs
2026-03-09 10-56-21.833 [Debug] (process_args) -net_type was found: cxi://cxi1
2026-03-09 10-56-21.833 [Debug] (process_args) -trees was found: 1
2026-03-09 10-56-21.833 [Debug] (process_args) -nf was found: /lustre/orion/stf008/proj-shared/hvac/copper-cug/copper_logs/node_file.txt
2026-03-09 10-56-21.833 [Debug] (process_args) -max_cacheable_byte_size was found: 10485760
2026-03-09 10-56-21.833 [Debug] (process_args) -facility_address_book was found: /sw/frontier/ums/ums046/copper/olcf_copper_addressbook.txt
2026-03-09 10-56-21.833 [Info] (cu_hello_main) copper address located at path: /lustre/orion/stf008/proj-shared/hvac/copper-cug/copper_logs/copper_address_book.txt
2026-03-09 10-56-21.833 [Info] (cu_hello_main) facility address book filename path: /sw/frontier/ums/ums046/copper/olcf_copper_addressbook.txt
2026-03-09 10-56-21.833 [Info] (cu_hello_main) output filename path: /lustre/orion/stf008/proj-shared/hvac/copper-cug/copper_logs/frontier08860-1941457-output.log
2026-03-09 10-56-21.864 [Debug] (cu_hello_main)  
2026-03-09 10-56-21.864 [Info] (cu_hello_main) hostname found to be: frontier08955
2026-03-09 10-56-21.864 [Debug] (process_args) -tpath was found: /
2026-03-09 10-56-21.864 [Debug] (process_args) -vpath was found: /tmp/khana/copper
2026-03-09 10-56-21.864 [Debug] (process_args) -log_level was found: 6
2026-03-09 10-56-21.864 [Debug] (process_args) -log_type was found: file
2026-03-09 10-56-21.864 [Debug] (process_args) -log_output_dir was found: /lustre/orion/stf008/proj-shared/hvac/copper-cug/copper_logs
2026-03-09 10-56-21.864 [Debug] (process_args) -net_type was found: cxi://cxi1
2026-03-09 10-56-21.864 [Debug] (process_args) -trees was found: 1
2026-03-09 10-56-21.864 [Debug] (process_args) -nf was found: /lustre/orion/stf008/proj-shared/hvac/copper-cug/copper_logs/node_file.txt
2026-03-09 10-56-21.864 [Debug] (process_args) -max_cacheable_byte_size was found: 10485760
2026-03-09 10-56-21.864 [Debug] (process_args) -facility_address_book was found: /sw/frontier/ums/ums046/copper/olcf_copper_addressbook.txt
2026-03-09 10-56-21.864 [Info] (cu_hello_main) copper address located at path: /lustre/orion/stf008/proj-shared/hvac/copper-cug/copper_logs/copper_address_book.txt
2026-03-09 10-56-21.864 [Info] (cu_hello_main) facility address book filename path: /sw/frontier/ums/ums046/copper/olcf_copper_addressbook.txt
2026-03-09 10-56-21.864 [Info] (cu_hello_main) output filename path: /lustre/orion/stf008/proj-shared/hvac/copper-cug/copper_logs/frontier08955-1510698-output.log
2026-03-09 10-56-21.870 [Debug] (cu_hello_main)  
2026-03-09 10-56-21.870 [Info] (cu_hello_main) hostname found to be: frontier08934
2026-03-09 10-56-21.870 [Debug] (process_args) -tpath was found: /
2026-03-09 10-56-21.870 [Debug] (process_args) -vpath was found: /tmp/khana/copper
2026-03-09 10-56-21.870 [Debug] (process_args) -log_level was found: 6
2026-03-09 10-56-21.870 [Debug] (process_args) -log_type was found: file
2026-03-09 10-56-21.870 [Debug] (process_args) -log_output_dir was found: /lustre/orion/stf008/proj-shared/hvac/copper-cug/copper_logs
2026-03-09 10-56-21.870 [Debug] (process_args) -net_type was found: cxi://cxi1
2026-03-09 10-56-21.870 [Debug] (process_args) -trees was found: 1
2026-03-09 10-56-21.870 [Debug] (process_args) -nf was found: /lustre/orion/stf008/proj-shared/hvac/copper-cug/copper_logs/node_file.txt
2026-03-09 10-56-21.870 [Debug] (process_args) -max_cacheable_byte_size was found: 10485760
2026-03-09 10-56-21.870 [Debug] (process_args) -facility_address_book was found: /sw/frontier/ums/ums046/copper/olcf_copper_addressbook.txt
2026-03-09 10-56-21.870 [Info] (cu_hello_main) copper address located at path: /lustre/orion/stf008/proj-shared/hvac/copper-cug/copper_logs/copper_address_book.txt
2026-03-09 10-56-21.870 [Info] (cu_hello_main) facility address book filename path: /sw/frontier/ums/ums046/copper/olcf_copper_addressbook.txt
2026-03-09 10-56-21.870 [Info] (cu_hello_main) output filename path: /lustre/orion/stf008/proj-shared/hvac/copper-cug/copper_logs/frontier08934-1393655-output.log
2026-03-09 10-56-21.892 [Debug] (cu_hello_main)  
2026-03-09 10-56-21.892 [Info] (cu_hello_main) hostname found to be: frontier08930
2026-03-09 10-56-21.892 [Debug] (process_args) -tpath was found: /
2026-03-09 10-56-21.892 [Debug] (process_args) -vpath was found: /tmp/khana/copper
2026-03-09 10-56-21.892 [Debug] (process_args) -log_level was found: 6
2026-03-09 10-56-21.892 [Debug] (process_args) -log_type was found: file
2026-03-09 10-56-21.892 [Debug] (process_args) -log_output_dir was found: /lustre/orion/stf008/proj-shared/hvac/copper-cug/copper_logs
2026-03-09 10-56-21.892 [Debug] (process_args) -net_type was found: cxi://cxi1
2026-03-09 10-56-21.892 [Debug] (process_args) -trees was found: 1
2026-03-09 10-56-21.892 [Debug] (process_args) -nf was found: /lustre/orion/stf008/proj-shared/hvac/copper-cug/copper_logs/node_file.txt
2026-03-09 10-56-21.892 [Debug] (process_args) -max_cacheable_byte_size was found: 10485760
2026-03-09 10-56-21.892 [Debug] (process_args) -facility_address_book was found: /sw/frontier/ums/ums046/copper/olcf_copper_addressbook.txt
2026-03-09 10-56-21.892 [Info] (cu_hello_main) copper address located at path: /lustre/orion/stf008/proj-shared/hvac/copper-cug/copper_logs/copper_address_book.txt
2026-03-09 10-56-21.892 [Info] (cu_hello_main) facility address book filename path: /sw/frontier/ums/ums046/copper/olcf_copper_addressbook.txt
2026-03-09 10-56-21.892 [Info] (cu_hello_main) output filename path: /lustre/orion/stf008/proj-shared/hvac/copper-cug/copper_logs/frontier08930-326930-output.log
2026-03-09 10-56-21.897 [Debug] (cu_hello_main)  
2026-03-09 10-56-21.897 [Info] (cu_hello_main) hostname found to be: frontier08931
2026-03-09 10-56-21.897 [Debug] (process_args) -tpath was found: /
2026-03-09 10-56-21.897 [Debug] (process_args) -vpath was found: /tmp/khana/copper
2026-03-09 10-56-21.897 [Debug] (process_args) -log_level was found: 6
2026-03-09 10-56-21.897 [Debug] (process_args) -log_type was found: file
2026-03-09 10-56-21.897 [Debug] (process_args) -log_output_dir was found: /lustre/orion/stf008/proj-shared/hvac/copper-cug/copper_logs
2026-03-09 10-56-21.897 [Debug] (process_args) -net_type was found: cxi://cxi1
2026-03-09 10-56-21.897 [Debug] (process_args) -trees was found: 1
2026-03-09 10-56-21.897 [Debug] (process_args) -nf was found: /lustre/orion/stf008/proj-shared/hvac/copper-cug/copper_logs/node_file.txt
2026-03-09 10-56-21.897 [Debug] (process_args) -max_cacheable_byte_size was found: 10485760
2026-03-09 10-56-21.897 [Debug] (process_args) -facility_address_book was found: /sw/frontier/ums/ums046/copper/olcf_copper_addressbook.txt
2026-03-09 10-56-21.897 [Info] (cu_hello_main) copper address located at path: /lustre/orion/stf008/proj-shared/hvac/copper-cug/copper_logs/copper_address_book.txt
2026-03-09 10-56-21.897 [Info] (cu_hello_main) facility address book filename path: /sw/frontier/ums/ums046/copper/olcf_copper_addressbook.txt
2026-03-09 10-56-21.897 [Info] (cu_hello_main) output filename path: /lustre/orion/stf008/proj-shared/hvac/copper-cug/copper_logs/frontier08931-835928-output.log
2026-03-09 10-56-21.904 [Debug] (cu_hello_main)  
2026-03-09 10-56-21.904 [Info] (cu_hello_main) hostname found to be: frontier08932
2026-03-09 10-56-21.904 [Debug] (process_args) -tpath was found: /
2026-03-09 10-56-21.904 [Debug] (process_args) -vpath was found: /tmp/khana/copper
2026-03-09 10-56-21.904 [Debug] (process_args) -log_level was found: 6
2026-03-09 10-56-21.904 [Debug] (process_args) -log_type was found: file
2026-03-09 10-56-21.904 [Debug] (process_args) -log_output_dir was found: /lustre/orion/stf008/proj-shared/hvac/copper-cug/copper_logs
2026-03-09 10-56-21.904 [Debug] (process_args) -net_type was found: cxi://cxi1
2026-03-09 10-56-21.904 [Debug] (process_args) -trees was found: 1
2026-03-09 10-56-21.904 [Debug] (process_args) -nf was found: /lustre/orion/stf008/proj-shared/hvac/copper-cug/copper_logs/node_file.txt
2026-03-09 10-56-21.904 [Debug] (process_args) -max_cacheable_byte_size was found: 10485760
2026-03-09 10-56-21.904 [Debug] (process_args) -facility_address_book was found: /sw/frontier/ums/ums046/copper/olcf_copper_addressbook.txt
2026-03-09 10-56-21.904 [Info] (cu_hello_main) copper address located at path: /lustre/orion/stf008/proj-shared/hvac/copper-cug/copper_logs/copper_address_book.txt
2026-03-09 10-56-21.904 [Info] (cu_hello_main) facility address book filename path: /sw/frontier/ums/ums046/copper/olcf_copper_addressbook.txt
2026-03-09 10-56-21.904 [Info] (cu_hello_main) output filename path: /lustre/orion/stf008/proj-shared/hvac/copper-cug/copper_logs/frontier08932-1747963-output.log
2026-03-09 10-56-21.910 [Debug] (cu_hello_main)  
2026-03-09 10-56-21.910 [Info] (cu_hello_main) hostname found to be: frontier08933
2026-03-09 10-56-21.910 [Debug] (process_args) -tpath was found: /
2026-03-09 10-56-21.910 [Debug] (process_args) -vpath was found: /tmp/khana/copper
2026-03-09 10-56-21.910 [Debug] (process_args) -log_level was found: 6
2026-03-09 10-56-21.910 [Debug] (process_args) -log_type was found: file
2026-03-09 10-56-21.910 [Debug] (process_args) -log_output_dir was found: /lustre/orion/stf008/proj-shared/hvac/copper-cug/copper_logs
2026-03-09 10-56-21.910 [Debug] (process_args) -net_type was found: cxi://cxi1
2026-03-09 10-56-21.910 [Debug] (process_args) -trees was found: 1
2026-03-09 10-56-21.910 [Debug] (process_args) -nf was found: /lustre/orion/stf008/proj-shared/hvac/copper-cug/copper_logs/node_file.txt
2026-03-09 10-56-21.910 [Debug] (process_args) -max_cacheable_byte_size was found: 10485760
2026-03-09 10-56-21.910 [Debug] (process_args) -facility_address_book was found: /sw/frontier/ums/ums046/copper/olcf_copper_addressbook.txt
2026-03-09 10-56-21.910 [Info] (cu_hello_main) copper address located at path: /lustre/orion/stf008/proj-shared/hvac/copper-cug/copper_logs/copper_address_book.txt
2026-03-09 10-56-21.910 [Info] (cu_hello_main) facility address book filename path: /sw/frontier/ums/ums046/copper/olcf_copper_addressbook.txt
2026-03-09 10-56-21.910 [Info] (cu_hello_main) output filename path: /lustre/orion/stf008/proj-shared/hvac/copper-cug/copper_logs/frontier08933-1694118-output.log
2026-03-09 10-56-22.016 [Debug] (cu_hello_main)  
2026-03-09 10-56-22.016 [Info] (cu_hello_main) hostname found to be: frontier08935
2026-03-09 10-56-22.016 [Debug] (process_args) -tpath was found: /
2026-03-09 10-56-22.016 [Debug] (process_args) -vpath was found: /tmp/khana/copper
2026-03-09 10-56-22.016 [Debug] (process_args) -log_level was found: 6
2026-03-09 10-56-22.016 [Debug] (process_args) -log_type was found: file
2026-03-09 10-56-22.016 [Debug] (process_args) -log_output_dir was found: /lustre/orion/stf008/proj-shared/hvac/copper-cug/copper_logs
2026-03-09 10-56-22.016 [Debug] (process_args) -net_type was found: cxi://cxi1
2026-03-09 10-56-22.016 [Debug] (process_args) -trees was found: 1
2026-03-09 10-56-22.016 [Debug] (process_args) -nf was found: /lustre/orion/stf008/proj-shared/hvac/copper-cug/copper_logs/node_file.txt
2026-03-09 10-56-22.016 [Debug] (process_args) -max_cacheable_byte_size was found: 10485760
2026-03-09 10-56-22.016 [Debug] (process_args) -facility_address_book was found: /sw/frontier/ums/ums046/copper/olcf_copper_addressbook.txt
2026-03-09 10-56-22.016 [Info] (cu_hello_main) copper address located at path: /lustre/orion/stf008/proj-shared/hvac/copper-cug/copper_logs/copper_address_book.txt
2026-03-09 10-56-22.016 [Info] (cu_hello_main) facility address book filename path: /sw/frontier/ums/ums046/copper/olcf_copper_addressbook.txt
2026-03-09 10-56-22.016 [Info] (cu_hello_main) output filename path: /lustre/orion/stf008/proj-shared/hvac/copper-cug/copper_logs/frontier08935-744071-output.log
+ echo 'Launching Copper Gracefully On All Nodes : End'
Launching Copper Gracefully On All Nodes : End
+ set -x
+ ldd /tmp/khana/copper/lustre/orion/stf243/world-shared/hagertnl/CUG26/benchmark_builds/osu/install-osu-7.5.1/libexec/osu-micro-benchmarks/mpi/startup/osu_init
	linux-vdso.so.1 (0x00007fffed9ce000)
	libamdhip64.so.6 => /opt/rocm-6.4.2/lib/libamdhip64.so.6 (0x00007fffec1ed000)
	libm.so.6 => /lib64/libm.so.6 (0x00007fffec0ed000)
	libdarshan.so.0 => /sw/frontier/spack-envs/cpe25.09-cpu/opt/llvm-amdgpu-6.4.2/darshan-runtime-3.4.7-tvdocpzv3jfj4y6ki5jvmmkics323gon/lib/libdarshan.so.0 (0x00007fffec09e000)
	libz.so.1 => /usr/lib64/libz.so.1 (0x00007fffec085000)
	libmpi_amd.so.12 => /opt/cray/pe/mpich/9.0.1/ofi/amd/6.0/lib/libmpi_amd.so.12 (0x00007fffeaf35000)
	libmpi_gtl_hsa.so.0 => /opt/cray/pe/mpich/9.0.1/ofi/amd/6.0/lib/libmpi_gtl_hsa.so.0 (0x00007fffeae8a000)
	libxpmem.so.0 => /usr/lib64/libxpmem.so.0 (0x00007fffeae87000)
	libstdc++.so.6 => /usr/lib64/libstdc++.so.6 (0x00007fffeac31000)
	libgcc_s.so.1 => /lib64/libgcc_s.so.1 (0x00007fffeac04000)
	libc.so.6 => /lib64/libc.so.6 (0x00007fffea9ef000)
	librocprofiler-register.so.0 => /opt/rocm-6.4.2/lib/librocprofiler-register.so.0 (0x00007fffea96e000)
	libamd_comgr.so.3 => /opt/rocm-6.4.2/lib/libamd_comgr.so.3 (0x00007fffe11c1000)
	libhsa-runtime64.so.1 => /opt/rocm-6.4.2/lib/libhsa-runtime64.so.1 (0x00007fffe0e77000)
	libnuma.so.1 => /usr/lib64/libnuma.so.1 (0x00007fffe0c00000)
	/lib64/ld-linux-x86-64.so.2 (0x00007fffed9d0000)
	libfabric.so.1 => /opt/cray/libfabric/1.22.0/lib64/libfabric.so.1 (0x00007fffe0ac9000)
	libatomic.so.1 => /usr/lib64/libatomic.so.1 (0x00007fffe0e6b000)
	libpmi.so.0 => /opt/cray/pe/pmi/6.1.16/lib/libpmi.so.0 (0x00007fffe0e47000)
	libpmi2.so.0 => /opt/cray/pe/pmi/6.1.16/lib/libpmi2.so.0 (0x00007fffe0e23000)
	libzstd.so.1 => /usr/lib64/libzstd.so.1 (0x00007fffe0a0a000)
	libelf.so.1 => /usr/lib64/libelf.so.1 (0x00007fffe0600000)
	libdrm.so.2 => /opt/amdgpu/lib64/libdrm.so.2 (0x00007fffe09f3000)
	libdrm_amdgpu.so.1 => /opt/amdgpu/lib64/libdrm_amdgpu.so.1 (0x00007fffe0e13000)
	libcxi.so.1 => /usr/lib64/libcxi.so.1 (0x00007fffe09d2000)
	libpthread.so.0 => /lib64/libpthread.so.0 (0x00007fffe0e0e000)
	libpals.so.0 => /opt/cray/pals/1.6/lib/libpals.so.0 (0x00007fffe09ca000)
	libnl-3.so.200 => /usr/lib64/libnl-3.so.200 (0x00007fffe09a7000)
++ seq 1 5
+ for i in $(seq 1 5)
+ /usr/bin/time srun -N 8 -n 64 -c 7 --ntasks-per-node=8 --gpus-per-node=8 --gpu-bind=closest --cpus-per-task=1 --threads-per-core=1 --network=single_node_vni,job_vni /tmp/khana/copper/lustre/orion/stf243/world-shared/hagertnl/CUG26/benchmark_builds/osu/install-osu-7.5.1/libexec/osu-micro-benchmarks/mpi/startup/osu_init
srun: error: frontier08935: task 6: Killed
srun: Terminating StepId=4188435.0
slurmstepd: error: *** STEP 4188435.0 ON frontier08860 CANCELLED AT 2026-03-09T10:56:43 ***
srun: error: frontier08930: task 1: Killed
srun: error: frontier08933: task 4: Killed
srun: error: frontier08931: task 2: Killed
srun: error: frontier08860: task 0: Killed
srun: error: frontier08955: task 7: Killed
srun: error: frontier08934: task 5: Killed
srun: error: frontier08932: task 3: Killed
srun: Force Terminated StepId=4188435.0
# OSU MPI Init Test v7.5
nprocs: 64, min: 385 ms, max: 824 ms, avg: 648 ms
0.01user 0.02system 0:01.88elapsed 1%CPU (0avgtext+0avgdata 17408maxresident)k
38inputs+0outputs (0major+3478minor)pagefaults 0swaps
+ for i in $(seq 1 5)
+ /usr/bin/time srun -N 8 -n 64 -c 7 --ntasks-per-node=8 --gpus-per-node=8 --gpu-bind=closest --cpus-per-task=1 --threads-per-core=1 --network=single_node_vni,job_vni /tmp/khana/copper/lustre/orion/stf243/world-shared/hagertnl/CUG26/benchmark_builds/osu/install-osu-7.5.1/libexec/osu-micro-benchmarks/mpi/startup/osu_init
srun: Step created for StepId=4188435.2
slurmstepd: error: execve(): /tmp/khana/copper/lustre/orion/stf243/world-shared/hagertnl/CUG26/benchmark_builds/osu/install-osu-7.5.1/libexec/osu-micro-benchmarks/mpi/startup/osu_init: Transport endpoint is not connected
slurmstepd: error: execve(): /tmp/khana/copper/lustre/orion/stf243/world-shared/hagertnl/CUG26/benchmark_builds/osu/install-osu-7.5.1/libexec/osu-micro-benchmarks/mpi/startup/osu_init: Transport endpoint is not connected
slurmstepd: error: execve(): /tmp/khana/copper/lustre/orion/stf243/world-shared/hagertnl/CUG26/benchmark_builds/osu/install-osu-7.5.1/libexec/osu-micro-benchmarks/mpi/startup/osu_init: Transport endpoint is not connected
slurmstepd: error: execve(): /tmp/khana/copper/lustre/orion/stf243/world-shared/hagertnl/CUG26/benchmark_builds/osu/install-osu-7.5.1/libexec/osu-micro-benchmarks/mpi/startup/osu_init: Transport endpoint is not connected
slurmstepd: error: execve(): /tmp/khana/copper/lustre/orion/stf243/world-shared/hagertnl/CUG26/benchmark_builds/osu/install-osu-7.5.1/libexec/osu-micro-benchmarks/mpi/startup/osu_init: Transport endpoint is not connected
slurmstepd: error: execve(): /tmp/khana/copper/lustre/orion/stf243/world-shared/hagertnl/CUG26/benchmark_builds/osu/install-osu-7.5.1/libexec/osu-micro-benchmarks/mpi/startup/osu_init: Transport endpoint is not connected
slurmstepd: error: execve(): /tmp/khana/copper/lustre/orion/stf243/world-shared/hagertnl/CUG26/benchmark_builds/osu/install-osu-7.5.1/libexec/osu-micro-benchmarks/mpi/startup/osu_init: Transport endpoint is not connected
slurmstepd: error: execve(): /tmp/khana/copper/lustre/orion/stf243/world-shared/hagertnl/CUG26/benchmark_builds/osu/install-osu-7.5.1/libexec/osu-micro-benchmarks/mpi/startup/osu_init: Transport endpoint is not connected
slurmstepd: error: execve(): /tmp/khana/copper/lustre/orion/stf243/world-shared/hagertnl/CUG26/benchmark_builds/osu/install-osu-7.5.1/libexec/osu-micro-benchmarks/mpi/startup/osu_init: Transport endpoint is not connected
slurmstepd: error: execve(): /tmp/khana/copper/lustre/orion/stf243/world-shared/hagertnl/CUG26/benchmark_builds/osu/install-osu-7.5.1/libexec/osu-micro-benchmarks/mpi/startup/osu_init: Transport endpoint is not connected
slurmstepd: error: execve(): /tmp/khana/copper/lustre/orion/stf243/world-shared/hagertnl/CUG26/benchmark_builds/osu/install-osu-7.5.1/libexec/osu-micro-benchmarks/mpi/startup/osu_init: Transport endpoint is not connected
slurmstepd: error: execve(): /tmp/khana/copper/lustre/orion/stf243/world-shared/hagertnl/CUG26/benchmark_builds/osu/install-osu-7.5.1/libexec/osu-micro-benchmarks/mpi/startup/osu_init: Transport endpoint is not connected
slurmstepd: error: execve(): /tmp/khana/copper/lustre/orion/stf243/world-shared/hagertnl/CUG26/benchmark_builds/osu/install-osu-7.5.1/libexec/osu-micro-benchmarks/mpi/startup/osu_init: Transport endpoint is not connected
slurmstepd: error: execve(): /tmp/khana/copper/lustre/orion/stf243/world-shared/hagertnl/CUG26/benchmark_builds/osu/install-osu-7.5.1/libexec/osu-micro-benchmarks/mpi/startup/osu_init: Transport endpoint is not connected
slurmstepd: error: execve(): /tmp/khana/copper/lustre/orion/stf243/world-shared/hagertnl/CUG26/benchmark_builds/osu/install-osu-7.5.1/libexec/osu-micro-benchmarks/mpi/startup/osu_init: Transport endpoint is not connected
slurmstepd: error: execve(): /tmp/khana/copper/lustre/orion/stf243/world-shared/hagertnl/CUG26/benchmark_builds/osu/install-osu-7.5.1/libexec/osu-micro-benchmarks/mpi/startup/osu_init: Transport endpoint is not connected
slurmstepd: error: execve(): /tmp/khana/copper/lustre/orion/stf243/world-shared/hagertnl/CUG26/benchmark_builds/osu/install-osu-7.5.1/libexec/osu-micro-benchmarks/mpi/startup/osu_init: Transport endpoint is not connected
slurmstepd: error: execve(): /tmp/khana/copper/lustre/orion/stf243/world-shared/hagertnl/CUG26/benchmark_builds/osu/install-osu-7.5.1/libexec/osu-micro-benchmarks/mpi/startup/osu_init: Transport endpoint is not connected
slurmstepd: error: execve(): /tmp/khana/copper/lustre/orion/stf243/world-shared/hagertnl/CUG26/benchmark_builds/osu/install-osu-7.5.1/libexec/osu-micro-benchmarks/mpi/startup/osu_init: Transport endpoint is not connected
slurmstepd: error: execve(): /tmp/khana/copper/lustre/orion/stf243/world-shared/hagertnl/CUG26/benchmark_builds/osu/install-osu-7.5.1/libexec/osu-micro-benchmarks/mpi/startup/osu_init: Transport endpoint is not connected
slurmstepd: error: execve(): /tmp/khana/copper/lustre/orion/stf243/world-shared/hagertnl/CUG26/benchmark_builds/osu/install-osu-7.5.1/libexec/osu-micro-benchmarks/mpi/startup/osu_init: Transport endpoint is not connected
slurmstepd: error: execve(): /tmp/khana/copper/lustre/orion/stf243/world-shared/hagertnl/CUG26/benchmark_builds/osu/install-osu-7.5.1/libexec/osu-micro-benchmarks/mpi/startup/osu_init: Transport endpoint is not connected
slurmstepd: error: execve(): /tmp/khana/copper/lustre/orion/stf243/world-shared/hagertnl/CUG26/benchmark_builds/osu/install-osu-7.5.1/libexec/osu-micro-benchmarks/mpi/startup/osu_init: Transport endpoint is not connected
slurmstepd: error: execve(): /tmp/khana/copper/lustre/orion/stf243/world-shared/hagertnl/CUG26/benchmark_builds/osu/install-osu-7.5.1/libexec/osu-micro-benchmarks/mpi/startup/osu_init: Transport endpoint is not connected
slurmstepd: error: execve(): /tmp/khana/copper/lustre/orion/stf243/world-shared/hagertnl/CUG26/benchmark_builds/osu/install-osu-7.5.1/libexec/osu-micro-benchmarks/mpi/startup/osu_init: Transport endpoint is not connected
slurmstepd: error: execve(): /tmp/khana/copper/lustre/orion/stf243/world-shared/hagertnl/CUG26/benchmark_builds/osu/install-osu-7.5.1/libexec/osu-micro-benchmarks/mpi/startup/osu_init: Transport endpoint is not connected
slurmstepd: error: execve(): /tmp/khana/copper/lustre/orion/stf243/world-shared/hagertnl/CUG26/benchmark_builds/osu/install-osu-7.5.1/libexec/osu-micro-benchmarks/mpi/startup/osu_init: Transport endpoint is not connected
slurmstepd: error: execve(): /tmp/khana/copper/lustre/orion/stf243/world-shared/hagertnl/CUG26/benchmark_builds/osu/install-osu-7.5.1/libexec/osu-micro-benchmarks/mpi/startup/osu_init: Transport endpoint is not connected
slurmstepd: error: execve(): /tmp/khana/copper/lustre/orion/stf243/world-shared/hagertnl/CUG26/benchmark_builds/osu/install-osu-7.5.1/libexec/osu-micro-benchmarks/mpi/startup/osu_init: Transport endpoint is not connected
slurmstepd: error: execve(): /tmp/khana/copper/lustre/orion/stf243/world-shared/hagertnl/CUG26/benchmark_builds/osu/install-osu-7.5.1/libexec/osu-micro-benchmarks/mpi/startup/osu_init: Transport endpoint is not connected
slurmstepd: error: execve(): /tmp/khana/copper/lustre/orion/stf243/world-shared/hagertnl/CUG26/benchmark_builds/osu/install-osu-7.5.1/libexec/osu-micro-benchmarks/mpi/startup/osu_init: Transport endpoint is not connected
slurmstepd: error: execve(): /tmp/khana/copper/lustre/orion/stf243/world-shared/hagertnl/CUG26/benchmark_builds/osu/install-osu-7.5.1/libexec/osu-micro-benchmarks/mpi/startup/osu_init: Transport endpoint is not connected
slurmstepd: error: execve(): /tmp/khana/copper/lustre/orion/stf243/world-shared/hagertnl/CUG26/benchmark_builds/osu/install-osu-7.5.1/libexec/osu-micro-benchmarks/mpi/startup/osu_init: Transport endpoint is not connected
slurmstepd: error: execve(): /tmp/khana/copper/lustre/orion/stf243/world-shared/hagertnl/CUG26/benchmark_builds/osu/install-osu-7.5.1/libexec/osu-micro-benchmarks/mpi/startup/osu_init: Transport endpoint is not connected
slurmstepd: error: execve(): /tmp/khana/copper/lustre/orion/stf243/world-shared/hagertnl/CUG26/benchmark_builds/osu/install-osu-7.5.1/libexec/osu-micro-benchmarks/mpi/startup/osu_init: Transport endpoint is not connected
slurmstepd: error: execve(): /tmp/khana/copper/lustre/orion/stf243/world-shared/hagertnl/CUG26/benchmark_builds/osu/install-osu-7.5.1/libexec/osu-micro-benchmarks/mpi/startup/osu_init: Transport endpoint is not connected
slurmstepd: error: execve(): /tmp/khana/copper/lustre/orion/stf243/world-shared/hagertnl/CUG26/benchmark_builds/osu/install-osu-7.5.1/libexec/osu-micro-benchmarks/mpi/startup/osu_init: Transport endpoint is not connected
slurmstepd: error: execve(): /tmp/khana/copper/lustre/orion/stf243/world-shared/hagertnl/CUG26/benchmark_builds/osu/install-osu-7.5.1/libexec/osu-micro-benchmarks/mpi/startup/osu_init: Transport endpoint is not connected
slurmstepd: error: execve(): /tmp/khana/copper/lustre/orion/stf243/world-shared/hagertnl/CUG26/benchmark_builds/osu/install-osu-7.5.1/libexec/osu-micro-benchmarks/mpi/startup/osu_init: Transport endpoint is not connected
slurmstepd: error: execve(): /tmp/khana/copper/lustre/orion/stf243/world-shared/hagertnl/CUG26/benchmark_builds/osu/install-osu-7.5.1/libexec/osu-micro-benchmarks/mpi/startup/osu_init: Transport endpoint is not connected
slurmstepd: error: execve(): /tmp/khana/copper/lustre/orion/stf243/world-shared/hagertnl/CUG26/benchmark_builds/osu/install-osu-7.5.1/libexec/osu-micro-benchmarks/mpi/startup/osu_init: Transport endpoint is not connected
slurmstepd: error: execve(): /tmp/khana/copper/lustre/orion/stf243/world-shared/hagertnl/CUG26/benchmark_builds/osu/install-osu-7.5.1/libexec/osu-micro-benchmarks/mpi/startup/osu_init: Transport endpoint is not connected
slurmstepd: error: execve(): /tmp/khana/copper/lustre/orion/stf243/world-shared/hagertnl/CUG26/benchmark_builds/osu/install-osu-7.5.1/libexec/osu-micro-benchmarks/mpi/startup/osu_init: Transport endpoint is not connected
slurmstepd: error: execve(): /tmp/khana/copper/lustre/orion/stf243/world-shared/hagertnl/CUG26/benchmark_builds/osu/install-osu-7.5.1/libexec/osu-micro-benchmarks/mpi/startup/osu_init: Transport endpoint is not connected
slurmstepd: error: execve(): /tmp/khana/copper/lustre/orion/stf243/world-shared/hagertnl/CUG26/benchmark_builds/osu/install-osu-7.5.1/libexec/osu-micro-benchmarks/mpi/startup/osu_init: Transport endpoint is not connected
slurmstepd: error: execve(): /tmp/khana/copper/lustre/orion/stf243/world-shared/hagertnl/CUG26/benchmark_builds/osu/install-osu-7.5.1/libexec/osu-micro-benchmarks/mpi/startup/osu_init: Transport endpoint is not connected
slurmstepd: error: execve(): /tmp/khana/copper/lustre/orion/stf243/world-shared/hagertnl/CUG26/benchmark_builds/osu/install-osu-7.5.1/libexec/osu-micro-benchmarks/mpi/startup/osu_init: Transport endpoint is not connected
slurmstepd: error: execve(): /tmp/khana/copper/lustre/orion/stf243/world-shared/hagertnl/CUG26/benchmark_builds/osu/install-osu-7.5.1/libexec/osu-micro-benchmarks/mpi/startup/osu_init: Transport endpoint is not connected
slurmstepd: error: execve(): /tmp/khana/copper/lustre/orion/stf243/world-shared/hagertnl/CUG26/benchmark_builds/osu/install-osu-7.5.1/libexec/osu-micro-benchmarks/mpi/startup/osu_init: Transport endpoint is not connected
slurmstepd: error: execve(): /tmp/khana/copper/lustre/orion/stf243/world-shared/hagertnl/CUG26/benchmark_builds/osu/install-osu-7.5.1/libexec/osu-micro-benchmarks/mpi/startup/osu_init: Transport endpoint is not connected
slurmstepd: error: execve(): /tmp/khana/copper/lustre/orion/stf243/world-shared/hagertnl/CUG26/benchmark_builds/osu/install-osu-7.5.1/libexec/osu-micro-benchmarks/mpi/startup/osu_init: Transport endpoint is not connected
slurmstepd: error: execve(): /tmp/khana/copper/lustre/orion/stf243/world-shared/hagertnl/CUG26/benchmark_builds/osu/install-osu-7.5.1/libexec/osu-micro-benchmarks/mpi/startup/osu_init: Transport endpoint is not connected
slurmstepd: error: execve(): /tmp/khana/copper/lustre/orion/stf243/world-shared/hagertnl/CUG26/benchmark_builds/osu/install-osu-7.5.1/libexec/osu-micro-benchmarks/mpi/startup/osu_init: Transport endpoint is not connected
slurmstepd: error: execve(): /tmp/khana/copper/lustre/orion/stf243/world-shared/hagertnl/CUG26/benchmark_builds/osu/install-osu-7.5.1/libexec/osu-micro-benchmarks/mpi/startup/osu_init: Transport endpoint is not connected
slurmstepd: error: execve(): /tmp/khana/copper/lustre/orion/stf243/world-shared/hagertnl/CUG26/benchmark_builds/osu/install-osu-7.5.1/libexec/osu-micro-benchmarks/mpi/startup/osu_init: Transport endpoint is not connected
slurmstepd: error: execve(): /tmp/khana/copper/lustre/orion/stf243/world-shared/hagertnl/CUG26/benchmark_builds/osu/install-osu-7.5.1/libexec/osu-micro-benchmarks/mpi/startup/osu_init: Transport endpoint is not connected
slurmstepd: error: execve(): /tmp/khana/copper/lustre/orion/stf243/world-shared/hagertnl/CUG26/benchmark_builds/osu/install-osu-7.5.1/libexec/osu-micro-benchmarks/mpi/startup/osu_init: Transport endpoint is not connected
slurmstepd: error: execve(): /tmp/khana/copper/lustre/orion/stf243/world-shared/hagertnl/CUG26/benchmark_builds/osu/install-osu-7.5.1/libexec/osu-micro-benchmarks/mpi/startup/osu_init: Transport endpoint is not connected
slurmstepd: error: execve(): /tmp/khana/copper/lustre/orion/stf243/world-shared/hagertnl/CUG26/benchmark_builds/osu/install-osu-7.5.1/libexec/osu-micro-benchmarks/mpi/startup/osu_init: Transport endpoint is not connected
slurmstepd: error: execve(): /tmp/khana/copper/lustre/orion/stf243/world-shared/hagertnl/CUG26/benchmark_builds/osu/install-osu-7.5.1/libexec/osu-micro-benchmarks/mpi/startup/osu_init: Transport endpoint is not connected
slurmstepd: error: execve(): /tmp/khana/copper/lustre/orion/stf243/world-shared/hagertnl/CUG26/benchmark_builds/osu/install-osu-7.5.1/libexec/osu-micro-benchmarks/mpi/startup/osu_init: Transport endpoint is not connected
slurmstepd: error: execve(): /tmp/khana/copper/lustre/orion/stf243/world-shared/hagertnl/CUG26/benchmark_builds/osu/install-osu-7.5.1/libexec/osu-micro-benchmarks/mpi/startup/osu_init: Transport endpoint is not connected
slurmstepd: error: execve(): /tmp/khana/copper/lustre/orion/stf243/world-shared/hagertnl/CUG26/benchmark_builds/osu/install-osu-7.5.1/libexec/osu-micro-benchmarks/mpi/startup/osu_init: Transport endpoint is not connected
slurmstepd: error: execve(): /tmp/khana/copper/lustre/orion/stf243/world-shared/hagertnl/CUG26/benchmark_builds/osu/install-osu-7.5.1/libexec/osu-micro-benchmarks/mpi/startup/osu_init: Transport endpoint is not connected
srun: error: frontier08860: tasks 0-7: Exited with exit code 107
srun: Terminating StepId=4188435.2
srun: error: frontier08932: tasks 24-31: Exited with exit code 107
srun: error: frontier08935: tasks 48-55: Exited with exit code 107
srun: error: frontier08930: tasks 8-15: Exited with exit code 107
srun: error: frontier08955: tasks 56-63: Exited with exit code 107
srun: error: frontier08934: tasks 40-47: Exited with exit code 107
srun: error: frontier08933: tasks 32-39: Exited with exit code 107
srun: error: frontier08931: tasks 16-23: Exited with exit code 107
Command exited with non-zero status 107
0.01user 0.02system 0:00.34elapsed 10%CPU (0avgtext+0avgdata 18432maxresident)k
24inputs+32outputs (0major+3483minor)pagefaults 0swaps
+ for i in $(seq 1 5)
+ /usr/bin/time srun -N 8 -n 64 -c 7 --ntasks-per-node=8 --gpus-per-node=8 --gpu-bind=closest --cpus-per-task=1 --threads-per-core=1 --network=single_node_vni,job_vni /tmp/khana/copper/lustre/orion/stf243/world-shared/hagertnl/CUG26/benchmark_builds/osu/install-osu-7.5.1/libexec/osu-micro-benchmarks/mpi/startup/osu_init
srun: Step created for StepId=4188435.3
slurmstepd: error: execve(): /tmp/khana/copper/lustre/orion/stf243/world-shared/hagertnl/CUG26/benchmark_builds/osu/install-osu-7.5.1/libexec/osu-micro-benchmarks/mpi/startup/osu_init: Transport endpoint is not connected
slurmstepd: error: execve(): /tmp/khana/copper/lustre/orion/stf243/world-shared/hagertnl/CUG26/benchmark_builds/osu/install-osu-7.5.1/libexec/osu-micro-benchmarks/mpi/startup/osu_init: Transport endpoint is not connected
slurmstepd: error: execve(): /tmp/khana/copper/lustre/orion/stf243/world-shared/hagertnl/CUG26/benchmark_builds/osu/install-osu-7.5.1/libexec/osu-micro-benchmarks/mpi/startup/osu_init: Transport endpoint is not connected
slurmstepd: error: execve(): /tmp/khana/copper/lustre/orion/stf243/world-shared/hagertnl/CUG26/benchmark_builds/osu/install-osu-7.5.1/libexec/osu-micro-benchmarks/mpi/startup/osu_init: Transport endpoint is not connected
slurmstepd: error: execve(): /tmp/khana/copper/lustre/orion/stf243/world-shared/hagertnl/CUG26/benchmark_builds/osu/install-osu-7.5.1/libexec/osu-micro-benchmarks/mpi/startup/osu_init: Transport endpoint is not connected
slurmstepd: error: execve(): /tmp/khana/copper/lustre/orion/stf243/world-shared/hagertnl/CUG26/benchmark_builds/osu/install-osu-7.5.1/libexec/osu-micro-benchmarks/mpi/startup/osu_init: Transport endpoint is not connected
slurmstepd: error: execve(): /tmp/khana/copper/lustre/orion/stf243/world-shared/hagertnl/CUG26/benchmark_builds/osu/install-osu-7.5.1/libexec/osu-micro-benchmarks/mpi/startup/osu_init: Transport endpoint is not connected
slurmstepd: error: execve(): /tmp/khana/copper/lustre/orion/stf243/world-shared/hagertnl/CUG26/benchmark_builds/osu/install-osu-7.5.1/libexec/osu-micro-benchmarks/mpi/startup/osu_init: Transport endpoint is not connected
slurmstepd: error: execve(): /tmp/khana/copper/lustre/orion/stf243/world-shared/hagertnl/CUG26/benchmark_builds/osu/install-osu-7.5.1/libexec/osu-micro-benchmarks/mpi/startup/osu_init: Transport endpoint is not connected
slurmstepd: error: execve(): /tmp/khana/copper/lustre/orion/stf243/world-shared/hagertnl/CUG26/benchmark_builds/osu/install-osu-7.5.1/libexec/osu-micro-benchmarks/mpi/startup/osu_init: Transport endpoint is not connected
slurmstepd: error: execve(): /tmp/khana/copper/lustre/orion/stf243/world-shared/hagertnl/CUG26/benchmark_builds/osu/install-osu-7.5.1/libexec/osu-micro-benchmarks/mpi/startup/osu_init: Transport endpoint is not connected
slurmstepd: error: execve(): /tmp/khana/copper/lustre/orion/stf243/world-shared/hagertnl/CUG26/benchmark_builds/osu/install-osu-7.5.1/libexec/osu-micro-benchmarks/mpi/startup/osu_init: Transport endpoint is not connected
slurmstepd: error: execve(): /tmp/khana/copper/lustre/orion/stf243/world-shared/hagertnl/CUG26/benchmark_builds/osu/install-osu-7.5.1/libexec/osu-micro-benchmarks/mpi/startup/osu_init: Transport endpoint is not connected
slurmstepd: error: execve(): /tmp/khana/copper/lustre/orion/stf243/world-shared/hagertnl/CUG26/benchmark_builds/osu/install-osu-7.5.1/libexec/osu-micro-benchmarks/mpi/startup/osu_init: Transport endpoint is not connected
slurmstepd: error: execve(): /tmp/khana/copper/lustre/orion/stf243/world-shared/hagertnl/CUG26/benchmark_builds/osu/install-osu-7.5.1/libexec/osu-micro-benchmarks/mpi/startup/osu_init: Transport endpoint is not connected
slurmstepd: error: execve(): /tmp/khana/copper/lustre/orion/stf243/world-shared/hagertnl/CUG26/benchmark_builds/osu/install-osu-7.5.1/libexec/osu-micro-benchmarks/mpi/startup/osu_init: Transport endpoint is not connected
slurmstepd: error: execve(): /tmp/khana/copper/lustre/orion/stf243/world-shared/hagertnl/CUG26/benchmark_builds/osu/install-osu-7.5.1/libexec/osu-micro-benchmarks/mpi/startup/osu_init: Transport endpoint is not connected
slurmstepd: error: execve(): /tmp/khana/copper/lustre/orion/stf243/world-shared/hagertnl/CUG26/benchmark_builds/osu/install-osu-7.5.1/libexec/osu-micro-benchmarks/mpi/startup/osu_init: Transport endpoint is not connected
slurmstepd: error: execve(): /tmp/khana/copper/lustre/orion/stf243/world-shared/hagertnl/CUG26/benchmark_builds/osu/install-osu-7.5.1/libexec/osu-micro-benchmarks/mpi/startup/osu_init: Transport endpoint is not connected
slurmstepd: error: execve(): /tmp/khana/copper/lustre/orion/stf243/world-shared/hagertnl/CUG26/benchmark_builds/osu/install-osu-7.5.1/libexec/osu-micro-benchmarks/mpi/startup/osu_init: Transport endpoint is not connected
slurmstepd: error: execve(): /tmp/khana/copper/lustre/orion/stf243/world-shared/hagertnl/CUG26/benchmark_builds/osu/install-osu-7.5.1/libexec/osu-micro-benchmarks/mpi/startup/osu_init: Transport endpoint is not connected
slurmstepd: error: execve(): /tmp/khana/copper/lustre/orion/stf243/world-shared/hagertnl/CUG26/benchmark_builds/osu/install-osu-7.5.1/libexec/osu-micro-benchmarks/mpi/startup/osu_init: Transport endpoint is not connected
slurmstepd: error: execve(): /tmp/khana/copper/lustre/orion/stf243/world-shared/hagertnl/CUG26/benchmark_builds/osu/install-osu-7.5.1/libexec/osu-micro-benchmarks/mpi/startup/osu_init: Transport endpoint is not connected
slurmstepd: error: execve(): /tmp/khana/copper/lustre/orion/stf243/world-shared/hagertnl/CUG26/benchmark_builds/osu/install-osu-7.5.1/libexec/osu-micro-benchmarks/mpi/startup/osu_init: Transport endpoint is not connected
slurmstepd: error: execve(): /tmp/khana/copper/lustre/orion/stf243/world-shared/hagertnl/CUG26/benchmark_builds/osu/install-osu-7.5.1/libexec/osu-micro-benchmarks/mpi/startup/osu_init: Transport endpoint is not connected
slurmstepd: error: execve(): /tmp/khana/copper/lustre/orion/stf243/world-shared/hagertnl/CUG26/benchmark_builds/osu/install-osu-7.5.1/libexec/osu-micro-benchmarks/mpi/startup/osu_init: Transport endpoint is not connected
slurmstepd: error: execve(): /tmp/khana/copper/lustre/orion/stf243/world-shared/hagertnl/CUG26/benchmark_builds/osu/install-osu-7.5.1/libexec/osu-micro-benchmarks/mpi/startup/osu_init: Transport endpoint is not connected
slurmstepd: error: execve(): /tmp/khana/copper/lustre/orion/stf243/world-shared/hagertnl/CUG26/benchmark_builds/osu/install-osu-7.5.1/libexec/osu-micro-benchmarks/mpi/startup/osu_init: Transport endpoint is not connected
slurmstepd: error: execve(): /tmp/khana/copper/lustre/orion/stf243/world-shared/hagertnl/CUG26/benchmark_builds/osu/install-osu-7.5.1/libexec/osu-micro-benchmarks/mpi/startup/osu_init: Transport endpoint is not connected
slurmstepd: error: execve(): /tmp/khana/copper/lustre/orion/stf243/world-shared/hagertnl/CUG26/benchmark_builds/osu/install-osu-7.5.1/libexec/osu-micro-benchmarks/mpi/startup/osu_init: Transport endpoint is not connected
slurmstepd: error: execve(): /tmp/khana/copper/lustre/orion/stf243/world-shared/hagertnl/CUG26/benchmark_builds/osu/install-osu-7.5.1/libexec/osu-micro-benchmarks/mpi/startup/osu_init: Transport endpoint is not connected
slurmstepd: error: execve(): /tmp/khana/copper/lustre/orion/stf243/world-shared/hagertnl/CUG26/benchmark_builds/osu/install-osu-7.5.1/libexec/osu-micro-benchmarks/mpi/startup/osu_init: Transport endpoint is not connected
slurmstepd: error: execve(): /tmp/khana/copper/lustre/orion/stf243/world-shared/hagertnl/CUG26/benchmark_builds/osu/install-osu-7.5.1/libexec/osu-micro-benchmarks/mpi/startup/osu_init: Transport endpoint is not connected
slurmstepd: error: execve(): /tmp/khana/copper/lustre/orion/stf243/world-shared/hagertnl/CUG26/benchmark_builds/osu/install-osu-7.5.1/libexec/osu-micro-benchmarks/mpi/startup/osu_init: Transport endpoint is not connected
slurmstepd: error: execve(): /tmp/khana/copper/lustre/orion/stf243/world-shared/hagertnl/CUG26/benchmark_builds/osu/install-osu-7.5.1/libexec/osu-micro-benchmarks/mpi/startup/osu_init: Transport endpoint is not connected
slurmstepd: error: execve(): /tmp/khana/copper/lustre/orion/stf243/world-shared/hagertnl/CUG26/benchmark_builds/osu/install-osu-7.5.1/libexec/osu-micro-benchmarks/mpi/startup/osu_init: Transport endpoint is not connected
slurmstepd: error: execve(): /tmp/khana/copper/lustre/orion/stf243/world-shared/hagertnl/CUG26/benchmark_builds/osu/install-osu-7.5.1/libexec/osu-micro-benchmarks/mpi/startup/osu_init: Transport endpoint is not connected
slurmstepd: error: execve(): /tmp/khana/copper/lustre/orion/stf243/world-shared/hagertnl/CUG26/benchmark_builds/osu/install-osu-7.5.1/libexec/osu-micro-benchmarks/mpi/startup/osu_init: Transport endpoint is not connected
slurmstepd: error: execve(): /tmp/khana/copper/lustre/orion/stf243/world-shared/hagertnl/CUG26/benchmark_builds/osu/install-osu-7.5.1/libexec/osu-micro-benchmarks/mpi/startup/osu_init: Transport endpoint is not connected
slurmstepd: error: execve(): /tmp/khana/copper/lustre/orion/stf243/world-shared/hagertnl/CUG26/benchmark_builds/osu/install-osu-7.5.1/libexec/osu-micro-benchmarks/mpi/startup/osu_init: Transport endpoint is not connected
slurmstepd: error: execve(): /tmp/khana/copper/lustre/orion/stf243/world-shared/hagertnl/CUG26/benchmark_builds/osu/install-osu-7.5.1/libexec/osu-micro-benchmarks/mpi/startup/osu_init: Transport endpoint is not connected
slurmstepd: error: execve(): /tmp/khana/copper/lustre/orion/stf243/world-shared/hagertnl/CUG26/benchmark_builds/osu/install-osu-7.5.1/libexec/osu-micro-benchmarks/mpi/startup/osu_init: Transport endpoint is not connected
slurmstepd: error: execve(): /tmp/khana/copper/lustre/orion/stf243/world-shared/hagertnl/CUG26/benchmark_builds/osu/install-osu-7.5.1/libexec/osu-micro-benchmarks/mpi/startup/osu_init: Transport endpoint is not connected
slurmstepd: error: execve(): /tmp/khana/copper/lustre/orion/stf243/world-shared/hagertnl/CUG26/benchmark_builds/osu/install-osu-7.5.1/libexec/osu-micro-benchmarks/mpi/startup/osu_init: Transport endpoint is not connected
slurmstepd: error: execve(): /tmp/khana/copper/lustre/orion/stf243/world-shared/hagertnl/CUG26/benchmark_builds/osu/install-osu-7.5.1/libexec/osu-micro-benchmarks/mpi/startup/osu_init: Transport endpoint is not connected
slurmstepd: error: execve(): /tmp/khana/copper/lustre/orion/stf243/world-shared/hagertnl/CUG26/benchmark_builds/osu/install-osu-7.5.1/libexec/osu-micro-benchmarks/mpi/startup/osu_init: Transport endpoint is not connected
slurmstepd: error: execve(): /tmp/khana/copper/lustre/orion/stf243/world-shared/hagertnl/CUG26/benchmark_builds/osu/install-osu-7.5.1/libexec/osu-micro-benchmarks/mpi/startup/osu_init: Transport endpoint is not connected
slurmstepd: error: execve(): /tmp/khana/copper/lustre/orion/stf243/world-shared/hagertnl/CUG26/benchmark_builds/osu/install-osu-7.5.1/libexec/osu-micro-benchmarks/mpi/startup/osu_init: Transport endpoint is not connected
slurmstepd: error: execve(): /tmp/khana/copper/lustre/orion/stf243/world-shared/hagertnl/CUG26/benchmark_builds/osu/install-osu-7.5.1/libexec/osu-micro-benchmarks/mpi/startup/osu_init: Transport endpoint is not connected
slurmstepd: error: execve(): /tmp/khana/copper/lustre/orion/stf243/world-shared/hagertnl/CUG26/benchmark_builds/osu/install-osu-7.5.1/libexec/osu-micro-benchmarks/mpi/startup/osu_init: Transport endpoint is not connected
slurmstepd: error: execve(): /tmp/khana/copper/lustre/orion/stf243/world-shared/hagertnl/CUG26/benchmark_builds/osu/install-osu-7.5.1/libexec/osu-micro-benchmarks/mpi/startup/osu_init: Transport endpoint is not connected
slurmstepd: error: execve(): /tmp/khana/copper/lustre/orion/stf243/world-shared/hagertnl/CUG26/benchmark_builds/osu/install-osu-7.5.1/libexec/osu-micro-benchmarks/mpi/startup/osu_init: Transport endpoint is not connected
slurmstepd: error: execve(): /tmp/khana/copper/lustre/orion/stf243/world-shared/hagertnl/CUG26/benchmark_builds/osu/install-osu-7.5.1/libexec/osu-micro-benchmarks/mpi/startup/osu_init: Transport endpoint is not connected
slurmstepd: error: execve(): /tmp/khana/copper/lustre/orion/stf243/world-shared/hagertnl/CUG26/benchmark_builds/osu/install-osu-7.5.1/libexec/osu-micro-benchmarks/mpi/startup/osu_init: Transport endpoint is not connected
slurmstepd: error: execve(): /tmp/khana/copper/lustre/orion/stf243/world-shared/hagertnl/CUG26/benchmark_builds/osu/install-osu-7.5.1/libexec/osu-micro-benchmarks/mpi/startup/osu_init: Transport endpoint is not connected
slurmstepd: error: execve(): /tmp/khana/copper/lustre/orion/stf243/world-shared/hagertnl/CUG26/benchmark_builds/osu/install-osu-7.5.1/libexec/osu-micro-benchmarks/mpi/startup/osu_init: Transport endpoint is not connected
slurmstepd: error: execve(): /tmp/khana/copper/lustre/orion/stf243/world-shared/hagertnl/CUG26/benchmark_builds/osu/install-osu-7.5.1/libexec/osu-micro-benchmarks/mpi/startup/osu_init: Transport endpoint is not connected
slurmstepd: error: execve(): /tmp/khana/copper/lustre/orion/stf243/world-shared/hagertnl/CUG26/benchmark_builds/osu/install-osu-7.5.1/libexec/osu-micro-benchmarks/mpi/startup/osu_init: Transport endpoint is not connected
slurmstepd: error: execve(): /tmp/khana/copper/lustre/orion/stf243/world-shared/hagertnl/CUG26/benchmark_builds/osu/install-osu-7.5.1/libexec/osu-micro-benchmarks/mpi/startup/osu_init: Transport endpoint is not connected
slurmstepd: error: execve(): /tmp/khana/copper/lustre/orion/stf243/world-shared/hagertnl/CUG26/benchmark_builds/osu/install-osu-7.5.1/libexec/osu-micro-benchmarks/mpi/startup/osu_init: Transport endpoint is not connected
slurmstepd: error: execve(): /tmp/khana/copper/lustre/orion/stf243/world-shared/hagertnl/CUG26/benchmark_builds/osu/install-osu-7.5.1/libexec/osu-micro-benchmarks/mpi/startup/osu_init: Transport endpoint is not connected
slurmstepd: error: execve(): /tmp/khana/copper/lustre/orion/stf243/world-shared/hagertnl/CUG26/benchmark_builds/osu/install-osu-7.5.1/libexec/osu-micro-benchmarks/mpi/startup/osu_init: Transport endpoint is not connected
slurmstepd: error: execve(): /tmp/khana/copper/lustre/orion/stf243/world-shared/hagertnl/CUG26/benchmark_builds/osu/install-osu-7.5.1/libexec/osu-micro-benchmarks/mpi/startup/osu_init: Transport endpoint is not connected
slurmstepd: error: execve(): /tmp/khana/copper/lustre/orion/stf243/world-shared/hagertnl/CUG26/benchmark_builds/osu/install-osu-7.5.1/libexec/osu-micro-benchmarks/mpi/startup/osu_init: Transport endpoint is not connected
srun: error: frontier08935: tasks 48-55: Exited with exit code 107
srun: Terminating StepId=4188435.3
slurmstepd: error: *** STEP 4188435.3 ON frontier08860 CANCELLED AT 2026-03-09T10:56:44 ***
srun: error: frontier08931: tasks 16-23: Exited with exit code 107
srun: error: frontier08930: tasks 8-15: Exited with exit code 107
srun: error: frontier08933: tasks 32-39: Exited with exit code 107
srun: error: frontier08955: tasks 56-63: Exited with exit code 107
srun: error: frontier08860: tasks 0-7: Exited with exit code 107
srun: error: frontier08932: tasks 24-31: Exited with exit code 107
srun: error: frontier08934: tasks 40-47: Exited with exit code 107
Command exited with non-zero status 107
0.01user 0.02system 0:00.29elapsed 12%CPU (0avgtext+0avgdata 17408maxresident)k
0inputs+32outputs (0major+3483minor)pagefaults 0swaps
+ for i in $(seq 1 5)
+ /usr/bin/time srun -N 8 -n 64 -c 7 --ntasks-per-node=8 --gpus-per-node=8 --gpu-bind=closest --cpus-per-task=1 --threads-per-core=1 --network=single_node_vni,job_vni /tmp/khana/copper/lustre/orion/stf243/world-shared/hagertnl/CUG26/benchmark_builds/osu/install-osu-7.5.1/libexec/osu-micro-benchmarks/mpi/startup/osu_init
srun: Step created for StepId=4188435.4
slurmstepd: error: execve(): /tmp/khana/copper/lustre/orion/stf243/world-shared/hagertnl/CUG26/benchmark_builds/osu/install-osu-7.5.1/libexec/osu-micro-benchmarks/mpi/startup/osu_init: No such file or directory
slurmstepd: error: execve(): /tmp/khana/copper/lustre/orion/stf243/world-shared/hagertnl/CUG26/benchmark_builds/osu/install-osu-7.5.1/libexec/osu-micro-benchmarks/mpi/startup/osu_init: No such file or directory
slurmstepd: error: execve(): /tmp/khana/copper/lustre/orion/stf243/world-shared/hagertnl/CUG26/benchmark_builds/osu/install-osu-7.5.1/libexec/osu-micro-benchmarks/mpi/startup/osu_init: No such file or directory
slurmstepd: error: execve(): /tmp/khana/copper/lustre/orion/stf243/world-shared/hagertnl/CUG26/benchmark_builds/osu/install-osu-7.5.1/libexec/osu-micro-benchmarks/mpi/startup/osu_init: No such file or directory
slurmstepd: error: execve(): /tmp/khana/copper/lustre/orion/stf243/world-shared/hagertnl/CUG26/benchmark_builds/osu/install-osu-7.5.1/libexec/osu-micro-benchmarks/mpi/startup/osu_init: No such file or directory
slurmstepd: error: execve(): /tmp/khana/copper/lustre/orion/stf243/world-shared/hagertnl/CUG26/benchmark_builds/osu/install-osu-7.5.1/libexec/osu-micro-benchmarks/mpi/startup/osu_init: No such file or directory
slurmstepd: error: execve(): /tmp/khana/copper/lustre/orion/stf243/world-shared/hagertnl/CUG26/benchmark_builds/osu/install-osu-7.5.1/libexec/osu-micro-benchmarks/mpi/startup/osu_init: No such file or directory
slurmstepd: error: execve(): /tmp/khana/copper/lustre/orion/stf243/world-shared/hagertnl/CUG26/benchmark_builds/osu/install-osu-7.5.1/libexec/osu-micro-benchmarks/mpi/startup/osu_init: No such file or directory
slurmstepd: error: execve(): /tmp/khana/copper/lustre/orion/stf243/world-shared/hagertnl/CUG26/benchmark_builds/osu/install-osu-7.5.1/libexec/osu-micro-benchmarks/mpi/startup/osu_init: No such file or directory
slurmstepd: error: execve(): /tmp/khana/copper/lustre/orion/stf243/world-shared/hagertnl/CUG26/benchmark_builds/osu/install-osu-7.5.1/libexec/osu-micro-benchmarks/mpi/startup/osu_init: No such file or directory
slurmstepd: error: execve(): /tmp/khana/copper/lustre/orion/stf243/world-shared/hagertnl/CUG26/benchmark_builds/osu/install-osu-7.5.1/libexec/osu-micro-benchmarks/mpi/startup/osu_init: No such file or directory
slurmstepd: error: execve(): /tmp/khana/copper/lustre/orion/stf243/world-shared/hagertnl/CUG26/benchmark_builds/osu/install-osu-7.5.1/libexec/osu-micro-benchmarks/mpi/startup/osu_init: No such file or directory
slurmstepd: error: execve(): /tmp/khana/copper/lustre/orion/stf243/world-shared/hagertnl/CUG26/benchmark_builds/osu/install-osu-7.5.1/libexec/osu-micro-benchmarks/mpi/startup/osu_init: No such file or directory
slurmstepd: error: execve(): /tmp/khana/copper/lustre/orion/stf243/world-shared/hagertnl/CUG26/benchmark_builds/osu/install-osu-7.5.1/libexec/osu-micro-benchmarks/mpi/startup/osu_init: No such file or directory
slurmstepd: error: execve(): /tmp/khana/copper/lustre/orion/stf243/world-shared/hagertnl/CUG26/benchmark_builds/osu/install-osu-7.5.1/libexec/osu-micro-benchmarks/mpi/startup/osu_init: No such file or directory
slurmstepd: error: execve(): /tmp/khana/copper/lustre/orion/stf243/world-shared/hagertnl/CUG26/benchmark_builds/osu/install-osu-7.5.1/libexec/osu-micro-benchmarks/mpi/startup/osu_init: No such file or directory
slurmstepd: error: execve(): /tmp/khana/copper/lustre/orion/stf243/world-shared/hagertnl/CUG26/benchmark_builds/osu/install-osu-7.5.1/libexec/osu-micro-benchmarks/mpi/startup/osu_init: No such file or directory
slurmstepd: error: execve(): /tmp/khana/copper/lustre/orion/stf243/world-shared/hagertnl/CUG26/benchmark_builds/osu/install-osu-7.5.1/libexec/osu-micro-benchmarks/mpi/startup/osu_init: No such file or directory
slurmstepd: error: execve(): /tmp/khana/copper/lustre/orion/stf243/world-shared/hagertnl/CUG26/benchmark_builds/osu/install-osu-7.5.1/libexec/osu-micro-benchmarks/mpi/startup/osu_init: No such file or directory
slurmstepd: error: execve(): /tmp/khana/copper/lustre/orion/stf243/world-shared/hagertnl/CUG26/benchmark_builds/osu/install-osu-7.5.1/libexec/osu-micro-benchmarks/mpi/startup/osu_init: No such file or directory
slurmstepd: error: execve(): /tmp/khana/copper/lustre/orion/stf243/world-shared/hagertnl/CUG26/benchmark_builds/osu/install-osu-7.5.1/libexec/osu-micro-benchmarks/mpi/startup/osu_init: No such file or directory
slurmstepd: error: execve(): /tmp/khana/copper/lustre/orion/stf243/world-shared/hagertnl/CUG26/benchmark_builds/osu/install-osu-7.5.1/libexec/osu-micro-benchmarks/mpi/startup/osu_init: No such file or directory
slurmstepd: error: execve(): /tmp/khana/copper/lustre/orion/stf243/world-shared/hagertnl/CUG26/benchmark_builds/osu/install-osu-7.5.1/libexec/osu-micro-benchmarks/mpi/startup/osu_init: No such file or directory
slurmstepd: error: execve(): /tmp/khana/copper/lustre/orion/stf243/world-shared/hagertnl/CUG26/benchmark_builds/osu/install-osu-7.5.1/libexec/osu-micro-benchmarks/mpi/startup/osu_init: No such file or directory
slurmstepd: error: execve(): /tmp/khana/copper/lustre/orion/stf243/world-shared/hagertnl/CUG26/benchmark_builds/osu/install-osu-7.5.1/libexec/osu-micro-benchmarks/mpi/startup/osu_init: No such file or directory
slurmstepd: error: execve(): /tmp/khana/copper/lustre/orion/stf243/world-shared/hagertnl/CUG26/benchmark_builds/osu/install-osu-7.5.1/libexec/osu-micro-benchmarks/mpi/startup/osu_init: No such file or directory
slurmstepd: error: execve(): /tmp/khana/copper/lustre/orion/stf243/world-shared/hagertnl/CUG26/benchmark_builds/osu/install-osu-7.5.1/libexec/osu-micro-benchmarks/mpi/startup/osu_init: No such file or directory
slurmstepd: error: execve(): /tmp/khana/copper/lustre/orion/stf243/world-shared/hagertnl/CUG26/benchmark_builds/osu/install-osu-7.5.1/libexec/osu-micro-benchmarks/mpi/startup/osu_init: No such file or directory
slurmstepd: error: execve(): /tmp/khana/copper/lustre/orion/stf243/world-shared/hagertnl/CUG26/benchmark_builds/osu/install-osu-7.5.1/libexec/osu-micro-benchmarks/mpi/startup/osu_init: No such file or directory
slurmstepd: error: execve(): /tmp/khana/copper/lustre/orion/stf243/world-shared/hagertnl/CUG26/benchmark_builds/osu/install-osu-7.5.1/libexec/osu-micro-benchmarks/mpi/startup/osu_init: No such file or directory
slurmstepd: error: execve(): /tmp/khana/copper/lustre/orion/stf243/world-shared/hagertnl/CUG26/benchmark_builds/osu/install-osu-7.5.1/libexec/osu-micro-benchmarks/mpi/startup/osu_init: No such file or directory
slurmstepd: error: execve(): /tmp/khana/copper/lustre/orion/stf243/world-shared/hagertnl/CUG26/benchmark_builds/osu/install-osu-7.5.1/libexec/osu-micro-benchmarks/mpi/startup/osu_init: No such file or directory
slurmstepd: error: execve(): /tmp/khana/copper/lustre/orion/stf243/world-shared/hagertnl/CUG26/benchmark_builds/osu/install-osu-7.5.1/libexec/osu-micro-benchmarks/mpi/startup/osu_init: No such file or directory
slurmstepd: error: execve(): /tmp/khana/copper/lustre/orion/stf243/world-shared/hagertnl/CUG26/benchmark_builds/osu/install-osu-7.5.1/libexec/osu-micro-benchmarks/mpi/startup/osu_init: No such file or directory
slurmstepd: error: execve(): /tmp/khana/copper/lustre/orion/stf243/world-shared/hagertnl/CUG26/benchmark_builds/osu/install-osu-7.5.1/libexec/osu-micro-benchmarks/mpi/startup/osu_init: No such file or directory
slurmstepd: error: execve(): /tmp/khana/copper/lustre/orion/stf243/world-shared/hagertnl/CUG26/benchmark_builds/osu/install-osu-7.5.1/libexec/osu-micro-benchmarks/mpi/startup/osu_init: No such file or directory
slurmstepd: error: execve(): /tmp/khana/copper/lustre/orion/stf243/world-shared/hagertnl/CUG26/benchmark_builds/osu/install-osu-7.5.1/libexec/osu-micro-benchmarks/mpi/startup/osu_init: No such file or directory
slurmstepd: error: execve(): /tmp/khana/copper/lustre/orion/stf243/world-shared/hagertnl/CUG26/benchmark_builds/osu/install-osu-7.5.1/libexec/osu-micro-benchmarks/mpi/startup/osu_init: No such file or directory
slurmstepd: error: execve(): /tmp/khana/copper/lustre/orion/stf243/world-shared/hagertnl/CUG26/benchmark_builds/osu/install-osu-7.5.1/libexec/osu-micro-benchmarks/mpi/startup/osu_init: No such file or directory
slurmstepd: error: execve(): /tmp/khana/copper/lustre/orion/stf243/world-shared/hagertnl/CUG26/benchmark_builds/osu/install-osu-7.5.1/libexec/osu-micro-benchmarks/mpi/startup/osu_init: No such file or directory
slurmstepd: error: execve(): /tmp/khana/copper/lustre/orion/stf243/world-shared/hagertnl/CUG26/benchmark_builds/osu/install-osu-7.5.1/libexec/osu-micro-benchmarks/mpi/startup/osu_init: No such file or directory
slurmstepd: error: execve(): /tmp/khana/copper/lustre/orion/stf243/world-shared/hagertnl/CUG26/benchmark_builds/osu/install-osu-7.5.1/libexec/osu-micro-benchmarks/mpi/startup/osu_init: No such file or directory
slurmstepd: error: execve(): /tmp/khana/copper/lustre/orion/stf243/world-shared/hagertnl/CUG26/benchmark_builds/osu/install-osu-7.5.1/libexec/osu-micro-benchmarks/mpi/startup/osu_init: No such file or directory
slurmstepd: error: execve(): /tmp/khana/copper/lustre/orion/stf243/world-shared/hagertnl/CUG26/benchmark_builds/osu/install-osu-7.5.1/libexec/osu-micro-benchmarks/mpi/startup/osu_init: No such file or directory
slurmstepd: error: execve(): /tmp/khana/copper/lustre/orion/stf243/world-shared/hagertnl/CUG26/benchmark_builds/osu/install-osu-7.5.1/libexec/osu-micro-benchmarks/mpi/startup/osu_init: No such file or directory
slurmstepd: error: execve(): /tmp/khana/copper/lustre/orion/stf243/world-shared/hagertnl/CUG26/benchmark_builds/osu/install-osu-7.5.1/libexec/osu-micro-benchmarks/mpi/startup/osu_init: No such file or directory
slurmstepd: error: execve(): /tmp/khana/copper/lustre/orion/stf243/world-shared/hagertnl/CUG26/benchmark_builds/osu/install-osu-7.5.1/libexec/osu-micro-benchmarks/mpi/startup/osu_init: No such file or directory
slurmstepd: error: execve(): /tmp/khana/copper/lustre/orion/stf243/world-shared/hagertnl/CUG26/benchmark_builds/osu/install-osu-7.5.1/libexec/osu-micro-benchmarks/mpi/startup/osu_init: No such file or directory
slurmstepd: error: execve(): /tmp/khana/copper/lustre/orion/stf243/world-shared/hagertnl/CUG26/benchmark_builds/osu/install-osu-7.5.1/libexec/osu-micro-benchmarks/mpi/startup/osu_init: No such file or directory
slurmstepd: error: execve(): /tmp/khana/copper/lustre/orion/stf243/world-shared/hagertnl/CUG26/benchmark_builds/osu/install-osu-7.5.1/libexec/osu-micro-benchmarks/mpi/startup/osu_init: No such file or directory
slurmstepd: error: execve(): /tmp/khana/copper/lustre/orion/stf243/world-shared/hagertnl/CUG26/benchmark_builds/osu/install-osu-7.5.1/libexec/osu-micro-benchmarks/mpi/startup/osu_init: No such file or directory
slurmstepd: error: execve(): /tmp/khana/copper/lustre/orion/stf243/world-shared/hagertnl/CUG26/benchmark_builds/osu/install-osu-7.5.1/libexec/osu-micro-benchmarks/mpi/startup/osu_init: No such file or directory
slurmstepd: error: execve(): /tmp/khana/copper/lustre/orion/stf243/world-shared/hagertnl/CUG26/benchmark_builds/osu/install-osu-7.5.1/libexec/osu-micro-benchmarks/mpi/startup/osu_init: No such file or directory
slurmstepd: error: execve(): /tmp/khana/copper/lustre/orion/stf243/world-shared/hagertnl/CUG26/benchmark_builds/osu/install-osu-7.5.1/libexec/osu-micro-benchmarks/mpi/startup/osu_init: No such file or directory
slurmstepd: error: execve(): /tmp/khana/copper/lustre/orion/stf243/world-shared/hagertnl/CUG26/benchmark_builds/osu/install-osu-7.5.1/libexec/osu-micro-benchmarks/mpi/startup/osu_init: No such file or directory
slurmstepd: error: execve(): /tmp/khana/copper/lustre/orion/stf243/world-shared/hagertnl/CUG26/benchmark_builds/osu/install-osu-7.5.1/libexec/osu-micro-benchmarks/mpi/startup/osu_init: No such file or directory
slurmstepd: error: execve(): /tmp/khana/copper/lustre/orion/stf243/world-shared/hagertnl/CUG26/benchmark_builds/osu/install-osu-7.5.1/libexec/osu-micro-benchmarks/mpi/startup/osu_init: No such file or directory
slurmstepd: error: execve(): /tmp/khana/copper/lustre/orion/stf243/world-shared/hagertnl/CUG26/benchmark_builds/osu/install-osu-7.5.1/libexec/osu-micro-benchmarks/mpi/startup/osu_init: No such file or directory
slurmstepd: error: execve(): /tmp/khana/copper/lustre/orion/stf243/world-shared/hagertnl/CUG26/benchmark_builds/osu/install-osu-7.5.1/libexec/osu-micro-benchmarks/mpi/startup/osu_init: No such file or directory
slurmstepd: error: execve(): /tmp/khana/copper/lustre/orion/stf243/world-shared/hagertnl/CUG26/benchmark_builds/osu/install-osu-7.5.1/libexec/osu-micro-benchmarks/mpi/startup/osu_init: No such file or directory
slurmstepd: error: execve(): /tmp/khana/copper/lustre/orion/stf243/world-shared/hagertnl/CUG26/benchmark_builds/osu/install-osu-7.5.1/libexec/osu-micro-benchmarks/mpi/startup/osu_init: No such file or directory
slurmstepd: error: execve(): /tmp/khana/copper/lustre/orion/stf243/world-shared/hagertnl/CUG26/benchmark_builds/osu/install-osu-7.5.1/libexec/osu-micro-benchmarks/mpi/startup/osu_init: No such file or directory
slurmstepd: error: execve(): /tmp/khana/copper/lustre/orion/stf243/world-shared/hagertnl/CUG26/benchmark_builds/osu/install-osu-7.5.1/libexec/osu-micro-benchmarks/mpi/startup/osu_init: No such file or directory
slurmstepd: error: execve(): /tmp/khana/copper/lustre/orion/stf243/world-shared/hagertnl/CUG26/benchmark_builds/osu/install-osu-7.5.1/libexec/osu-micro-benchmarks/mpi/startup/osu_init: No such file or directory
srun: error: frontier08955: tasks 56-63: Exited with exit code 2
srun: Terminating StepId=4188435.4
srun: error: frontier08933: tasks 32-39: Exited with exit code 2
slurmstepd: error: *** STEP 4188435.4 ON frontier08860 CANCELLED AT 2026-03-09T10:56:44 ***
srun: error: frontier08935: tasks 48-55: Exited with exit code 2
srun: error: frontier08930: tasks 8-15: Exited with exit code 2
srun: error: frontier08934: tasks 40-47: Exited with exit code 2
srun: error: frontier08860: tasks 0-7: Exited with exit code 2
srun: error: frontier08931: tasks 16-23: Exited with exit code 2
srun: error: frontier08932: tasks 24-31: Exited with exit code 2
Command exited with non-zero status 2
0.01user 0.02system 0:00.31elapsed 12%CPU (0avgtext+0avgdata 17408maxresident)k
0inputs+24outputs (0major+3483minor)pagefaults 0swaps
+ for i in $(seq 1 5)
+ /usr/bin/time srun -N 8 -n 64 -c 7 --ntasks-per-node=8 --gpus-per-node=8 --gpu-bind=closest --cpus-per-task=1 --threads-per-core=1 --network=single_node_vni,job_vni /tmp/khana/copper/lustre/orion/stf243/world-shared/hagertnl/CUG26/benchmark_builds/osu/install-osu-7.5.1/libexec/osu-micro-benchmarks/mpi/startup/osu_init
srun: Step created for StepId=4188435.5
slurmstepd: error: execve(): /tmp/khana/copper/lustre/orion/stf243/world-shared/hagertnl/CUG26/benchmark_builds/osu/install-osu-7.5.1/libexec/osu-micro-benchmarks/mpi/startup/osu_init: No such file or directory
slurmstepd: error: execve(): /tmp/khana/copper/lustre/orion/stf243/world-shared/hagertnl/CUG26/benchmark_builds/osu/install-osu-7.5.1/libexec/osu-micro-benchmarks/mpi/startup/osu_init: No such file or directory
slurmstepd: error: execve(): /tmp/khana/copper/lustre/orion/stf243/world-shared/hagertnl/CUG26/benchmark_builds/osu/install-osu-7.5.1/libexec/osu-micro-benchmarks/mpi/startup/osu_init: No such file or directory
slurmstepd: error: execve(): /tmp/khana/copper/lustre/orion/stf243/world-shared/hagertnl/CUG26/benchmark_builds/osu/install-osu-7.5.1/libexec/osu-micro-benchmarks/mpi/startup/osu_init: No such file or directory
slurmstepd: error: execve(): /tmp/khana/copper/lustre/orion/stf243/world-shared/hagertnl/CUG26/benchmark_builds/osu/install-osu-7.5.1/libexec/osu-micro-benchmarks/mpi/startup/osu_init: No such file or directory
slurmstepd: error: execve(): /tmp/khana/copper/lustre/orion/stf243/world-shared/hagertnl/CUG26/benchmark_builds/osu/install-osu-7.5.1/libexec/osu-micro-benchmarks/mpi/startup/osu_init: No such file or directory
slurmstepd: error: execve(): /tmp/khana/copper/lustre/orion/stf243/world-shared/hagertnl/CUG26/benchmark_builds/osu/install-osu-7.5.1/libexec/osu-micro-benchmarks/mpi/startup/osu_init: No such file or directory
slurmstepd: error: execve(): /tmp/khana/copper/lustre/orion/stf243/world-shared/hagertnl/CUG26/benchmark_builds/osu/install-osu-7.5.1/libexec/osu-micro-benchmarks/mpi/startup/osu_init: No such file or directory
slurmstepd: error: execve(): /tmp/khana/copper/lustre/orion/stf243/world-shared/hagertnl/CUG26/benchmark_builds/osu/install-osu-7.5.1/libexec/osu-micro-benchmarks/mpi/startup/osu_init: No such file or directory
slurmstepd: error: execve(): /tmp/khana/copper/lustre/orion/stf243/world-shared/hagertnl/CUG26/benchmark_builds/osu/install-osu-7.5.1/libexec/osu-micro-benchmarks/mpi/startup/osu_init: No such file or directory
slurmstepd: error: execve(): /tmp/khana/copper/lustre/orion/stf243/world-shared/hagertnl/CUG26/benchmark_builds/osu/install-osu-7.5.1/libexec/osu-micro-benchmarks/mpi/startup/osu_init: No such file or directory
slurmstepd: error: execve(): /tmp/khana/copper/lustre/orion/stf243/world-shared/hagertnl/CUG26/benchmark_builds/osu/install-osu-7.5.1/libexec/osu-micro-benchmarks/mpi/startup/osu_init: No such file or directory
slurmstepd: error: execve(): /tmp/khana/copper/lustre/orion/stf243/world-shared/hagertnl/CUG26/benchmark_builds/osu/install-osu-7.5.1/libexec/osu-micro-benchmarks/mpi/startup/osu_init: No such file or directory
slurmstepd: error: execve(): /tmp/khana/copper/lustre/orion/stf243/world-shared/hagertnl/CUG26/benchmark_builds/osu/install-osu-7.5.1/libexec/osu-micro-benchmarks/mpi/startup/osu_init: No such file or directory
slurmstepd: error: execve(): /tmp/khana/copper/lustre/orion/stf243/world-shared/hagertnl/CUG26/benchmark_builds/osu/install-osu-7.5.1/libexec/osu-micro-benchmarks/mpi/startup/osu_init: No such file or directory
slurmstepd: error: execve(): /tmp/khana/copper/lustre/orion/stf243/world-shared/hagertnl/CUG26/benchmark_builds/osu/install-osu-7.5.1/libexec/osu-micro-benchmarks/mpi/startup/osu_init: No such file or directory
slurmstepd: error: execve(): /tmp/khana/copper/lustre/orion/stf243/world-shared/hagertnl/CUG26/benchmark_builds/osu/install-osu-7.5.1/libexec/osu-micro-benchmarks/mpi/startup/osu_init: No such file or directory
slurmstepd: error: execve(): /tmp/khana/copper/lustre/orion/stf243/world-shared/hagertnl/CUG26/benchmark_builds/osu/install-osu-7.5.1/libexec/osu-micro-benchmarks/mpi/startup/osu_init: No such file or directory
slurmstepd: error: execve(): /tmp/khana/copper/lustre/orion/stf243/world-shared/hagertnl/CUG26/benchmark_builds/osu/install-osu-7.5.1/libexec/osu-micro-benchmarks/mpi/startup/osu_init: No such file or directory
slurmstepd: error: execve(): /tmp/khana/copper/lustre/orion/stf243/world-shared/hagertnl/CUG26/benchmark_builds/osu/install-osu-7.5.1/libexec/osu-micro-benchmarks/mpi/startup/osu_init: No such file or directory
slurmstepd: error: execve(): /tmp/khana/copper/lustre/orion/stf243/world-shared/hagertnl/CUG26/benchmark_builds/osu/install-osu-7.5.1/libexec/osu-micro-benchmarks/mpi/startup/osu_init: No such file or directory
slurmstepd: error: execve(): /tmp/khana/copper/lustre/orion/stf243/world-shared/hagertnl/CUG26/benchmark_builds/osu/install-osu-7.5.1/libexec/osu-micro-benchmarks/mpi/startup/osu_init: No such file or directory
slurmstepd: error: execve(): /tmp/khana/copper/lustre/orion/stf243/world-shared/hagertnl/CUG26/benchmark_builds/osu/install-osu-7.5.1/libexec/osu-micro-benchmarks/mpi/startup/osu_init: No such file or directory
slurmstepd: error: execve(): /tmp/khana/copper/lustre/orion/stf243/world-shared/hagertnl/CUG26/benchmark_builds/osu/install-osu-7.5.1/libexec/osu-micro-benchmarks/mpi/startup/osu_init: No such file or directory
slurmstepd: error: execve(): /tmp/khana/copper/lustre/orion/stf243/world-shared/hagertnl/CUG26/benchmark_builds/osu/install-osu-7.5.1/libexec/osu-micro-benchmarks/mpi/startup/osu_init: No such file or directory
slurmstepd: error: execve(): /tmp/khana/copper/lustre/orion/stf243/world-shared/hagertnl/CUG26/benchmark_builds/osu/install-osu-7.5.1/libexec/osu-micro-benchmarks/mpi/startup/osu_init: No such file or directory
slurmstepd: error: execve(): /tmp/khana/copper/lustre/orion/stf243/world-shared/hagertnl/CUG26/benchmark_builds/osu/install-osu-7.5.1/libexec/osu-micro-benchmarks/mpi/startup/osu_init: No such file or directory
slurmstepd: error: execve(): /tmp/khana/copper/lustre/orion/stf243/world-shared/hagertnl/CUG26/benchmark_builds/osu/install-osu-7.5.1/libexec/osu-micro-benchmarks/mpi/startup/osu_init: No such file or directory
slurmstepd: error: execve(): /tmp/khana/copper/lustre/orion/stf243/world-shared/hagertnl/CUG26/benchmark_builds/osu/install-osu-7.5.1/libexec/osu-micro-benchmarks/mpi/startup/osu_init: No such file or directory
slurmstepd: error: execve(): /tmp/khana/copper/lustre/orion/stf243/world-shared/hagertnl/CUG26/benchmark_builds/osu/install-osu-7.5.1/libexec/osu-micro-benchmarks/mpi/startup/osu_init: No such file or directory
slurmstepd: error: execve(): /tmp/khana/copper/lustre/orion/stf243/world-shared/hagertnl/CUG26/benchmark_builds/osu/install-osu-7.5.1/libexec/osu-micro-benchmarks/mpi/startup/osu_init: No such file or directory
slurmstepd: error: execve(): /tmp/khana/copper/lustre/orion/stf243/world-shared/hagertnl/CUG26/benchmark_builds/osu/install-osu-7.5.1/libexec/osu-micro-benchmarks/mpi/startup/osu_init: No such file or directory
slurmstepd: error: execve(): /tmp/khana/copper/lustre/orion/stf243/world-shared/hagertnl/CUG26/benchmark_builds/osu/install-osu-7.5.1/libexec/osu-micro-benchmarks/mpi/startup/osu_init: No such file or directory
slurmstepd: error: execve(): /tmp/khana/copper/lustre/orion/stf243/world-shared/hagertnl/CUG26/benchmark_builds/osu/install-osu-7.5.1/libexec/osu-micro-benchmarks/mpi/startup/osu_init: No such file or directory
slurmstepd: error: execve(): /tmp/khana/copper/lustre/orion/stf243/world-shared/hagertnl/CUG26/benchmark_builds/osu/install-osu-7.5.1/libexec/osu-micro-benchmarks/mpi/startup/osu_init: No such file or directory
slurmstepd: error: execve(): /tmp/khana/copper/lustre/orion/stf243/world-shared/hagertnl/CUG26/benchmark_builds/osu/install-osu-7.5.1/libexec/osu-micro-benchmarks/mpi/startup/osu_init: No such file or directory
slurmstepd: error: execve(): /tmp/khana/copper/lustre/orion/stf243/world-shared/hagertnl/CUG26/benchmark_builds/osu/install-osu-7.5.1/libexec/osu-micro-benchmarks/mpi/startup/osu_init: No such file or directory
slurmstepd: error: execve(): /tmp/khana/copper/lustre/orion/stf243/world-shared/hagertnl/CUG26/benchmark_builds/osu/install-osu-7.5.1/libexec/osu-micro-benchmarks/mpi/startup/osu_init: No such file or directory
slurmstepd: error: execve(): /tmp/khana/copper/lustre/orion/stf243/world-shared/hagertnl/CUG26/benchmark_builds/osu/install-osu-7.5.1/libexec/osu-micro-benchmarks/mpi/startup/osu_init: No such file or directory
slurmstepd: error: execve(): /tmp/khana/copper/lustre/orion/stf243/world-shared/hagertnl/CUG26/benchmark_builds/osu/install-osu-7.5.1/libexec/osu-micro-benchmarks/mpi/startup/osu_init: No such file or directory
slurmstepd: error: execve(): /tmp/khana/copper/lustre/orion/stf243/world-shared/hagertnl/CUG26/benchmark_builds/osu/install-osu-7.5.1/libexec/osu-micro-benchmarks/mpi/startup/osu_init: No such file or directory
slurmstepd: error: execve(): /tmp/khana/copper/lustre/orion/stf243/world-shared/hagertnl/CUG26/benchmark_builds/osu/install-osu-7.5.1/libexec/osu-micro-benchmarks/mpi/startup/osu_init: No such file or directory
slurmstepd: error: execve(): /tmp/khana/copper/lustre/orion/stf243/world-shared/hagertnl/CUG26/benchmark_builds/osu/install-osu-7.5.1/libexec/osu-micro-benchmarks/mpi/startup/osu_init: No such file or directory
slurmstepd: error: execve(): /tmp/khana/copper/lustre/orion/stf243/world-shared/hagertnl/CUG26/benchmark_builds/osu/install-osu-7.5.1/libexec/osu-micro-benchmarks/mpi/startup/osu_init: No such file or directory
slurmstepd: error: execve(): /tmp/khana/copper/lustre/orion/stf243/world-shared/hagertnl/CUG26/benchmark_builds/osu/install-osu-7.5.1/libexec/osu-micro-benchmarks/mpi/startup/osu_init: No such file or directory
slurmstepd: error: execve(): /tmp/khana/copper/lustre/orion/stf243/world-shared/hagertnl/CUG26/benchmark_builds/osu/install-osu-7.5.1/libexec/osu-micro-benchmarks/mpi/startup/osu_init: No such file or directory
slurmstepd: error: execve(): /tmp/khana/copper/lustre/orion/stf243/world-shared/hagertnl/CUG26/benchmark_builds/osu/install-osu-7.5.1/libexec/osu-micro-benchmarks/mpi/startup/osu_init: No such file or directory
slurmstepd: error: execve(): /tmp/khana/copper/lustre/orion/stf243/world-shared/hagertnl/CUG26/benchmark_builds/osu/install-osu-7.5.1/libexec/osu-micro-benchmarks/mpi/startup/osu_init: No such file or directory
slurmstepd: error: execve(): /tmp/khana/copper/lustre/orion/stf243/world-shared/hagertnl/CUG26/benchmark_builds/osu/install-osu-7.5.1/libexec/osu-micro-benchmarks/mpi/startup/osu_init: No such file or directory
slurmstepd: error: execve(): /tmp/khana/copper/lustre/orion/stf243/world-shared/hagertnl/CUG26/benchmark_builds/osu/install-osu-7.5.1/libexec/osu-micro-benchmarks/mpi/startup/osu_init: No such file or directory
slurmstepd: error: execve(): /tmp/khana/copper/lustre/orion/stf243/world-shared/hagertnl/CUG26/benchmark_builds/osu/install-osu-7.5.1/libexec/osu-micro-benchmarks/mpi/startup/osu_init: No such file or directory
slurmstepd: error: execve(): /tmp/khana/copper/lustre/orion/stf243/world-shared/hagertnl/CUG26/benchmark_builds/osu/install-osu-7.5.1/libexec/osu-micro-benchmarks/mpi/startup/osu_init: No such file or directory
slurmstepd: error: execve(): /tmp/khana/copper/lustre/orion/stf243/world-shared/hagertnl/CUG26/benchmark_builds/osu/install-osu-7.5.1/libexec/osu-micro-benchmarks/mpi/startup/osu_init: No such file or directory
slurmstepd: error: execve(): /tmp/khana/copper/lustre/orion/stf243/world-shared/hagertnl/CUG26/benchmark_builds/osu/install-osu-7.5.1/libexec/osu-micro-benchmarks/mpi/startup/osu_init: No such file or directory
slurmstepd: error: execve(): /tmp/khana/copper/lustre/orion/stf243/world-shared/hagertnl/CUG26/benchmark_builds/osu/install-osu-7.5.1/libexec/osu-micro-benchmarks/mpi/startup/osu_init: No such file or directory
slurmstepd: error: execve(): /tmp/khana/copper/lustre/orion/stf243/world-shared/hagertnl/CUG26/benchmark_builds/osu/install-osu-7.5.1/libexec/osu-micro-benchmarks/mpi/startup/osu_init: No such file or directory
slurmstepd: error: execve(): /tmp/khana/copper/lustre/orion/stf243/world-shared/hagertnl/CUG26/benchmark_builds/osu/install-osu-7.5.1/libexec/osu-micro-benchmarks/mpi/startup/osu_init: No such file or directory
slurmstepd: error: execve(): /tmp/khana/copper/lustre/orion/stf243/world-shared/hagertnl/CUG26/benchmark_builds/osu/install-osu-7.5.1/libexec/osu-micro-benchmarks/mpi/startup/osu_init: No such file or directory
slurmstepd: error: execve(): /tmp/khana/copper/lustre/orion/stf243/world-shared/hagertnl/CUG26/benchmark_builds/osu/install-osu-7.5.1/libexec/osu-micro-benchmarks/mpi/startup/osu_init: No such file or directory
slurmstepd: error: execve(): /tmp/khana/copper/lustre/orion/stf243/world-shared/hagertnl/CUG26/benchmark_builds/osu/install-osu-7.5.1/libexec/osu-micro-benchmarks/mpi/startup/osu_init: No such file or directory
slurmstepd: error: execve(): /tmp/khana/copper/lustre/orion/stf243/world-shared/hagertnl/CUG26/benchmark_builds/osu/install-osu-7.5.1/libexec/osu-micro-benchmarks/mpi/startup/osu_init: No such file or directory
slurmstepd: error: execve(): /tmp/khana/copper/lustre/orion/stf243/world-shared/hagertnl/CUG26/benchmark_builds/osu/install-osu-7.5.1/libexec/osu-micro-benchmarks/mpi/startup/osu_init: No such file or directory
slurmstepd: error: execve(): /tmp/khana/copper/lustre/orion/stf243/world-shared/hagertnl/CUG26/benchmark_builds/osu/install-osu-7.5.1/libexec/osu-micro-benchmarks/mpi/startup/osu_init: No such file or directory
slurmstepd: error: execve(): /tmp/khana/copper/lustre/orion/stf243/world-shared/hagertnl/CUG26/benchmark_builds/osu/install-osu-7.5.1/libexec/osu-micro-benchmarks/mpi/startup/osu_init: No such file or directory
srun: error: frontier08935: tasks 48-55: Exited with exit code 2
srun: Terminating StepId=4188435.5
srun: error: frontier08930: tasks 8-15: Exited with exit code 2
srun: error: frontier08955: tasks 56-63: Exited with exit code 2
slurmstepd: error: *** STEP 4188435.5 ON frontier08860 CANCELLED AT 2026-03-09T10:56:44 ***
srun: error: frontier08931: tasks 16-23: Exited with exit code 2
srun: error: frontier08860: tasks 0-7: Exited with exit code 2
srun: error: frontier08932: tasks 24-31: Exited with exit code 2
srun: error: frontier08934: tasks 40-47: Exited with exit code 2
srun: error: frontier08933: tasks 32-39: Exited with exit code 2
Command exited with non-zero status 2
0.01user 0.02system 0:00.30elapsed 12%CPU (0avgtext+0avgdata 17408maxresident)k
0inputs+40outputs (0major+3483minor)pagefaults 0swaps
+ set +x
+ '[' -z '' ']'
+ case "$-" in
+ __lmod_vx=x
+ '[' -n x ']'
+ set +x
Shell debugging temporarily silenced: export LMOD_SH_DBG_ON=1 for this output (/opt/cray/pe/lmod/lmod/init/bash)
Shell debugging restarted
+ unset __lmod_vx
+ log_dir=/ccs/home/khana/copper-logs/4188435
+ getopts d: opt
+ case ${opt} in
+ log_dir=/lustre/orion/stf008/proj-shared/hvac/copper-cug/copper_logs
+ getopts d: opt
+ SLURM_NODEFILE=/lustre/orion/stf008/proj-shared/hvac/copper-cug/copper_logs/node_file.txt
+ echo 'Stopping Copper Gracefully On All Nodes : Start'
Stopping Copper Gracefully On All Nodes : Start
+ CU_FUSE_MNT_VIEWDIR=/tmp/khana/copper
+ clush --hostfile /lustre/orion/stf008/proj-shared/hvac/copper-cug/copper_logs/node_file.txt 'pkill -9 cu_fuse'
clush: frontier08933: exited with exit code 1
clush: frontier08935: exited with exit code 1
clush: frontier08931: exited with exit code 1
clush: frontier08955: exited with exit code 1
clush: frontier08930: exited with exit code 1
clush: frontier08860: exited with exit code 1
clush: frontier08934: exited with exit code 1
clush: frontier08932: exited with exit code 1
+ clush --hostfile /lustre/orion/stf008/proj-shared/hvac/copper-cug/copper_logs/node_file.txt 'fusermount3 -u /tmp/khana/copper'
frontier08933: fusermount3: entry for /tmp/khana/copper not found in /etc/mtab
clush: frontier08933: exited with exit code 1
frontier08935: fusermount3: entry for /tmp/khana/copper not found in /etc/mtab
clush: frontier08935: exited with exit code 1
frontier08930: fusermount3: entry for /tmp/khana/copper not found in /etc/mtab
clush: frontier08930: exited with exit code 1
frontier08934: fusermount3: entry for /tmp/khana/copper not found in /etc/mtab
frontier08931: fusermount3: entry for /tmp/khana/copper not found in /etc/mtab
clush: frontier08934: exited with exit code 1
clush: frontier08931: exited with exit code 1
frontier08955: fusermount3: entry for /tmp/khana/copper not found in /etc/mtab
clush: frontier08955: exited with exit code 1
frontier08860: fusermount3: entry for /tmp/khana/copper not found in /etc/mtab
clush: frontier08860: exited with exit code 1
frontier08932: fusermount3: entry for /tmp/khana/copper not found in /etc/mtab
clush: frontier08932: exited with exit code 1
+ clush --hostfile /lustre/orion/stf008/proj-shared/hvac/copper-cug/copper_logs/node_file.txt 'rm -rf /tmp/khana/copper'
+ echo 'Stopping Copper Gracefully On All Nodes : End'
Stopping Copper Gracefully On All Nodes : End
