+ '[' -z '' ']'
+ case "$-" in
+ __lmod_vx=x
+ '[' -n x ']'
+ set +x
Shell debugging temporarily silenced: export LMOD_SH_DBG_ON=1 for this output (/opt/cray/pe/lmod/lmod/init/bash)
Shell debugging restarted
+ unset __lmod_vx
+ cd /lustre/orion/stf243/world-shared/wcastil/Experiments/CUG26/copper_run/pynamic/M_524_MB
+ module load ums ums046 copper
+ '[' -z '' ']'
+ case "$-" in
+ __lmod_sh_dbg=x
+ '[' -n x ']'
+ set +x
Shell debugging temporarily silenced: export LMOD_SH_DBG_ON=1 for Lmod's output
Copper loaded: use 'launch_copper_frontier' and 'stop_copper_frontier'.
COPPER_ROOT: /sw/frontier/ums/ums046/copper
launch_copper_frontier points to:
/sw/frontier/ums/ums046/copper/build/launch_copper_frontier.sh 
Shell debugging restarted
+ unset __lmod_sh_dbg
+ return 0
+ module list
+ '[' -z '' ']'
+ case "$-" in
+ __lmod_sh_dbg=x
+ '[' -n x ']'
+ set +x
Shell debugging temporarily silenced: export LMOD_SH_DBG_ON=1 for Lmod's output

Currently Loaded Modules:
  1) craype-x86-trento               12) PrgEnv-cray/8.6.0
  2) libfabric/1.22.0                13) Core/25.03
  3) craype-network-ofi              14) tmux/3.4
  4) perftools-base/24.11.0          15) darshan-runtime/3.4.6-mpi (E4S)
  5) xpmem/2.11.3-1.3_gdbda01a1eb3d  16) hsi/default
  6) cray-pmi/6.1.15                 17) lfs-wrapper/0.0.1
  7) cce/18.0.1                      18) DefApps
  8) craype/2.7.33                   19) ums/default
  9) cray-dsmml/0.3.0                20) ums046/default
 10) cray-mpich/8.1.31               21) copper/0.1
 11) cray-libsci/24.11.0

  Where:
   E4S:  E4S: Extreme-scale Scientific Software Stack (E4S) https://e4s.io/index.html

 

Shell debugging restarted
+ unset __lmod_sh_dbg
+ return 0
+ echo 4352257
4352257
+ echo 1024
1024
+ echo copper_spindle
copper_spindle
+ echo 'frontier[00033,00035,00145,00148-00149,00238-00239,00241,00244-00249,00253,00256,00268-00269,00271,00363,00366-00371,00374-00376,00380,00400-00401,00487-00497,00527-00528,00556,00611-00620,00654-00655,00684,00741-00747,00749,00752,00754,00783-00785,00812,00864-00869,00871-00872,00874-00875,00910-00912,00939,00990-00997,00999-01000,01038,01107-01111,01114-01115,01117-01122,01124-01125,01209-01211,01214-01216,01219,01221-01222,01224-01230,01335,01337-01342,01345-01353,01455-01464,01467-01468,01471-01474,01584-01590,01592-01594,01598-01599,01601-01604,01712,01714-01716,01718-01720,01723-01730,01840-01846,01849-01856,01968,01970-01972,01975-01980,01982-01985,01987,02097-02098,02101-02113,02224,02227-02240,02359-02366,02369-02371,02374-02377,02487-02489,02492-02497,02500-02501,02503-02506,02611-02622,02626-02627,02629,02737-02744,02747-02748,02752-02756,02867-02870,02872-02875,02878-02880,02883-02885,02888,02997-03001,03004-03007,03009-03014,03133-03140,03142-03148,03258-03260,03262-03266,03268-03274,03385-03392,03394-03397,03399,03404-03405,03511,03513-03516,03518,03520-03521,03524-03526,03529-03531,03533,03641-03644,03646-03647,03649-03651,03655-03658,03661-03662,03773-03774,03776-03778,03782-03789,03791,03793,03898-03900,03902-03904,03907-03913,03916-03917,04022,04026,04028-04030,04033-04035,04039-04043,04045-04046,04155-04156,04160-04163,04165-04169,04171-04174,04287-04290,04292-04293,04295,04298-04301,04303,04306-04308,04412-04413,04415,04419-04421,04424,04427-04429,04433,04438,04442,04444-04445,04538,04543-04545,04547,04549-04550,04552-04555,04558-04560,04563,04668-04669,04672-04673,04676-04677,04684-04691,04694,04806,04810-04813,04816-04817,04819-04820,04823-04828,04936,04938-04939,04942-04943,04945-04946,04948,04952-04954,04957-04960,05066,05069,05071-05072,05074-05078,05084-05087,05089-05090,05195,05198,05202-05206,05209-05210,05212,05216,05218-05221,05321,05326-05327,05329-05331,05334,05336,05338,05341-05342,05345,05347-05349,05457-05458,05463,05468-05476,05478-05479,05483,05580-05581,05596-05599,05604,05609,05614,05621-05622,05624,05627,05725-05727,05729-05730,05733,05735-05737,05741,05749-05750,05759-05760,05851-05856,05867,05870,05882-05883,05887,05947,05984,06000-06003,06007-06011,06014,06016,06075-06076,06128-06129,06132-06138,06143,06202,06257-06258,06261-06267,06272,06324-06325,06384-06385,06387-06393,06396,06398,06457,06514-06519,06523,06525,06527,06579,06642-06647,06653-06656,06707,06773-06778,06782,06836,06898-06904,06910-06911,06960,07029-07034,07040,07086,07153-07162,07166,07168,07280,07283-07290,07295-07296,07341,07348,07408,07411-07419,07424,07434,07441,07462-07463,07506-07516,07570,07635-07643,07645-07648,07691,07698,07763-07769,07771-07775,07824,07897-07908,07946,08021,08023-08034,08074,08151-08163,08201-08202,08281-08285,08287-08289,08291-08293,08296,08333-08334,08411-08419,08422-08424,08457-08458,08538-08546,08548-08550,08563,08587,08590-08591,08667-08671,08674-08675,08677-08681,08708,08718-08720,08796-08797,08800-08808,08844-08846,08926-08937,08970-08971,09053-09064,09104-09106,09108,09201,09203-09207,09213,09216,09228,09309-09318,09325-09327,09329,09353-09354,09460-09466,09469-09470,09472,10123]'
frontier[00033,00035,00145,00148-00149,00238-00239,00241,00244-00249,00253,00256,00268-00269,00271,00363,00366-00371,00374-00376,00380,00400-00401,00487-00497,00527-00528,00556,00611-00620,00654-00655,00684,00741-00747,00749,00752,00754,00783-00785,00812,00864-00869,00871-00872,00874-00875,00910-00912,00939,00990-00997,00999-01000,01038,01107-01111,01114-01115,01117-01122,01124-01125,01209-01211,01214-01216,01219,01221-01222,01224-01230,01335,01337-01342,01345-01353,01455-01464,01467-01468,01471-01474,01584-01590,01592-01594,01598-01599,01601-01604,01712,01714-01716,01718-01720,01723-01730,01840-01846,01849-01856,01968,01970-01972,01975-01980,01982-01985,01987,02097-02098,02101-02113,02224,02227-02240,02359-02366,02369-02371,02374-02377,02487-02489,02492-02497,02500-02501,02503-02506,02611-02622,02626-02627,02629,02737-02744,02747-02748,02752-02756,02867-02870,02872-02875,02878-02880,02883-02885,02888,02997-03001,03004-03007,03009-03014,03133-03140,03142-03148,03258-03260,03262-03266,03268-03274,03385-03392,03394-03397,03399,03404-03405,03511,03513-03516,03518,03520-03521,03524-03526,03529-03531,03533,03641-03644,03646-03647,03649-03651,03655-03658,03661-03662,03773-03774,03776-03778,03782-03789,03791,03793,03898-03900,03902-03904,03907-03913,03916-03917,04022,04026,04028-04030,04033-04035,04039-04043,04045-04046,04155-04156,04160-04163,04165-04169,04171-04174,04287-04290,04292-04293,04295,04298-04301,04303,04306-04308,04412-04413,04415,04419-04421,04424,04427-04429,04433,04438,04442,04444-04445,04538,04543-04545,04547,04549-04550,04552-04555,04558-04560,04563,04668-04669,04672-04673,04676-04677,04684-04691,04694,04806,04810-04813,04816-04817,04819-04820,04823-04828,04936,04938-04939,04942-04943,04945-04946,04948,04952-04954,04957-04960,05066,05069,05071-05072,05074-05078,05084-05087,05089-05090,05195,05198,05202-05206,05209-05210,05212,05216,05218-05221,05321,05326-05327,05329-05331,05334,05336,05338,05341-05342,05345,05347-05349,05457-05458,05463,05468-05476,05478-05479,05483,05580-05581,05596-05599,05604,05609,05614,05621-05622,05624,05627,05725-05727,05729-05730,05733,05735-05737,05741,05749-05750,05759-05760,05851-05856,05867,05870,05882-05883,05887,05947,05984,06000-06003,06007-06011,06014,06016,06075-06076,06128-06129,06132-06138,06143,06202,06257-06258,06261-06267,06272,06324-06325,06384-06385,06387-06393,06396,06398,06457,06514-06519,06523,06525,06527,06579,06642-06647,06653-06656,06707,06773-06778,06782,06836,06898-06904,06910-06911,06960,07029-07034,07040,07086,07153-07162,07166,07168,07280,07283-07290,07295-07296,07341,07348,07408,07411-07419,07424,07434,07441,07462-07463,07506-07516,07570,07635-07643,07645-07648,07691,07698,07763-07769,07771-07775,07824,07897-07908,07946,08021,08023-08034,08074,08151-08163,08201-08202,08281-08285,08287-08289,08291-08293,08296,08333-08334,08411-08419,08422-08424,08457-08458,08538-08546,08548-08550,08563,08587,08590-08591,08667-08671,08674-08675,08677-08681,08708,08718-08720,08796-08797,08800-08808,08844-08846,08926-08937,08970-08971,09053-09064,09104-09106,09108,09201,09203-09207,09213,09216,09228,09309-09318,09325-09327,09329,09353-09354,09460-09466,09469-09470,09472,10123]
+ LOGDIR=/lustre/orion/stf243/world-shared/wcastil/Experiments/CUG26/copper_run/logs
+ cd /lustre/orion/stf243/world-shared/wcastil/Experiments/CUG26/copper_run/logs
+ PACKAGE_ENV_LOCATION=/lustre/orion/stf243/world-shared/hagertnl/CUG26/benchmark_builds
+ source /lustre/orion/stf243/world-shared/hagertnl/CUG26/benchmark_builds/common_modules.sh
++ module load PrgEnv-amd
++ '[' -z '' ']'
++ case "$-" in
++ __lmod_sh_dbg=x
++ '[' -n x ']'
++ set +x
Shell debugging temporarily silenced: export LMOD_SH_DBG_ON=1 for Lmod's output

Lmod is automatically replacing "cce/18.0.1" with "amd/6.2.4".


Lmod is automatically replacing "PrgEnv-cray/8.6.0" with "PrgEnv-amd/8.6.0".


Due to MODULEPATH changes, the following have been reloaded:
  1) cray-libsci/24.11.0     2) cray-mpich/8.1.31     3) darshan-runtime/3.4.6-mpi

Shell debugging restarted
++ unset __lmod_sh_dbg
++ return 0
++ module load cpe/25.09
++ '[' -z '' ']'
++ case "$-" in
++ __lmod_sh_dbg=x
++ '[' -n x ']'
++ set +x
Shell debugging temporarily silenced: export LMOD_SH_DBG_ON=1 for Lmod's output

The following have been reloaded with a version change:
  1) amd/6.2.4 => amd/6.4.2
  2) cray-dsmml/0.3.0 => cray-dsmml/0.3.1
  3) cray-libsci/24.11.0 => cray-libsci/25.09.0
  4) cray-mpich/8.1.31 => cray-mpich/9.0.1
  5) cray-pmi/6.1.15 => cray-pmi/6.1.16
  6) craype/2.7.33 => craype/2.7.35
  7) darshan-runtime/3.4.6-mpi => darshan-runtime/3.4.7-mpi
  8) perftools-base/24.11.0 => perftools-base/25.09.0

Shell debugging restarted
++ unset __lmod_sh_dbg
++ return 0
++ module load amd/6.4.2
++ '[' -z '' ']'
++ case "$-" in
++ __lmod_sh_dbg=x
++ '[' -n x ']'
++ set +x
Shell debugging temporarily silenced: export LMOD_SH_DBG_ON=1 for Lmod's output
Shell debugging restarted
++ unset __lmod_sh_dbg
++ return 0
++ module load rocm/6.4.2
++ '[' -z '' ']'
++ case "$-" in
++ __lmod_sh_dbg=x
++ '[' -n x ']'
++ set +x
Shell debugging temporarily silenced: export LMOD_SH_DBG_ON=1 for Lmod's output
Shell debugging restarted
++ unset __lmod_sh_dbg
++ return 0
++ module load libfabric/1.22.0
++ '[' -z '' ']'
++ case "$-" in
++ __lmod_sh_dbg=x
++ '[' -n x ']'
++ set +x
Shell debugging temporarily silenced: export LMOD_SH_DBG_ON=1 for Lmod's output
Shell debugging restarted
++ unset __lmod_sh_dbg
++ return 0
++ module load craype-accel-amd-gfx90a
++ '[' -z '' ']'
++ case "$-" in
++ __lmod_sh_dbg=x
++ '[' -n x ']'
++ set +x
Shell debugging temporarily silenced: export LMOD_SH_DBG_ON=1 for Lmod's output
Shell debugging restarted
++ unset __lmod_sh_dbg
++ return 0
++ module load miniforge3/23.11.0-0
++ '[' -z '' ']'
++ case "$-" in
++ __lmod_sh_dbg=x
++ '[' -n x ']'
++ set +x
Shell debugging temporarily silenced: export LMOD_SH_DBG_ON=1 for Lmod's output
Shell debugging restarted
++ unset __lmod_sh_dbg
++ return 0
++ export LD_LIBRARY_PATH=/opt/cray/pe/mpich/9.0.1/ofi/amd/6.0/lib:/opt/cray/pe/mpich/9.0.1/gtl/lib:/opt/cray/pe/libsci/25.09.0/AMD/6.0/x86_64/lib:/opt/cray/pe/perftools/25.09.0/lib64:/opt/cray/pe/pmi/6.1.16/lib:/opt/cray/pe/dsmml/0.3.1/dsmml/lib:/opt/cray/libfabric/1.22.0/lib64:/opt/rocm-6.4.2/lib/roctracer:/opt/rocm-6.4.2/lib/rocprofiler:/opt/rocm-6.4.2/lib:/sw/frontier/spack-envs/cpe25.09-cpu/opt/llvm-amdgpu-6.4.2/darshan-runtime-3.4.7-tvdocpzv3jfj4y6ki5jvmmkics323gon/lib:/opt/rocm-6.4.2/llvm/lib:/opt/cray/pe/papi/7.2.0.2/lib64
++ LD_LIBRARY_PATH=/opt/cray/pe/mpich/9.0.1/ofi/amd/6.0/lib:/opt/cray/pe/mpich/9.0.1/gtl/lib:/opt/cray/pe/libsci/25.09.0/AMD/6.0/x86_64/lib:/opt/cray/pe/perftools/25.09.0/lib64:/opt/cray/pe/pmi/6.1.16/lib:/opt/cray/pe/dsmml/0.3.1/dsmml/lib:/opt/cray/libfabric/1.22.0/lib64:/opt/rocm-6.4.2/lib/roctracer:/opt/rocm-6.4.2/lib/rocprofiler:/opt/rocm-6.4.2/lib:/sw/frontier/spack-envs/cpe25.09-cpu/opt/llvm-amdgpu-6.4.2/darshan-runtime-3.4.7-tvdocpzv3jfj4y6ki5jvmmkics323gon/lib:/opt/rocm-6.4.2/llvm/lib:/opt/cray/pe/papi/7.2.0.2/lib64
++ [[ /var/spool/slurmd/job4352257/slurm_script == \/\l\u\s\t\r\e\/\o\r\i\o\n\/\s\t\f\2\4\3\/\w\o\r\l\d\-\s\h\a\r\e\d\/\h\a\g\e\r\t\n\l\/\C\U\G\2\6\/\b\e\n\c\h\m\a\r\k\_\b\u\i\l\d\s\/\c\o\m\m\o\n\_\m\o\d\u\l\e\s\.\s\h ]]
+ COPPER_MOUNT_PATH=/mnt/bb/wcastil/copper_mount
+ /lustre/orion/stf243/world-shared/wcastil/Experiments/CUG26/copper_run/launch_copper_frontier.sh -d /lustre/orion/stf243/world-shared/wcastil/Experiments/CUG26/copper_run/logs -v /mnt/bb/wcastil/copper_mount -M 524288000
+ '[' -z '' ']'
+ case "$-" in
+ __lmod_vx=x
+ '[' -n x ']'
+ set +x
Shell debugging temporarily silenced: export LMOD_SH_DBG_ON=1 for this output (/opt/cray/pe/lmod/lmod/init/bash)
Shell debugging restarted
+ unset __lmod_vx
+ echo 'Launching Copper Gracefully On All Nodes : Start'
Launching Copper Gracefully On All Nodes : Start
+ echo /sw/frontier/ums/ums046/copper
/sw/frontier/ums/ums046/copper
+ CUPATH=/sw/frontier/ums/ums046/copper/build/cu_fuse
+ DISCOVERY_HELPER=/sw/frontier/ums/ums046/copper/build/list_cxi_hsn_thallium
+ CU_FUSE_MNT_VIEWDIR=/tmp/wcastil/copper
+ facility_address_book=/sw/frontier/ums/ums046/copper/build/olcf_frontier_copper_addressbook.txt
+ address_book_source=facility
+ log_level=0
+ log_dir=/ccs/home/wcastil/copper-logs
+ log_type=file
+ trees=1
+ max_cacheable_byte_size=10485760
+ md_enoent_ttl_ms=2000
+ profile_metrics=0
+ profile_top_n=0
+ profile_paths_full=0
+ profile_snapshot_interval_s=0
+ sleeptime=10
+ physcpubind=1,2
+ net_type=cxi://cxi1
+ getopts l:t:d:T:M:E:PN:AI:s:b:F:a:n:v: opt
+ case ${opt} in
+ log_dir=/lustre/orion/stf243/world-shared/wcastil/Experiments/CUG26/copper_run/logs
+ getopts l:t:d:T:M:E:PN:AI:s:b:F:a:n:v: opt
+ case ${opt} in
+ CU_FUSE_MNT_VIEWDIR=/mnt/bb/wcastil/copper_mount
+ getopts l:t:d:T:M:E:PN:AI:s:b:F:a:n:v: opt
+ case ${opt} in
+ max_cacheable_byte_size=524288000
+ getopts l:t:d:T:M:E:PN:AI:s:b:F:a:n:v: opt
+ log_dir=/lustre/orion/stf243/world-shared/wcastil/Experiments/CUG26/copper_run/logs/4352257
+ logs_dir=/lustre/orion/stf243/world-shared/wcastil/Experiments/CUG26/copper_run/logs/4352257/logs
+ tables_dir=/lustre/orion/stf243/world-shared/wcastil/Experiments/CUG26/copper_run/logs/4352257/tables
+ profiling_dir=/lustre/orion/stf243/world-shared/wcastil/Experiments/CUG26/copper_run/logs/4352257/profiling
+ profiling_final_dir=/lustre/orion/stf243/world-shared/wcastil/Experiments/CUG26/copper_run/logs/4352257/profiling/final
+ profiling_cluster_dir=/lustre/orion/stf243/world-shared/wcastil/Experiments/CUG26/copper_run/logs/4352257/profiling/cluster
+ node_file_copy=/lustre/orion/stf243/world-shared/wcastil/Experiments/CUG26/copper_run/logs/4352257/logs/node_file.txt
+ prepared_address_book=/lustre/orion/stf243/world-shared/wcastil/Experiments/CUG26/copper_run/logs/4352257/logs/copper_address_book.txt
+ prepared_address_book_full_output=/lustre/orion/stf243/world-shared/wcastil/Experiments/CUG26/copper_run/logs/4352257/logs/copper_address_book_full_output.txt
+ prepare_address_book_awk=/lustre/orion/stf243/world-shared/wcastil/Experiments/CUG26/copper_run/logs/4352257/logs/prepare_address_book.awk
+ select_discovered_address_book_awk=/lustre/orion/stf243/world-shared/wcastil/Experiments/CUG26/copper_run/logs/4352257/logs/select_discovered_address_book.awk
+ echo 'log_level                  : 0'
log_level                  : 0
+ echo 'log_type                   : file'
log_type                   : file
+ echo 'trees                      : 1'
trees                      : 1
+ echo 'max_cacheable_byte_size    : 524288000'
max_cacheable_byte_size    : 524288000
+ echo 'md_enoent_ttl_ms           : 2000'
md_enoent_ttl_ms           : 2000
+ echo 'profile_metrics            : 0'
profile_metrics            : 0
+ echo 'profile_top_n              : 0'
profile_top_n              : 0
+ echo 'profile_paths_full         : 0'
profile_paths_full         : 0
+ echo 'profile_snapshot_interval_s: 0'
profile_snapshot_interval_s: 0
+ echo 'sleeptime                  : 10'
sleeptime                  : 10
+ echo 'CU_FUSE_MNT_VIEWDIR        : /mnt/bb/wcastil/copper_mount'
CU_FUSE_MNT_VIEWDIR        : /mnt/bb/wcastil/copper_mount
+ echo 'LOGDIR                     : /lustre/orion/stf243/world-shared/wcastil/Experiments/CUG26/copper_run/logs/4352257'
LOGDIR                     : /lustre/orion/stf243/world-shared/wcastil/Experiments/CUG26/copper_run/logs/4352257
+ echo 'logs_dir                   : /lustre/orion/stf243/world-shared/wcastil/Experiments/CUG26/copper_run/logs/4352257/logs'
logs_dir                   : /lustre/orion/stf243/world-shared/wcastil/Experiments/CUG26/copper_run/logs/4352257/logs
+ echo 'tables_dir                 : /lustre/orion/stf243/world-shared/wcastil/Experiments/CUG26/copper_run/logs/4352257/tables'
tables_dir                 : /lustre/orion/stf243/world-shared/wcastil/Experiments/CUG26/copper_run/logs/4352257/tables
+ echo 'profiling_final_dir        : /lustre/orion/stf243/world-shared/wcastil/Experiments/CUG26/copper_run/logs/4352257/profiling/final'
profiling_final_dir        : /lustre/orion/stf243/world-shared/wcastil/Experiments/CUG26/copper_run/logs/4352257/profiling/final
+ echo 'profiling_cluster_dir      : /lustre/orion/stf243/world-shared/wcastil/Experiments/CUG26/copper_run/logs/4352257/profiling/cluster'
profiling_cluster_dir      : /lustre/orion/stf243/world-shared/wcastil/Experiments/CUG26/copper_run/logs/4352257/profiling/cluster
+ echo 'SLURM_NODEFILE             : '
SLURM_NODEFILE             : 
+ echo 'physcpubind                : 1,2'
physcpubind                : 1,2
+ echo 'facility_address_book      : /sw/frontier/ums/ums046/copper/build/olcf_frontier_copper_addressbook.txt'
facility_address_book      : /sw/frontier/ums/ums046/copper/build/olcf_frontier_copper_addressbook.txt
+ echo 'address_book_source        : facility'
address_book_source        : facility
+ echo 'prepared_address_book      : /lustre/orion/stf243/world-shared/wcastil/Experiments/CUG26/copper_run/logs/4352257/logs/copper_address_book.txt'
prepared_address_book      : /lustre/orion/stf243/world-shared/wcastil/Experiments/CUG26/copper_run/logs/4352257/logs/copper_address_book.txt
+ echo 'prepared_address_book_full : /lustre/orion/stf243/world-shared/wcastil/Experiments/CUG26/copper_run/logs/4352257/logs/copper_address_book_full_output.txt'
prepared_address_book_full : /lustre/orion/stf243/world-shared/wcastil/Experiments/CUG26/copper_run/logs/4352257/logs/copper_address_book_full_output.txt
+ echo 'discovery_helper           : /sw/frontier/ums/ums046/copper/build/list_cxi_hsn_thallium'
discovery_helper           : /sw/frontier/ums/ums046/copper/build/list_cxi_hsn_thallium
+ echo 'net_type                   : cxi://cxi1'
net_type                   : cxi://cxi1
+ mkdir -p /lustre/orion/stf243/world-shared/wcastil/Experiments/CUG26/copper_run/logs/4352257/logs /lustre/orion/stf243/world-shared/wcastil/Experiments/CUG26/copper_run/logs/4352257/tables/final /lustre/orion/stf243/world-shared/wcastil/Experiments/CUG26/copper_run/logs/4352257/profiling/final /lustre/orion/stf243/world-shared/wcastil/Experiments/CUG26/copper_run/logs/4352257/profiling/cluster
+ scontrol show hostnames 'frontier[00033,00035,00145,00148-00149,00238-00239,00241,00244-00249,00253,00256,00268-00269,00271,00363,00366-00371,00374-00376,00380,00400-00401,00487-00497,00527-00528,00556,00611-00620,00654-00655,00684,00741-00747,00749,00752,00754,00783-00785,00812,00864-00869,00871-00872,00874-00875,00910-00912,00939,00990-00997,00999-01000,01038,01107-01111,01114-01115,01117-01122,01124-01125,01209-01211,01214-01216,01219,01221-01222,01224-01230,01335,01337-01342,01345-01353,01455-01464,01467-01468,01471-01474,01584-01590,01592-01594,01598-01599,01601-01604,01712,01714-01716,01718-01720,01723-01730,01840-01846,01849-01856,01968,01970-01972,01975-01980,01982-01985,01987,02097-02098,02101-02113,02224,02227-02240,02359-02366,02369-02371,02374-02377,02487-02489,02492-02497,02500-02501,02503-02506,02611-02622,02626-02627,02629,02737-02744,02747-02748,02752-02756,02867-02870,02872-02875,02878-02880,02883-02885,02888,02997-03001,03004-03007,03009-03014,03133-03140,03142-03148,03258-03260,03262-03266,03268-03274,03385-03392,03394-03397,03399,03404-03405,03511,03513-03516,03518,03520-03521,03524-03526,03529-03531,03533,03641-03644,03646-03647,03649-03651,03655-03658,03661-03662,03773-03774,03776-03778,03782-03789,03791,03793,03898-03900,03902-03904,03907-03913,03916-03917,04022,04026,04028-04030,04033-04035,04039-04043,04045-04046,04155-04156,04160-04163,04165-04169,04171-04174,04287-04290,04292-04293,04295,04298-04301,04303,04306-04308,04412-04413,04415,04419-04421,04424,04427-04429,04433,04438,04442,04444-04445,04538,04543-04545,04547,04549-04550,04552-04555,04558-04560,04563,04668-04669,04672-04673,04676-04677,04684-04691,04694,04806,04810-04813,04816-04817,04819-04820,04823-04828,04936,04938-04939,04942-04943,04945-04946,04948,04952-04954,04957-04960,05066,05069,05071-05072,05074-05078,05084-05087,05089-05090,05195,05198,05202-05206,05209-05210,05212,05216,05218-05221,05321,05326-05327,05329-05331,05334,05336,05338,05341-05342,05345,05347-05349,05457-05458,05463,05468-05476,05478-05479,05483,05580-05581,05596-05599,05604,05609,05614,05621-05622,05624,05627,05725-05727,05729-05730,05733,05735-05737,05741,05749-05750,05759-05760,05851-05856,05867,05870,05882-05883,05887,05947,05984,06000-06003,06007-06011,06014,06016,06075-06076,06128-06129,06132-06138,06143,06202,06257-06258,06261-06267,06272,06324-06325,06384-06385,06387-06393,06396,06398,06457,06514-06519,06523,06525,06527,06579,06642-06647,06653-06656,06707,06773-06778,06782,06836,06898-06904,06910-06911,06960,07029-07034,07040,07086,07153-07162,07166,07168,07280,07283-07290,07295-07296,07341,07348,07408,07411-07419,07424,07434,07441,07462-07463,07506-07516,07570,07635-07643,07645-07648,07691,07698,07763-07769,07771-07775,07824,07897-07908,07946,08021,08023-08034,08074,08151-08163,08201-08202,08281-08285,08287-08289,08291-08293,08296,08333-08334,08411-08419,08422-08424,08457-08458,08538-08546,08548-08550,08563,08587,08590-08591,08667-08671,08674-08675,08677-08681,08708,08718-08720,08796-08797,08800-08808,08844-08846,08926-08937,08970-08971,09053-09064,09104-09106,09108,09201,09203-09207,09213,09216,09228,09309-09318,09325-09327,09329,09353-09354,09460-09466,09469-09470,09472,10123]'
+ clush --hostfile /lustre/orion/stf243/world-shared/wcastil/Experiments/CUG26/copper_run/logs/4352257/logs/node_file.txt 'fusermount3 -u /mnt/bb/wcastil/copper_mount'
+ clush --hostfile /lustre/orion/stf243/world-shared/wcastil/Experiments/CUG26/copper_run/logs/4352257/logs/node_file.txt 'rm -rf /mnt/bb/wcastil/copper_mount'
+ clush --hostfile /lustre/orion/stf243/world-shared/wcastil/Experiments/CUG26/copper_run/logs/4352257/logs/node_file.txt 'mkdir -p /mnt/bb/wcastil/copper_mount'
+ rm -f /lustre/orion/stf243/world-shared/wcastil/Experiments/CUG26/copper_run/logs/4352257/logs/copper_address_book.txt /lustre/orion/stf243/world-shared/wcastil/Experiments/CUG26/copper_run/logs/4352257/logs/copper_address_book_full_output.txt /lustre/orion/stf243/world-shared/wcastil/Experiments/CUG26/copper_run/logs/4352257/logs/prepare_address_book.awk /lustre/orion/stf243/world-shared/wcastil/Experiments/CUG26/copper_run/logs/4352257/logs/select_discovered_address_book.awk
+ echo 'Preparing job-local address book once before full cu_fuse launch'
Preparing job-local address book once before full cu_fuse launch
++ date +%s
+ prepare_address_book_start_epoch=1775687962
+ prepare_address_book_rc=0
+ case "${address_book_source}" in
+ prepare_address_book_from_facility
+ cp /sw/frontier/ums/ums046/copper/build/olcf_frontier_copper_addressbook.txt /lustre/orion/stf243/world-shared/wcastil/Experiments/CUG26/copper_run/logs/4352257/logs/copper_address_book_full_output.txt
+ cat
+ srun --overlap -N 1 -n 1 --ntasks-per-node=1 env NODEFILE_PATH=/lustre/orion/stf243/world-shared/wcastil/Experiments/CUG26/copper_run/logs/4352257/logs/node_file.txt FACILITY_BOOK=/sw/frontier/ums/ums046/copper/build/olcf_frontier_copper_addressbook.txt OUTPUT_PATH=/lustre/orion/stf243/world-shared/wcastil/Experiments/CUG26/copper_run/logs/4352257/logs/copper_address_book.txt AWK_SCRIPT=/lustre/orion/stf243/world-shared/wcastil/Experiments/CUG26/copper_run/logs/4352257/logs/prepare_address_book.awk bash -lc 'awk -f "$AWK_SCRIPT" "$NODEFILE_PATH" "$FACILITY_BOOK" > "$OUTPUT_PATH"'
Deactivating conda environments
++ date +%s
+ prepare_address_book_end_epoch=1775687963
+ echo 'prepared address book generation took 1 s'
prepared address book generation took 1 s
+ '[' 0 -ne 0 ']'
+ '[' '!' -s /lustre/orion/stf243/world-shared/wcastil/Experiments/CUG26/copper_run/logs/4352257/logs/copper_address_book.txt ']'
+ profile_options=
+ '[' 0 -eq 1 ']'
+ '[' 0 -gt 0 ']'
+ '[' 0 -eq 1 ']'
+ '[' 0 -gt 0 ']'
+ options=' -f -tpath / -vpath /mnt/bb/wcastil/copper_mount -log_level 0 -log_type file -log_output_dir /lustre/orion/stf243/world-shared/wcastil/Experiments/CUG26/copper_run/logs/4352257 -net_type cxi://cxi1 -trees 1 -nf /lustre/orion/stf243/world-shared/wcastil/Experiments/CUG26/copper_run/logs/4352257/logs/node_file.txt -max_cacheable_byte_size 524288000 -md_enoent_ttl_ms 2000 -facility_address_book /lustre/orion/stf243/world-shared/wcastil/Experiments/CUG26/copper_run/logs/4352257/logs/copper_address_book.txt -prefiltered_address_book 1 -s /mnt/bb/wcastil/copper_mount'
+ echo 'sleeping for 10 s'
sleeping for 10 s
+ sleep 10s
+ srun --overlap -N 1024 --ntasks-per-node=1 --cpus-per-task=2 bash -c '
    echo "host=$(hostname)"
    echo "allowed=$(grep Cpus_allowed_list /proc/self/status | awk "{print \$2}")"
    echo "current_cpu=$(ps -o psr= -p $$)"
    exec /sw/frontier/ums/ums046/copper/build/cu_fuse  -f -tpath / -vpath /mnt/bb/wcastil/copper_mount -log_level 0 -log_type file -log_output_dir /lustre/orion/stf243/world-shared/wcastil/Experiments/CUG26/copper_run/logs/4352257 -net_type cxi://cxi1 -trees 1 -nf /lustre/orion/stf243/world-shared/wcastil/Experiments/CUG26/copper_run/logs/4352257/logs/node_file.txt -max_cacheable_byte_size 524288000 -md_enoent_ttl_ms 2000 -facility_address_book /lustre/orion/stf243/world-shared/wcastil/Experiments/CUG26/copper_run/logs/4352257/logs/copper_address_book.txt -prefiltered_address_book 1 -s /mnt/bb/wcastil/copper_mount
    '\''
  '
host=frontier00033
host=frontier02375
host=frontier03274
host=frontier02748
host=frontier07414
host=frontier06901
allowed=1-2
host=frontier02615
host=frontier03909
allowed=1-2
host=frontier06385
host=frontier03144
host=frontier03525
host=frontier08415
host=frontier02753
host=frontier01339
host=frontier05220
host=frontier06387
host=frontier02376
host=frontier00369
host=frontier03145
host=frontier01341
host=frontier00145
host=frontier02755
host=frontier06904
host=frontier07637
host=frontier06645
host=frontier01342
host=frontier02618
host=frontier03005
host=frontier04687
host=frontier09462
host=frontier01209
host=frontier08804
host=frontier05326
host=frontier08281
host=frontier07419
host=frontier01345
host=frontier04545
host=frontier05947
host=frontier04689
host=frontier02489
host=frontier01718
host=frontier03394
host=frontier05730
host=frontier05475
host=frontier03009
host=frontier01348
host=frontier02870
host=frontier09056
host=frontier07642
host=frontier04945
host=frontier03642
host=frontier09469
host=frontier03396
host=frontier01000
host=frontier05331
host=frontier09057
host=frontier05334
host=frontier07287
host=frontier02873
host=frontier01038
host=frontier02107
host=frontier07288
host=frontier01107
host=frontier05336
host=frontier01725
host=frontier03647
host=frontier04953
host=frontier08846
host=frontier06515
host=frontier02361
host=frontier00248
host=frontier03649
host=frontier02500
host=frontier01727
host=frontier04033
host=frontier07508
host=frontier06263
host=frontier00655
host=frontier03268
host=frontier05750
host=frontier01976
host=frontier04816
host=frontier01592
host=frontier02111
host=frontier03651
host=frontier08154
host=frontier04424
host=frontier01456
host=frontier04039
host=frontier04427
host=frontier09064
host=frontier05347
host=frontier03270
host=frontier01114
host=frontier09317
host=frontier02884
host=frontier08930
host=frontier01115
host=frontier06014
host=frontier01594
host=frontier02506
host=frontier00743
host=frontier09325
host=frontier02885
host=frontier04289
host=frontier03903
host=frontier05609
host=frontier06075
host=frontier05853
host=frontier06898
host=frontier07766
allowed=1-2
host=frontier00496
host=frontier00912
host=frontier09108
host=frontier06527
host=frontier06899
allowed=1-2
host=frontier09329
host=frontier02613
host=frontier06128
host=frontier04293
allowed=1-2
host=frontier02374
host=frontier00527
allowed=1-2
host=frontier04684
host=frontier05624
host=frontier03387
host=frontier05867
host=frontier01987
host=frontier04685
host=frontier03389
host=frontier01850
host=frontier05221
host=frontier03146
host=frontier00754
host=frontier08418
host=frontier04162
host=frontier02867
host=frontier02235
host=frontier09053
host=frontier04306
host=frontier03260
host=frontier03785
host=frontier01720
host=frontier06656
host=frontier06396
host=frontier04412
host=frontier00245
host=frontier06002
host=frontier02240
host=frontier06003
host=frontier03264
host=frontier03404
host=frontier02108
host=frontier02360
host=frontier03789
host=frontier05341
host=frontier01224
host=frontier05596
host=frontier07904
host=frontier01977
host=frontier00874
host=frontier06778
host=frontier01730
host=frontier01228
host=frontier05851
host=frontier08333
host=frontier03656
host=frontier05209
host=frontier02224
host=frontier04672
host=frontier06525
host=frontier02611
host=frontier07411
host=frontier01980
host=frontier03904
host=frontier06076
host=frontier08412
host=frontier01462
host=frontier03773
host=frontier06384
current_cpu=  2
allowed=1-2
host=frontier04445
allowed=1-2
current_cpu=  1
host=frontier09204
allowed=1-2
allowed=1-2
host=frontier01122
allowed=1-2
allowed=1-2
host=frontier05469
allowed=1-2
allowed=1-2
host=frontier08416
host=frontier02616
host=frontier03526
allowed=1-2
allowed=1-2
host=frontier01124
allowed=1-2
allowed=1-2
host=frontier05076
allowed=1-2
host=frontier04156
host=frontier08801
host=frontier09460
host=frontier03776
host=frontier09461
allowed=1-2
host=frontier01468
allowed=1-2
allowed=1-2
host=frontier04300
allowed=1-2
host=frontier02233
allowed=1-2
allowed=1-2
host=frontier05882
host=frontier03777
allowed=1-2
host=frontier05726
host=frontier00994
allowed=1-2
allowed=1-2
allowed=1-2
allowed=1-2
host=frontier05472
allowed=1-2
host=frontier02234
host=frontier08971
allowed=1-2
host=frontier02619
host=frontier08029
allowed=1-2
allowed=1-2
allowed=1-2
allowed=1-2
allowed=1-2
host=frontier05473
host=frontier03916
allowed=1-2
host=frontier00614
host=frontier00238
host=frontier01211
host=frontier06137
host=frontier08030
allowed=1-2
allowed=1-2
allowed=1-2
allowed=1-2
allowed=1-2
allowed=1-2
host=frontier04165
host=frontier05086
host=frontier05329
allowed=1-2
host=frontier06392
host=frontier05733
host=frontier02238
allowed=1-2
host=frontier05087
host=frontier04691
allowed=1-2
allowed=1-2
allowed=1-2
host=frontier01215
allowed=1-2
allowed=1-2
allowed=1-2
allowed=1-2
host=frontier04694
allowed=1-2
allowed=1-2
host=frontier05089
allowed=1-2
host=frontier09310
host=frontier08844
allowed=1-2
host=frontier05479
host=frontier09470
allowed=1-2
allowed=1-2
allowed=1-2
host=frontier03012
host=frontier05483
allowed=1-2
allowed=1-2
host=frontier01351
host=frontier05195
host=frontier09472
host=frontier04554
allowed=1-2
allowed=1-2
host=frontier02496
allowed=1-2
host=frontier08845
host=frontier04419
host=frontier09313
host=frontier06007
allowed=1-2
host=frontier05580
allowed=1-2
host=frontier01588
allowed=1-2
host=frontier05741
host=frontier01109
allowed=1-2
allowed=1-2
allowed=1-2
allowed=1-2
host=frontier04812
allowed=1-2
allowed=1-2
allowed=1-2
allowed=1-2
host=frontier05581
host=frontier07509
allowed=1-2
host=frontier01110
host=frontier02501
allowed=1-2
host=frontier01455
allowed=1-2
host=frontier08679
host=frontier03134
host=frontier04957
host=frontier09062
allowed=1-2
allowed=1-2
allowed=1-2
allowed=1-2
host=frontier00253
allowed=1-2
allowed=1-2
allowed=1-2
host=frontier07296
allowed=1-2
allowed=1-2
host=frontier09063
host=frontier02740
host=frontier02504
host=frontier04287
allowed=1-2
allowed=1-2
host=frontier02112
host=frontier01227
allowed=1-2
host=frontier07511
allowed=1-2
allowed=1-2
allowed=1-2
allowed=1-2
host=frontier05205
host=frontier04959
host=frontier06266
host=frontier07348
host=frontier02742
host=frontier04040
allowed=1-2
allowed=1-2
allowed=1-2
allowed=1-2
host=frontier08708
host=frontier09104
host=frontier00493
allowed=1-2
allowed=1-2
allowed=1-2
allowed=1-2
host=frontier05604
host=frontier09105
allowed=1-2
host=frontier08931
allowed=1-2
allowed=1-2
host=frontier01460
host=frontier09326
allowed=1-2
allowed=1-2
allowed=1-2
host=frontier08411
allowed=1-2
allowed=1-2
host=frontier02228
current_cpu=  1
allowed=1-2
allowed=1-2
host=frontier07412
host=frontier07767
host=frontier08720
allowed=1-2
allowed=1-2
allowed=1-2
host=frontier01982
host=frontier00939
current_cpu=  1
allowed=1-2
host=frontier04825
host=frontier04676
host=frontier01337
host=frontier07413
host=frontier02998
allowed=1-2
allowed=1-2
allowed=1-2
host=frontier05463
host=frontier09203
current_cpu=  1
allowed=1-2
allowed=1-2
current_cpu=  1
host=frontier02752
host=frontier03386
host=frontier07769
host=frontier08935
allowed=1-2
host=frontier01464
allowed=1-2
host=frontier08563
allowed=1-2
allowed=1-2
host=frontier00556
host=frontier05470
host=frontier05870
allowed=1-2
host=frontier03001
host=frontier03910
host=frontier00992
allowed=1-2
host=frontier08163
host=frontier06644
host=frontier00993
allowed=1-2
host=frontier03911
allowed=1-2
host=frontier06134
allowed=1-2
host=frontier05077
allowed=1-2
allowed=1-2
allowed=1-2
host=frontier01471
host=frontier07774
host=frontier00612
host=frontier04301
host=frontier06135
host=frontier07280
allowed=1-2
host=frontier06136
host=frontier07775
allowed=1-2
allowed=1-2
allowed=1-2
host=frontier00374
host=frontier04939
host=frontier03533
host=frontier06653
allowed=1-2
host=frontier07640
host=frontier06960
host=frontier04942
host=frontier00375
host=frontier00785
host=frontier00239
host=frontier08669
host=frontier04307
host=frontier02621
host=frontier03395
host=frontier04308
host=frontier08807
allowed=1-2
host=frontier09309
allowed=1-2
allowed=1-2
host=frontier01855
host=frontier07030
allowed=1-2
allowed=1-2
allowed=1-2
host=frontier02872
host=frontier00865
host=frontier05090
host=frontier02495
allowed=1-2
host=frontier04413
allowed=1-2
host=frontier06257
allowed=1-2
allowed=1-2
host=frontier01587
host=frontier06773
host=frontier08288
host=frontier00246
allowed=1-2
host=frontier08675
host=frontier05737
host=frontier00487
allowed=1-2
host=frontier08151
host=frontier03014
allowed=1-2
allowed=1-2
allowed=1-2
host=frontier01726
host=frontier01353
allowed=1-2
host=frontier08152
host=frontier06775
allowed=1-2
host=frontier09314
allowed=1-2
host=frontier08292
allowed=1-2
host=frontier04034
host=frontier03650
host=frontier03793
host=frontier00490
host=frontier08680
host=frontier00684
host=frontier04560
host=frontier06517
host=frontier07154
allowed=1-2
allowed=1-2
allowed=1-2
host=frontier08155
allowed=1-2
host=frontier05760
host=frontier03136
host=frontier09318
allowed=1-2
host=frontier05206
allowed=1-2
host=frontier03515
allowed=1-2
host=frontier01978
allowed=1-2
allowed=1-2
host=frontier08334
host=frontier00910
allowed=1-2
host=frontier07514
allowed=1-2
allowed=1-2
allowed=1-2
allowed=1-2
allowed=1-2
allowed=1-2
host=frontier09327
allowed=1-2
host=frontier06324
allowed=1-2
host=frontier05854
host=frontier02612
host=frontier04824
host=frontier03521
host=frontier05855
host=frontier05621
allowed=1-2
host=frontier00746
host=frontier00366
host=frontier04442
host=frontier02999
host=frontier07160
allowed=1-2
host=frontier00990
host=frontier05856
allowed=1-2
host=frontier05468
host=frontier05622
host=frontier02231
host=frontier06643
host=frontier04298
host=frontier04538
host=frontier01712
host=frontier04543
host=frontier09207
host=frontier04161
host=frontier01715
host=frontier01851
host=frontier05887
host=frontier06390
host=frontier04303
host=frontier09463
host=frontier03006
host=frontier05084
host=frontier01716
host=frontier03392
host=frontier03258
host=frontier02868
host=frontier01853
host=frontier01474
host=frontier06000
host=frontier06143
host=frontier08670
host=frontier05476
host=frontier00864
host=frontier01584
host=frontier00617
host=frontier07900
host=frontier04028
host=frontier06707
host=frontier02106
host=frontier03787
host=frontier00401
host=frontier09312
host=frontier01221
host=frontier02629
host=frontier08289
host=frontier06261
host=frontier01971
host=frontier01222
host=frontier02737
host=frontier03791
host=frontier08678
host=frontier04420
host=frontier04954
host=frontier00489
host=frontier02110
host=frontier04813
host=frontier01226
host=frontier01729
host=frontier02364
host=frontier04563
host=frontier05598
host=frontier01458
host=frontier04668
host=frontier04428
host=frontier04960
host=frontier00742
host=frontier04429
host=frontier06523
host=frontier04820
host=frontier04041
host=frontier02744
host=frontier00744
host=frontier07157
host=frontier01601
host=frontier04438
host=frontier02747
host=frontier09201
host=frontier04045
host=frontier03907
host=frontier01120
host=frontier06129
host=frontier04826
current_cpu=  1
allowed=1-2
current_cpu=  1
allowed=1-2
current_cpu=  1
current_cpu=  1
allowed=1-2
host=frontier08936
current_cpu=  1
current_cpu=  2
allowed=1-2
current_cpu=  2
current_cpu=  2
allowed=1-2
allowed=1-2
host=frontier05627
allowed=1-2
current_cpu=  2
current_cpu=  2
allowed=1-2
current_cpu=  1
current_cpu=  2
allowed=1-2
current_cpu=  1
allowed=1-2
allowed=1-2
allowed=1-2
allowed=1-2
host=frontier07417
allowed=1-2
current_cpu=  2
allowed=1-2
current_cpu=  1
current_cpu=  2
allowed=1-2
current_cpu=  1
allowed=1-2
current_cpu=  1
current_cpu=  1
allowed=1-2
allowed=1-2
host=frontier08417
host=frontier07166
current_cpu=  1
allowed=1-2
host=frontier07638
host=frontier08028
allowed=1-2
host=frontier03530
current_cpu=  1
current_cpu=  2
current_cpu=  1
current_cpu=  2
allowed=1-2
current_cpu=  1
host=frontier03778
allowed=1-2
allowed=1-2
host=frontier07639
current_cpu=  2
allowed=1-2
allowed=1-2
host=frontier05727
current_cpu=  2
current_cpu=  1
current_cpu=  2
host=frontier00613
host=frontier09213
host=frontier00149
host=frontier06911
current_cpu=  2
current_cpu=  2
allowed=1-2
host=frontier02102
allowed=1-2
current_cpu=  1
allowed=1-2
allowed=1-2
host=frontier05474
allowed=1-2
allowed=1-2
allowed=1-2
host=frontier09054
host=frontier02236
current_cpu=  2
current_cpu=  2
host=frontier03783
current_cpu=  2
current_cpu=  1
host=frontier07284
current_cpu=  1
current_cpu=  2
allowed=1-2
allowed=1-2
host=frontier00615
allowed=1-2
host=frontier01854
current_cpu=  2
host=frontier09465
allowed=1-2
host=frontier04690
host=frontier09228
host=frontier03641
host=frontier06655
allowed=1-2
allowed=1-2
current_cpu=  1
host=frontier07898
allowed=1-2
allowed=1-2
current_cpu=  2
current_cpu=  2
current_cpu=  1
allowed=1-2
current_cpu=  2
host=frontier04022
host=frontier09466
current_cpu=  1
host=frontier01349
host=frontier07462
current_cpu=  2
current_cpu=  2
allowed=1-2
current_cpu=  2
current_cpu=  2
host=frontier05735
host=frontier06001
allowed=1-2
host=frontier02239
host=frontier08671
current_cpu=  2
host=frontier08285
allowed=1-2
host=frontier07032
host=frontier08458
allowed=1-2
host=frontier02627
current_cpu=  2
allowed=1-2
allowed=1-2
host=frontier08034
current_cpu=  1
host=frontier09058
host=frontier01968
current_cpu=  1
current_cpu=  2
allowed=1-2
host=frontier04168
host=frontier06258
host=frontier07506
allowed=1-2
host=frontier04415
current_cpu=  2
current_cpu=  2
allowed=1-2
allowed=1-2
allowed=1-2
allowed=1-2
current_cpu=  1
current_cpu=  1
allowed=1-2
current_cpu=  1
allowed=1-2
host=frontier02497
allowed=1-2
allowed=1-2
allowed=1-2
host=frontier07507
host=frontier07647
current_cpu=  1
host=frontier05198
allowed=1-2
current_cpu=  2
allowed=1-2
host=frontier04555
current_cpu=  1
allowed=1-2
host=frontier07902
allowed=1-2
current_cpu=  2
current_cpu=  2
current_cpu=  1
current_cpu=  2
host=frontier07290
host=frontier07040
host=frontier03133
allowed=1-2
current_cpu=  1
current_cpu=  2
current_cpu=  2
current_cpu=  2
allowed=1-2
host=frontier05749
host=frontier00871
allowed=1-2
host=frontier07691
current_cpu=  1
allowed=1-2
allowed=1-2
current_cpu=  1
allowed=1-2
current_cpu=  2
allowed=1-2
host=frontier08153
allowed=1-2
allowed=1-2
allowed=1-2
current_cpu=  2
current_cpu=  1
host=frontier02503
current_cpu=  2
current_cpu=  2
allowed=1-2
current_cpu=  2
current_cpu=  1
current_cpu=  1
allowed=1-2
host=frontier04035
host=frontier05204
current_cpu=  1
current_cpu=  1
allowed=1-2
allowed=1-2
allowed=1-2
allowed=1-2
current_cpu=  1
current_cpu=  2
allowed=1-2
allowed=1-2
current_cpu=  1
allowed=1-2
current_cpu=  1
current_cpu=  1
current_cpu=  2
current_cpu=  2
allowed=1-2
host=frontier06011
allowed=1-2
allowed=1-2
host=frontier05599
allowed=1-2
host=frontier05348
allowed=1-2
allowed=1-2
current_cpu=  2
current_cpu=  1
current_cpu=  2
current_cpu=  1
allowed=1-2
allowed=1-2
allowed=1-2
current_cpu=  1
host=frontier06519
host=frontier07156
current_cpu=  1
host=frontier05852
current_cpu=  1
host=frontier00269
current_cpu=  1
allowed=1-2
host=frontier08157
allowed=1-2
current_cpu=  1
allowed=1-2
host=frontier01979
current_cpu=  1
host=frontier03138
host=frontier01459
host=frontier05457
current_cpu=  1
allowed=1-2
allowed=1-2
current_cpu=  2
current_cpu=  2
current_cpu=  2
host=frontier08546
host=frontier00495
allowed=1-2
current_cpu=  2
current_cpu=  2
host=frontier05069
host=frontier03518
host=frontier08158
allowed=1-2
host=frontier03140
current_cpu=  1
current_cpu=  1
allowed=1-2
allowed=1-2
allowed=1-2
host=frontier00745
current_cpu=  2
host=frontier02370
current_cpu=  2
current_cpu=  1
host=frontier08159
allowed=1-2
allowed=1-2
current_cpu=  1
allowed=1-2
allowed=1-2
allowed=1-2
allowed=1-2
host=frontier08413
allowed=1-2
host=frontier00497
current_cpu=  2
current_cpu=  1
current_cpu=  1
host=frontier06900
allowed=1-2
allowed=1-2
host=frontier01603
host=frontier08024
host=frontier08414
current_cpu=  1
current_cpu=  1
host=frontier01984
allowed=1-2
host=frontier08161
allowed=1-2
allowed=1-2
host=frontier01121
allowed=1-2
current_cpu=  1
allowed=1-2
host=frontier00991
current_cpu=  2
allowed=1-2
current_cpu=  1
host=frontier01604
current_cpu=  1
host=frontier07771
host=frontier00749
host=frontier04827
host=frontier07161
host=frontier05075
host=frontier06132
host=frontier05219
allowed=1-2
allowed=1-2
host=frontier07162
host=frontier00035
host=frontier07416
allowed=1-2
host=frontier00752
host=frontier06133
current_cpu=  2
allowed=1-2
allowed=1-2
allowed=1-2
current_cpu=  2
allowed=1-2
allowed=1-2
allowed=1-2
host=frontier07773
host=frontier08970
current_cpu=  1
host=frontier06388
allowed=1-2
current_cpu=  2
host=frontier03529
allowed=1-2
current_cpu=  2
host=frontier08802
allowed=1-2
current_cpu=  1
current_cpu=  1
host=frontier00611
current_cpu=  2
host=frontier03912
host=frontier06389
allowed=1-2
host=frontier00371
host=frontier05883
allowed=1-2
host=frontier04938
host=frontier02487
allowed=1-2
allowed=1-2
host=frontier02756
host=frontier07418
allowed=1-2
host=frontier07168
allowed=1-2
host=frontier03782
host=frontier00995
current_cpu=  1
allowed=1-2
allowed=1-2
current_cpu=  1
current_cpu=  2
current_cpu=  2
host=frontier03531
host=frontier01210
host=frontier02488
allowed=1-2
host=frontier01472
allowed=1-2
allowed=1-2
host=frontier08668
allowed=1-2
current_cpu=  1
host=frontier00996
host=frontier07424
allowed=1-2
allowed=1-2
allowed=1-2
allowed=1-2
host=frontier08422
host=frontier05085
allowed=1-2
host=frontier03007
host=frontier05729
allowed=1-2
host=frontier09055
host=frontier00997
allowed=1-2
host=frontier01347
allowed=1-2
allowed=1-2
host=frontier06654
host=frontier07897
host=frontier08806
host=frontier07434
host=frontier03784
host=frontier01719
host=frontier03259
allowed=1-2
allowed=1-2
allowed=1-2
current_cpu=  2
allowed=1-2
current_cpu=  1
host=frontier02493
host=frontier07441
current_cpu=  2
host=frontier08032
host=frontier07285
allowed=1-2
host=frontier04166
host=frontier00241
allowed=1-2
current_cpu=  1
current_cpu=  2
host=frontier08808
host=frontier03011
host=frontier01723
host=frontier08457
current_cpu=  2
host=frontier00244
host=frontier04167
host=frontier08033
host=frontier07286
allowed=1-2
allowed=1-2
host=frontier07031
host=frontier03262
allowed=1-2
host=frontier07463
host=frontier00866
allowed=1-2
current_cpu=  2
host=frontier06398
host=frontier00618
allowed=1-2
current_cpu=  1
allowed=1-2
host=frontier03644
host=frontier01350
host=frontier07645
current_cpu=  1
host=frontier03397
current_cpu=  1
allowed=1-2
allowed=1-2
allowed=1-2
allowed=1-2
host=frontier07033
current_cpu=  2
allowed=1-2
host=frontier03646
host=frontier04029
host=frontier03399
host=frontier00619
allowed=1-2
allowed=1-2
host=frontier00867
current_cpu=  1
host=frontier09060
allowed=1-2
allowed=1-2
current_cpu=  2
current_cpu=  1
current_cpu=  2
host=frontier06514
host=frontier04811
host=frontier04030
host=frontier01352
host=frontier10123
host=frontier08677
allowed=1-2
host=frontier07289
host=frontier06008
host=frontier01589
allowed=1-2
host=frontier08926
current_cpu=  2
host=frontier08291
allowed=1-2
allowed=1-2
current_cpu=  2
allowed=1-2
host=frontier08540
host=frontier04172
host=frontier03405
host=frontier02738
host=frontier07903
current_cpu=  2
host=frontier04559
host=frontier07086
allowed=1-2
host=frontier01590
current_cpu=  1
host=frontier08927
allowed=1-2
host=frontier02879
host=frontier05342
host=frontier08541
allowed=1-2
host=frontier06009
allowed=1-2
allowed=1-2
host=frontier03135
host=frontier03513
host=frontier03269
host=frontier08542
host=frontier07153
host=frontier07510
allowed=1-2
host=frontier06264
host=frontier04174
allowed=1-2
allowed=1-2
host=frontier08928
host=frontier07905
allowed=1-2
host=frontier06777
allowed=1-2
current_cpu=  2
current_cpu=  1
current_cpu=  1
host=frontier07341
host=frontier08543
host=frontier08681
host=frontier08296
host=frontier07763
host=frontier03655
allowed=1-2
current_cpu=  2
allowed=1-2
allowed=1-2
allowed=1-2
host=frontier07764
host=frontier03271
current_cpu=  1
allowed=1-2
current_cpu=  1
allowed=1-2
host=frontier03900
current_cpu=  1
allowed=1-2
host=frontier04288
current_cpu=  1
host=frontier02365
host=frontier08544
host=frontier07155
current_cpu=  1
allowed=1-2
host=frontier02366
host=frontier08718
allowed=1-2
current_cpu=  1
host=frontier03902
host=frontier06836
host=frontier03272
host=frontier03516
host=frontier07908
host=frontier07765
host=frontier00494
host=frontier01117
host=frontier07408
allowed=1-2
current_cpu=  2
host=frontier04823
host=frontier02369
current_cpu=  2
host=frontier01842
host=frontier03139
host=frontier00911
current_cpu=  2
host=frontier04290
current_cpu=  2
host=frontier03273
host=frontier01230
host=frontier02888
current_cpu=  2
host=frontier05614
current_cpu=  2
allowed=1-2
host=frontier08021
current_cpu=  1
allowed=1-2
current_cpu=  1
host=frontier00363
allowed=1-2
host=frontier01461
allowed=1-2
allowed=1-2
host=frontier07515
host=frontier01119
host=frontier05212
host=frontier08796
host=frontier08023
host=frontier01844
allowed=1-2
allowed=1-2
allowed=1-2
current_cpu=  1
host=frontier08160
allowed=1-2
allowed=1-2
host=frontier08549
host=frontier01602
host=frontier02371
host=frontier05072
allowed=1-2
allowed=1-2
allowed=1-2
host=frontier01338
host=frontier06642
host=frontier04677
current_cpu=  2
host=frontier04444
allowed=1-2
allowed=1-2
current_cpu=  1
allowed=1-2
host=frontier02614
host=frontier04046
allowed=1-2
host=frontier01845
host=frontier01985
host=frontier07635
host=frontier08162
host=frontier00528
allowed=1-2
host=frontier06902
allowed=1-2
host=frontier00368
allowed=1-2
host=frontier03774
host=frontier08800
host=frontier09354
host=frontier07415
host=frontier01846
host=frontier04155
host=frontier07772
host=frontier08937
host=frontier08587
host=frontier02754
host=frontier01467
host=frontier01849
allowed=1-2
host=frontier07636
host=frontier06903
host=frontier04299
host=frontier02232
allowed=1-2
host=frontier08026
host=frontier03388
host=frontier02097
host=frontier05725
host=frontier05471
host=frontier04936
host=frontier04160
host=frontier08590
allowed=1-2
host=frontier01714
host=frontier08201
host=frontier04686
host=frontier02617
host=frontier02377
host=frontier01125
host=frontier05321
host=frontier03147
host=frontier08591
allowed=1-2
host=frontier02098
allowed=1-2
allowed=1-2
host=frontier00148
host=frontier04544
host=frontier03390
host=frontier00783
host=frontier06646
allowed=1-2
host=frontier08803
allowed=1-2
host=frontier04688
allowed=1-2
host=frontier08419
host=frontier08667
allowed=1-2
allowed=1-2
host=frontier06647
host=frontier03148
host=frontier03913
host=frontier02101
host=frontier00784
allowed=1-2
allowed=1-2
allowed=1-2
host=frontier02620
allowed=1-2
allowed=1-2
host=frontier07824
host=frontier04547
host=frontier05327
host=frontier01346
host=frontier06391
host=frontier09216
host=frontier04163
host=frontier08805
allowed=1-2
host=frontier09464
host=frontier08282
allowed=1-2
host=frontier08423
host=frontier02492
host=frontier00812
host=frontier03917
host=frontier02103
host=frontier08031
allowed=1-2
host=frontier02869
host=frontier08283
host=frontier06138
host=frontier07641
host=frontier00376
host=frontier04943
host=frontier01214
host=frontier02237
allowed=1-2
allowed=1-2
host=frontier08284
allowed=1-2
allowed=1-2
host=frontier03010
host=frontier00999
host=frontier04550
allowed=1-2
host=frontier08424
host=frontier02104
host=frontier02622
allowed=1-2
host=frontier05330
host=frontier00380
host=frontier06202
host=frontier04026
host=frontier03786
allowed=1-2
host=frontier04946
host=frontier04552
host=frontier01856
host=frontier02494
host=frontier03643
host=frontier05478
host=frontier07899
host=frontier01216
host=frontier01585
host=frontier07643
allowed=1-2
host=frontier08674
allowed=1-2
host=frontier01724
host=frontier05736
allowed=1-2
allowed=1-2
host=frontier01219
host=frontier09311
allowed=1-2
allowed=1-2
host=frontier01586
host=frontier03263
host=frontier04948
host=frontier08538
allowed=1-2
host=frontier03788
host=frontier07901
host=frontier01970
host=frontier04169
host=frontier02874
host=frontier08074
allowed=1-2
allowed=1-2
host=frontier06457
host=frontier04810
host=frontier04952
host=frontier02359
host=frontier09059
host=frontier06774
host=frontier00620
allowed=1-2
host=frontier01108
host=frontier03265
host=frontier00488
allowed=1-2
host=frontier00247
host=frontier04171
allowed=1-2
host=frontier07034
host=frontier05338
allowed=1-2
allowed=1-2
allowed=1-2
host=frontier05202
host=frontier00869
host=frontier07648
allowed=1-2
host=frontier09061
host=frontier04558
host=frontier00654
host=frontier01972
allowed=1-2
host=frontier06262
allowed=1-2
allowed=1-2
host=frontier02109
host=frontier03266
host=frontier01225
allowed=1-2
host=frontier04173
host=frontier03511
host=frontier07295
host=frontier00249
host=frontier06776
allowed=1-2
host=frontier09315
host=frontier02362
host=frontier01975
host=frontier01728
host=frontier04421
host=frontier02739
host=frontier09316
host=frontier07698
host=frontier00491
host=frontier03898
host=frontier04958
host=frontier08293
allowed=1-2
host=frontier02363
host=frontier06010
host=frontier05345
host=frontier02880
host=frontier05759
host=frontier05597
allowed=1-2
host=frontier00872
allowed=1-2
host=frontier07906
host=frontier01457
allowed=1-2
host=frontier00741
host=frontier02741
allowed=1-2
host=frontier01593
host=frontier06518
host=frontier02883
host=frontier00256
host=frontier03899
host=frontier03514
host=frontier02113
allowed=1-2
allowed=1-2
host=frontier00268
host=frontier06782
host=frontier07907
allowed=1-2
host=frontier08156
allowed=1-2
host=frontier07512
host=frontier01840
allowed=1-2
host=frontier03137
host=frontier04819
host=frontier00875
host=frontier01229
host=frontier02743
host=frontier08545
host=frontier05066
host=frontier05349
host=frontier06016
allowed=1-2
allowed=1-2
allowed=1-2
host=frontier06267
host=frontier07513
host=frontier01598
host=frontier04669
allowed=1-2
host=frontier03657
host=frontier00271
allowed=1-2
allowed=1-2
host=frontier09106
host=frontier03658
host=frontier06272
host=frontier08719
host=frontier04042
allowed=1-2
host=frontier08932
host=frontier05210
host=frontier04433
host=frontier01599
host=frontier01118
host=frontier02227
host=frontier04043
host=frontier07158
host=frontier03520
host=frontier04673
host=frontier08548
host=frontier02997
host=frontier05458
allowed=1-2
allowed=1-2
allowed=1-2
host=frontier05071
host=frontier03661
host=frontier01335
host=frontier01843
host=frontier01983
host=frontier07159
host=frontier06579
allowed=1-2
host=frontier03662
allowed=1-2
allowed=1-2
host=frontier02229
host=frontier07768
host=frontier05216
host=frontier08934
host=frontier03385
host=frontier07516
allowed=1-2
host=frontier03142
host=frontier02230
host=frontier00367
host=frontier07570
host=frontier03908
allowed=1-2
host=frontier03143
host=frontier08550
host=frontier01463
allowed=1-2
host=frontier09353
host=frontier05074
host=frontier00747
host=frontier08797
host=frontier04295
host=frontier05218
host=frontier08025
host=frontier03000
host=frontier01340
host=frontier04828
host=frontier03004
host=frontier00370
host=frontier08202
host=frontier03391
host=frontier01852
host=frontier07283
host=frontier01473
host=frontier06393
host=frontier00616
host=frontier02626
host=frontier02105
host=frontier08287
host=frontier04806
host=frontier03013
host=frontier07646
host=frontier08539
host=frontier02875
host=frontier02878
host=frontier06516
host=frontier02505
host=frontier07946
host=frontier04292
host=frontier03524
current_cpu=  1
current_cpu=  2
current_cpu=  2
current_cpu=  1
current_cpu=  2
current_cpu=  2
allowed=1-2
current_cpu=  1
current_cpu=  1
current_cpu=  2
current_cpu=  2
current_cpu=  1
current_cpu=  2
current_cpu=  1
allowed=1-2
current_cpu=  2
current_cpu=  1
current_cpu=  1
current_cpu=  2
current_cpu=  2
current_cpu=  2
allowed=1-2
allowed=1-2
current_cpu=  1
allowed=1-2
allowed=1-2
current_cpu=  2
allowed=1-2
current_cpu=  2
allowed=1-2
current_cpu=  2
current_cpu=  2
allowed=1-2
current_cpu=  2
current_cpu=  2
allowed=1-2
allowed=1-2
allowed=1-2
allowed=1-2
allowed=1-2
current_cpu=  2
allowed=1-2
current_cpu=  2
current_cpu=  2
current_cpu=  1
allowed=1-2
current_cpu=  1
current_cpu=  2
current_cpu=  1
allowed=1-2
allowed=1-2
allowed=1-2
allowed=1-2
current_cpu=  2
current_cpu=  1
allowed=1-2
current_cpu=  1
allowed=1-2
allowed=1-2
current_cpu=  2
allowed=1-2
allowed=1-2
allowed=1-2
allowed=1-2
current_cpu=  2
current_cpu=  2
allowed=1-2
current_cpu=  2
current_cpu=  2
current_cpu=  2
allowed=1-2
allowed=1-2
allowed=1-2
allowed=1-2
current_cpu=  2
allowed=1-2
allowed=1-2
current_cpu=  1
allowed=1-2
allowed=1-2
allowed=1-2
current_cpu=  1
allowed=1-2
allowed=1-2
current_cpu=  1
allowed=1-2
current_cpu=  2
current_cpu=  2
allowed=1-2
allowed=1-2
allowed=1-2
current_cpu=  2
allowed=1-2
allowed=1-2
allowed=1-2
current_cpu=  1
allowed=1-2
current_cpu=  1
current_cpu=  1
current_cpu=  2
current_cpu=  1
current_cpu=  1
current_cpu=  2
allowed=1-2
current_cpu=  2
current_cpu=  2
current_cpu=  1
allowed=1-2
allowed=1-2
allowed=1-2
current_cpu=  1
current_cpu=  1
allowed=1-2
current_cpu=  1
allowed=1-2
current_cpu=  2
allowed=1-2
allowed=1-2
allowed=1-2
current_cpu=  2
current_cpu=  1
allowed=1-2
allowed=1-2
current_cpu=  1
allowed=1-2
current_cpu=  2
current_cpu=  1
current_cpu=  1
current_cpu=  1
allowed=1-2
current_cpu=  2
current_cpu=  1
current_cpu=  1
allowed=1-2
current_cpu=  2
current_cpu=  2
allowed=1-2
allowed=1-2
current_cpu=  1
current_cpu=  1
current_cpu=  1
current_cpu=  1
current_cpu=  2
current_cpu=  1
current_cpu=  2
current_cpu=  1
allowed=1-2
current_cpu=  1
current_cpu=  2
allowed=1-2
current_cpu=  1
allowed=1-2
current_cpu=  2
current_cpu=  2
current_cpu=  2
current_cpu=  2
current_cpu=  1
allowed=1-2
allowed=1-2
allowed=1-2
allowed=1-2
current_cpu=  1
allowed=1-2
current_cpu=  2
current_cpu=  1
allowed=1-2
allowed=1-2
allowed=1-2
allowed=1-2
current_cpu=  2
current_cpu=  2
allowed=1-2
allowed=1-2
current_cpu=  2
allowed=1-2
allowed=1-2
allowed=1-2
current_cpu=  1
allowed=1-2
current_cpu=  2
current_cpu=  1
current_cpu=  2
allowed=1-2
allowed=1-2
allowed=1-2
current_cpu=  2
current_cpu=  1
current_cpu=  1
current_cpu=  2
current_cpu=  2
current_cpu=  1
allowed=1-2
current_cpu=  2
allowed=1-2
allowed=1-2
current_cpu=  2
current_cpu=  1
allowed=1-2
allowed=1-2
allowed=1-2
allowed=1-2
current_cpu=  1
allowed=1-2
current_cpu=  1
current_cpu=  2
allowed=1-2
current_cpu=  2
current_cpu=  1
allowed=1-2
current_cpu=  2
allowed=1-2
allowed=1-2
allowed=1-2
allowed=1-2
allowed=1-2
allowed=1-2
allowed=1-2
allowed=1-2
current_cpu=  2
current_cpu=  2
allowed=1-2
allowed=1-2
allowed=1-2
current_cpu=  1
allowed=1-2
allowed=1-2
current_cpu=  1
current_cpu=  2
current_cpu=  2
current_cpu=  2
current_cpu=  2
current_cpu=  1
allowed=1-2
allowed=1-2
allowed=1-2
current_cpu=  2
allowed=1-2
current_cpu=  2
allowed=1-2
current_cpu=  2
allowed=1-2
allowed=1-2
allowed=1-2
current_cpu=  1
allowed=1-2
allowed=1-2
current_cpu=  1
allowed=1-2
allowed=1-2
current_cpu=  2
current_cpu=  2
allowed=1-2
current_cpu=  2
allowed=1-2
current_cpu=  1
allowed=1-2
allowed=1-2
current_cpu=  1
current_cpu=  1
allowed=1-2
allowed=1-2
allowed=1-2
current_cpu=  1
allowed=1-2
current_cpu=  1
current_cpu=  1
allowed=1-2
current_cpu=  1
allowed=1-2
allowed=1-2
current_cpu=  1
current_cpu=  1
current_cpu=  1
current_cpu=  1
allowed=1-2
allowed=1-2
current_cpu=  2
allowed=1-2
allowed=1-2
current_cpu=  2
allowed=1-2
allowed=1-2
current_cpu=  2
allowed=1-2
current_cpu=  2
current_cpu=  1
allowed=1-2
allowed=1-2
allowed=1-2
allowed=1-2
allowed=1-2
allowed=1-2
allowed=1-2
current_cpu=  2
current_cpu=  1
current_cpu=  1
current_cpu=  1
allowed=1-2
allowed=1-2
allowed=1-2
allowed=1-2
current_cpu=  2
allowed=1-2
current_cpu=  1
allowed=1-2
allowed=1-2
allowed=1-2
allowed=1-2
allowed=1-2
allowed=1-2
allowed=1-2
allowed=1-2
current_cpu=  1
current_cpu=  2
allowed=1-2
allowed=1-2
current_cpu=  2
allowed=1-2
allowed=1-2
current_cpu=  2
allowed=1-2
current_cpu=  2
current_cpu=  1
allowed=1-2
allowed=1-2
allowed=1-2
allowed=1-2
current_cpu=  1
current_cpu=  1
current_cpu=  1
current_cpu=  2
allowed=1-2
current_cpu=  1
allowed=1-2
allowed=1-2
allowed=1-2
current_cpu=  1
current_cpu=  2
allowed=1-2
allowed=1-2
current_cpu=  2
current_cpu=  1
allowed=1-2
allowed=1-2
allowed=1-2
allowed=1-2
allowed=1-2
allowed=1-2
current_cpu=  2
allowed=1-2
allowed=1-2
allowed=1-2
current_cpu=  2
allowed=1-2
allowed=1-2
current_cpu=  2
current_cpu=  1
current_cpu=  1
allowed=1-2
allowed=1-2
allowed=1-2
allowed=1-2
allowed=1-2
allowed=1-2
current_cpu=  1
allowed=1-2
allowed=1-2
current_cpu=  1
allowed=1-2
allowed=1-2
allowed=1-2
current_cpu=  2
allowed=1-2
current_cpu=  2
current_cpu=  1
allowed=1-2
allowed=1-2
allowed=1-2
allowed=1-2
allowed=1-2
allowed=1-2
current_cpu=  1
allowed=1-2
allowed=1-2
current_cpu=  2
current_cpu=  1
allowed=1-2
allowed=1-2
current_cpu=  2
allowed=1-2
current_cpu=  1
allowed=1-2
allowed=1-2
allowed=1-2
allowed=1-2
allowed=1-2
allowed=1-2
current_cpu=  1
current_cpu=  2
current_cpu=  1
current_cpu=  2
allowed=1-2
current_cpu=  2
current_cpu=  2
current_cpu=  1
current_cpu=  2
current_cpu=  1
current_cpu=  1
current_cpu=  1
current_cpu=  2
current_cpu=  2
current_cpu=  1
current_cpu=  2
current_cpu=  1
current_cpu=  2
current_cpu=  1
current_cpu=  1
current_cpu=  2
current_cpu=  2
current_cpu=  2
current_cpu=  1
current_cpu=  1
current_cpu=  2
current_cpu=  1
current_cpu=  1
current_cpu=  1
current_cpu=  2
current_cpu=  2
current_cpu=  2
current_cpu=  2
current_cpu=  2
current_cpu=  1
current_cpu=  2
current_cpu=  2
current_cpu=  2
current_cpu=  1
current_cpu=  1
current_cpu=  2
current_cpu=  1
current_cpu=  2
current_cpu=  1
current_cpu=  2
current_cpu=  1
current_cpu=  1
current_cpu=  2
current_cpu=  1
current_cpu=  1
current_cpu=  2
current_cpu=  2
current_cpu=  1
current_cpu=  2
current_cpu=  2
current_cpu=  2
current_cpu=  2
current_cpu=  1
current_cpu=  2
current_cpu=  1
current_cpu=  1
current_cpu=  1
current_cpu=  2
current_cpu=  1
current_cpu=  1
current_cpu=  1
current_cpu=  2
current_cpu=  1
current_cpu=  2
current_cpu=  2
current_cpu=  1
current_cpu=  2
current_cpu=  2
current_cpu=  1
current_cpu=  1
current_cpu=  2
current_cpu=  2
current_cpu=  1
current_cpu=  2
current_cpu=  2
current_cpu=  1
current_cpu=  1
current_cpu=  1
current_cpu=  1
current_cpu=  2
current_cpu=  1
current_cpu=  2
current_cpu=  1
current_cpu=  2
current_cpu=  1
current_cpu=  1
current_cpu=  2
current_cpu=  2
allowed=1-2
current_cpu=  1
current_cpu=  2
current_cpu=  1
current_cpu=  1
current_cpu=  1
current_cpu=  2
current_cpu=  2
current_cpu=  2
current_cpu=  1
current_cpu=  2
current_cpu=  1
current_cpu=  2
current_cpu=  1
current_cpu=  1
current_cpu=  2
current_cpu=  2
current_cpu=  2
current_cpu=  2
current_cpu=  2
current_cpu=  1
current_cpu=  2
current_cpu=  1
current_cpu=  2
allowed=1-2
current_cpu=  2
current_cpu=  2
current_cpu=  2
current_cpu=  1
current_cpu=  1
current_cpu=  2
current_cpu=  2
current_cpu=  2
current_cpu=  2
current_cpu=  2
current_cpu=  1
current_cpu=  1
allowed=1-2
current_cpu=  2
current_cpu=  2
current_cpu=  2
current_cpu=  2
current_cpu=  2
current_cpu=  2
allowed=1-2
current_cpu=  1
current_cpu=  2
current_cpu=  2
current_cpu=  2
current_cpu=  2
current_cpu=  2
current_cpu=  2
current_cpu=  2
current_cpu=  1
current_cpu=  1
current_cpu=  1
current_cpu=  2
current_cpu=  1
current_cpu=  1
current_cpu=  2
current_cpu=  2
current_cpu=  2
current_cpu=  2
current_cpu=  2
current_cpu=  2
current_cpu=  1
current_cpu=  2
current_cpu=  1
current_cpu=  1
current_cpu=  2
current_cpu=  2
current_cpu=  1
current_cpu=  1
current_cpu=  1
current_cpu=  2
current_cpu=  1
current_cpu=  1
current_cpu=  2
current_cpu=  2
current_cpu=  2
current_cpu=  1
current_cpu=  1
current_cpu=  1
current_cpu=  2
current_cpu=  2
current_cpu=  1
allowed=1-2
current_cpu=  1
current_cpu=  1
current_cpu=  1
allowed=1-2
current_cpu=  1
current_cpu=  2
current_cpu=  2
allowed=1-2
allowed=1-2
current_cpu=  2
current_cpu=  1
allowed=1-2
allowed=1-2
current_cpu=  1
allowed=1-2
allowed=1-2
current_cpu=  2
current_cpu=  2
allowed=1-2
allowed=1-2
current_cpu=  2
current_cpu=  1
current_cpu=  2
allowed=1-2
allowed=1-2
allowed=1-2
current_cpu=  1
allowed=1-2
current_cpu=  2
current_cpu=  1
allowed=1-2
allowed=1-2
current_cpu=  2
current_cpu=  2
allowed=1-2
allowed=1-2
current_cpu=  2
current_cpu=  1
allowed=1-2
current_cpu=  2
current_cpu=  1
current_cpu=  2
allowed=1-2
allowed=1-2
current_cpu=  2
current_cpu=  1
current_cpu=  2
allowed=1-2
current_cpu=  1
allowed=1-2
current_cpu=  1
current_cpu=  2
allowed=1-2
allowed=1-2
current_cpu=  1
current_cpu=  1
allowed=1-2
allowed=1-2
current_cpu=  2
current_cpu=  2
allowed=1-2
allowed=1-2
current_cpu=  1
current_cpu=  2
current_cpu=  2
allowed=1-2
current_cpu=  2
current_cpu=  2
current_cpu=  1
allowed=1-2
current_cpu=  1
current_cpu=  2
allowed=1-2
current_cpu=  2
current_cpu=  2
allowed=1-2
current_cpu=  2
allowed=1-2
current_cpu=  2
allowed=1-2
allowed=1-2
allowed=1-2
current_cpu=  1
current_cpu=  2
allowed=1-2
current_cpu=  1
current_cpu=  1
current_cpu=  1
current_cpu=  1
allowed=1-2
current_cpu=  1
current_cpu=  1
current_cpu=  1
allowed=1-2
current_cpu=  2
allowed=1-2
current_cpu=  1
allowed=1-2
current_cpu=  1
current_cpu=  1
allowed=1-2
current_cpu=  2
current_cpu=  2
current_cpu=  2
current_cpu=  2
current_cpu=  1
current_cpu=  1
allowed=1-2
current_cpu=  1
current_cpu=  2
current_cpu=  2
current_cpu=  1
current_cpu=  2
allowed=1-2
current_cpu=  1
allowed=1-2
current_cpu=  2
current_cpu=  1
allowed=1-2
current_cpu=  1
current_cpu=  2
current_cpu=  2
current_cpu=  1
current_cpu=  1
current_cpu=  1
allowed=1-2
current_cpu=  1
allowed=1-2
current_cpu=  1
allowed=1-2
current_cpu=  1
allowed=1-2
current_cpu=  2
allowed=1-2
current_cpu=  1
allowed=1-2
current_cpu=  1
current_cpu=  1
allowed=1-2
current_cpu=  2
current_cpu=  2
allowed=1-2
current_cpu=  1
current_cpu=  1
allowed=1-2
current_cpu=  2
current_cpu=  2
allowed=1-2
current_cpu=  1
allowed=1-2
current_cpu=  1
allowed=1-2
current_cpu=  2
current_cpu=  2
current_cpu=  2
allowed=1-2
current_cpu=  2
allowed=1-2
current_cpu=  2
allowed=1-2
current_cpu=  2
current_cpu=  2
current_cpu=  1
allowed=1-2
current_cpu=  1
allowed=1-2
allowed=1-2
allowed=1-2
current_cpu=  1
allowed=1-2
current_cpu=  2
current_cpu=  1
host=frontier09205
allowed=1-2
allowed=1-2
current_cpu=  2
current_cpu=  1
current_cpu=  1
allowed=1-2
allowed=1-2
current_cpu=  1
allowed=1-2
current_cpu=  1
allowed=1-2
current_cpu=  2
allowed=1-2
current_cpu=  2
allowed=1-2
current_cpu=  1
current_cpu=  2
allowed=1-2
host=frontier09206
host=frontier07029
current_cpu=  2
allowed=1-2
allowed=1-2
current_cpu=  1
allowed=1-2
current_cpu=  2
current_cpu=  2
current_cpu=  1
allowed=1-2
current_cpu=  1
current_cpu=  1
host=frontier08027
allowed=1-2
allowed=1-2
current_cpu=  1
current_cpu=  2
allowed=1-2
current_cpu=  1
allowed=1-2
current_cpu=  1
allowed=1-2
current_cpu=  1
allowed=1-2
current_cpu=  1
current_cpu=  2
host=frontier08929
current_cpu=  2
current_cpu=  1
allowed=1-2
current_cpu=  2
allowed=1-2
current_cpu=  2
allowed=1-2
current_cpu=  1
allowed=1-2
current_cpu=  2
current_cpu=  2
current_cpu=  2
current_cpu=  1
host=frontier06910
allowed=1-2
allowed=1-2
current_cpu=  1
allowed=1-2
current_cpu=  2
current_cpu=  1
allowed=1-2
current_cpu=  2
current_cpu=  1
current_cpu=  1
current_cpu=  1
allowed=1-2
allowed=1-2
current_cpu=  2
current_cpu=  2
allowed=1-2
allowed=1-2
current_cpu=  2
current_cpu=  2
allowed=1-2
current_cpu=  1
current_cpu=  2
allowed=1-2
current_cpu=  1
current_cpu=  2
allowed=1-2
current_cpu=  1
current_cpu=  1
allowed=1-2
current_cpu=  1
allowed=1-2
current_cpu=  1
current_cpu=  2
current_cpu=  2
current_cpu=  1
current_cpu=  2
current_cpu=  1
current_cpu=  2
allowed=1-2
current_cpu=  2
allowed=1-2
current_cpu=  1
allowed=1-2
current_cpu=  1
current_cpu=  1
allowed=1-2
allowed=1-2
current_cpu=  2
current_cpu=  2
current_cpu=  1
current_cpu=  2
current_cpu=  1
current_cpu=  2
allowed=1-2
current_cpu=  2
current_cpu=  1
allowed=1-2
allowed=1-2
allowed=1-2
current_cpu=  1
current_cpu=  1
current_cpu=  1
allowed=1-2
current_cpu=  2
allowed=1-2
current_cpu=  2
allowed=1-2
current_cpu=  1
allowed=1-2
current_cpu=  1
allowed=1-2
current_cpu=  2
current_cpu=  2
allowed=1-2
allowed=1-2
current_cpu=  2
current_cpu=  1
current_cpu=  2
allowed=1-2
allowed=1-2
allowed=1-2
current_cpu=  1
current_cpu=  2
allowed=1-2
allowed=1-2
current_cpu=  1
current_cpu=  1
allowed=1-2
current_cpu=  1
allowed=1-2
allowed=1-2
current_cpu=  2
current_cpu=  1
allowed=1-2
allowed=1-2
current_cpu=  2
current_cpu=  2
allowed=1-2
allowed=1-2
current_cpu=  1
current_cpu=  2
allowed=1-2
allowed=1-2
current_cpu=  1
current_cpu=  1
current_cpu=  2
current_cpu=  1
allowed=1-2
current_cpu=  2
current_cpu=  2
current_cpu=  1
allowed=1-2
allowed=1-2
current_cpu=  1
current_cpu=  1
allowed=1-2
current_cpu=  1
current_cpu=  1
allowed=1-2
allowed=1-2
allowed=1-2
current_cpu=  1
current_cpu=  2
current_cpu=  1
allowed=1-2
current_cpu=  1
allowed=1-2
current_cpu=  1
allowed=1-2
current_cpu=  1
allowed=1-2
allowed=1-2
host=frontier00400
current_cpu=  2
current_cpu=  2
allowed=1-2
current_cpu=  1
allowed=1-2
allowed=1-2
current_cpu=  1
current_cpu=  2
allowed=1-2
allowed=1-2
current_cpu=  1
current_cpu=  1
allowed=1-2
allowed=1-2
current_cpu=  2
current_cpu=  1
current_cpu=  2
allowed=1-2
current_cpu=  2
allowed=1-2
current_cpu=  2
current_cpu=  1
current_cpu=  2
allowed=1-2
current_cpu=  2
allowed=1-2
current_cpu=  2
allowed=1-2
current_cpu=  2
current_cpu=  2
current_cpu=  1
allowed=1-2
current_cpu=  1
allowed=1-2
current_cpu=  1
current_cpu=  1
current_cpu=  1
host=frontier04553
allowed=1-2
current_cpu=  2
allowed=1-2
allowed=1-2
current_cpu=  1
current_cpu=  2
current_cpu=  1
current_cpu=  1
allowed=1-2
allowed=1-2
current_cpu=  2
current_cpu=  1
allowed=1-2
allowed=1-2
current_cpu=  1
current_cpu=  1
current_cpu=  1
allowed=1-2
current_cpu=  2
current_cpu=  2
allowed=1-2
allowed=1-2
current_cpu=  2
current_cpu=  1
allowed=1-2
allowed=1-2
current_cpu=  2
current_cpu=  1
allowed=1-2
current_cpu=  1
current_cpu=  1
current_cpu=  2
current_cpu=  2
allowed=1-2
current_cpu=  2
current_cpu=  2
current_cpu=  1
current_cpu=  2
allowed=1-2
allowed=1-2
current_cpu=  1
current_cpu=  1
allowed=1-2
allowed=1-2
current_cpu=  2
current_cpu=  2
allowed=1-2
host=frontier00868
current_cpu=  1
allowed=1-2
current_cpu=  1
current_cpu=  1
allowed=1-2
allowed=1-2
current_cpu=  1
current_cpu=  2
allowed=1-2
current_cpu=  2
current_cpu=  2
allowed=1-2
current_cpu=  2
allowed=1-2
current_cpu=  2
current_cpu=  1
allowed=1-2
allowed=1-2
current_cpu=  1
current_cpu=  2
current_cpu=  2
current_cpu=  2
current_cpu=  1
allowed=1-2
current_cpu=  1
allowed=1-2
current_cpu=  2
allowed=1-2
current_cpu=  1
current_cpu=  2
allowed=1-2
allowed=1-2
current_cpu=  1
current_cpu=  2
allowed=1-2
allowed=1-2
current_cpu=  1
allowed=1-2
current_cpu=  1
current_cpu=  2
current_cpu=  2
current_cpu=  1
current_cpu=  2
allowed=1-2
current_cpu=  1
current_cpu=  1
current_cpu=  2
allowed=1-2
current_cpu=  1
current_cpu=  2
allowed=1-2
allowed=1-2
current_cpu=  2
current_cpu=  1
current_cpu=  2
current_cpu=  2
allowed=1-2
allowed=1-2
current_cpu=  2
current_cpu=  1
allowed=1-2
allowed=1-2
current_cpu=  1
current_cpu=  1
allowed=1-2
current_cpu=  2
current_cpu=  2
allowed=1-2
current_cpu=  1
allowed=1-2
current_cpu=  1
allowed=1-2
current_cpu=  2
allowed=1-2
current_cpu=  1
host=frontier05203
allowed=1-2
allowed=1-2
current_cpu=  2
allowed=1-2
current_cpu=  2
allowed=1-2
current_cpu=  2
current_cpu=  2
current_cpu=  2
allowed=1-2
current_cpu=  2
allowed=1-2
current_cpu=  1
allowed=1-2
current_cpu=  1
allowed=1-2
current_cpu=  2
allowed=1-2
current_cpu=  2
current_cpu=  2
allowed=1-2
allowed=1-2
current_cpu=  2
current_cpu=  2
current_cpu=  2
allowed=1-2
current_cpu=  1
allowed=1-2
current_cpu=  2
allowed=1-2
current_cpu=  2
allowed=1-2
current_cpu=  2
current_cpu=  1
allowed=1-2
current_cpu=  1
current_cpu=  1
current_cpu=  1
allowed=1-2
allowed=1-2
current_cpu=  1
current_cpu=  2
current_cpu=  2
allowed=1-2
allowed=1-2
current_cpu=  2
allowed=1-2
host=frontier04817
current_cpu=  2
allowed=1-2
current_cpu=  2
allowed=1-2
current_cpu=  1
allowed=1-2
current_cpu=  2
allowed=1-2
current_cpu=  1
current_cpu=  1
allowed=1-2
allowed=1-2
current_cpu=  2
current_cpu=  2
current_cpu=  1
current_cpu=  2
allowed=1-2
host=frontier06265
current_cpu=  1
allowed=1-2
current_cpu=  2
current_cpu=  1
current_cpu=  2
allowed=1-2
current_cpu=  2
current_cpu=  1
allowed=1-2
allowed=1-2
current_cpu=  2
current_cpu=  1
current_cpu=  1
allowed=1-2
current_cpu=  1
current_cpu=  2
allowed=1-2
allowed=1-2
current_cpu=  2
current_cpu=  2
allowed=1-2
current_cpu=  1
allowed=1-2
allowed=1-2
current_cpu=  2
current_cpu=  2
allowed=1-2
allowed=1-2
allowed=1-2
current_cpu=  2
allowed=1-2
allowed=1-2
current_cpu=  2
current_cpu=  2
current_cpu=  1
current_cpu=  1
current_cpu=  2
allowed=1-2
current_cpu=  2
current_cpu=  1
allowed=1-2
allowed=1-2
current_cpu=  2
current_cpu=  2
current_cpu=  2
current_cpu=  2
current_cpu=  2
allowed=1-2
current_cpu=  1
allowed=1-2
current_cpu=  2
allowed=1-2
current_cpu=  1
current_cpu=  1
allowed=1-2
current_cpu=  1
current_cpu=  2
allowed=1-2
current_cpu=  1
allowed=1-2
current_cpu=  2
current_cpu=  1
current_cpu=  1
allowed=1-2
current_cpu=  2
current_cpu=  2
allowed=1-2
allowed=1-2
current_cpu=  2
current_cpu=  1
allowed=1-2
allowed=1-2
current_cpu=  2
current_cpu=  2
current_cpu=  1
allowed=1-2
current_cpu=  1
allowed=1-2
current_cpu=  2
allowed=1-2
current_cpu=  2
allowed=1-2
current_cpu=  2
allowed=1-2
current_cpu=  2
allowed=1-2
current_cpu=  2
allowed=1-2
current_cpu=  1
allowed=1-2
current_cpu=  2
allowed=1-2
current_cpu=  2
allowed=1-2
current_cpu=  2
host=frontier08933
allowed=1-2
allowed=1-2
current_cpu=  1
current_cpu=  2
allowed=1-2
allowed=1-2
current_cpu=  2
current_cpu=  1
current_cpu=  2
current_cpu=  1
current_cpu=  2
current_cpu=  1
allowed=1-2
allowed=1-2
current_cpu=  1
current_cpu=  2
allowed=1-2
allowed=1-2
current_cpu=  1
current_cpu=  2
allowed=1-2
allowed=1-2
current_cpu=  2
current_cpu=  2
allowed=1-2
current_cpu=  2
current_cpu=  1
allowed=1-2
current_cpu=  2
current_cpu=  2
current_cpu=  2
allowed=1-2
current_cpu=  2
allowed=1-2
current_cpu=  1
allowed=1-2
current_cpu=  2
allowed=1-2
current_cpu=  2
allowed=1-2
current_cpu=  1
allowed=1-2
current_cpu=  2
current_cpu=  2
allowed=1-2
allowed=1-2
current_cpu=  2
current_cpu=  2
allowed=1-2
allowed=1-2
current_cpu=  2
current_cpu=  2
allowed=1-2
current_cpu=  2
current_cpu=  2
allowed=1-2
current_cpu=  2
allowed=1-2
current_cpu=  2
allowed=1-2
current_cpu=  1
current_cpu=  2
allowed=1-2
allowed=1-2
current_cpu=  1
current_cpu=  1
allowed=1-2
allowed=1-2
current_cpu=  2
current_cpu=  1
allowed=1-2
allowed=1-2
current_cpu=  1
current_cpu=  2
allowed=1-2
allowed=1-2
current_cpu=  1
current_cpu=  1
allowed=1-2
allowed=1-2
current_cpu=  2
current_cpu=  1
current_cpu=  1
allowed=1-2
current_cpu=  2
allowed=1-2
current_cpu=  1
allowed=1-2
current_cpu=  1
host=frontier05078
allowed=1-2
allowed=1-2
current_cpu=  1
current_cpu=  1
allowed=1-2
allowed=1-2
current_cpu=  1
current_cpu=  1
allowed=1-2
host=frontier04549
current_cpu=  2
allowed=1-2
host=frontier05984
allowed=1-2
allowed=1-2
current_cpu=  1
current_cpu=  1
allowed=1-2
current_cpu=  1
allowed=1-2
current_cpu=  2
allowed=1-2
current_cpu=  2
allowed=1-2
current_cpu=  2
allowed=1-2
current_cpu=  2
allowed=1-2
current_cpu=  1
allowed=1-2
current_cpu=  2
allowed=1-2
current_cpu=  1
allowed=1-2
current_cpu=  2
allowed=1-2
current_cpu=  2
allowed=1-2
current_cpu=  1
host=frontier00492
allowed=1-2
allowed=1-2
current_cpu=  2
current_cpu=  2
host=frontier01841
allowed=1-2
allowed=1-2
current_cpu=  2
allowed=1-2
host=frontier06325
current_cpu=  1
allowed=1-2
current_cpu=  1
allowed=1-2
current_cpu=  2
host=frontier01111
allowed=1-2
current_cpu=  2
current_cpu=  2
current_cpu=  1
current_cpu=  2
current_cpu=  1
current_cpu=  1
current_cpu=  2
current_cpu=  1
+ echo 'Launching Copper Gracefully On All Nodes : End'
Launching Copper Gracefully On All Nodes : End
+ conda activate /mnt/bb/wcastil/copper_mount/lustre/orion/stf243/world-shared/hagertnl/CUG26/benchmark_builds/python-mpi4py/conda_env
+ local cmd=activate
+ case "$cmd" in
+ __conda_activate activate /mnt/bb/wcastil/copper_mount/lustre/orion/stf243/world-shared/hagertnl/CUG26/benchmark_builds/python-mpi4py/conda_env
+ '[' -n '' ']'
+ local ask_conda
++ PS1='(base) '
++ __conda_exe shell.posix activate /mnt/bb/wcastil/copper_mount/lustre/orion/stf243/world-shared/hagertnl/CUG26/benchmark_builds/python-mpi4py/conda_env
++ /autofs/nccs-svm1_sw/frontier/miniforge3/23.11.0-0/bin/conda shell.posix activate /mnt/bb/wcastil/copper_mount/lustre/orion/stf243/world-shared/hagertnl/CUG26/benchmark_builds/python-mpi4py/conda_env
+ ask_conda='. "/autofs/nccs-svm1_sw/frontier/miniforge3/23.11.0-0/etc/conda/deactivate.d/libxml2_deactivate.sh"
. "/autofs/nccs-svm1_sw/frontier/miniforge3/23.11.0-0/etc/conda/deactivate.d/libglib_deactivate.sh"
PS1='\''(/mnt/bb/wcastil/copper_mount/lustre/orion/stf243/world-shared/hagertnl/CUG26/benchmark_builds/python-mpi4py/conda_env) '\''
export PATH='\''/mnt/bb/wcastil/copper_mount/lustre/orion/stf243/world-shared/hagertnl/CUG26/benchmark_builds/python-mpi4py/conda_env/bin:/autofs/nccs-svm1_sw/frontier/miniforge3/23.11.0-0/condabin:/sw/frontier/lfs-wrapper/0.0.1/bin/lfs:/sw/frontier/miniforge3/23.11.0-0/bin:/opt/cray/libfabric/1.22.0/bin:/opt/rocm-6.4.2/bin:/sw/frontier/spack-envs/cpe25.09-cpu/opt/llvm-amdgpu-6.4.2/darshan-runtime-3.4.7-tvdocpzv3jfj4y6ki5jvmmkics323gon/bin:/opt/cray/pe/mpich/9.0.1/ofi/amd/6.0/bin:/opt/cray/pe/mpich/9.0.1/bin:/opt/cray/pe/perftools/25.09.0/bin:/opt/cray/pe/papi/7.2.0.2/bin:/opt/cray/pe/craype/2.7.35/bin:/sw/frontier/ums/ums046/copper/build:/sw/sources/hpss/bin:/sw/frontier/spack-envs/core-25.03/opt/gcc-13.2/tmux-3.4-fcqqko3j4ga67yuc7zxaqcwsix5hns2v/bin:/opt/clmgr/sbin:/opt/clmgr/bin:/opt/sgi/sbin:/opt/sgi/bin:/sw/frontier/bin:/ccs/home/wcastil/.local/bin:/usr/local/bin:/usr/bin:/bin:/opt/bin:/opt/c3/bin:/usr/lib/mit/bin:/opt/puppetlabs/bin:/opt/cray/pe/bin'\''
export CONDA_PREFIX='\''/mnt/bb/wcastil/copper_mount/lustre/orion/stf243/world-shared/hagertnl/CUG26/benchmark_builds/python-mpi4py/conda_env'\''
export CONDA_SHLVL='\''2'\''
export CONDA_DEFAULT_ENV='\''/mnt/bb/wcastil/copper_mount/lustre/orion/stf243/world-shared/hagertnl/CUG26/benchmark_builds/python-mpi4py/conda_env'\''
export CONDA_PROMPT_MODIFIER='\''(/mnt/bb/wcastil/copper_mount/lustre/orion/stf243/world-shared/hagertnl/CUG26/benchmark_builds/python-mpi4py/conda_env) '\''
export CONDA_PREFIX_1='\''/autofs/nccs-svm1_sw/frontier/miniforge3/23.11.0-0'\''
export CONDA_EXE='\''/autofs/nccs-svm1_sw/frontier/miniforge3/23.11.0-0/bin/conda'\''
export _CE_M='\'''\''
export _CE_CONDA='\'''\''
export CONDA_PYTHON_EXE='\''/autofs/nccs-svm1_sw/frontier/miniforge3/23.11.0-0/bin/python'\'''
+ eval '. "/autofs/nccs-svm1_sw/frontier/miniforge3/23.11.0-0/etc/conda/deactivate.d/libxml2_deactivate.sh"
. "/autofs/nccs-svm1_sw/frontier/miniforge3/23.11.0-0/etc/conda/deactivate.d/libglib_deactivate.sh"
PS1='\''(/mnt/bb/wcastil/copper_mount/lustre/orion/stf243/world-shared/hagertnl/CUG26/benchmark_builds/python-mpi4py/conda_env) '\''
export PATH='\''/mnt/bb/wcastil/copper_mount/lustre/orion/stf243/world-shared/hagertnl/CUG26/benchmark_builds/python-mpi4py/conda_env/bin:/autofs/nccs-svm1_sw/frontier/miniforge3/23.11.0-0/condabin:/sw/frontier/lfs-wrapper/0.0.1/bin/lfs:/sw/frontier/miniforge3/23.11.0-0/bin:/opt/cray/libfabric/1.22.0/bin:/opt/rocm-6.4.2/bin:/sw/frontier/spack-envs/cpe25.09-cpu/opt/llvm-amdgpu-6.4.2/darshan-runtime-3.4.7-tvdocpzv3jfj4y6ki5jvmmkics323gon/bin:/opt/cray/pe/mpich/9.0.1/ofi/amd/6.0/bin:/opt/cray/pe/mpich/9.0.1/bin:/opt/cray/pe/perftools/25.09.0/bin:/opt/cray/pe/papi/7.2.0.2/bin:/opt/cray/pe/craype/2.7.35/bin:/sw/frontier/ums/ums046/copper/build:/sw/sources/hpss/bin:/sw/frontier/spack-envs/core-25.03/opt/gcc-13.2/tmux-3.4-fcqqko3j4ga67yuc7zxaqcwsix5hns2v/bin:/opt/clmgr/sbin:/opt/clmgr/bin:/opt/sgi/sbin:/opt/sgi/bin:/sw/frontier/bin:/ccs/home/wcastil/.local/bin:/usr/local/bin:/usr/bin:/bin:/opt/bin:/opt/c3/bin:/usr/lib/mit/bin:/opt/puppetlabs/bin:/opt/cray/pe/bin'\''
export CONDA_PREFIX='\''/mnt/bb/wcastil/copper_mount/lustre/orion/stf243/world-shared/hagertnl/CUG26/benchmark_builds/python-mpi4py/conda_env'\''
export CONDA_SHLVL='\''2'\''
export CONDA_DEFAULT_ENV='\''/mnt/bb/wcastil/copper_mount/lustre/orion/stf243/world-shared/hagertnl/CUG26/benchmark_builds/python-mpi4py/conda_env'\''
export CONDA_PROMPT_MODIFIER='\''(/mnt/bb/wcastil/copper_mount/lustre/orion/stf243/world-shared/hagertnl/CUG26/benchmark_builds/python-mpi4py/conda_env) '\''
export CONDA_PREFIX_1='\''/autofs/nccs-svm1_sw/frontier/miniforge3/23.11.0-0'\''
export CONDA_EXE='\''/autofs/nccs-svm1_sw/frontier/miniforge3/23.11.0-0/bin/conda'\''
export _CE_M='\'''\''
export _CE_CONDA='\'''\''
export CONDA_PYTHON_EXE='\''/autofs/nccs-svm1_sw/frontier/miniforge3/23.11.0-0/bin/python'\'''
++ . /autofs/nccs-svm1_sw/frontier/miniforge3/23.11.0-0/etc/conda/deactivate.d/libxml2_deactivate.sh
+++ test -n ''
+++ unset XML_CATALOG_FILES
+++ unset xml_catalog_files_libxml2
++ . /autofs/nccs-svm1_sw/frontier/miniforge3/23.11.0-0/etc/conda/deactivate.d/libglib_deactivate.sh
+++ export GSETTINGS_SCHEMA_DIR=
+++ GSETTINGS_SCHEMA_DIR=
+++ unset GSETTINGS_SCHEMA_DIR_CONDA_BACKUP
+++ '[' -z ']'
+++ unset GSETTINGS_SCHEMA_DIR
++ PS1='(/mnt/bb/wcastil/copper_mount/lustre/orion/stf243/world-shared/hagertnl/CUG26/benchmark_builds/python-mpi4py/conda_env) '
++ export PATH=/mnt/bb/wcastil/copper_mount/lustre/orion/stf243/world-shared/hagertnl/CUG26/benchmark_builds/python-mpi4py/conda_env/bin:/autofs/nccs-svm1_sw/frontier/miniforge3/23.11.0-0/condabin:/sw/frontier/lfs-wrapper/0.0.1/bin/lfs:/sw/frontier/miniforge3/23.11.0-0/bin:/opt/cray/libfabric/1.22.0/bin:/opt/rocm-6.4.2/bin:/sw/frontier/spack-envs/cpe25.09-cpu/opt/llvm-amdgpu-6.4.2/darshan-runtime-3.4.7-tvdocpzv3jfj4y6ki5jvmmkics323gon/bin:/opt/cray/pe/mpich/9.0.1/ofi/amd/6.0/bin:/opt/cray/pe/mpich/9.0.1/bin:/opt/cray/pe/perftools/25.09.0/bin:/opt/cray/pe/papi/7.2.0.2/bin:/opt/cray/pe/craype/2.7.35/bin:/sw/frontier/ums/ums046/copper/build:/sw/sources/hpss/bin:/sw/frontier/spack-envs/core-25.03/opt/gcc-13.2/tmux-3.4-fcqqko3j4ga67yuc7zxaqcwsix5hns2v/bin:/opt/clmgr/sbin:/opt/clmgr/bin:/opt/sgi/sbin:/opt/sgi/bin:/sw/frontier/bin:/ccs/home/wcastil/.local/bin:/usr/local/bin:/usr/bin:/bin:/opt/bin:/opt/c3/bin:/usr/lib/mit/bin:/opt/puppetlabs/bin:/opt/cray/pe/bin
++ PATH=/mnt/bb/wcastil/copper_mount/lustre/orion/stf243/world-shared/hagertnl/CUG26/benchmark_builds/python-mpi4py/conda_env/bin:/autofs/nccs-svm1_sw/frontier/miniforge3/23.11.0-0/condabin:/sw/frontier/lfs-wrapper/0.0.1/bin/lfs:/sw/frontier/miniforge3/23.11.0-0/bin:/opt/cray/libfabric/1.22.0/bin:/opt/rocm-6.4.2/bin:/sw/frontier/spack-envs/cpe25.09-cpu/opt/llvm-amdgpu-6.4.2/darshan-runtime-3.4.7-tvdocpzv3jfj4y6ki5jvmmkics323gon/bin:/opt/cray/pe/mpich/9.0.1/ofi/amd/6.0/bin:/opt/cray/pe/mpich/9.0.1/bin:/opt/cray/pe/perftools/25.09.0/bin:/opt/cray/pe/papi/7.2.0.2/bin:/opt/cray/pe/craype/2.7.35/bin:/sw/frontier/ums/ums046/copper/build:/sw/sources/hpss/bin:/sw/frontier/spack-envs/core-25.03/opt/gcc-13.2/tmux-3.4-fcqqko3j4ga67yuc7zxaqcwsix5hns2v/bin:/opt/clmgr/sbin:/opt/clmgr/bin:/opt/sgi/sbin:/opt/sgi/bin:/sw/frontier/bin:/ccs/home/wcastil/.local/bin:/usr/local/bin:/usr/bin:/bin:/opt/bin:/opt/c3/bin:/usr/lib/mit/bin:/opt/puppetlabs/bin:/opt/cray/pe/bin
++ export CONDA_PREFIX=/mnt/bb/wcastil/copper_mount/lustre/orion/stf243/world-shared/hagertnl/CUG26/benchmark_builds/python-mpi4py/conda_env
++ CONDA_PREFIX=/mnt/bb/wcastil/copper_mount/lustre/orion/stf243/world-shared/hagertnl/CUG26/benchmark_builds/python-mpi4py/conda_env
++ export CONDA_SHLVL=2
++ CONDA_SHLVL=2
++ export CONDA_DEFAULT_ENV=/mnt/bb/wcastil/copper_mount/lustre/orion/stf243/world-shared/hagertnl/CUG26/benchmark_builds/python-mpi4py/conda_env
++ CONDA_DEFAULT_ENV=/mnt/bb/wcastil/copper_mount/lustre/orion/stf243/world-shared/hagertnl/CUG26/benchmark_builds/python-mpi4py/conda_env
++ export 'CONDA_PROMPT_MODIFIER=(/mnt/bb/wcastil/copper_mount/lustre/orion/stf243/world-shared/hagertnl/CUG26/benchmark_builds/python-mpi4py/conda_env) '
++ CONDA_PROMPT_MODIFIER='(/mnt/bb/wcastil/copper_mount/lustre/orion/stf243/world-shared/hagertnl/CUG26/benchmark_builds/python-mpi4py/conda_env) '
++ export CONDA_PREFIX_1=/autofs/nccs-svm1_sw/frontier/miniforge3/23.11.0-0
++ CONDA_PREFIX_1=/autofs/nccs-svm1_sw/frontier/miniforge3/23.11.0-0
++ export CONDA_EXE=/autofs/nccs-svm1_sw/frontier/miniforge3/23.11.0-0/bin/conda
++ CONDA_EXE=/autofs/nccs-svm1_sw/frontier/miniforge3/23.11.0-0/bin/conda
++ export _CE_M=
++ _CE_M=
++ export _CE_CONDA=
++ _CE_CONDA=
++ export CONDA_PYTHON_EXE=/autofs/nccs-svm1_sw/frontier/miniforge3/23.11.0-0/bin/python
++ CONDA_PYTHON_EXE=/autofs/nccs-svm1_sw/frontier/miniforge3/23.11.0-0/bin/python
+ __conda_hashr
+ '[' -n '' ']'
+ '[' -n '' ']'
+ hash -r
+ exe=/mnt/bb/wcastil/copper_mount/lustre/orion/stf243/world-shared/hagertnl/CUG26/benchmark_builds/pynamic/pynamic-pyMPI-2.6a1_util_495_280/
+ export LD_LIBRARY_PATH=/mnt/bb/wcastil/copper_mount/lustre/orion/stf243/world-shared/hagertnl/CUG26/benchmark_builds/pynamic/pynamic-pyMPI-2.6a1_util_495_280/:/opt/cray/pe/mpich/9.0.1/ofi/amd/6.0/lib:/opt/cray/pe/mpich/9.0.1/gtl/lib:/opt/cray/pe/libsci/25.09.0/AMD/6.0/x86_64/lib:/opt/cray/pe/perftools/25.09.0/lib64:/opt/cray/pe/pmi/6.1.16/lib:/opt/cray/pe/dsmml/0.3.1/dsmml/lib:/opt/cray/libfabric/1.22.0/lib64:/opt/rocm-6.4.2/lib/roctracer:/opt/rocm-6.4.2/lib/rocprofiler:/opt/rocm-6.4.2/lib:/sw/frontier/spack-envs/cpe25.09-cpu/opt/llvm-amdgpu-6.4.2/darshan-runtime-3.4.7-tvdocpzv3jfj4y6ki5jvmmkics323gon/lib:/opt/rocm-6.4.2/llvm/lib:/opt/cray/pe/papi/7.2.0.2/lib64
+ LD_LIBRARY_PATH=/mnt/bb/wcastil/copper_mount/lustre/orion/stf243/world-shared/hagertnl/CUG26/benchmark_builds/pynamic/pynamic-pyMPI-2.6a1_util_495_280/:/opt/cray/pe/mpich/9.0.1/ofi/amd/6.0/lib:/opt/cray/pe/mpich/9.0.1/gtl/lib:/opt/cray/pe/libsci/25.09.0/AMD/6.0/x86_64/lib:/opt/cray/pe/perftools/25.09.0/lib64:/opt/cray/pe/pmi/6.1.16/lib:/opt/cray/pe/dsmml/0.3.1/dsmml/lib:/opt/cray/libfabric/1.22.0/lib64:/opt/rocm-6.4.2/lib/roctracer:/opt/rocm-6.4.2/lib/rocprofiler:/opt/rocm-6.4.2/lib:/sw/frontier/spack-envs/cpe25.09-cpu/opt/llvm-amdgpu-6.4.2/darshan-runtime-3.4.7-tvdocpzv3jfj4y6ki5jvmmkics323gon/lib:/opt/rocm-6.4.2/llvm/lib:/opt/cray/pe/papi/7.2.0.2/lib64
+ export LD_LIBRARY_PATH=/mnt/bb/wcastil/copper_mount/lustre/orion/stf243/world-shared/hagertnl/CUG26/benchmark_builds/python-mpi4py/conda_env/lib:/mnt/bb/wcastil/copper_mount/lustre/orion/stf243/world-shared/hagertnl/CUG26/benchmark_builds/pynamic/pynamic-pyMPI-2.6a1_util_495_280/:/opt/cray/pe/mpich/9.0.1/ofi/amd/6.0/lib:/opt/cray/pe/mpich/9.0.1/gtl/lib:/opt/cray/pe/libsci/25.09.0/AMD/6.0/x86_64/lib:/opt/cray/pe/perftools/25.09.0/lib64:/opt/cray/pe/pmi/6.1.16/lib:/opt/cray/pe/dsmml/0.3.1/dsmml/lib:/opt/cray/libfabric/1.22.0/lib64:/opt/rocm-6.4.2/lib/roctracer:/opt/rocm-6.4.2/lib/rocprofiler:/opt/rocm-6.4.2/lib:/sw/frontier/spack-envs/cpe25.09-cpu/opt/llvm-amdgpu-6.4.2/darshan-runtime-3.4.7-tvdocpzv3jfj4y6ki5jvmmkics323gon/lib:/opt/rocm-6.4.2/llvm/lib:/opt/cray/pe/papi/7.2.0.2/lib64
+ LD_LIBRARY_PATH=/mnt/bb/wcastil/copper_mount/lustre/orion/stf243/world-shared/hagertnl/CUG26/benchmark_builds/python-mpi4py/conda_env/lib:/mnt/bb/wcastil/copper_mount/lustre/orion/stf243/world-shared/hagertnl/CUG26/benchmark_builds/pynamic/pynamic-pyMPI-2.6a1_util_495_280/:/opt/cray/pe/mpich/9.0.1/ofi/amd/6.0/lib:/opt/cray/pe/mpich/9.0.1/gtl/lib:/opt/cray/pe/libsci/25.09.0/AMD/6.0/x86_64/lib:/opt/cray/pe/perftools/25.09.0/lib64:/opt/cray/pe/pmi/6.1.16/lib:/opt/cray/pe/dsmml/0.3.1/dsmml/lib:/opt/cray/libfabric/1.22.0/lib64:/opt/rocm-6.4.2/lib/roctracer:/opt/rocm-6.4.2/lib/rocprofiler:/opt/rocm-6.4.2/lib:/sw/frontier/spack-envs/cpe25.09-cpu/opt/llvm-amdgpu-6.4.2/darshan-runtime-3.4.7-tvdocpzv3jfj4y6ki5jvmmkics323gon/lib:/opt/rocm-6.4.2/llvm/lib:/opt/cray/pe/papi/7.2.0.2/lib64
+ srun --overlap -N 1024 -n 8192 --ntasks-per-node=8 -c 5 /mnt/bb/wcastil/copper_mount/lustre/orion/stf243/world-shared/hagertnl/CUG26/benchmark_builds/pynamic/pynamic-pyMPI-2.6a1_util_495_280//pynamic-bigexe-mpi4py pynamic_driver_mpi4py.py
+ grep -v 'rank -'
Pynamic: Version 1.3.3
Pynamic: run on 04/08/26 18:40:21 with 8192 MPI tasks

Pynamic: driver beginning... now importing modules
Pynamic: driver finished importing all modules..
Pynamic: module import time = 23.563087701797485 secs
Pynamic: module test passed!

+ sleep 2s
+ srun --overlap -N 1024 -n 8192 --ntasks-per-node=8 -c 5 /mnt/bb/wcastil/copper_mount/lustre/orion/stf243/world-shared/hagertnl/CUG26/benchmark_builds/pynamic/pynamic-pyMPI-2.6a1_util_495_280//pynamic-bigexe-mpi4py pynamic_driver_mpi4py.py
+ grep -v 'rank -'
Pynamic: Version 1.3.3
Pynamic: run on 04/08/26 18:41:04 with 8192 MPI tasks

Pynamic: driver beginning... now importing modules
Pynamic: driver finished importing all modules..
Pynamic: module import time = 4.916724920272827 secs
Pynamic: module test passed!

+ sleep 2s
+ srun --overlap -N 1024 -n 8192 --ntasks-per-node=8 -c 5 /mnt/bb/wcastil/copper_mount/lustre/orion/stf243/world-shared/hagertnl/CUG26/benchmark_builds/pynamic/pynamic-pyMPI-2.6a1_util_495_280//pynamic-bigexe-mpi4py pynamic_driver_mpi4py.py
+ grep -v 'rank -'
Pynamic: Version 1.3.3
Pynamic: run on 04/08/26 18:41:30 with 8192 MPI tasks

Pynamic: driver beginning... now importing modules
Pynamic: driver finished importing all modules..
Pynamic: module import time = 21.523629426956177 secs
Pynamic: module test passed!

+ sleep 2s
+ srun --overlap -N 1024 -n 8192 --ntasks-per-node=8 -c 5 /mnt/bb/wcastil/copper_mount/lustre/orion/stf243/world-shared/hagertnl/CUG26/benchmark_builds/pynamic/pynamic-pyMPI-2.6a1_util_495_280//pynamic-bigexe-mpi4py pynamic_driver_mpi4py.py
+ grep -v 'rank -'
Pynamic: Version 1.3.3
Pynamic: run on 04/08/26 18:42:35 with 8192 MPI tasks

Pynamic: driver beginning... now importing modules
Pynamic: driver finished importing all modules..
Pynamic: module import time = 32.244974851608276 secs
Pynamic: module test passed!

+ sleep 2s
+ srun --overlap -N 1024 -n 8192 --ntasks-per-node=8 -c 5 /mnt/bb/wcastil/copper_mount/lustre/orion/stf243/world-shared/hagertnl/CUG26/benchmark_builds/pynamic/pynamic-pyMPI-2.6a1_util_495_280//pynamic-bigexe-mpi4py pynamic_driver_mpi4py.py
+ grep -v 'rank -'
Pynamic: Version 1.3.3
Pynamic: run on 04/08/26 18:44:00 with 8192 MPI tasks

Pynamic: driver beginning... now importing modules
Pynamic: driver finished importing all modules..
Pynamic: module import time = 221.84533619880676 secs
Pynamic: module test passed!

+ sleep 2s
+ conda deactivate
+ local cmd=deactivate
+ case "$cmd" in
+ __conda_activate deactivate
+ '[' -n '' ']'
+ local ask_conda
++ PS1='(/mnt/bb/wcastil/copper_mount/lustre/orion/stf243/world-shared/hagertnl/CUG26/benchmark_builds/python-mpi4py/conda_env) '
++ __conda_exe shell.posix deactivate
++ /autofs/nccs-svm1_sw/frontier/miniforge3/23.11.0-0/bin/conda shell.posix deactivate
+ ask_conda='export PATH='\''/autofs/nccs-svm1_sw/frontier/miniforge3/23.11.0-0/bin:/autofs/nccs-svm1_sw/frontier/miniforge3/23.11.0-0/condabin:/sw/frontier/lfs-wrapper/0.0.1/bin/lfs:/sw/frontier/miniforge3/23.11.0-0/bin:/opt/cray/libfabric/1.22.0/bin:/opt/rocm-6.4.2/bin:/sw/frontier/spack-envs/cpe25.09-cpu/opt/llvm-amdgpu-6.4.2/darshan-runtime-3.4.7-tvdocpzv3jfj4y6ki5jvmmkics323gon/bin:/opt/cray/pe/mpich/9.0.1/ofi/amd/6.0/bin:/opt/cray/pe/mpich/9.0.1/bin:/opt/cray/pe/perftools/25.09.0/bin:/opt/cray/pe/papi/7.2.0.2/bin:/opt/cray/pe/craype/2.7.35/bin:/sw/frontier/ums/ums046/copper/build:/sw/sources/hpss/bin:/sw/frontier/spack-envs/core-25.03/opt/gcc-13.2/tmux-3.4-fcqqko3j4ga67yuc7zxaqcwsix5hns2v/bin:/opt/clmgr/sbin:/opt/clmgr/bin:/opt/sgi/sbin:/opt/sgi/bin:/sw/frontier/bin:/ccs/home/wcastil/.local/bin:/usr/local/bin:/usr/bin:/bin:/opt/bin:/opt/c3/bin:/usr/lib/mit/bin:/opt/puppetlabs/bin:/opt/cray/pe/bin'\''
unset CONDA_PREFIX_1
PS1='\''(base) '\''
export CONDA_PREFIX='\''/autofs/nccs-svm1_sw/frontier/miniforge3/23.11.0-0'\''
export CONDA_SHLVL='\''1'\''
export CONDA_DEFAULT_ENV='\''base'\''
export CONDA_PROMPT_MODIFIER='\''(base) '\''
export CONDA_EXE='\''/autofs/nccs-svm1_sw/frontier/miniforge3/23.11.0-0/bin/conda'\''
export _CE_M='\'''\''
export _CE_CONDA='\'''\''
export CONDA_PYTHON_EXE='\''/autofs/nccs-svm1_sw/frontier/miniforge3/23.11.0-0/bin/python'\''
. "/autofs/nccs-svm1_sw/frontier/miniforge3/23.11.0-0/etc/conda/activate.d/libglib_activate.sh"
. "/autofs/nccs-svm1_sw/frontier/miniforge3/23.11.0-0/etc/conda/activate.d/libxml2_activate.sh"'
+ eval 'export PATH='\''/autofs/nccs-svm1_sw/frontier/miniforge3/23.11.0-0/bin:/autofs/nccs-svm1_sw/frontier/miniforge3/23.11.0-0/condabin:/sw/frontier/lfs-wrapper/0.0.1/bin/lfs:/sw/frontier/miniforge3/23.11.0-0/bin:/opt/cray/libfabric/1.22.0/bin:/opt/rocm-6.4.2/bin:/sw/frontier/spack-envs/cpe25.09-cpu/opt/llvm-amdgpu-6.4.2/darshan-runtime-3.4.7-tvdocpzv3jfj4y6ki5jvmmkics323gon/bin:/opt/cray/pe/mpich/9.0.1/ofi/amd/6.0/bin:/opt/cray/pe/mpich/9.0.1/bin:/opt/cray/pe/perftools/25.09.0/bin:/opt/cray/pe/papi/7.2.0.2/bin:/opt/cray/pe/craype/2.7.35/bin:/sw/frontier/ums/ums046/copper/build:/sw/sources/hpss/bin:/sw/frontier/spack-envs/core-25.03/opt/gcc-13.2/tmux-3.4-fcqqko3j4ga67yuc7zxaqcwsix5hns2v/bin:/opt/clmgr/sbin:/opt/clmgr/bin:/opt/sgi/sbin:/opt/sgi/bin:/sw/frontier/bin:/ccs/home/wcastil/.local/bin:/usr/local/bin:/usr/bin:/bin:/opt/bin:/opt/c3/bin:/usr/lib/mit/bin:/opt/puppetlabs/bin:/opt/cray/pe/bin'\''
unset CONDA_PREFIX_1
PS1='\''(base) '\''
export CONDA_PREFIX='\''/autofs/nccs-svm1_sw/frontier/miniforge3/23.11.0-0'\''
export CONDA_SHLVL='\''1'\''
export CONDA_DEFAULT_ENV='\''base'\''
export CONDA_PROMPT_MODIFIER='\''(base) '\''
export CONDA_EXE='\''/autofs/nccs-svm1_sw/frontier/miniforge3/23.11.0-0/bin/conda'\''
export _CE_M='\'''\''
export _CE_CONDA='\'''\''
export CONDA_PYTHON_EXE='\''/autofs/nccs-svm1_sw/frontier/miniforge3/23.11.0-0/bin/python'\''
. "/autofs/nccs-svm1_sw/frontier/miniforge3/23.11.0-0/etc/conda/activate.d/libglib_activate.sh"
. "/autofs/nccs-svm1_sw/frontier/miniforge3/23.11.0-0/etc/conda/activate.d/libxml2_activate.sh"'
++ export PATH=/autofs/nccs-svm1_sw/frontier/miniforge3/23.11.0-0/bin:/autofs/nccs-svm1_sw/frontier/miniforge3/23.11.0-0/condabin:/sw/frontier/lfs-wrapper/0.0.1/bin/lfs:/sw/frontier/miniforge3/23.11.0-0/bin:/opt/cray/libfabric/1.22.0/bin:/opt/rocm-6.4.2/bin:/sw/frontier/spack-envs/cpe25.09-cpu/opt/llvm-amdgpu-6.4.2/darshan-runtime-3.4.7-tvdocpzv3jfj4y6ki5jvmmkics323gon/bin:/opt/cray/pe/mpich/9.0.1/ofi/amd/6.0/bin:/opt/cray/pe/mpich/9.0.1/bin:/opt/cray/pe/perftools/25.09.0/bin:/opt/cray/pe/papi/7.2.0.2/bin:/opt/cray/pe/craype/2.7.35/bin:/sw/frontier/ums/ums046/copper/build:/sw/sources/hpss/bin:/sw/frontier/spack-envs/core-25.03/opt/gcc-13.2/tmux-3.4-fcqqko3j4ga67yuc7zxaqcwsix5hns2v/bin:/opt/clmgr/sbin:/opt/clmgr/bin:/opt/sgi/sbin:/opt/sgi/bin:/sw/frontier/bin:/ccs/home/wcastil/.local/bin:/usr/local/bin:/usr/bin:/bin:/opt/bin:/opt/c3/bin:/usr/lib/mit/bin:/opt/puppetlabs/bin:/opt/cray/pe/bin
++ PATH=/autofs/nccs-svm1_sw/frontier/miniforge3/23.11.0-0/bin:/autofs/nccs-svm1_sw/frontier/miniforge3/23.11.0-0/condabin:/sw/frontier/lfs-wrapper/0.0.1/bin/lfs:/sw/frontier/miniforge3/23.11.0-0/bin:/opt/cray/libfabric/1.22.0/bin:/opt/rocm-6.4.2/bin:/sw/frontier/spack-envs/cpe25.09-cpu/opt/llvm-amdgpu-6.4.2/darshan-runtime-3.4.7-tvdocpzv3jfj4y6ki5jvmmkics323gon/bin:/opt/cray/pe/mpich/9.0.1/ofi/amd/6.0/bin:/opt/cray/pe/mpich/9.0.1/bin:/opt/cray/pe/perftools/25.09.0/bin:/opt/cray/pe/papi/7.2.0.2/bin:/opt/cray/pe/craype/2.7.35/bin:/sw/frontier/ums/ums046/copper/build:/sw/sources/hpss/bin:/sw/frontier/spack-envs/core-25.03/opt/gcc-13.2/tmux-3.4-fcqqko3j4ga67yuc7zxaqcwsix5hns2v/bin:/opt/clmgr/sbin:/opt/clmgr/bin:/opt/sgi/sbin:/opt/sgi/bin:/sw/frontier/bin:/ccs/home/wcastil/.local/bin:/usr/local/bin:/usr/bin:/bin:/opt/bin:/opt/c3/bin:/usr/lib/mit/bin:/opt/puppetlabs/bin:/opt/cray/pe/bin
++ unset CONDA_PREFIX_1
++ PS1='(base) '
++ export CONDA_PREFIX=/autofs/nccs-svm1_sw/frontier/miniforge3/23.11.0-0
++ CONDA_PREFIX=/autofs/nccs-svm1_sw/frontier/miniforge3/23.11.0-0
++ export CONDA_SHLVL=1
++ CONDA_SHLVL=1
++ export CONDA_DEFAULT_ENV=base
++ CONDA_DEFAULT_ENV=base
++ export 'CONDA_PROMPT_MODIFIER=(base) '
++ CONDA_PROMPT_MODIFIER='(base) '
++ export CONDA_EXE=/autofs/nccs-svm1_sw/frontier/miniforge3/23.11.0-0/bin/conda
++ CONDA_EXE=/autofs/nccs-svm1_sw/frontier/miniforge3/23.11.0-0/bin/conda
++ export _CE_M=
++ _CE_M=
++ export _CE_CONDA=
++ _CE_CONDA=
++ export CONDA_PYTHON_EXE=/autofs/nccs-svm1_sw/frontier/miniforge3/23.11.0-0/bin/python
++ CONDA_PYTHON_EXE=/autofs/nccs-svm1_sw/frontier/miniforge3/23.11.0-0/bin/python
++ . /autofs/nccs-svm1_sw/frontier/miniforge3/23.11.0-0/etc/conda/activate.d/libglib_activate.sh
+++ export GSETTINGS_SCHEMA_DIR_CONDA_BACKUP=
+++ GSETTINGS_SCHEMA_DIR_CONDA_BACKUP=
+++ export GSETTINGS_SCHEMA_DIR=/autofs/nccs-svm1_sw/frontier/miniforge3/23.11.0-0/share/glib-2.0/schemas
+++ GSETTINGS_SCHEMA_DIR=/autofs/nccs-svm1_sw/frontier/miniforge3/23.11.0-0/share/glib-2.0/schemas
++ . /autofs/nccs-svm1_sw/frontier/miniforge3/23.11.0-0/etc/conda/activate.d/libxml2_activate.sh
+++ test -n ''
+++ xml_catalog_files_libxml2=
+++ XML_CATALOG_FILES=
+++ conda_catalog_files=
+++ ifs_libxml2=' 	
'
+++ IFS=' '
+++ rem=/autofs/nccs-svm1_sw/frontier/miniforge3/23.11.0-0
+++ for pre in ${rem}
+++ test '' = /autofs/nccs-svm1_sw/frontier/miniforge3/23.11.0-0
+++ conda_catalog_files=/autofs/nccs-svm1_sw/frontier/miniforge3/23.11.0-0
+++ rem=
+++ IFS=' 	
'
+++ conda_catalog_files='file:///autofs/nccs-svm1_sw/frontier/miniforge3/23.11.0-0/etc/xml/catalog file:///etc/xml/catalog'
+++ export 'XML_CATALOG_FILES=file:///autofs/nccs-svm1_sw/frontier/miniforge3/23.11.0-0/etc/xml/catalog file:///etc/xml/catalog'
+++ XML_CATALOG_FILES='file:///autofs/nccs-svm1_sw/frontier/miniforge3/23.11.0-0/etc/xml/catalog file:///etc/xml/catalog'
+++ unset conda_catalog_files ifs_libxml2 rem
+ __conda_hashr
+ '[' -n '' ']'
+ '[' -n '' ']'
+ hash -r
+ stop_copper.sh -d /lustre/orion/stf243/world-shared/wcastil/Experiments/CUG26/copper_run/logs -v /mnt/bb/wcastil/copper_mount
/var/spool/slurmd/job4352257/slurm_script: line 46: stop_copper.sh: command not found
