
Lmod is automatically replacing "cce/18.0.1" with "amd/6.2.4".


Lmod is automatically replacing "PrgEnv-cray/8.6.0" with "PrgEnv-amd/8.6.0".


Due to MODULEPATH changes, the following have been reloaded:
  1) cray-libsci/24.11.0     2) cray-mpich/8.1.31     3) darshan-runtime/3.4.6-mpi


The following have been reloaded with a version change:
  1) amd/6.2.4 => amd/6.4.2
  2) cray-dsmml/0.3.0 => cray-dsmml/0.3.1
  3) cray-libsci/24.11.0 => cray-libsci/25.09.0
  4) cray-mpich/8.1.31 => cray-mpich/9.0.1
  5) cray-pmi/6.1.15 => cray-pmi/6.1.16
  6) craype/2.7.33 => craype/2.7.35
  7) darshan-runtime/3.4.6-mpi => darshan-runtime/3.4.7-mpi
  8) perftools-base/24.11.0 => perftools-base/25.09.0

++ seq 1 5
+ for i in $(seq 1 5)
+ /usr/bin/time srun -N 2048 -n 16384 -c 7 --ntasks-per-node=8 --gpus-per-node=8 --gpu-bind=closest python3 -c 'from mpi4py import MPI'
0.47user 0.91system 0:39.05elapsed 3%CPU (0avgtext+0avgdata 34816maxresident)k
3026inputs+0outputs (10major+9516minor)pagefaults 0swaps
+ for i in $(seq 1 5)
+ /usr/bin/time srun -N 2048 -n 16384 -c 7 --ntasks-per-node=8 --gpus-per-node=8 --gpu-bind=closest python3 -c 'from mpi4py import MPI'
0.41user 0.80system 1:17.52elapsed 1%CPU (0avgtext+0avgdata 31744maxresident)k
38inputs+0outputs (0major+9521minor)pagefaults 0swaps
+ for i in $(seq 1 5)
+ /usr/bin/time srun -N 2048 -n 16384 -c 7 --ntasks-per-node=8 --gpus-per-node=8 --gpu-bind=closest python3 -c 'from mpi4py import MPI'
srun: Step created for StepId=4340933.2
0.41user 0.77system 1:17.82elapsed 1%CPU (0avgtext+0avgdata 30720maxresident)k
0inputs+0outputs (0major+9523minor)pagefaults 0swaps
+ for i in $(seq 1 5)
+ /usr/bin/time srun -N 2048 -n 16384 -c 7 --ntasks-per-node=8 --gpus-per-node=8 --gpu-bind=closest python3 -c 'from mpi4py import MPI'
srun: Step created for StepId=4340933.3
0.39user 0.74system 1:02.67elapsed 1%CPU (0avgtext+0avgdata 30720maxresident)k
38inputs+0outputs (0major+9521minor)pagefaults 0swaps
+ for i in $(seq 1 5)
+ /usr/bin/time srun -N 2048 -n 16384 -c 7 --ntasks-per-node=8 --gpus-per-node=8 --gpu-bind=closest python3 -c 'from mpi4py import MPI'
0.35user 0.85system 0:39.14elapsed 3%CPU (0avgtext+0avgdata 27648maxresident)k
0inputs+0outputs (0major+9521minor)pagefaults 0swaps
+ set +x
