
Lmod is automatically replacing "cce/18.0.1" with "amd/6.2.4".


Lmod is automatically replacing "PrgEnv-cray/8.6.0" with "PrgEnv-amd/8.6.0".


Due to MODULEPATH changes, the following have been reloaded:
  1) cray-libsci/24.11.0     2) cray-mpich/8.1.31     3) darshan-runtime/3.4.6-mpi


The following have been reloaded with a version change:
  1) amd/6.2.4 => amd/6.4.2
  2) cray-dsmml/0.3.0 => cray-dsmml/0.3.1
  3) cray-libsci/24.11.0 => cray-libsci/25.09.0
  4) cray-mpich/8.1.31 => cray-mpich/9.0.1
  5) cray-pmi/6.1.15 => cray-pmi/6.1.16
  6) craype/2.7.33 => craype/2.7.35
  7) darshan-runtime/3.4.6-mpi => darshan-runtime/3.4.7-mpi
  8) perftools-base/24.11.0 => perftools-base/25.09.0

++ seq 1 5
+ for i in $(seq 1 5)
+ /usr/bin/time srun -N 2048 -n 16384 -c 7 --ntasks-per-node=8 --gpus-per-node=8 --gpu-bind=closest python3 -c 'from mpi4py import MPI'
0.56user 1.44system 2:13.57elapsed 1%CPU (0avgtext+0avgdata 47104maxresident)k
3020inputs+0outputs (10major+11849minor)pagefaults 0swaps
+ for i in $(seq 1 5)
+ /usr/bin/time srun -N 2048 -n 16384 -c 7 --ntasks-per-node=8 --gpus-per-node=8 --gpu-bind=closest python3 -c 'from mpi4py import MPI'
0.44user 0.83system 2:12.73elapsed 0%CPU (0avgtext+0avgdata 47104maxresident)k
24inputs+0outputs (0major+11868minor)pagefaults 0swaps
+ for i in $(seq 1 5)
+ /usr/bin/time srun -N 2048 -n 16384 -c 7 --ntasks-per-node=8 --gpus-per-node=8 --gpu-bind=closest python3 -c 'from mpi4py import MPI'
srun: Step created for StepId=4340931.2
0.41user 0.86system 1:31.80elapsed 1%CPU (0avgtext+0avgdata 47104maxresident)k
0inputs+0outputs (0major+11867minor)pagefaults 0swaps
+ for i in $(seq 1 5)
+ /usr/bin/time srun -N 2048 -n 16384 -c 7 --ntasks-per-node=8 --gpus-per-node=8 --gpu-bind=closest python3 -c 'from mpi4py import MPI'
0.44user 0.82system 2:08.65elapsed 0%CPU (0avgtext+0avgdata 49152maxresident)k
0inputs+0outputs (0major+11883minor)pagefaults 0swaps
+ for i in $(seq 1 5)
+ /usr/bin/time srun -N 2048 -n 16384 -c 7 --ntasks-per-node=8 --gpus-per-node=8 --gpu-bind=closest python3 -c 'from mpi4py import MPI'
srun: Step created for StepId=4340931.4
0.35user 0.82system 1:40.86elapsed 1%CPU (0avgtext+0avgdata 47104maxresident)k
24inputs+0outputs (0major+11870minor)pagefaults 0swaps
+ set +x
