
Lmod is automatically replacing "cce/18.0.1" with "amd/6.2.4".


Lmod is automatically replacing "PrgEnv-cray/8.6.0" with "PrgEnv-amd/8.6.0".


Due to MODULEPATH changes, the following have been reloaded:
  1) cray-libsci/24.11.0     2) cray-mpich/8.1.31     3) darshan-runtime/3.4.6-mpi


The following have been reloaded with a version change:
  1) amd/6.2.4 => amd/6.4.2
  2) cray-dsmml/0.3.0 => cray-dsmml/0.3.1
  3) cray-libsci/24.11.0 => cray-libsci/25.09.0
  4) cray-mpich/8.1.31 => cray-mpich/9.0.1
  5) cray-pmi/6.1.15 => cray-pmi/6.1.16
  6) craype/2.7.33 => craype/2.7.35
  7) darshan-runtime/3.4.6-mpi => darshan-runtime/3.4.7-mpi
  8) perftools-base/24.11.0 => perftools-base/25.09.0

Deactivating conda environments
+ export LD_LIBRARY_PATH=/lustre/orion/stf243/world-shared/hagertnl/CUG26/benchmark_builds/pynamic/pynamic-pyMPI-2.6a1_util_495_280/:/opt/cray/pe/mpich/9.0.1/ofi/amd/6.0/lib:/opt/cray/pe/mpich/9.0.1/gtl/lib:/opt/cray/pe/libsci/25.09.0/AMD/6.0/x86_64/lib:/opt/cray/pe/perftools/25.09.0/lib64:/opt/cray/pe/pmi/6.1.16/lib:/opt/cray/pe/dsmml/0.3.1/dsmml/lib:/opt/cray/libfabric/1.22.0/lib64:/opt/rocm-6.4.2/lib/roctracer:/opt/rocm-6.4.2/lib/rocprofiler:/opt/rocm-6.4.2/lib:/sw/frontier/spack-envs/cpe25.09-cpu/opt/llvm-amdgpu-6.4.2/darshan-runtime-3.4.7-tvdocpzv3jfj4y6ki5jvmmkics323gon/lib:/opt/rocm-6.4.2/llvm/lib:/opt/cray/pe/papi/7.2.0.2/lib64
+ LD_LIBRARY_PATH=/lustre/orion/stf243/world-shared/hagertnl/CUG26/benchmark_builds/pynamic/pynamic-pyMPI-2.6a1_util_495_280/:/opt/cray/pe/mpich/9.0.1/ofi/amd/6.0/lib:/opt/cray/pe/mpich/9.0.1/gtl/lib:/opt/cray/pe/libsci/25.09.0/AMD/6.0/x86_64/lib:/opt/cray/pe/perftools/25.09.0/lib64:/opt/cray/pe/pmi/6.1.16/lib:/opt/cray/pe/dsmml/0.3.1/dsmml/lib:/opt/cray/libfabric/1.22.0/lib64:/opt/rocm-6.4.2/lib/roctracer:/opt/rocm-6.4.2/lib/rocprofiler:/opt/rocm-6.4.2/lib:/sw/frontier/spack-envs/cpe25.09-cpu/opt/llvm-amdgpu-6.4.2/darshan-runtime-3.4.7-tvdocpzv3jfj4y6ki5jvmmkics323gon/lib:/opt/rocm-6.4.2/llvm/lib:/opt/cray/pe/papi/7.2.0.2/lib64
+ export LD_LIBRARY_PATH=/lustre/orion/stf243/world-shared/hagertnl/CUG26/benchmark_builds/python-mpi4py/conda_env/lib:/lustre/orion/stf243/world-shared/hagertnl/CUG26/benchmark_builds/pynamic/pynamic-pyMPI-2.6a1_util_495_280/:/opt/cray/pe/mpich/9.0.1/ofi/amd/6.0/lib:/opt/cray/pe/mpich/9.0.1/gtl/lib:/opt/cray/pe/libsci/25.09.0/AMD/6.0/x86_64/lib:/opt/cray/pe/perftools/25.09.0/lib64:/opt/cray/pe/pmi/6.1.16/lib:/opt/cray/pe/dsmml/0.3.1/dsmml/lib:/opt/cray/libfabric/1.22.0/lib64:/opt/rocm-6.4.2/lib/roctracer:/opt/rocm-6.4.2/lib/rocprofiler:/opt/rocm-6.4.2/lib:/sw/frontier/spack-envs/cpe25.09-cpu/opt/llvm-amdgpu-6.4.2/darshan-runtime-3.4.7-tvdocpzv3jfj4y6ki5jvmmkics323gon/lib:/opt/rocm-6.4.2/llvm/lib:/opt/cray/pe/papi/7.2.0.2/lib64
+ LD_LIBRARY_PATH=/lustre/orion/stf243/world-shared/hagertnl/CUG26/benchmark_builds/python-mpi4py/conda_env/lib:/lustre/orion/stf243/world-shared/hagertnl/CUG26/benchmark_builds/pynamic/pynamic-pyMPI-2.6a1_util_495_280/:/opt/cray/pe/mpich/9.0.1/ofi/amd/6.0/lib:/opt/cray/pe/mpich/9.0.1/gtl/lib:/opt/cray/pe/libsci/25.09.0/AMD/6.0/x86_64/lib:/opt/cray/pe/perftools/25.09.0/lib64:/opt/cray/pe/pmi/6.1.16/lib:/opt/cray/pe/dsmml/0.3.1/dsmml/lib:/opt/cray/libfabric/1.22.0/lib64:/opt/rocm-6.4.2/lib/roctracer:/opt/rocm-6.4.2/lib/rocprofiler:/opt/rocm-6.4.2/lib:/sw/frontier/spack-envs/cpe25.09-cpu/opt/llvm-amdgpu-6.4.2/darshan-runtime-3.4.7-tvdocpzv3jfj4y6ki5jvmmkics323gon/lib:/opt/rocm-6.4.2/llvm/lib:/opt/cray/pe/papi/7.2.0.2/lib64
++ seq 1 5
+ for i in $(seq 1 5)
+ srun -N 2048 -n 16384 -c 7 -t 10 --ntasks-per-node=8 --gpus-per-node=8 --gpu-bind=closest /lustre/orion/stf243/world-shared/hagertnl/CUG26/benchmark_builds/pynamic/pynamic-pyMPI-2.6a1_util_495_280//pynamic-bigexe-mpi4py pynamic_driver_mpi4py.py
+ grep -v 'rank -'
Pynamic: Version 1.3.3
Pynamic: run on 04/15/26 12:59:36 with 16384 MPI tasks

Pynamic: driver beginning... now importing modules
Pynamic: driver finished importing all modules..
Pynamic: module import time = 2.781365394592285 secs
Pynamic: module test passed!

+ for i in $(seq 1 5)
+ srun -N 2048 -n 16384 -c 7 -t 10 --ntasks-per-node=8 --gpus-per-node=8 --gpu-bind=closest /lustre/orion/stf243/world-shared/hagertnl/CUG26/benchmark_builds/pynamic/pynamic-pyMPI-2.6a1_util_495_280//pynamic-bigexe-mpi4py pynamic_driver_mpi4py.py
+ grep -v 'rank -'
Pynamic: Version 1.3.3
Pynamic: run on 04/15/26 13:00:43 with 16384 MPI tasks

Pynamic: driver beginning... now importing modules
Pynamic: driver finished importing all modules..
Pynamic: module import time = 2.901578187942505 secs
Pynamic: module test passed!

+ for i in $(seq 1 5)
+ srun -N 2048 -n 16384 -c 7 -t 10 --ntasks-per-node=8 --gpus-per-node=8 --gpu-bind=closest /lustre/orion/stf243/world-shared/hagertnl/CUG26/benchmark_builds/pynamic/pynamic-pyMPI-2.6a1_util_495_280//pynamic-bigexe-mpi4py pynamic_driver_mpi4py.py
+ grep -v 'rank -'
srun: error: frontier03168: tasks 5600-5601,5603-5607: Terminated
srun: Terminating StepId=4396478.2
srun: error: frontier09007: tasks 15448-15449,15451-15455: Terminated
srun: error: frontier07854: tasks 13312-13314,13316-13319: Terminated
srun: error: frontier10133: tasks 16248-16252,16254-16255: Terminated
srun: error: frontier03272: tasks 5768-5771,5773-5775: Terminated
srun: error: frontier05079: tasks 8704-8708,8710-8711: Terminated
srun: error: frontier05533: tasks 9504,9506-9511: Terminated
srun: error: frontier02396: tasks 4264-4267,4269-4271: Terminated
srun: error: frontier07459: tasks 12608-12613,12615: Terminated
srun: error: frontier02861: tasks 5064-5067,5069-5071: Terminated
srun: error: frontier00187: tasks 456-461,463: Terminated
srun: error: frontier05973: tasks 10304-10306,10308-10311: Terminated
srun: error: frontier02077: tasks 3728-3731,3733-3735: Terminated
srun: error: frontier01550: tasks 2760-2763,2765-2767: Terminated
srun: error: frontier06634: tasks 11273-11279: Terminated
srun: error: frontier05208: tasks 8968-8974: Terminated
srun: error: frontier00400: tasks 720-721,723-727: Terminated
srun: error: frontier08753: tasks 15008-15011,15013-15015: Terminated
srun: error: frontier02133: tasks 3824-3830: Terminated
srun: error: frontier08963: tasks 15272-15273,15275-15279: Terminated
srun: error: frontier07635: tasks 12968-12973,12975: Terminated
srun: error: frontier10132: tasks 16240-16242,16244-16247: Terminated
srun: error: frontier07735: tasks 13136-13141,13143: Terminated
srun: error: frontier06351: tasks 10832-10835,10837-10839: Terminated
srun: error: frontier04153: tasks 7024-7030: Terminated
srun: error: frontier02319: tasks 4088-4092,4094-4095: Terminated
srun: error: frontier05907: tasks 10128-10132,10134-10135: Terminated
srun: error: frontier07322: tasks 12432-12435,12437-12439: Terminated
srun: error: frontier01431: tasks 2584,2586-2591: Terminated
srun: error: frontier04681: tasks 7993-7999: Terminated
srun: error: frontier00184: tasks 448-449,451-455: Terminated
srun: error: frontier07760: tasks 13232-13238: Terminated
srun: error: frontier09103: tasks 15536-15539,15541-15543: Terminated
srun: error: frontier01105: tasks 2048-2052,2054-2055: Terminated
srun: error: frontier06865: tasks 11728-11731,11733-11735: Terminated
srun: error: frontier05132: tasks 8792,8794-8799: Terminated
srun: error: frontier08718: tasks 14832-14833,14835-14839: Terminated
srun: error: frontier01568: tasks 2848-2850,2852-2855: Terminated
srun: error: frontier04705: tasks 8088-8092,8094-8095: Terminated
srun: error: frontier00281: tasks 544-550: Terminated
srun: error: frontier09119: tasks 15632-15636,15638-15639: Terminated
srun: error: frontier09236: tasks 15800-15804,15806-15807: Terminated
srun: error: frontier07056: tasks 11992-11997,11999: Terminated
srun: error: frontier08390: tasks 14296-14298,14300-14303: Terminated
srun: error: frontier01623: tasks 2944-2945,2947-2951: Terminated
srun: error: frontier02081: tasks 3744-3750: Terminated
srun: error: frontier06230: tasks 10656-10658,10660-10663: Terminated
srun: error: frontier00411: tasks 808-813,815: Terminated
srun: error: frontier02980: tasks 5248-5250,5252-5255: Terminated
srun: error: frontier00034: tasks 104-108,110-111: Terminated
srun: error: frontier04023: tasks 6848-6849,6851-6855: Terminated
srun: error: frontier01314: tasks 2408-2412,2414-2415: Terminated
srun: error: frontier00433: tasks 904-906,908-911: Terminated
srun: error: frontier08132: tasks 13856-13859,13861-13863: Terminated
srun: error: frontier07631: tasks 12960-12966: Terminated
srun: error: frontier07745: tasks 13152,13154-13159: Terminated
srun: error: frontier01551: tasks 2768-2774: Terminated
srun: error: frontier01988: tasks 3569-3575: Terminated
srun: error: frontier00301: tasks 632-636,638-639: Terminated
srun: error: frontier02862: tasks 5072-5076,5078-5079: Terminated
srun: error: frontier06080: tasks 10480,10482-10487: Terminated
srun: error: frontier03505: tasks 6136-6142: Terminated
srun: error: frontier00017: tasks 24-30: Terminated
srun: error: frontier05386: tasks 9240-9245,9247: Terminated
srun: error: frontier01369: tasks 2496-2501,2503: Terminated
srun: error: frontier07182: tasks 12176-12182: Terminated
srun: error: frontier05729: tasks 9872-9877,9879: Terminated
srun: error: frontier08102: tasks 13776-13777,13779-13783: Terminated
srun: error: frontier04154: tasks 7032-7035,7037-7039: Terminated
srun: error: frontier09377: tasks 16080-16085,16087: Terminated
srun: error: frontier03391: tasks 5968-5974: Terminated
srun: error: frontier08629: tasks 14744-14747,14749-14751: Terminated
srun: error: frontier01871: tasks 3392-3394,3396-3399: Terminated
srun: error: frontier00704: tasks 1256-1260,1262-1263: Terminated
srun: error: frontier06398: tasks 10937-10943: Terminated
srun: error: frontier05579: tasks 9600-9606: Terminated
srun: error: frontier10153: tasks 16344-16345,16347-16351: Terminated
srun: error: frontier01057: tasks 1888-1892,1894-1895: Terminated
srun: error: frontier04288: tasks 7296-7302: Terminated
srun: error: frontier06060: tasks 10400-10404,10406-10407: Terminated
srun: error: frontier03286: tasks 5792-5795,5797-5799: Terminated
srun: error: frontier03959: tasks 6760-6764,6766-6767: Terminated
srun: error: frontier04877: tasks 8360-8365,8367: Terminated
srun: error: frontier03408: tasks 6056-6059,6061-6063: Terminated
srun: error: frontier07997: tasks 13600-13602,13604-13607: Terminated
srun: error: frontier00412: tasks 816,818-823: Terminated
srun: error: frontier02199: tasks 3920,3922-3927: Terminated
srun: error: frontier09259: tasks 15904-15908,15910-15911: Terminated
srun: error: frontier00038: tasks 112-117,119: Terminated
srun: error: frontier01315: tasks 2416-2421,2423: Terminated
srun: error: frontier01809: tasks 3216-3220,3222-3223: Terminated
srun: error: frontier03033: tasks 5352-5353,5355-5359: Terminated
srun: error: frontier05029: tasks 8624-8625,8627-8631: Terminated
srun: error: frontier08603: tasks 14664-14669,14671: Terminated
srun: error: frontier01056: tasks 1880-1884,1886-1887: Terminated
srun: error: frontier05393: tasks 9257-9263: Terminated
srun: error: frontier01825: tasks 3312-3318: Terminated
srun: error: frontier02719: tasks 4816-4817,4819-4823: Terminated
srun: error: frontier07375: tasks 12528-12534: Terminated
srun: error: frontier09012: tasks 15465-15471: Terminated
srun: error: frontier04630: tasks 7920-7925,7927: Terminated
srun: error: frontier06481: tasks 11024-11028,11030-11031: Terminated
srun: error: frontier08132: task 13860: Terminated
srun: error: frontier07465: tasks 12624-12627,12629-12631: Terminated
srun: error: frontier00302: tasks 640-645,647: Terminated
srun: error: frontier05082: tasks 8720-8721,8723-8727: Terminated
srun: error: frontier06527: tasks 11120-11122,11124-11127: Terminated
srun: error: frontier03362: tasks 5880-5883,5885-5887: Terminated
srun: error: frontier05141: tasks 8816-8818,8820-8823: Terminated
srun: error: frontier01552: tasks 2776-2782: Terminated
srun: error: frontier06653: tasks 11288-11290,11292-11295: Terminated
srun: error: frontier00817: tasks 1440-1442,1444-1447: Terminated
srun: error: frontier07490: tasks 12721-12727: Terminated
srun: error: frontier03032: tasks 5344-5348,5350-5351: Terminated
srun: error: frontier00842: tasks 1536-1542: Terminated
srun: error: frontier00018: tasks 32,34-39: Terminated
srun: error: frontier09357: tasks 15992-15995,15997-15999: Terminated
srun: error: frontier05277: tasks 9080-9084,9086-9087: Terminated
srun: error: frontier00537: tasks 1000-1002,1004-1007: Terminated
srun: error: frontier04565: tasks 7744-7750: Terminated
srun: error: frontier02323: tasks 4104-4105,4107-4111: Terminated
srun: error: frontier03109: tasks 5440-5445,5447: Terminated
srun: error: frontier00982: tasks 1800-1801,1803-1807: Terminated
srun: error: frontier04590: tasks 7840-7845,7847: Terminated
srun: error: frontier06872: tasks 11744-11747,11749-11751: Terminated
srun: error: frontier01480: tasks 2696-2700,2702-2703: Terminated
srun: error: frontier10119: tasks 16184-16188,16190-16191: Terminated
srun: error: frontier07760: task 13239: Terminated
srun: error: frontier10154: tasks 16352-16355,16357-16359: Terminated
srun: error: frontier04681: task 7992: Terminated
srun: error: frontier05505: tasks 9440-9445,9447: Terminated
srun: error: frontier09124: tasks 15648-15649,15651-15655: Terminated
srun: error: frontier05386: task 9246: Terminated
srun: error: frontier00184: task 450: Terminated
srun: error: frontier05654: tasks 9704-9709,9711: Terminated
srun: error: frontier04446: tasks 7568-7574: Terminated
srun: error: frontier02396: task 4268: Terminated
srun: error: frontier04882: tasks 8368-8372,8374-8375: Terminated
srun: error: frontier09119: task 15637: Terminated
srun: error: frontier08876: tasks 15208-15210,15212-15215: Terminated
srun: error: frontier05797: tasks 9968-9973,9975: Terminated
srun: error: frontier00438: tasks 920-921,923-927: Terminated
srun: error: frontier07854: task 13315: Terminated
srun: error: frontier01374: tasks 2520-2525,2527: Terminated
srun: error: frontier05464: tasks 9432-9433,9435-9439: Terminated
srun: error: frontier05850: tasks 10064-10067,10069-10071: Terminated
srun: error: frontier00541: tasks 1016-1018,1020-1023: Terminated
srun: error: frontier00187: task 462: Terminated
srun: error: frontier10133: task 16253: Terminated
srun: error: frontier08607: tasks 14672-14674,14676-14679: Terminated
srun: error: frontier02327: tasks 4120-4121,4123-4127: Terminated
srun: error: frontier05533: task 9505: Terminated
srun: error: frontier04266: tasks 7225-7231: Terminated
srun: error: frontier07745: task 13153: Terminated
srun: error: frontier04694: tasks 8024-8030: Terminated
srun: error: frontier02869: tasks 5088,5090-5095: Terminated
srun: error: frontier01314: task 2413: Terminated
srun: error: frontier03366: tasks 5888-5893,5895: Terminated
srun: error: frontier05208: task 8975: Terminated
srun: error: frontier00266: tasks 480-481,483-487: Terminated
srun: error: frontier03925: tasks 6689-6695: Terminated
srun: error: frontier01057: task 1893: Terminated
srun: error: frontier08963: task 15274: Terminated
srun: error: frontier04023: task 6850: Terminated
srun: error: frontier01163: tasks 2080-2086: Terminated
srun: error: frontier02861: task 5068: Terminated
srun: error: frontier07635: task 12974: Terminated
srun: error: frontier04288: task 7303: Terminated
srun: error: frontier07491: tasks 12728-12729,12731-12735: Terminated
srun: error: frontier08390: task 14299: Terminated
srun: error: frontier02144: tasks 3848-3852,3854-3855: Terminated
srun: error: frontier00411: task 814: Terminated
srun: error: frontier03509: tasks 6152-6156,6158-6159: Terminated
srun: error: frontier09244: tasks 15832,15834-15839: Terminated
srun: error: frontier03286: task 5796: Terminated
srun: error: frontier04082: tasks 6952-6956,6958-6959: Terminated
srun: error: frontier00433: task 907: Terminated
srun: error: frontier08517: tasks 14496-14501,14503: Terminated
srun: error: frontier00281: task 551: Terminated
srun: error: frontier00940: tasks 1640-1645,1647: Terminated
srun: error: frontier08718: task 14834: Terminated
srun: error: frontier02207: tasks 3944-3946,3948-3951: Terminated
srun: error: frontier09236: task 15805: Terminated
srun: error: frontier03538: tasks 6248-6249,6251-6255: Terminated
srun: error: frontier08972: tasks 15296-15299,15301-15303: Terminated
srun: error: frontier05001: tasks 8552-8556,8558-8559: Terminated
srun: error: frontier01436: tasks 2608,2610-2615: Terminated
srun: error: frontier10132: task 16243: Terminated
srun: error: frontier06865: task 11732: Terminated
srun: error: frontier00983: tasks 1808-1812,1814-1815: Terminated
srun: error: frontier01105: task 2053: Terminated
srun: error: frontier05079: task 8709: Terminated
srun: error: frontier06445: tasks 10952-10955,10957-10959: Terminated
srun: error: frontier08753: task 15012: Terminated
srun: error: frontier07710: tasks 13088-13093,13095: Terminated
srun: error: frontier00560: tasks 1105-1111: Terminated
srun: error: frontier06634: task 11272: Terminated
srun: error: frontier02862: task 5077: Terminated
srun: error: frontier00178: tasks 401-407: Terminated
srun: error: frontier07735: task 13142: Terminated
srun: error: frontier03817: tasks 6512-6516,6518-6519: Terminated
srun: error: frontier07056: task 11998: Terminated
srun: error: frontier06915: tasks 11752-11757,11759: Terminated
srun: error: frontier03168: task 5602: Terminated
srun: error: frontier05958: tasks 10248-10254: Terminated
srun: error: frontier04705: task 8093: Terminated
srun: error: frontier01568: task 2851: Terminated
srun: error: frontier09007: task 15450: Terminated
srun: error: frontier05973: task 10307: Terminated
srun: error: frontier02446: tasks 4304-4306,4308-4311: Terminated
srun: error: frontier05185: tasks 8912-8918: Terminated
srun: error: frontier07997: task 13603: Terminated
srun: error: frontier01241: tasks 2168-2173,2175: Terminated
srun: error: frontier01550: task 2764: Terminated
srun: error: frontier02319: task 4093: Terminated
srun: error: frontier04325: tasks 7408-7412,7414-7415: Terminated
srun: error: frontier03272: task 5772: Terminated
srun: error: frontier07459: task 12614: Terminated
srun: error: frontier07631: task 12967: Terminated
srun: error: frontier04804: tasks 8208-8214: Terminated
srun: error: frontier09229: tasks 15752-15758: Terminated
srun: error: frontier03033: task 5354: Terminated
srun: error: frontier08498: tasks 14416,14418-14423: Terminated
srun: error: frontier07159: tasks 12113-12119: Terminated
srun: error: frontier02133: task 3831: Terminated
srun: error: frontier07182: task 12183: Terminated
srun: error: frontier04532: tasks 7672-7674,7676-7679: Terminated
srun: error: frontier02077: task 3732: Terminated
srun: error: frontier07612: tasks 12913-12919: Terminated
srun: error: frontier03408: task 6060: Terminated
srun: error: frontier05132: task 8793: Terminated
srun: error: frontier01693: tasks 3064-3065,3067-3071: Terminated
srun: error: frontier01421: tasks 2528-2532,2534-2535: Terminated
srun: error: frontier00061: tasks 224-225,227-231: Terminated
srun: error: frontier00400: task 722: Terminated
srun: error: frontier08519: tasks 14512-14515,14517-14519: Terminated
srun: error: frontier04153: task 7031: Terminated
srun: error: frontier05907: task 10133: Terminated
srun: error: frontier02147: tasks 3864,3866-3871: Terminated
srun: error: frontier06809: tasks 11576-11577,11579-11583: Terminated
srun: error: frontier08611: tasks 14680-14684,14686-14687: Terminated
srun: error: frontier02980: task 5251: Terminated
srun: error: frontier06351: task 10836: Terminated
srun: error: frontier03505: task 6143: Terminated
srun: error: frontier00038: task 118: Terminated
srun: error: frontier08216: tasks 13976-13980,13982-13983: Terminated
srun: error: frontier08638: tasks 14776-14777,14779-14783: Terminated
srun: error: frontier01369: task 2502: Terminated
srun: error: frontier07470: tasks 12640-12644,12646-12647: Terminated
srun: error: frontier03829: tasks 6528-6533,6535: Terminated
srun: error: frontier05393: task 9256: Terminated
srun: error: frontier03391: task 5975: Terminated
srun: error: frontier01623: task 2946: Terminated
srun: error: frontier08356: tasks 14240-14243,14245-14247: Terminated
srun: error: frontier09103: task 15540: Terminated
srun: error: frontier01431: task 2585: Terminated
srun: error: frontier01315: task 2422: Terminated
srun: error: frontier08833: tasks 15040-15046: Terminated
srun: error: frontier07322: task 12436: Terminated
srun: error: frontier00844: tasks 1552-1555,1557-1559: Terminated
srun: error: frontier02526: tasks 4488-4493,4495: Terminated
srun: error: frontier00034: task 109: Terminated
srun: error: frontier02069: tasks 3688,3690-3695: Terminated
srun: error: frontier06615: tasks 11232-11238: Terminated
srun: error: frontier08070: tasks 13704-13710: Terminated
srun: error: frontier01871: task 3395: Terminated
srun: error: frontier08855: tasks 15136-15141,15143: Terminated
srun: error: frontier00022: tasks 48-54: Terminated
srun: error: frontier04885: tasks 8392,8394-8399: Terminated
srun: error: frontier07644: tasks 13000-13006: Terminated
srun: error: frontier08973: tasks 15304-15310: Terminated
srun: error: frontier03112: tasks 5456-5458,5460-5463: Terminated
srun: error: frontier02081: task 3751: Terminated
srun: error: frontier05141: task 8819: Terminated
srun: error: frontier03959: task 6765: Terminated
srun: error: frontier00156: tasks 312-318: Terminated
srun: error: frontier06230: task 10659: Terminated
srun: error: frontier07350: tasks 12465-12471: Terminated
srun: error: frontier09000: tasks 15400-15404,15406-15407: Terminated
srun: error: frontier06398: task 10936: Terminated
srun: error: frontier06454: tasks 10960-10963,10965-10967: Terminated
srun: error: frontier08629: task 14748: Terminated
srun: error: frontier03032: task 5349: Terminated
srun: error: frontier05579: task 9607: Terminated
srun: error: frontier10125: tasks 16200-16205,16207: Terminated
srun: error: frontier10153: task 16346: Terminated
srun: error: frontier08144: tasks 13897-13903: Terminated
srun: error: frontier10160: tasks 16368-16372,16374-16375: Terminated
srun: error: frontier06080: task 10481: Terminated
srun: error: frontier00179: tasks 408,410-415: Terminated
srun: error: frontier08724: tasks 14864-14866,14868-14871: Terminated
srun: error: frontier08261: tasks 14064-14069,14071: Terminated
srun: error: frontier00842: task 1543: Terminated
srun: error: frontier05196: tasks 8920-8924,8926-8927: Terminated
srun: error: frontier00018: task 33: Terminated
srun: error: frontier01809: task 3221: Terminated
srun: error: frontier08102: task 13778: Terminated
srun: error: frontier03373: tasks 5913-5919: Terminated
srun: error: frontier02988: tasks 5280-5281,5283-5287: Terminated
srun: error: frontier04807: tasks 8216-8221,8223: Terminated
srun: error: frontier02095: tasks 3776-3778,3780-3783: Terminated
srun: error: frontier08603: task 14670: Terminated
srun: error: frontier00301: task 637: Terminated
srun: error: frontier01988: task 3568: Terminated
srun: error: frontier01255: tasks 2272-2274,2276-2279: Terminated
srun: error: frontier05327: tasks 9184-9186,9188-9191: Terminated
srun: error: frontier05706: tasks 9816-9822: Terminated
srun: error: frontier01551: task 2775: Terminated
srun: error: frontier00704: task 1261: Terminated
srun: error: frontier04541: tasks 7680,7682-7687: Terminated
srun: error: frontier06336: tasks 10785-10791: Terminated
srun: error: frontier02719: task 4818: Terminated
srun: error: frontier00406: tasks 768-769,771-775: Terminated
srun: error: frontier03515: tasks 6176-6177,6179-6183: Terminated
srun: error: frontier07375: task 12535: Terminated
srun: error: frontier09364: tasks 16024-16027,16029-16031: Terminated
srun: error: frontier00136: tasks 232-233,235-239: Terminated
srun: error: frontier04154: task 7036: Terminated
srun: error: frontier01825: task 3319: Terminated
srun: error: frontier00017: task 31: Terminated
srun: error: frontier07465: task 12628: Terminated
srun: error: frontier01830: tasks 3337-3343: Terminated
srun: error: frontier04633: tasks 7944-7949,7951: Terminated
srun: error: frontier07309: tasks 12384-12390: Terminated
srun: error: frontier07751: tasks 13184-13186,13188-13191: Terminated
srun: error: frontier04630: task 7926: Terminated
srun: error: frontier04590: task 7846: Terminated
srun: error: frontier10139: tasks 16288-16290,16292-16295: Terminated
srun: error: frontier00989: tasks 1832,1834-1839: Terminated
srun: error: frontier05729: task 9878: Terminated
srun: error: frontier05004: tasks 8576-8581,8583: Terminated
srun: error: frontier05029: task 8626: Terminated
srun: error: frontier01560: tasks 2800,2802-2807: Terminated
srun: error: frontier08226: tasks 13984-13989,13991: Terminated
srun: error: frontier09259: task 15909: Terminated
srun: error: frontier01056: task 1885: Terminated
srun: error: frontier09377: task 16086: Terminated
srun: error: frontier00817: task 1443: Terminated
srun: error: frontier04877: task 8366: Terminated
srun: error: frontier01171: tasks 2096-2101,2103: Terminated
srun: error: frontier01480: task 2701: Terminated
srun: error: frontier08835: tasks 15048-15051,15053-15055: Terminated
srun: error: frontier00405: tasks 760-765,767: Terminated
srun: error: frontier02199: task 3921: Terminated
srun: error: frontier09246: tasks 15848-15854: Terminated
srun: error: frontier06060: task 10405: Terminated
srun: error: frontier09357: task 15996: Terminated
srun: error: frontier05277: task 9085: Terminated
srun: error: frontier08410: tasks 14344-14347,14349-14351: Terminated
srun: error: frontier05777: tasks 9904-9908,9910-9911: Terminated
srun: error: frontier06481: task 11029: Terminated
srun: error: frontier06872: task 11748: Terminated
srun: error: frontier10119: task 16189: Terminated
srun: error: frontier01304: tasks 2361-2367: Terminated
srun: error: frontier02640: tasks 4664-4668,4670-4671: Terminated
srun: error: frontier09124: task 15650: Terminated
srun: error: frontier08867: tasks 15144-15150: Terminated
srun: error: frontier03114: tasks 5464-5465,5467-5471: Terminated
srun: error: frontier09012: task 15464: Terminated
srun: error: frontier05082: task 8722: Terminated
srun: error: frontier00942: tasks 1656,1658-1663: Terminated
srun: error: frontier04166: tasks 7064-7070: Terminated
srun: error: frontier07245: tasks 12304-12309,12311: Terminated
srun: error: frontier00302: task 646: Terminated
srun: error: frontier00412: task 817: Terminated
srun: error: frontier00157: tasks 320-326: Terminated
srun: error: frontier03154: tasks 5560-5561,5563-5567: Terminated
srun: error: frontier01552: task 2783: Terminated
srun: error: frontier05654: task 9710: Terminated
srun: error: frontier07490: task 12720: Terminated
srun: error: frontier06527: task 11123: Terminated
srun: error: frontier04446: task 7575: Terminated
srun: error: frontier08617: tasks 14704-14705,14707-14711: Terminated
srun: error: frontier06927: tasks 11768-11770,11772-11775: Terminated
srun: error: frontier01492: tasks 2720-2725,2727: Terminated
srun: error: frontier04752: tasks 8128-8133,8135: Terminated
srun: error: frontier03109: task 5446: Terminated
srun: error: frontier02449: tasks 4320,4322-4327: Terminated
srun: error: frontier03362: task 5884: Terminated
srun: error: frontier06090: tasks 10528-10531,10533-10535: Terminated
srun: error: frontier07480: tasks 12664-12668,12670-12671: Terminated
srun: error: frontier04565: task 7751: Terminated
srun: error: frontier03940: tasks 6720-6724,6726-6727: Terminated
srun: error: frontier02007: tasks 3616-3619,3621-3623: Terminated
srun: error: frontier02323: task 4106: Terminated
srun: error: frontier06653: task 11291: Terminated
srun: error: frontier00407: tasks 776-781,783: Terminated
srun: error: frontier08884: tasks 15232-15235,15237-15239: Terminated
srun: error: frontier04095: tasks 6984-6990: Terminated
srun: error: frontier00438: task 922: Terminated
srun: error: frontier02733: tasks 4849-4855: Terminated
srun: error: frontier02648: tasks 4680-4682,4684-4687: Terminated
srun: error: frontier05464: task 9434: Terminated
srun: error: frontier04575: tasks 7784-7785,7787-7791: Terminated
srun: error: frontier08980: tasks 15328-15333,15335: Terminated
srun: error: frontier03118: tasks 5480-5484,5486-5487: Terminated
srun: error: frontier05505: task 9446: Terminated
srun: error: frontier01424: tasks 2544-2549,2551: Terminated
srun: error: frontier00541: task 1019: Terminated
srun: error: frontier00991: tasks 1840-1844,1846-1847: Terminated
srun: error: frontier07311: tasks 12392-12395,12397-12399: Terminated
srun: error: frontier00982: task 1802: Terminated
srun: error: frontier04882: task 8373: Terminated
srun: error: frontier06852: tasks 11689-11695: Terminated
srun: error: frontier09095: tasks 15496-15499,15501-15503: Terminated
srun: error: frontier00162: tasks 336-338,340-343: Terminated
srun: error: frontier00276: tasks 504-505,507-511: Terminated
srun: error: frontier05451: tasks 9384-9388,9390-9391: Terminated
srun: error: frontier05096: tasks 8752-8757,8759: Terminated
srun: error: frontier00537: task 1003: Terminated
srun: error: frontier02006: tasks 3608-3614: Terminated
srun: error: frontier02327: task 4122: Terminated
srun: error: frontier09111: tasks 15592-15597,15599: Terminated
srun: error: frontier05797: task 9974: Terminated
srun: error: frontier01374: task 2526: Terminated
srun: error: frontier05566: tasks 9552-9558: Terminated
srun: error: frontier07910: tasks 13456-13459,13461-13463: Terminated
srun: error: frontier06025: tasks 10352-10358: Terminated
srun: error: frontier06578: tasks 11152-11155,11157-11159: Terminated
srun: error: frontier02857: tasks 5040-5044,5046-5047: Terminated
srun: error: frontier10154: task 16356: Terminated
srun: error: frontier08839: tasks 15056-15059,15061-15063: Terminated
srun: error: frontier01226: tasks 2104-2107,2109-2111: Terminated
srun: error: frontier02869: task 5089: Terminated
srun: error: frontier04694: task 8031: Terminated
srun: error: frontier08876: task 15211: Terminated
srun: error: frontier06074: tasks 10448-10454: Terminated
srun: error: frontier00266: task 482: Terminated
srun: error: frontier07200: tasks 12216-12220,12222-12223: Terminated
srun: error: frontier03366: task 5894: Terminated
srun: error: frontier00026: tasks 64-68,70-71: Terminated
srun: error: frontier03925: task 6688: Terminated
srun: error: frontier08012: tasks 13648-13650,13652-13655: Terminated
srun: error: frontier01163: task 2087: Terminated
srun: error: frontier00158: tasks 328-329,331-335: Terminated
srun: error: frontier08607: task 14675: Terminated
srun: error: frontier08124: tasks 13816-13820,13822-13823: Terminated
srun: error: frontier04266: task 7224: Terminated
srun: error: frontier07491: task 12730: Terminated
srun: error: frontier06345: tasks 10808-10811,10813-10815: Terminated
srun: error: frontier10127: tasks 16216,16218-16223: Terminated
srun: error: frontier08146: tasks 13912-13914,13916-13919: Terminated
srun: error: frontier02735: tasks 4864-4866,4868-4871: Terminated
srun: error: frontier05850: task 10068: Terminated
srun: error: frontier02854: tasks 5032-5035,5037-5039: Terminated
srun: error: frontier02144: task 3853: Terminated
srun: error: frontier05515: tasks 9472-9475,9477-9479: Terminated
srun: error: frontier05965: tasks 10272-10273,10275-10279: Terminated
srun: error: frontier03293: tasks 5832-5833,5835-5839: Terminated
srun: error: frontier09244: task 15833: Terminated
srun: error: frontier07875: tasks 13376-13381,13383: Terminated
srun: error: frontier07315: tasks 12408-12413,12415: Terminated
srun: error: frontier03890: tasks 6632-6633,6635-6639: Terminated
srun: error: frontier03509: task 6157: Terminated
srun: error: frontier05122: tasks 8768-8773,8775: Terminated
srun: error: frontier04082: task 6957: Terminated
srun: error: frontier04387: tasks 7432-7434,7436-7439: Terminated
srun: error: frontier08517: task 14502: Terminated
srun: error: frontier08372: tasks 14272-14275,14277-14279: Terminated
srun: error: frontier02008: tasks 3624-3625,3627-3631: Terminated
srun: error: frontier08972: task 15300: Terminated
srun: error: frontier02207: task 3947: Terminated
srun: error: frontier03538: task 6250: Terminated
srun: error: frontier03524: tasks 6192-6198: Terminated
srun: error: frontier00940: task 1646: Terminated
srun: error: frontier04099: tasks 6992-6993,6995-6999: Terminated
srun: error: frontier00983: task 1813: Terminated
srun: error: frontier01436: task 2609: Terminated
srun: error: frontier08524: tasks 14536-14540,14542-14543: Terminated
srun: error: frontier00144: tasks 248-252,254-255: Terminated
srun: error: frontier05862: tasks 10096-10097,10099-10103: Terminated
srun: error: frontier07755: tasks 13200-13206: Terminated
srun: error: frontier07314: tasks 12400-12401,12403-12407: Terminated
srun: error: frontier08982: tasks 15336-15342: Terminated
srun: error: frontier06370: tasks 10896-10902: Terminated
srun: error: frontier07710: task 13094: Terminated
srun: error: frontier06445: task 10956: Terminated
srun: error: frontier06855: tasks 11696,11698-11703: Terminated
srun: error: frontier04621: tasks 7888-7892,7894-7895: Terminated
srun: error: frontier08129: tasks 13832-13834,13836-13839: Terminated
srun: error: frontier00560: task 1104: Terminated
srun: error: frontier05001: task 8557: Terminated
srun: error: frontier04701: tasks 8056,8058-8063: Terminated
srun: error: frontier01937: tasks 3448-3449,3451-3455: Terminated
srun: error: frontier07847: tasks 13296-13300,13302-13303: Terminated
srun: error: frontier03839: tasks 6552-6558: Terminated
srun: error: frontier06991: tasks 11960-11961,11963-11967: Terminated
srun: error: frontier03817: task 6517: Terminated
srun: error: frontier01227: tasks 2112-2114,2116-2119: Terminated
srun: error: frontier06915: task 11758: Terminated
srun: error: frontier00178: task 400: Terminated
srun: error: frontier02074: tasks 3712-3718: Terminated
srun: error: frontier03400: tasks 6016-6018,6020-6023: Terminated
srun: error: frontier07498: tasks 12760-12764,12766-12767: Terminated
srun: error: frontier01618: tasks 2912-2918: Terminated
srun: error: frontier00298: tasks 608-611,613-615: Terminated
srun: error: frontier05958: task 10255: Terminated
srun: error: frontier06077: tasks 10456-10459,10461-10463: Terminated
srun: error: frontier09248: tasks 15864-15870: Terminated
srun: error: frontier07983: tasks 13560-13564,13566-13567: Terminated
srun: error: frontier04454: tasks 7616-7618,7620-7623: Terminated
srun: error: frontier01682: tasks 3008-3011,3013-3015: Terminated
srun: error: frontier08869: tasks 15160,15162-15167: Terminated
srun: error: frontier06093: tasks 10553-10559: Terminated
srun: error: frontier01752: tasks 3176-3180,3182-3183: Terminated
srun: error: frontier02446: task 4307: Terminated
srun: error: frontier05185: task 8919: Terminated
srun: error: frontier08512: tasks 14456-14460,14462-14463: Terminated
srun: error: frontier01241: task 2174: Terminated
srun: error: frontier00051: tasks 168-171,173-175: Terminated
srun: error: frontier07248: tasks 12320,12322-12327: Terminated
srun: error: frontier02711: tasks 4777-4783: Terminated
srun: error: frontier04325: task 7413: Terminated
srun: error: frontier04959: tasks 8512-8516,8518-8519: Terminated
srun: error: frontier10128: tasks 16224-16225,16227-16231: Terminated
srun: error: frontier05070: tasks 8680-8681,8683-8687: Terminated
srun: error: frontier00977: tasks 1768-1772,1774-1775: Terminated
srun: error: frontier04804: task 8215: Terminated
srun: error: frontier01077: tasks 1936-1942: Terminated
srun: error: frontier02741: tasks 4872-4878: Terminated
srun: error: frontier06826: tasks 11617-11623: Terminated
srun: error: frontier09229: task 15759: Terminated
srun: error: frontier04664: tasks 7976-7980,7982-7983: Terminated
srun: error: frontier00700: tasks 1232-1237,1239: Terminated
srun: error: frontier07876: tasks 13384-13386,13388-13391: Terminated
srun: error: frontier10149: tasks 16320-16325,16327: Terminated
srun: error: frontier08498: task 14417: Terminated
srun: error: frontier07159: task 12112: Terminated
srun: error: frontier05675: tasks 9744,9746-9751: Terminated
srun: error: frontier04532: task 7675: Terminated
srun: error: frontier06092: tasks 10544-10549,10551: Terminated
srun: error: frontier07612: task 12912: Terminated
srun: error: frontier01693: task 3066: Terminated
srun: error: frontier08376: tasks 14280-14286: Terminated
srun: error: frontier05267: tasks 9040-9044,9046-9047: Terminated
srun: error: frontier02976: tasks 5232-5236,5238-5239: Terminated
srun: error: frontier04442: tasks 7536-7541,7543: Terminated
srun: error: frontier06223: tasks 10640-10641,10643-10647: Terminated
srun: error: frontier03404: tasks 6032-6035,6037-6039: Terminated
srun: error: frontier08848: tasks 15080-15084,15086-15087: Terminated
srun: error: frontier04956: tasks 8505-8511: Terminated
srun: error: frontier03525: tasks 6200-6205,6207: Terminated
srun: error: frontier05407: tasks 9304-9310: Terminated
srun: error: frontier02147: task 3865: Terminated
srun: error: frontier01312: tasks 2393-2399: Terminated
srun: error: frontier01421: task 2533: Terminated
srun: error: frontier00849: tasks 1592-1595,1597-1599: Terminated
srun: error: frontier06809: task 11578: Terminated
srun: error: frontier08519: task 14516: Terminated
srun: error: frontier00061: task 226: Terminated
srun: error: frontier02650: tasks 4696-4699,4701-4703: Terminated
srun: error: frontier05786: tasks 9936-9937,9939-9943: Terminated
srun: error: frontier08984: tasks 15344-15347,15349-15351: Terminated
srun: error: frontier01754: tasks 3193-3199: Terminated
srun: error: frontier03551: tasks 6296-6300,6302-6303: Terminated
srun: error: frontier08611: task 14685: Terminated
srun: error: frontier09390: tasks 16144-16148,16150-16151: Terminated
srun: error: frontier00569: tasks 1152-1155,1157-1159: Terminated
srun: error: frontier06997: tasks 11968-11973,11975: Terminated
srun: error: frontier08216: task 13981: Terminated
srun: error: frontier07448: tasks 12600-12605,12607: Terminated
srun: error: frontier08638: task 14778: Terminated
srun: error: frontier02076: tasks 3720-3722,3724-3727: Terminated
srun: error: frontier07986: tasks 13568-13573,13575: Terminated
srun: error: frontier04765: tasks 8160-8165,8167: Terminated
srun: error: frontier06633: tasks 11264-11269,11271: Terminated
srun: error: frontier07878: tasks 13400-13405,13407: Terminated
srun: error: frontier07470: task 12645: Terminated
srun: error: frontier00028: tasks 80-84,86-87: Terminated
srun: error: frontier00394: tasks 712-713,715-719: Terminated
srun: error: frontier03829: task 6534: Terminated
srun: error: frontier03020: tasks 5320-5323,5325-5327: Terminated
srun: error: frontier06261: tasks 10728-10731,10733-10735: Terminated
srun: error: frontier06692: tasks 11360-11365,11367: Terminated
srun: error: frontier00949: tasks 1680-1686: Terminated
srun: error: frontier08016: tasks 13664-13666,13668-13671: Terminated
srun: error: frontier08356: task 14244: Terminated
srun: error: frontier01367: tasks 2480-2482,2484-2487: Terminated
srun: error: frontier00052: tasks 176-182: Terminated
srun: error: frontier07734: tasks 13128-13129,13131-13135: Terminated
srun: error: frontier08833: task 15047: Terminated
srun: error: frontier09374: tasks 16064-16070: Terminated
srun: error: frontier04561: tasks 7720-7726: Terminated
srun: error: frontier05075: tasks 8688-8693,8695: Terminated
srun: error: frontier08627: tasks 14728-14729,14731-14735: Terminated
srun: error: frontier06349: tasks 10824-10828,10830-10831: Terminated
srun: error: frontier00844: task 1556: Terminated
srun: error: frontier04679: tasks 7984-7985,7987-7991: Terminated
srun: error: frontier02069: task 3689: Terminated
srun: error: frontier06615: task 11239: Terminated
srun: error: frontier02526: task 4494: Terminated
srun: error: frontier03240: tasks 5680-5686: Terminated
srun: error: frontier08070: task 13711: Terminated
srun: error: frontier10151: tasks 16328,16330-16335: Terminated
srun: error: frontier08335: tasks 14192-14193,14195-14199: Terminated
srun: error: frontier09005: tasks 15432-15437,15439: Terminated
srun: error: frontier00022: task 55: Terminated
srun: error: frontier01102: tasks 2040-2043,2045-2047: Terminated
srun: error: frontier08855: task 15142: Terminated
srun: error: frontier04826: tasks 8248-8252,8254-8255: Terminated
srun: error: frontier08751: tasks 14992-14996,14998-14999: Terminated
srun: error: frontier06691: tasks 11353-11359: Terminated
srun: error: frontier03387: tasks 5944-5945,5947-5951: Terminated
srun: error: frontier09235: tasks 15792-15798: Terminated
srun: error: frontier07945: tasks 13488-13489,13491-13495: Terminated
srun: error: frontier01292: tasks 2304-2308,2310-2311: Terminated
srun: error: frontier04885: task 8393: Terminated
srun: error: frontier01232: tasks 2136-2140,2142-2143: Terminated
srun: error: frontier03112: task 5459: Terminated
srun: error: frontier07644: task 13007: Terminated
srun: error: frontier08973: task 15311: Terminated
srun: error: frontier03405: tasks 6040-6044,6046-6047: Terminated
srun: error: frontier07625: tasks 12952-12956,12958-12959: Terminated
srun: error: frontier03526: tasks 6208-6210,6212-6215: Terminated
srun: error: frontier00148: tasks 264-268,270-271: Terminated
srun: error: frontier05156: tasks 8880-8884,8886-8887: Terminated
srun: error: frontier04465: tasks 7640-7643,7645-7647: Terminated
srun: error: frontier00156: task 319: Terminated
srun: error: frontier05788: tasks 9944-9950: Terminated
srun: error: frontier07350: task 12464: Terminated
srun: error: frontier09000: task 15405: Terminated
srun: error: frontier04197: tasks 7105-7111: Terminated
srun: error: frontier03621: tasks 6304-6310: Terminated
srun: error: frontier09391: tasks 16152-16154,16156-16159: Terminated
srun: error: frontier06862: tasks 11712-11717,11719: Terminated
srun: error: frontier06454: task 10964: Terminated
srun: error: frontier10125: task 16206: Terminated
srun: error: frontier08144: task 13896: Terminated
srun: error: frontier10160: task 16373: Terminated
srun: error: frontier00179: task 409: Terminated
srun: error: frontier08261: task 14070: Terminated
srun: error: frontier08724: task 14867: Terminated
srun: error: frontier08253: tasks 14016-14017,14019-14023: Terminated
srun: error: frontier05196: task 8925: Terminated
srun: error: frontier02988: task 5282: Terminated
srun: error: frontier03373: task 5912: Terminated
srun: error: frontier04807: task 8222: Terminated
srun: error: frontier02095: task 3779: Terminated
srun: error: frontier01255: task 2275: Terminated
srun: error: frontier05327: task 9187: Terminated
srun: error: frontier05706: task 9823: Terminated
srun: error: frontier04541: task 7681: Terminated
srun: error: frontier00406: task 770: Terminated
srun: error: frontier06336: task 10784: Terminated
srun: error: frontier03515: task 6178: Terminated
srun: error: frontier09364: task 16028: Terminated
srun: error: frontier00136: task 234: Terminated
srun: error: frontier07309: task 12391: Terminated
srun: error: frontier01830: task 3336: Terminated
srun: error: frontier04633: task 7950: Terminated
srun: error: frontier07751: task 13187: Terminated
srun: error: frontier00989: task 1833: Terminated
srun: error: frontier05004: task 8582: Terminated
srun: error: frontier10139: task 16291: Terminated
srun: error: frontier08226: task 13990: Terminated
srun: error: frontier01560: task 2801: Terminated
srun: error: frontier01171: task 2102: Terminated
srun: error: frontier08835: task 15052: Terminated
srun: error: frontier00405: task 766: Terminated
srun: error: frontier09246: task 15855: Terminated
srun: error: frontier08410: task 14348: Terminated
srun: error: frontier05777: task 9909: Terminated
srun: error: frontier02640: task 4669: Terminated
srun: error: frontier08867: task 15151: Terminated
srun: error: frontier03114: task 5466: Terminated
srun: error: frontier00942: task 1657: Terminated
srun: error: frontier04166: task 7071: Terminated
srun: error: frontier01304: task 2360: Terminated
srun: error: frontier07245: task 12310: Terminated
srun: error: frontier00157: task 327: Terminated
srun: error: frontier03154: task 5562: Terminated
srun: error: frontier08617: task 14706: Terminated
srun: error: frontier06927: task 11771: Terminated
srun: error: frontier01492: task 2726: Terminated
srun: error: frontier04752: task 8134: Terminated
srun: error: frontier02449: task 4321: Terminated
srun: error: frontier07480: task 12669: Terminated
srun: error: frontier06090: task 10532: Terminated
srun: error: frontier02007: task 3620: Terminated
srun: error: frontier03940: task 6725: Terminated
srun: error: frontier00407: task 782: Terminated
srun: error: frontier08884: task 15236: Terminated
srun: error: frontier04095: task 6991: Terminated
srun: error: frontier02648: task 4683: Terminated
srun: error: frontier02733: task 4848: Terminated
srun: error: frontier04575: task 7786: Terminated
srun: error: frontier01424: task 2550: Terminated
srun: error: frontier03118: task 5485: Terminated
srun: error: frontier08980: task 15334: Terminated
srun: error: frontier07311: task 12396: Terminated
srun: error: frontier00991: task 1845: Terminated
srun: error: frontier09095: task 15500: Terminated
srun: error: frontier06852: task 11688: Terminated
srun: error: frontier05096: task 8758: Terminated
srun: error: frontier05451: task 9389: Terminated
srun: error: frontier00162: task 339: Terminated
srun: error: frontier00276: task 506: Terminated
srun: error: frontier05566: task 9559: Terminated
srun: error: frontier02006: task 3615: Terminated
srun: error: frontier09111: task 15598: Terminated
srun: error: frontier06025: task 10359: Terminated
srun: error: frontier07910: task 13460: Terminated
srun: error: frontier06578: task 11156: Terminated
srun: error: frontier01226: task 2108: Terminated
srun: error: frontier02857: task 5045: Terminated
srun: error: frontier08839: task 15060: Terminated
srun: error: frontier06074: task 10455: Terminated
srun: error: frontier07200: task 12221: Terminated
srun: error: frontier00026: task 69: Terminated
srun: error: frontier08012: task 13651: Terminated
srun: error: frontier08124: task 13821: Terminated
srun: error: frontier00158: task 330: Terminated
srun: error: frontier06345: task 10812: Terminated
srun: error: frontier10127: task 16217: Terminated
srun: error: frontier08146: task 13915: Terminated
srun: error: frontier02735: task 4867: Terminated
srun: error: frontier05515: task 9476: Terminated
srun: error: frontier02854: task 5036: Terminated
srun: error: frontier07315: task 12414: Terminated
srun: error: frontier05965: task 10274: Terminated
srun: error: frontier03293: task 5834: Terminated
srun: error: frontier07875: task 13382: Terminated
srun: error: frontier05122: task 8774: Terminated
srun: error: frontier03890: task 6634: Terminated
srun: error: frontier04387: task 7435: Terminated
srun: error: frontier02008: task 3626: Terminated
srun: error: frontier08372: task 14276: Terminated
srun: error: frontier03524: task 6199: Terminated
srun: error: frontier04099: task 6994: Terminated
srun: error: frontier08524: task 14541: Terminated
srun: error: frontier00144: task 253: Terminated
srun: error: frontier05862: task 10098: Terminated
srun: error: frontier07314: task 12402: Terminated
srun: error: frontier08982: task 15343: Terminated
srun: error: frontier07755: task 13207: Terminated
srun: error: frontier06370: task 10903: Terminated
srun: error: frontier08129: task 13835: Terminated
srun: error: frontier06855: task 11697: Terminated
srun: error: frontier04621: task 7893: Terminated
srun: error: frontier04701: task 8057: Terminated
srun: error: frontier01937: task 3450: Terminated
srun: error: frontier07847: task 13301: Terminated
srun: error: frontier03839: task 6559: Terminated
srun: error: frontier06991: task 11962: Terminated
srun: error: frontier01227: task 2115: Terminated
srun: error: frontier01618: task 2919: Terminated
srun: error: frontier00298: task 612: Terminated
srun: error: frontier07498: task 12765: Terminated
srun: error: frontier06077: task 10460: Terminated
srun: error: frontier02074: task 3719: Terminated
srun: error: frontier03400: task 6019: Terminated
srun: error: frontier09248: task 15871: Terminated
srun: error: frontier07983: task 13565: Terminated
srun: error: frontier04454: task 7619: Terminated
srun: error: frontier01682: task 3012: Terminated
srun: error: frontier08869: task 15161: Terminated
srun: error: frontier06093: task 10552: Terminated
srun: error: frontier01752: task 3181: Terminated
srun: error: frontier08512: task 14461: Terminated
srun: error: frontier00051: task 172: Terminated
srun: error: frontier02711: task 4776: Terminated
srun: error: frontier07248: task 12321: Terminated
srun: error: frontier04959: task 8517: Terminated
srun: error: frontier05070: task 8682: Terminated
srun: error: frontier00977: task 1773: Terminated
srun: error: frontier10128: task 16226: Terminated
srun: error: frontier01077: task 1943: Terminated
srun: error: frontier06826: task 11616: Terminated
srun: error: frontier02741: task 4879: Terminated
srun: error: frontier04664: task 7981: Terminated
srun: error: frontier00700: task 1238: Terminated
srun: error: frontier07876: task 13387: Terminated
srun: error: frontier10149: task 16326: Terminated
srun: error: frontier05675: task 9745: Terminated
srun: error: frontier05267: task 9045: Terminated
srun: error: frontier08376: task 14287: Terminated
srun: error: frontier02976: task 5237: Terminated
srun: error: frontier04442: task 7542: Terminated
srun: error: frontier06092: task 10550: Terminated
srun: error: frontier08848: task 15085: Terminated
srun: error: frontier06223: task 10642: Terminated
srun: error: frontier03404: task 6036: Terminated
srun: error: frontier04956: task 8504: Terminated
srun: error: frontier03525: task 6206: Terminated
srun: error: frontier00849: task 1596: Terminated
srun: error: frontier05407: task 9311: Terminated
srun: error: frontier01312: task 2392: Terminated
srun: error: frontier02650: task 4700: Terminated
srun: error: frontier05786: task 9938: Terminated
srun: error: frontier08984: task 15348: Terminated
srun: error: frontier01754: task 3192: Terminated
srun: error: frontier03551: task 6301: Terminated
srun: error: frontier09390: task 16149: Terminated
srun: error: frontier00569: task 1156: Terminated
srun: error: frontier06997: task 11974: Terminated
srun: error: frontier07448: task 12606: Terminated
srun: error: frontier04765: task 8166: Terminated
srun: error: frontier02076: task 3723: Terminated
srun: error: frontier07986: task 13574: Terminated
srun: error: frontier06633: task 11270: Terminated
srun: error: frontier07878: task 13406: Terminated
srun: error: frontier00028: task 85: Terminated
srun: error: frontier00394: task 714: Terminated
srun: error: frontier03020: task 5324: Terminated
srun: error: frontier06261: task 10732: Terminated
srun: error: frontier06692: task 11366: Terminated
srun: error: frontier00949: task 1687: Terminated
srun: error: frontier08016: task 13667: Terminated
srun: error: frontier01367: task 2483: Terminated
srun: error: frontier00052: task 183: Terminated
srun: error: frontier04561: task 7727: Terminated
srun: error: frontier07734: task 13130: Terminated
srun: error: frontier09374: task 16071: Terminated
srun: error: frontier05075: task 8694: Terminated
srun: error: frontier06349: task 10829: Terminated
srun: error: frontier08627: task 14730: Terminated
srun: error: frontier09005: task 15438: Terminated
srun: error: frontier04679: task 7986: Terminated
srun: error: frontier03240: task 5687: Terminated
srun: error: frontier10151: task 16329: Terminated
srun: error: frontier08335: task 14194: Terminated
srun: error: frontier01102: task 2044: Terminated
srun: error: frontier08751: task 14997: Terminated
srun: error: frontier04826: task 8253: Terminated
srun: error: frontier03387: task 5946: Terminated
srun: error: frontier09235: task 15799: Terminated
srun: error: frontier06691: task 11352: Terminated
srun: error: frontier07945: task 13490: Terminated
srun: error: frontier01232: task 2141: Terminated
srun: error: frontier01292: task 2309: Terminated
srun: error: frontier05156: task 8885: Terminated
srun: error: frontier03405: task 6045: Terminated
srun: error: frontier07625: task 12957: Terminated
srun: error: frontier03526: task 6211: Terminated
srun: error: frontier00148: task 269: Terminated
srun: error: frontier04465: task 7644: Terminated
srun: error: frontier05788: task 9951: Terminated
srun: error: frontier03621: task 6311: Terminated
srun: error: frontier04197: task 7104: Terminated
srun: error: frontier09391: task 16155: Terminated
srun: error: frontier06862: task 11718: Terminated
srun: error: frontier08253: task 14018: Terminated
srun: Force Terminated StepId=4396478.2
Pynamic: Version 1.3.3
Pynamic: run on 04/15/26 13:02:24 with 16384 MPI tasks

Pynamic: driver beginning... now importing modules
Pynamic: driver finished importing all modules..
Pynamic: module import time = 72.77677893638611 secs
Pynamic: module test passed!

+ for i in $(seq 1 5)
+ srun -N 2048 -n 16384 -c 7 -t 10 --ntasks-per-node=8 --gpus-per-node=8 --gpu-bind=closest /lustre/orion/stf243/world-shared/hagertnl/CUG26/benchmark_builds/pynamic/pynamic-pyMPI-2.6a1_util_495_280//pynamic-bigexe-mpi4py pynamic_driver_mpi4py.py
+ grep -v 'rank -'
srun: Step created for StepId=4396478.3
Pynamic: Version 1.3.3
Pynamic: run on 04/15/26 13:13:42 with 16384 MPI tasks

Pynamic: driver beginning... now importing modules
Pynamic: driver finished importing all modules..
Pynamic: module import time = 31.91962218284607 secs
Pynamic: module test passed!

+ for i in $(seq 1 5)
+ srun -N 2048 -n 16384 -c 7 -t 10 --ntasks-per-node=8 --gpus-per-node=8 --gpu-bind=closest /lustre/orion/stf243/world-shared/hagertnl/CUG26/benchmark_builds/pynamic/pynamic-pyMPI-2.6a1_util_495_280//pynamic-bigexe-mpi4py pynamic_driver_mpi4py.py
+ grep -v 'rank -'
srun: Step created for StepId=4396478.4
Pynamic: Version 1.3.3
Pynamic: run on 04/15/26 13:18:02 with 16384 MPI tasks

Pynamic: driver beginning... now importing modules
Pynamic: driver finished importing all modules..
Pynamic: module import time = 36.1792368888855 secs
Pynamic: module test passed!

+ set +x
