
Lmod is automatically replacing "cce/18.0.1" with "amd/6.2.4".


Lmod is automatically replacing "PrgEnv-cray/8.6.0" with "PrgEnv-amd/8.6.0".


Due to MODULEPATH changes, the following have been reloaded:
  1) cray-libsci/24.11.0     2) cray-mpich/8.1.31     3) darshan-runtime/3.4.6-mpi


The following have been reloaded with a version change:
  1) amd/6.2.4 => amd/6.4.2
  2) cray-dsmml/0.3.0 => cray-dsmml/0.3.1
  3) cray-libsci/24.11.0 => cray-libsci/25.09.0
  4) cray-mpich/8.1.31 => cray-mpich/9.0.1
  5) cray-pmi/6.1.15 => cray-pmi/6.1.16
  6) craype/2.7.33 => craype/2.7.35
  7) darshan-runtime/3.4.6-mpi => darshan-runtime/3.4.7-mpi
  8) perftools-base/24.11.0 => perftools-base/25.09.0

Deactivating conda environments
+ export LD_LIBRARY_PATH=/lustre/orion/stf243/world-shared/hagertnl/CUG26/benchmark_builds/pynamic/pynamic-pyMPI-2.6a1_util_495_280/:/opt/cray/pe/mpich/9.0.1/ofi/amd/6.0/lib:/opt/cray/pe/mpich/9.0.1/gtl/lib:/opt/cray/pe/libsci/25.09.0/AMD/6.0/x86_64/lib:/opt/cray/pe/perftools/25.09.0/lib64:/opt/cray/pe/pmi/6.1.16/lib:/opt/cray/pe/dsmml/0.3.1/dsmml/lib:/opt/cray/libfabric/1.22.0/lib64:/opt/rocm-6.4.2/lib/roctracer:/opt/rocm-6.4.2/lib/rocprofiler:/opt/rocm-6.4.2/lib:/sw/frontier/spack-envs/cpe25.09-cpu/opt/llvm-amdgpu-6.4.2/darshan-runtime-3.4.7-tvdocpzv3jfj4y6ki5jvmmkics323gon/lib:/opt/rocm-6.4.2/llvm/lib:/opt/cray/pe/papi/7.2.0.2/lib64
+ LD_LIBRARY_PATH=/lustre/orion/stf243/world-shared/hagertnl/CUG26/benchmark_builds/pynamic/pynamic-pyMPI-2.6a1_util_495_280/:/opt/cray/pe/mpich/9.0.1/ofi/amd/6.0/lib:/opt/cray/pe/mpich/9.0.1/gtl/lib:/opt/cray/pe/libsci/25.09.0/AMD/6.0/x86_64/lib:/opt/cray/pe/perftools/25.09.0/lib64:/opt/cray/pe/pmi/6.1.16/lib:/opt/cray/pe/dsmml/0.3.1/dsmml/lib:/opt/cray/libfabric/1.22.0/lib64:/opt/rocm-6.4.2/lib/roctracer:/opt/rocm-6.4.2/lib/rocprofiler:/opt/rocm-6.4.2/lib:/sw/frontier/spack-envs/cpe25.09-cpu/opt/llvm-amdgpu-6.4.2/darshan-runtime-3.4.7-tvdocpzv3jfj4y6ki5jvmmkics323gon/lib:/opt/rocm-6.4.2/llvm/lib:/opt/cray/pe/papi/7.2.0.2/lib64
+ export LD_LIBRARY_PATH=/lustre/orion/stf243/world-shared/hagertnl/CUG26/benchmark_builds/python-mpi4py/conda_env/lib:/lustre/orion/stf243/world-shared/hagertnl/CUG26/benchmark_builds/pynamic/pynamic-pyMPI-2.6a1_util_495_280/:/opt/cray/pe/mpich/9.0.1/ofi/amd/6.0/lib:/opt/cray/pe/mpich/9.0.1/gtl/lib:/opt/cray/pe/libsci/25.09.0/AMD/6.0/x86_64/lib:/opt/cray/pe/perftools/25.09.0/lib64:/opt/cray/pe/pmi/6.1.16/lib:/opt/cray/pe/dsmml/0.3.1/dsmml/lib:/opt/cray/libfabric/1.22.0/lib64:/opt/rocm-6.4.2/lib/roctracer:/opt/rocm-6.4.2/lib/rocprofiler:/opt/rocm-6.4.2/lib:/sw/frontier/spack-envs/cpe25.09-cpu/opt/llvm-amdgpu-6.4.2/darshan-runtime-3.4.7-tvdocpzv3jfj4y6ki5jvmmkics323gon/lib:/opt/rocm-6.4.2/llvm/lib:/opt/cray/pe/papi/7.2.0.2/lib64
+ LD_LIBRARY_PATH=/lustre/orion/stf243/world-shared/hagertnl/CUG26/benchmark_builds/python-mpi4py/conda_env/lib:/lustre/orion/stf243/world-shared/hagertnl/CUG26/benchmark_builds/pynamic/pynamic-pyMPI-2.6a1_util_495_280/:/opt/cray/pe/mpich/9.0.1/ofi/amd/6.0/lib:/opt/cray/pe/mpich/9.0.1/gtl/lib:/opt/cray/pe/libsci/25.09.0/AMD/6.0/x86_64/lib:/opt/cray/pe/perftools/25.09.0/lib64:/opt/cray/pe/pmi/6.1.16/lib:/opt/cray/pe/dsmml/0.3.1/dsmml/lib:/opt/cray/libfabric/1.22.0/lib64:/opt/rocm-6.4.2/lib/roctracer:/opt/rocm-6.4.2/lib/rocprofiler:/opt/rocm-6.4.2/lib:/sw/frontier/spack-envs/cpe25.09-cpu/opt/llvm-amdgpu-6.4.2/darshan-runtime-3.4.7-tvdocpzv3jfj4y6ki5jvmmkics323gon/lib:/opt/rocm-6.4.2/llvm/lib:/opt/cray/pe/papi/7.2.0.2/lib64
++ seq 1 5
+ for i in $(seq 1 5)
+ srun -N 2048 -n 16384 -c 7 -t 10 --ntasks-per-node=8 --gpus-per-node=8 --gpu-bind=closest /lustre/orion/stf243/world-shared/hagertnl/CUG26/benchmark_builds/pynamic/pynamic-pyMPI-2.6a1_util_495_280//pynamic-bigexe-mpi4py pynamic_driver_mpi4py.py
+ grep -v 'rank -'
Pynamic: Version 1.3.3
Pynamic: run on 04/15/26 12:59:18 with 16384 MPI tasks

Pynamic: driver beginning... now importing modules
Pynamic: driver finished importing all modules..
Pynamic: module import time = 2.774545669555664 secs
Pynamic: module test passed!

+ for i in $(seq 1 5)
+ srun -N 2048 -n 16384 -c 7 -t 10 --ntasks-per-node=8 --gpus-per-node=8 --gpu-bind=closest /lustre/orion/stf243/world-shared/hagertnl/CUG26/benchmark_builds/pynamic/pynamic-pyMPI-2.6a1_util_495_280//pynamic-bigexe-mpi4py pynamic_driver_mpi4py.py
+ grep -v 'rank -'
srun: Step created for StepId=4396477.1
Pynamic: Version 1.3.3
Pynamic: run on 04/15/26 13:00:43 with 16384 MPI tasks

Pynamic: driver beginning... now importing modules
Pynamic: driver finished importing all modules..
Pynamic: module import time = 2.959216833114624 secs
Pynamic: module test passed!

+ for i in $(seq 1 5)
+ srun -N 2048 -n 16384 -c 7 -t 10 --ntasks-per-node=8 --gpus-per-node=8 --gpu-bind=closest /lustre/orion/stf243/world-shared/hagertnl/CUG26/benchmark_builds/pynamic/pynamic-pyMPI-2.6a1_util_495_280//pynamic-bigexe-mpi4py pynamic_driver_mpi4py.py
+ grep -v 'rank -'
srun: error: frontier07614: tasks 12520-12525,12527: Terminated
srun: Terminating StepId=4396477.2
srun: error: frontier08671: tasks 14824-14830: Terminated
srun: error: frontier00668: tasks 1168-1172,1174-1175: Terminated
srun: error: frontier07993: tasks 13320-13325,13327: Terminated
srun: error: frontier03217: tasks 5776-5777,5779-5783: Terminated
srun: error: frontier02357: tasks 4273-4279: Terminated
srun: error: frontier09172: tasks 15624-15629,15631: Terminated
srun: error: frontier06672: tasks 10313-10319: Terminated
srun: error: frontier06709: tasks 10480-10484,10486-10487: Terminated
srun: error: frontier07446: tasks 12080-12081,12083-12087: Terminated
srun: error: frontier04038: tasks 6840-6845,6847: Terminated
srun: error: frontier08067: tasks 13416-13422: Terminated
srun: error: frontier08389: tasks 14216-14222: Terminated
srun: error: frontier08472: tasks 14384-14387,14389-14391: Terminated
srun: error: frontier02959: tasks 5336-5339,5341-5343: Terminated
srun: error: frontier07824: tasks 12880-12884,12886-12887: Terminated
srun: error: frontier00516: tasks 896-899,901-903: Terminated
srun: error: frontier06797: tasks 10577-10583: Terminated
srun: error: frontier01732: tasks 3032,3034-3039: Terminated
srun: error: frontier02154: tasks 3832-3836,3838-3839: Terminated
srun: error: frontier06161: tasks 9072-9075,9077-9079: Terminated
srun: error: frontier08495: tasks 14481-14487: Terminated
srun: error: frontier04888: tasks 7737-7743: Terminated
srun: error: frontier01350: tasks 2328-2334: Terminated
srun: error: frontier06919: tasks 10840-10846: Terminated
srun: error: frontier04107: tasks 6936,6938-6943: Terminated
srun: error: frontier08952: tasks 15280-15286: Terminated
srun: error: frontier08249: tasks 13944-13948,13950-13951: Terminated
srun: error: frontier09462: tasks 16249-16255: Terminated
srun: error: frontier07232: tasks 11640,11642-11647: Terminated
srun: error: frontier05169: tasks 8000-8006: Terminated
srun: error: frontier00740: tasks 1256-1257,1259-1263: Terminated
srun: error: frontier03329: tasks 5960-5965,5967: Terminated
srun: error: frontier08795: tasks 15008-15011,15013-15015: Terminated
srun: error: frontier03618: tasks 6400-6406: Terminated
srun: error: frontier01340: tasks 2320-2326: Terminated
srun: error: frontier03986: tasks 6760-6764,6766-6767: Terminated
srun: error: frontier04727: tasks 7560-7563,7565-7567: Terminated
srun: error: frontier01799: tasks 3120-3123,3125-3127: Terminated
srun: error: frontier01710: tasks 2952-2958: Terminated
srun: error: frontier06817: tasks 10664-10668,10670-10671: Terminated
srun: error: frontier02500: tasks 4552-4558: Terminated
srun: error: frontier08217: tasks 13768-13771,13773-13775: Terminated
srun: error: frontier07564: tasks 12264-12266,12268-12271: Terminated
srun: error: frontier00067: tasks 112-116,118-119: Terminated
srun: error: frontier06560: tasks 9960-9964,9966-9967: Terminated
srun: error: frontier04962: tasks 7824-7829,7831: Terminated
srun: error: frontier03050: tasks 5520-5525,5527: Terminated
srun: error: frontier07863: tasks 13064,13066-13071: Terminated
srun: error: frontier08237: tasks 13864-13867,13869-13871: Terminated
srun: error: frontier02636: tasks 4816-4822: Terminated
srun: error: frontier03126: tasks 5616,5618-5623: Terminated
srun: error: frontier07313: tasks 11728-11729,11731-11735: Terminated
srun: error: frontier09084: tasks 15464-15465,15467-15471: Terminated
srun: error: frontier05086: tasks 7920-7922,7924-7927: Terminated
srun: error: frontier05885: tasks 8720-8723,8725-8727: Terminated
srun: error: frontier06347: tasks 9520-9525,9527: Terminated
srun: error: frontier01193: tasks 1976,1978-1983: Terminated
srun: error: frontier03270: tasks 5880-5882,5884-5887: Terminated
srun: error: frontier05337: tasks 8184-8187,8189-8191: Terminated
srun: error: frontier00366: tasks 640-645,647: Terminated
srun: error: frontier02017: tasks 3576-3577,3579-3583: Terminated
srun: error: frontier08473: tasks 14392-14398: Terminated
srun: error: frontier07355: tasks 11920,11922-11927: Terminated
srun: error: frontier08907: tasks 15192-15193,15195-15199: Terminated
srun: error: frontier06798: tasks 10585-10591: Terminated
srun: error: frontier02179: tasks 3840-3842,3844-3847: Terminated
srun: error: frontier03340: tasks 5976-5977,5979-5983: Terminated
srun: error: frontier07169: tasks 11384-11386,11388-11391: Terminated
srun: error: frontier09344: tasks 15992-15996,15998-15999: Terminated
srun: error: frontier01353: tasks 2336,2338-2343: Terminated
srun: error: frontier00134: tasks 200-202,204-207: Terminated
srun: error: frontier06163: tasks 9080-9084,9086-9087: Terminated
srun: error: frontier04899: tasks 7744-7748,7750-7751: Terminated
srun: error: frontier06920: tasks 10848-10851,10853-10855: Terminated
srun: error: frontier06598: tasks 10048,10050-10055: Terminated
srun: error: frontier08641: tasks 14752-14753,14755-14759: Terminated
srun: error: frontier00186: tasks 296-301,303: Terminated
srun: error: frontier06947: tasks 10944,10946-10951: Terminated
srun: error: frontier07044: tasks 11112-11116,11118-11119: Terminated
srun: error: frontier08706: tasks 14849-14855: Terminated
srun: error: frontier07317: tasks 11745-11751: Terminated
srun: error: frontier07682: tasks 12544,12546-12551: Terminated
srun: error: frontier02866: tasks 5168-5174: Terminated
srun: error: frontier09175: tasks 15648-15653,15655: Terminated
srun: error: frontier03336: tasks 5968-5969,5971-5975: Terminated
srun: error: frontier02068: tasks 3664-3670: Terminated
srun: error: frontier01285: tasks 2160-2165,2167: Terminated
srun: error: frontier06015: tasks 8904-8908,8910-8911: Terminated
srun: error: frontier04733: tasks 7569-7575: Terminated
srun: error: frontier04567: tasks 7400-7402,7404-7407: Terminated
srun: error: frontier09304: tasks 15912-15914,15916-15919: Terminated
srun: error: frontier06488: tasks 9872-9878: Terminated
srun: error: frontier00472: tasks 824-830: Terminated
srun: error: frontier04962: task 7830: Terminated
srun: error: frontier02501: tasks 4560-4566: Terminated
srun: error: frontier06817: task 10669: Terminated
srun: error: frontier04969: tasks 7832-7834,7836-7839: Terminated
srun: error: frontier08389: task 14223: Terminated
srun: error: frontier05767: tasks 8632-8636,8638-8639: Terminated
srun: error: frontier06659: tasks 10232,10234-10239: Terminated
srun: error: frontier05090: tasks 7928-7933,7935: Terminated
srun: error: frontier07579: tasks 12368-12372,12374-12375: Terminated
srun: error: frontier07681: tasks 12536-12537,12539-12543: Terminated
srun: error: frontier01970: tasks 3488-3494: Terminated
srun: error: frontier03639: tasks 6424-6426,6428-6431: Terminated
srun: error: frontier01194: tasks 1984-1985,1987-1991: Terminated
srun: error: frontier06967: tasks 11032-11035,11037-11039: Terminated
srun: error: frontier09470: tasks 16273-16279: Terminated
srun: error: frontier06350: tasks 9528-9534: Terminated
srun: error: frontier07614: task 12526: Terminated
srun: error: frontier07703: tasks 12632-12638: Terminated
srun: error: frontier07046: tasks 11128-11133,11135: Terminated
srun: error: frontier08075: tasks 13432-13438: Terminated
srun: error: frontier02180: tasks 3848-3853,3855: Terminated
srun: error: frontier08195: tasks 13696,13698-13703: Terminated
srun: error: frontier00479: tasks 840-842,844-847: Terminated
srun: error: frontier08977: tasks 15296-15302: Terminated
srun: error: frontier03520: tasks 6248-6253,6255: Terminated
srun: error: frontier05724: tasks 8552-8557,8559: Terminated
srun: error: frontier02617: tasks 4744-4748,4750-4751: Terminated
srun: error: frontier03076: tasks 5544-5547,5549-5551: Terminated
srun: error: frontier08643: tasks 14760-14765,14767: Terminated
srun: error: frontier06614: tasks 10152-10156,10158-10159: Terminated
srun: error: frontier07863: task 13065: Terminated
srun: error: frontier07975: tasks 13256-13258,13260-13263: Terminated
srun: error: frontier05177: tasks 8016-8021,8023: Terminated
srun: error: frontier09149: tasks 15560-15566: Terminated
srun: error: frontier01710: task 2959: Terminated
srun: error: frontier07320: tasks 11752-11753,11755-11759: Terminated
srun: error: frontier05970: tasks 8816-8819,8821-8823: Terminated
srun: error: frontier01129: tasks 1808-1814: Terminated
srun: error: frontier06697: tasks 10416-10421,10423: Terminated
srun: error: frontier08067: task 13423: Terminated
srun: error: frontier07724: tasks 12720-12723,12725-12727: Terminated
srun: error: frontier03834: tasks 6608-6614: Terminated
srun: error: frontier06347: task 9526: Terminated
srun: error: frontier04572: tasks 7408-7410,7412-7415: Terminated
srun: error: frontier00380: tasks 664,666-671: Terminated
srun: error: frontier00476: tasks 833-839: Terminated
srun: error: frontier03382: tasks 6072-6074,6076-6079: Terminated
srun: error: frontier06207: tasks 9176,9178-9183: Terminated
srun: error: frontier00071: tasks 128-129,131-135: Terminated
srun: error: frontier07566: tasks 12280-12285,12287: Terminated
srun: error: frontier01439: tasks 2432-2437,2439: Terminated
srun: error: frontier06161: task 9076: Terminated
srun: error: frontier02995: tasks 5368-5370,5372-5375: Terminated
srun: error: frontier03075: tasks 5536-5540,5542-5543: Terminated
srun: error: frontier03473: tasks 6168-6173,6175: Terminated
srun: error: frontier05614: tasks 8473-8479: Terminated
srun: error: frontier01843: tasks 3232-3233,3235-3239: Terminated
srun: error: frontier02500: task 4559: Terminated
srun: error: frontier00143: tasks 224-227,229-231: Terminated
srun: error: frontier01083: tasks 1729-1735: Terminated
srun: error: frontier03340: task 5978: Terminated
srun: error: frontier04038: task 6846: Terminated
srun: error: frontier02278: tasks 4129-4135: Terminated
srun: error: frontier07446: task 12082: Terminated
srun: error: frontier02819: tasks 5096-5098,5100-5103: Terminated
srun: error: frontier04390: tasks 7232-7233,7235-7239: Terminated
srun: error: frontier07340: tasks 11840-11843,11845-11847: Terminated
srun: error: frontier09472: tasks 16280-16284,16286-16287: Terminated
srun: error: frontier01195: tasks 1992-1997,1999: Terminated
srun: error: frontier08373: tasks 14144-14145,14147-14151: Terminated
srun: error: frontier05345: tasks 8201-8207: Terminated
srun: error: frontier06919: task 10847: Terminated
srun: error: frontier07829: tasks 12904-12908,12910-12911: Terminated
srun: error: frontier05169: task 8007: Terminated
srun: error: frontier08095: tasks 13536-13542: Terminated
srun: error: frontier07313: task 11730: Terminated
srun: error: frontier02089: tasks 3688-3689,3691-3695: Terminated
srun: error: frontier08465: tasks 14336-14338,14340-14343: Terminated
srun: error: frontier03050: task 5526: Terminated
srun: error: frontier08196: tasks 13705-13711: Terminated
srun: error: frontier01193: task 1977: Terminated
srun: error: frontier03470: tasks 6160-6162,6164-6167: Terminated
srun: error: frontier02567: tasks 4656-4662: Terminated
srun: error: frontier03217: task 5778: Terminated
srun: error: frontier08978: tasks 15304-15308,15310-15311: Terminated
srun: error: frontier02959: task 5340: Terminated
srun: error: frontier03025: tasks 5456-5461,5463: Terminated
srun: error: frontier01326: tasks 2256-2262: Terminated
srun: error: frontier00480: tasks 848-849,851-855: Terminated
srun: error: frontier02017: task 3578: Terminated
srun: error: frontier01543: tasks 2616-2619,2621-2623: Terminated
srun: error: frontier08671: task 14831: Terminated
srun: error: frontier06616: tasks 10160-10163,10165-10167: Terminated
srun: error: frontier09172: task 15630: Terminated
srun: error: frontier03077: tasks 5552-5555,5557-5559: Terminated
srun: error: frontier00668: task 1173: Terminated
srun: error: frontier06709: task 10485: Terminated
srun: error: frontier03258: tasks 5816-5817,5819-5823: Terminated
srun: error: frontier06672: task 10312: Terminated
srun: error: frontier07993: task 13326: Terminated
srun: error: frontier08795: task 15012: Terminated
srun: error: frontier08472: task 14388: Terminated
srun: error: frontier03986: task 6765: Terminated
srun: error: frontier09186: tasks 15664-15669,15671: Terminated
srun: error: frontier00067: task 117: Terminated
srun: error: frontier08092: tasks 13528-13533,13535: Terminated
srun: error: frontier06797: task 10576: Terminated
srun: error: frontier02866: task 5175: Terminated
srun: error: frontier02357: task 4272: Terminated
srun: error: frontier09228: tasks 15760-15764,15766-15767: Terminated
srun: error: frontier01714: tasks 2976-2977,2979-2983: Terminated
srun: error: frontier07564: task 12267: Terminated
srun: error: frontier07809: tasks 12824-12828,12830-12831: Terminated
srun: error: frontier01732: task 3033: Terminated
srun: error: frontier04727: task 7564: Terminated
srun: error: frontier08112: tasks 13624-13628,13630-13631: Terminated
srun: error: frontier06560: task 9965: Terminated
srun: error: frontier04062: tasks 6880-6881,6883-6887: Terminated
srun: error: frontier03383: tasks 6080-6083,6085-6087: Terminated
srun: error: frontier00078: tasks 136-141,143: Terminated
srun: error: frontier03336: task 5970: Terminated
srun: error: frontier02996: tasks 5376-5382: Terminated
srun: error: frontier04888: task 7736: Terminated
srun: error: frontier05618: tasks 8480-8486: Terminated
srun: error: frontier05767: task 8637: Terminated
srun: error: frontier04899: task 7749: Terminated
srun: error: frontier05086: task 7923: Terminated
srun: error: frontier07824: task 12885: Terminated
srun: error: frontier04303: tasks 7144,7146-7151: Terminated
srun: error: frontier08507: tasks 14520-14522,14524-14527: Terminated
srun: error: frontier00516: task 900: Terminated
srun: error: frontier07586: tasks 12384-12386,12388-12391: Terminated
srun: error: frontier08495: task 14480: Terminated
srun: error: frontier00472: task 831: Terminated
srun: error: frontier00246: tasks 400-402,404-407: Terminated
srun: error: frontier02154: task 3837: Terminated
srun: error: frontier00593: tasks 1032-1037,1039: Terminated
srun: error: frontier04107: task 6937: Terminated
srun: error: frontier03618: task 6407: Terminated
srun: error: frontier10113: tasks 16289-16295: Terminated
srun: error: frontier02723: tasks 4936,4938-4943: Terminated
srun: error: frontier08249: task 13949: Terminated
srun: error: frontier07232: task 11641: Terminated
srun: error: frontier01198: tasks 2000-2001,2003-2007: Terminated
srun: error: frontier09344: task 15997: Terminated
srun: error: frontier01350: task 2335: Terminated
srun: error: frontier08952: task 15287: Terminated
srun: error: frontier03280: tasks 5904-5905,5907-5911: Terminated
srun: error: frontier09462: task 16248: Terminated
srun: error: frontier09161: tasks 15584-15585,15587-15591: Terminated
srun: error: frontier09225: tasks 15752-15756,15758-15759: Terminated
srun: error: frontier06411: tasks 9640-9646: Terminated
srun: error: frontier01340: task 2327: Terminated
srun: error: frontier09287: tasks 15848-15852,15854-15855: Terminated
srun: error: frontier01219: tasks 2096-2098,2100-2103: Terminated
srun: error: frontier00740: task 1258: Terminated
srun: error: frontier06802: tasks 10608-10611,10613-10615: Terminated
srun: error: frontier03329: task 5966: Terminated
srun: error: frontier07176: tasks 11408-11413,11415: Terminated
srun: error: frontier08237: task 13868: Terminated
srun: error: frontier02948: tasks 5296-5301,5303: Terminated
srun: error: frontier01970: task 3495: Terminated
srun: error: frontier08075: task 13439: Terminated
srun: error: frontier08979: tasks 15312-15317,15319: Terminated
srun: error: frontier00186: task 302: Terminated
srun: error: frontier06798: task 10584: Terminated
srun: error: frontier02636: task 4823: Terminated
srun: error: frontier04232: tasks 7064-7068,7070-7071: Terminated
srun: error: frontier08641: task 14754: Terminated
srun: error: frontier00200: tasks 320-326: Terminated
srun: error: frontier08217: task 13772: Terminated
srun: error: frontier05885: task 8724: Terminated
srun: error: frontier08706: task 14848: Terminated
srun: error: frontier06163: task 9085: Terminated
srun: error: frontier06211: tasks 9200,9202-9207: Terminated
srun: error: frontier01799: task 3124: Terminated
srun: error: frontier09040: tasks 15408-15413,15415: Terminated
srun: error: frontier05836: tasks 8664-8669,8671: Terminated
srun: error: frontier08242: tasks 13904-13907,13909-13911: Terminated
srun: error: frontier01959: tasks 3424-3425,3427-3431: Terminated
srun: error: frontier09084: task 15466: Terminated
srun: error: frontier05539: tasks 8401-8407: Terminated
srun: error: frontier01185: tasks 1920-1925,1927: Terminated
srun: error: frontier08360: tasks 14072-14074,14076-14079: Terminated
srun: error: frontier06952: tasks 10968-10974: Terminated
srun: error: frontier02180: task 3854: Terminated
srun: error: frontier07691: tasks 12568-12574: Terminated
srun: error: frontier00261: tasks 416-420,422-423: Terminated
srun: error: frontier00366: task 646: Terminated
srun: error: frontier08005: tasks 13368-13372,13374-13375: Terminated
srun: error: frontier09187: tasks 15672-15674,15676-15679: Terminated
srun: error: frontier08195: task 13697: Terminated
srun: error: frontier02481: tasks 4488-4491,4493-4495: Terminated
srun: error: frontier08716: tasks 14872-14874,14876-14879: Terminated
srun: error: frontier01289: tasks 2184-2186,2188-2191: Terminated
srun: error: frontier03126: task 5617: Terminated
srun: error: frontier06974: tasks 11064-11065,11067-11071: Terminated
srun: error: frontier02179: task 3843: Terminated
srun: error: frontier08907: task 15194: Terminated
srun: error: frontier03270: task 5883: Terminated
srun: error: frontier08473: task 14399: Terminated
srun: error: frontier03394: tasks 6088-6089,6091-6095: Terminated
srun: error: frontier07355: task 11921: Terminated
srun: error: frontier00909: tasks 1480-1482,1484-1487: Terminated
srun: error: frontier09175: task 15654: Terminated
srun: error: frontier06480: tasks 9824-9829,9831: Terminated
srun: error: frontier00093: tasks 144-150: Terminated
srun: error: frontier03520: task 6254: Terminated
srun: error: frontier05337: task 8188: Terminated
srun: error: frontier02187: tasks 3880-3882,3884-3887: Terminated
srun: error: frontier00134: task 203: Terminated
srun: error: frontier01353: task 2337: Terminated
srun: error: frontier09371: tasks 16032-16033,16035-16039: Terminated
srun: error: frontier02589: tasks 4681-4687: Terminated
srun: error: frontier02617: task 4749: Terminated
srun: error: frontier03639: task 6427: Terminated
srun: error: frontier04922: tasks 7784-7786,7788-7791: Terminated
srun: error: frontier01481: tasks 2544-2549,2551: Terminated
srun: error: frontier07317: task 11744: Terminated
srun: error: frontier07681: task 12538: Terminated
srun: error: frontier09090: tasks 15497-15503: Terminated
srun: error: frontier05090: task 7934: Terminated
srun: error: frontier03076: task 5548: Terminated
srun: error: frontier03037: tasks 5480-5486: Terminated
srun: error: frontier06598: task 10049: Terminated
srun: error: frontier03147: tasks 5648-5649,5651-5655: Terminated
srun: error: frontier07169: task 11387: Terminated
srun: error: frontier10114: tasks 16296-16302: Terminated
srun: error: frontier06614: task 10157: Terminated
srun: error: frontier04393: tasks 7248-7252,7254-7255: Terminated
srun: error: frontier06363: tasks 9552-9553,9555-9559: Terminated
srun: error: frontier07342: tasks 11856-11861,11863: Terminated
srun: error: frontier05902: tasks 8752-8756,8758-8759: Terminated
srun: error: frontier07300: tasks 11688,11690-11695: Terminated
srun: error: frontier06920: task 10852: Terminated
srun: error: frontier08653: tasks 14792-14793,14795-14799: Terminated
srun: error: frontier03205: tasks 5744,5746-5751: Terminated
srun: error: frontier06488: task 9879: Terminated
srun: error: frontier05970: task 8820: Terminated
srun: error: frontier07044: task 11117: Terminated
srun: error: frontier06659: task 10233: Terminated
srun: error: frontier06947: task 10945: Terminated
srun: error: frontier01285: task 2166: Terminated
srun: error: frontier06196: tasks 9112-9114,9116-9119: Terminated
srun: error: frontier06015: task 8909: Terminated
srun: error: frontier07682: task 12545: Terminated
srun: error: frontier04567: task 7403: Terminated
srun: error: frontier09304: task 15915: Terminated
srun: error: frontier07724: task 12724: Terminated
srun: error: frontier07442: tasks 12048-12049,12051-12055: Terminated
srun: error: frontier04733: task 7568: Terminated
srun: error: frontier02068: task 3671: Terminated
srun: error: frontier02501: task 4567: Terminated
srun: error: frontier03834: task 6615: Terminated
srun: error: frontier09418: tasks 16120-16125,16127: Terminated
srun: error: frontier04969: task 7835: Terminated
srun: error: frontier02224: tasks 3969-3975: Terminated
srun: error: frontier03091: tasks 5568-5571,5573-5575: Terminated
srun: error: frontier04572: task 7411: Terminated
srun: error: frontier01858: tasks 3264-3268,3270-3271: Terminated
srun: error: frontier06586: tasks 10008-10013,10015: Terminated
srun: error: frontier06618: tasks 10176-10182: Terminated
srun: error: frontier05177: task 8022: Terminated
srun: error: frontier06913: tasks 10808-10810,10812-10815: Terminated
srun: error: frontier06494: tasks 9912-9918: Terminated
srun: error: frontier07571: tasks 12312-12315,12317-12319: Terminated
srun: error: frontier00476: task 832: Terminated
srun: error: frontier01962: tasks 3432-3433,3435-3439: Terminated
srun: error: frontier06954: tasks 10976-10981,10983: Terminated
srun: error: frontier05837: tasks 8672-8678: Terminated
srun: error: frontier08243: tasks 13912-13914,13916-13919: Terminated
srun: error: frontier07325: tasks 11777-11783: Terminated
srun: error: frontier06664: tasks 10272-10278: Terminated
srun: error: frontier07046: task 11134: Terminated
srun: error: frontier08717: tasks 14880,14882-14887: Terminated
srun: error: frontier07320: task 11754: Terminated
srun: error: frontier06350: task 9535: Terminated
srun: error: frontier07579: task 12373: Terminated
srun: error: frontier02759: tasks 5032-5038: Terminated
srun: error: frontier09470: task 16272: Terminated
srun: error: frontier06207: task 9177: Terminated
srun: error: frontier05906: tasks 8768-8769,8771-8775: Terminated
srun: error: frontier01194: task 1986: Terminated
srun: error: frontier07345: tasks 11872-11873,11875-11879: Terminated
srun: error: frontier03838: tasks 6632,6634-6639: Terminated
srun: error: frontier02374: tasks 4328-4329,4331-4335: Terminated
srun: error: frontier07703: task 12639: Terminated
srun: error: frontier04593: tasks 7432-7436,7438-7439: Terminated
srun: error: frontier06967: task 11036: Terminated
srun: error: frontier07815: tasks 12840-12841,12843-12847: Terminated
srun: error: frontier03395: tasks 6097-6103: Terminated
srun: error: frontier00097: tasks 153-159: Terminated
srun: error: frontier07087: tasks 11336-11342: Terminated
srun: error: frontier03473: task 6174: Terminated
srun: error: frontier02523: tasks 4592-4595,4597-4599: Terminated
srun: error: frontier01843: task 3234: Terminated
srun: error: frontier07975: task 13259: Terminated
srun: error: frontier04699: tasks 7529-7535: Terminated
srun: error: frontier01765: tasks 3088-3094: Terminated
srun: error: frontier00971: tasks 1584-1587,1589-1591: Terminated
srun: error: frontier08921: tasks 15240-15245,15247: Terminated
srun: error: frontier06808: tasks 10632-10635,10637-10639: Terminated
srun: error: frontier06238: tasks 9296-9300,9302-9303: Terminated
srun: error: frontier05361: tasks 8232-8238: Terminated
srun: error: frontier00143: task 228: Terminated
srun: error: frontier00479: task 843: Terminated
srun: error: frontier07957: tasks 13200-13205,13207: Terminated
srun: error: frontier07591: tasks 12400-12403,12405-12407: Terminated
srun: error: frontier06606: tasks 10097-10103: Terminated
srun: error: frontier05724: task 8558: Terminated
srun: error: frontier02311: tasks 4152-4156,4158-4159: Terminated
srun: error: frontier08977: task 15303: Terminated
srun: error: frontier08659: tasks 14800-14801,14803-14807: Terminated
srun: error: frontier06620: tasks 10193-10199: Terminated
srun: error: frontier08643: task 14766: Terminated
srun: error: frontier06697: task 10422: Terminated
srun: error: frontier00788: tasks 1312-1316,1318-1319: Terminated
srun: error: frontier03209: tasks 5752-5758: Terminated
srun: error: frontier03772: tasks 6552-6555,6557-6559: Terminated
srun: error: frontier03075: task 5541: Terminated
srun: error: frontier07984: tasks 13296-13301,13303: Terminated
srun: error: frontier01129: task 1815: Terminated
srun: error: frontier05994: tasks 8856-8858,8860-8863: Terminated
srun: error: frontier07053: tasks 11160-11162,11164-11167: Terminated
srun: error: frontier04390: task 7234: Terminated
srun: error: frontier07340: task 11844: Terminated
srun: error: frontier06415: tasks 9656-9660,9662-9663: Terminated
srun: error: frontier02819: task 5099: Terminated
srun: error: frontier09149: task 15567: Terminated
srun: error: frontier00071: task 130: Terminated
srun: error: frontier07566: task 12286: Terminated
srun: error: frontier04521: tasks 7352-7358: Terminated
srun: error: frontier02278: task 4128: Terminated
srun: error: frontier08101: tasks 13560-13563,13565-13567: Terminated
srun: error: frontier00964: tasks 1576,1578-1583: Terminated
srun: error: frontier01719: tasks 3008-3011,3013-3015: Terminated
srun: error: frontier05345: task 8200: Terminated
srun: error: frontier04021: tasks 6816-6817,6819-6823: Terminated
srun: error: frontier06197: tasks 9121-9127: Terminated
srun: error: frontier06541: tasks 9920-9925,9927: Terminated
srun: error: frontier04784: tasks 7616-7621,7623: Terminated
srun: error: frontier07478: tasks 12224-12230: Terminated
srun: error: frontier09472: task 16285: Terminated
srun: error: frontier01083: task 1728: Terminated
srun: error: frontier00380: task 665: Terminated
srun: error: frontier04087: tasks 6912-6917,6919: Terminated
srun: error: frontier06829: tasks 10720-10725,10727: Terminated
srun: error: frontier03382: task 6075: Terminated
srun: error: frontier00122: tasks 168-172,174-175: Terminated
srun: error: frontier02995: task 5371: Terminated
srun: error: frontier01439: task 2438: Terminated
srun: error: frontier02628: tasks 4777-4783: Terminated
srun: error: frontier07829: task 12909: Terminated
srun: error: frontier08373: task 14146: Terminated
srun: error: frontier08095: task 13543: Terminated
srun: error: frontier04351: tasks 7176-7178,7180-7183: Terminated
srun: error: frontier05614: task 8472: Terminated
srun: error: frontier08009: tasks 13384-13389,13391: Terminated
srun: error: frontier01205: tasks 2032-2033,2035-2039: Terminated
srun: error: frontier01195: task 1998: Terminated
srun: error: frontier09196: tasks 15688-15694: Terminated
srun: error: frontier07718: tasks 12680-12683,12685-12687: Terminated
srun: error: frontier08465: task 14339: Terminated
srun: error: frontier01718: tasks 3000-3005,3007: Terminated
srun: error: frontier06791: tasks 10544-10546,10548-10551: Terminated
srun: error: frontier02567: task 4663: Terminated
srun: error: frontier03025: task 5462: Terminated
srun: error: frontier08978: task 15309: Terminated
srun: error: frontier00480: task 850: Terminated
srun: error: frontier08490: tasks 14448-14453,14455: Terminated
srun: error: frontier03923: tasks 6736-6741,6743: Terminated
srun: error: frontier08926: tasks 15248-15249,15251-15255: Terminated
srun: error: frontier01326: task 2263: Terminated
srun: error: frontier01098: tasks 1760-1765,1767: Terminated
srun: error: frontier06199: tasks 9136-9142: Terminated
srun: error: frontier09373: tasks 16048-16053,16055: Terminated
srun: error: frontier02593: tasks 4696-4697,4699-4703: Terminated
srun: error: frontier00161: tasks 257-263: Terminated
srun: error: frontier01543: task 2620: Terminated
srun: error: frontier02194: tasks 3896-3901,3903: Terminated
srun: error: frontier01418: tasks 2392-2395,2397-2399: Terminated
srun: error: frontier07592: tasks 12408,12410-12415: Terminated
srun: error: frontier02089: task 3690: Terminated
srun: error: frontier03470: task 6163: Terminated
srun: error: frontier08196: task 13704: Terminated
srun: error: frontier06616: task 10164: Terminated
srun: error: frontier04246: tasks 7096-7101,7103: Terminated
srun: error: frontier02312: tasks 4160-4164,4166-4167: Terminated
srun: error: frontier03077: task 5556: Terminated
srun: error: frontier00222: tasks 352-356,358-359: Terminated
srun: error: frontier07611: tasks 12504-12510: Terminated
srun: error: frontier08661: tasks 14808-14809,14811-14815: Terminated
srun: error: frontier07985: tasks 13304-13307,13309-13311: Terminated
srun: error: frontier08366: tasks 14104,14106-14111: Terminated
srun: error: frontier06684: tasks 10368-10372,10374-10375: Terminated
srun: error: frontier05995: tasks 8864-8867,8869-8871: Terminated
srun: error: frontier08829: tasks 15072-15075,15077-15079: Terminated
srun: error: frontier03865: tasks 6656-6662: Terminated
srun: error: frontier03258: task 5818: Terminated
srun: error: frontier01720: tasks 3016-3022: Terminated
srun: error: frontier09186: task 15670: Terminated
srun: error: frontier02953: tasks 5320-5323,5325-5327: Terminated
srun: error: frontier08092: task 13534: Terminated
srun: error: frontier02229: tasks 3984-3987,3989-3991: Terminated
srun: error: frontier07855: tasks 13032-13033,13035-13039: Terminated
srun: error: frontier02890: tasks 5224-5229,5231: Terminated
srun: error: frontier01714: task 2978: Terminated
srun: error: frontier09228: task 15765: Terminated
srun: error: frontier05698: tasks 8520-8521,8523-8527: Terminated
srun: error: frontier07809: task 12829: Terminated
srun: error: frontier08112: task 13629: Terminated
srun: error: frontier03383: task 6084: Terminated
srun: error: frontier04062: task 6882: Terminated
srun: error: frontier10146: tasks 16328-16329,16331-16335: Terminated
srun: error: frontier00391: tasks 704-707,709-711: Terminated
srun: error: frontier01206: tasks 2040-2044,2046-2047: Terminated
srun: error: frontier00078: task 142: Terminated
srun: error: frontier02996: task 5383: Terminated
srun: error: frontier08453: tasks 14288-14292,14294-14295: Terminated
srun: error: frontier06148: tasks 9048-9051,9053-9055: Terminated
srun: error: frontier05618: task 8487: Terminated
srun: error: frontier01797: tasks 3104-3108,3110-3111: Terminated
srun: error: frontier05482: tasks 8344-8348,8350-8351: Terminated
srun: error: frontier03489: tasks 6208,6210-6215: Terminated
srun: error: frontier01996: tasks 3544-3550: Terminated
srun: error: frontier06815: tasks 10648-10649,10651-10655: Terminated
srun: error: frontier05697: tasks 8512-8517,8519: Terminated
srun: error: frontier02601: tasks 4704-4708,4710-4711: Terminated
srun: error: frontier08507: task 14523: Terminated
srun: error: frontier01419: tasks 2400-2406: Terminated
srun: error: frontier07190: tasks 11448-11452,11454-11455: Terminated
srun: error: frontier09383: tasks 16056-16058,16060-16063: Terminated
srun: error: frontier04303: task 7145: Terminated
srun: error: frontier08577: tasks 14552-14557,14559: Terminated
srun: error: frontier00605: tasks 1064-1069,1071: Terminated
srun: error: frontier07586: task 12387: Terminated
srun: error: frontier00169: tasks 264-267,269-271: Terminated
srun: error: frontier09011: tasks 15352-15355,15357-15359: Terminated
srun: error: frontier02314: tasks 4168-4172,4174-4175: Terminated
srun: error: frontier00246: task 403: Terminated
srun: error: frontier04434: tasks 7272-7273,7275-7279: Terminated
srun: error: frontier05762: tasks 8608-8612,8614-8615: Terminated
srun: error: frontier00593: task 1038: Terminated
srun: error: frontier00223: tasks 360-363,365-367: Terminated
srun: error: frontier06651: tasks 10208-10214: Terminated
srun: error: frontier10113: task 16288: Terminated
srun: error: frontier02723: task 4937: Terminated
srun: error: frontier01198: task 2002: Terminated
srun: error: frontier07334: tasks 11808-11814: Terminated
srun: error: frontier06708: tasks 10472-10475,10477-10479: Terminated
srun: error: frontier04028: tasks 6833-6839: Terminated
srun: error: frontier03363: tasks 6032-6037,6039: Terminated
srun: error: frontier03866: tasks 6664-6668,6670-6671: Terminated
srun: error: frontier03280: task 5906: Terminated
srun: error: frontier01318: tasks 2224-2229,2231: Terminated
srun: error: frontier02493: tasks 4528-4532,4534-4535: Terminated
srun: error: frontier09161: task 15586: Terminated
srun: error: frontier02957: tasks 5328-5333,5335: Terminated
srun: error: frontier09225: task 15757: Terminated
srun: error: frontier05578: tasks 8432-8438: Terminated
srun: error: frontier07822: tasks 12872-12873,12875-12879: Terminated
srun: error: frontier00929: tasks 1520-1522,1524-1527: Terminated
srun: error: frontier08494: tasks 14472-14473,14475-14479: Terminated
srun: error: frontier04098: tasks 6928-6932,6934-6935: Terminated
srun: error: frontier06411: task 9647: Terminated
srun: error: frontier01219: task 2099: Terminated
srun: error: frontier09397: tasks 16072-16077,16079: Terminated
srun: error: frontier01117: tasks 1784-1787,1789-1791: Terminated
srun: error: frontier08248: tasks 13936-13942: Terminated
srun: error: frontier03502: tasks 6224-6227,6229-6231: Terminated
srun: error: frontier00580: tasks 984-990: Terminated
srun: error: frontier06802: task 10612: Terminated
srun: error: frontier09287: task 15853: Terminated
srun: error: frontier06343: tasks 9496-9500,9502-9503: Terminated
srun: error: frontier02012: tasks 3552-3554,3556-3559: Terminated
srun: error: frontier08065: tasks 13400-13403,13405-13407: Terminated
srun: error: frontier07176: task 11414: Terminated
srun: error: frontier08341: tasks 14033-14039: Terminated
srun: error: frontier07351: tasks 11896-11897,11899-11903: Terminated
srun: error: frontier02847: tasks 5152-5158: Terminated
srun: error: frontier02390: tasks 4352-4354,4356-4359: Terminated
srun: error: frontier05247: tasks 8088-8089,8091-8095: Terminated
srun: error: frontier02948: task 5302: Terminated
srun: error: frontier03327: tasks 5952-5953,5955-5959: Terminated
srun: error: frontier06690: tasks 10393-10399: Terminated
srun: error: frontier06151: tasks 9056-9061,9063: Terminated
srun: error: frontier07105: tasks 11360-11366: Terminated
srun: error: frontier00005: tasks 8-9,11-15: Terminated
srun: error: frontier08979: task 15318: Terminated
srun: error: frontier05485: tasks 8352-8354,8356-8359: Terminated
srun: error: frontier07839: tasks 12960-12965,12967: Terminated
srun: error: frontier09385: tasks 16064-16067,16069-16071: Terminated
srun: error: frontier04232: task 7069: Terminated
srun: error: frontier07191: tasks 11456-11461,11463: Terminated
srun: error: frontier06211: task 9201: Terminated
srun: error: frontier00200: task 327: Terminated
srun: error: frontier03049: tasks 5513-5519: Terminated
srun: error: frontier05539: task 8400: Terminated
srun: error: frontier07214: tasks 11553-11559: Terminated
srun: error: frontier08236: tasks 13856-13860,13862-13863: Terminated
srun: error: frontier01165: tasks 1872-1873,1875-1879: Terminated
srun: error: frontier09040: task 15414: Terminated
srun: error: frontier05836: task 8670: Terminated
srun: error: frontier01959: task 3426: Terminated
srun: error: frontier02232: tasks 4008-4011,4013-4015: Terminated
srun: error: frontier09431: tasks 16160-16163,16165-16167: Terminated
srun: error: frontier01185: task 1926: Terminated
srun: error: frontier06952: task 10975: Terminated
srun: error: frontier08360: task 14075: Terminated
srun: error: frontier00261: task 421: Terminated
srun: error: frontier07691: task 12575: Terminated
srun: error: frontier08242: task 13908: Terminated
srun: error: frontier08005: task 13373: Terminated
srun: error: frontier08716: task 14875: Terminated
srun: error: frontier09187: task 15675: Terminated
srun: error: frontier06974: task 11066: Terminated
srun: error: frontier02481: task 4492: Terminated
srun: error: frontier01289: task 2187: Terminated
srun: error: frontier03394: task 6090: Terminated
srun: error: frontier00909: task 1483: Terminated
srun: error: frontier06480: task 9830: Terminated
srun: error: frontier00093: task 151: Terminated
srun: error: frontier02187: task 3883: Terminated
srun: error: frontier09371: task 16034: Terminated
srun: error: frontier02589: task 4680: Terminated
srun: error: frontier01481: task 2550: Terminated
srun: error: frontier04922: task 7787: Terminated
srun: error: frontier03037: task 5487: Terminated
srun: error: frontier09090: task 15496: Terminated
srun: error: frontier03147: task 5650: Terminated
srun: error: frontier10114: task 16303: Terminated
srun: error: frontier05902: task 8757: Terminated
srun: error: frontier04393: task 7253: Terminated
srun: error: frontier06363: task 9554: Terminated
srun: error: frontier07342: task 11862: Terminated
srun: error: frontier07300: task 11689: Terminated
srun: error: frontier08653: task 14794: Terminated
srun: error: frontier03205: task 5745: Terminated
srun: error: frontier06196: task 9115: Terminated
srun: error: frontier07442: task 12050: Terminated
srun: error: frontier09418: task 16126: Terminated
srun: error: frontier06494: task 9919: Terminated
srun: error: frontier02224: task 3968: Terminated
srun: error: frontier03091: task 5572: Terminated
srun: error: frontier06586: task 10014: Terminated
srun: error: frontier01858: task 3269: Terminated
srun: error: frontier06618: task 10183: Terminated
srun: error: frontier07571: task 12316: Terminated
srun: error: frontier06913: task 10811: Terminated
srun: error: frontier01962: task 3434: Terminated
srun: error: frontier06954: task 10982: Terminated
srun: error: frontier05837: task 8679: Terminated
srun: error: frontier08243: task 13915: Terminated
srun: error: frontier07325: task 11776: Terminated
srun: error: frontier06664: task 10279: Terminated
srun: error: frontier08717: task 14881: Terminated
srun: error: frontier02759: task 5039: Terminated
srun: error: frontier05906: task 8770: Terminated
srun: error: frontier03838: task 6633: Terminated
srun: error: frontier07345: task 11874: Terminated
srun: error: frontier02374: task 4330: Terminated
srun: error: frontier04593: task 7437: Terminated
srun: error: frontier07815: task 12842: Terminated
srun: error: frontier03395: task 6096: Terminated
srun: error: frontier07087: task 11343: Terminated
srun: error: frontier02523: task 4596: Terminated
srun: error: frontier00097: task 152: Terminated
srun: error: frontier04699: task 7528: Terminated
srun: error: frontier05361: task 8239: Terminated
srun: error: frontier01765: task 3095: Terminated
srun: error: frontier08921: task 15246: Terminated
srun: error: frontier00971: task 1588: Terminated
srun: error: frontier06808: task 10636: Terminated
srun: error: frontier06238: task 9301: Terminated
srun: error: frontier07591: task 12404: Terminated
srun: error: frontier06606: task 10096: Terminated
srun: error: frontier07957: task 13206: Terminated
srun: error: frontier02311: task 4157: Terminated
srun: error: frontier08659: task 14802: Terminated
srun: error: frontier06620: task 10192: Terminated
srun: error: frontier03209: task 5759: Terminated
srun: error: frontier00788: task 1317: Terminated
srun: error: frontier07984: task 13302: Terminated
srun: error: frontier03772: task 6556: Terminated
srun: error: frontier05994: task 8859: Terminated
srun: error: frontier07053: task 11163: Terminated
srun: error: frontier06415: task 9661: Terminated
srun: error: frontier04521: task 7359: Terminated
srun: error: frontier08101: task 13564: Terminated
srun: error: frontier00964: task 1577: Terminated
srun: error: frontier04021: task 6818: Terminated
srun: error: frontier06197: task 9120: Terminated
srun: error: frontier01719: task 3012: Terminated
srun: error: frontier06541: task 9926: Terminated
srun: error: frontier04784: task 7622: Terminated
srun: error: frontier07478: task 12231: Terminated
srun: error: frontier06829: task 10726: Terminated
srun: error: frontier04087: task 6918: Terminated
srun: error: frontier00122: task 173: Terminated
srun: error: frontier02628: task 4776: Terminated
srun: error: frontier04351: task 7179: Terminated
srun: error: frontier08009: task 13390: Terminated
srun: error: frontier09196: task 15695: Terminated
srun: error: frontier01205: task 2034: Terminated
srun: error: frontier07718: task 12684: Terminated
srun: error: frontier01718: task 3006: Terminated
srun: error: frontier06791: task 10547: Terminated
srun: error: frontier03923: task 6742: Terminated
srun: error: frontier08490: task 14454: Terminated
srun: error: frontier08926: task 15250: Terminated
srun: error: frontier01098: task 1766: Terminated
srun: error: frontier06199: task 9143: Terminated
srun: error: frontier09373: task 16054: Terminated
srun: error: frontier02194: task 3902: Terminated
srun: error: frontier02593: task 4698: Terminated
srun: error: frontier01418: task 2396: Terminated
srun: error: frontier00161: task 256: Terminated
srun: error: frontier07592: task 12409: Terminated
srun: error: frontier04246: task 7102: Terminated
srun: error: frontier02312: task 4165: Terminated
srun: error: frontier00222: task 357: Terminated
srun: error: frontier07611: task 12511: Terminated
srun: error: frontier08661: task 14810: Terminated
srun: error: frontier07985: task 13308: Terminated
srun: error: frontier06684: task 10373: Terminated
srun: error: frontier05995: task 8868: Terminated
srun: error: frontier08366: task 14105: Terminated
srun: error: frontier08829: task 15076: Terminated
srun: error: frontier03865: task 6663: Terminated
srun: error: frontier02890: task 5230: Terminated
srun: error: frontier01720: task 3023: Terminated
srun: error: frontier02953: task 5324: Terminated
srun: error: frontier07855: task 13034: Terminated
srun: error: frontier02229: task 3988: Terminated
srun: error: frontier05698: task 8522: Terminated
srun: error: frontier10146: task 16330: Terminated
srun: error: frontier01206: task 2045: Terminated
srun: error: frontier00391: task 708: Terminated
srun: error: frontier01996: task 3551: Terminated
srun: error: frontier08453: task 14293: Terminated
srun: error: frontier06148: task 9052: Terminated
srun: error: frontier01797: task 3109: Terminated
srun: error: frontier05482: task 8349: Terminated
srun: error: frontier06815: task 10650: Terminated
srun: error: frontier03489: task 6209: Terminated
srun: error: frontier05697: task 8518: Terminated
srun: error: frontier09383: task 16059: Terminated
srun: error: frontier07190: task 11453: Terminated
srun: error: frontier02601: task 4709: Terminated
srun: error: frontier01419: task 2407: Terminated
srun: error: frontier08577: task 14558: Terminated
srun: error: frontier00169: task 268: Terminated
srun: error: frontier00605: task 1070: Terminated
srun: error: frontier09011: task 15356: Terminated
srun: error: frontier02314: task 4173: Terminated
srun: error: frontier05762: task 8613: Terminated
srun: error: frontier04434: task 7274: Terminated
srun: error: frontier00223: task 364: Terminated
srun: error: frontier06651: task 10215: Terminated
srun: error: frontier07334: task 11815: Terminated
srun: error: frontier06708: task 10476: Terminated
srun: error: frontier03363: task 6038: Terminated
srun: error: frontier03866: task 6669: Terminated
srun: error: frontier04028: task 6832: Terminated
srun: error: frontier01318: task 2230: Terminated
srun: error: frontier02493: task 4533: Terminated
srun: error: frontier02957: task 5334: Terminated
srun: error: frontier07822: task 12874: Terminated
srun: error: frontier05578: task 8439: Terminated
srun: error: frontier00929: task 1523: Terminated
srun: error: frontier08494: task 14474: Terminated
srun: error: frontier04098: task 6933: Terminated
srun: error: frontier09397: task 16078: Terminated
srun: error: frontier00580: task 991: Terminated
srun: error: frontier03502: task 6228: Terminated
srun: error: frontier01117: task 1788: Terminated
srun: error: frontier08248: task 13943: Terminated
srun: error: frontier06343: task 9501: Terminated
srun: error: frontier02012: task 3555: Terminated
srun: error: frontier08065: task 13404: Terminated
srun: error: frontier07351: task 11898: Terminated
srun: error: frontier02390: task 4355: Terminated
srun: error: frontier02847: task 5159: Terminated
srun: error: frontier05247: task 8090: Terminated
srun: error: frontier06690: task 10392: Terminated
srun: error: frontier03327: task 5954: Terminated
srun: error: frontier08341: task 14032: Terminated
srun: error: frontier06151: task 9062: Terminated
srun: error: frontier07105: task 11367: Terminated
srun: error: frontier00005: task 10: Terminated
srun: error: frontier05485: task 8355: Terminated
srun: error: frontier07839: task 12966: Terminated
srun: error: frontier09385: task 16068: Terminated
srun: error: frontier07191: task 11462: Terminated
srun: error: frontier03049: task 5512: Terminated
srun: error: frontier07214: task 11552: Terminated
srun: error: frontier08236: task 13861: Terminated
srun: error: frontier01165: task 1874: Terminated
srun: error: frontier02232: task 4012: Terminated
srun: error: frontier09431: task 16164: Terminated
srun: Force Terminated StepId=4396477.2
Pynamic: Version 1.3.3
Pynamic: run on 04/15/26 13:02:23 with 16384 MPI tasks

Pynamic: driver beginning... now importing modules
Pynamic: driver finished importing all modules..
Pynamic: module import time = 76.67919397354126 secs
Pynamic: module test passed!

+ for i in $(seq 1 5)
+ srun -N 2048 -n 16384 -c 7 -t 10 --ntasks-per-node=8 --gpus-per-node=8 --gpu-bind=closest /lustre/orion/stf243/world-shared/hagertnl/CUG26/benchmark_builds/pynamic/pynamic-pyMPI-2.6a1_util_495_280//pynamic-bigexe-mpi4py pynamic_driver_mpi4py.py
+ grep -v 'rank -'
srun: Job 4396477 step creation temporarily disabled, retrying (Requested nodes are busy)
srun: Step created for StepId=4396477.3
Pynamic: Version 1.3.3
Pynamic: run on 04/15/26 13:15:45 with 16384 MPI tasks

Pynamic: driver beginning... now importing modules
Pynamic: driver finished importing all modules..
Pynamic: module import time = 32.601593017578125 secs
Pynamic: module test passed!

+ for i in $(seq 1 5)
+ srun -N 2048 -n 16384 -c 7 -t 10 --ntasks-per-node=8 --gpus-per-node=8 --gpu-bind=closest /lustre/orion/stf243/world-shared/hagertnl/CUG26/benchmark_builds/pynamic/pynamic-pyMPI-2.6a1_util_495_280//pynamic-bigexe-mpi4py pynamic_driver_mpi4py.py
+ grep -v 'rank -'
srun: Step created for StepId=4396477.4
Pynamic: Version 1.3.3
Pynamic: run on 04/15/26 13:20:11 with 16384 MPI tasks

Pynamic: driver beginning... now importing modules
Pynamic: driver finished importing all modules..
Pynamic: module import time = 49.14493918418884 secs
Pynamic: module test passed!

+ set +x
