+ '[' -z '' ']'
+ case "$-" in
+ __lmod_vx=x
+ '[' -n x ']'
+ set +x
Shell debugging temporarily silenced: export LMOD_SH_DBG_ON=1 for this output (/opt/cray/pe/lmod/lmod/init/bash)
Shell debugging restarted
+ unset __lmod_vx
+ cd /lustre/orion/stf243/world-shared/wcastil/Experiments/CUG26/copper_run/python-pytorch
+ module load ums ums046 copper
+ '[' -z '' ']'
+ case "$-" in
+ __lmod_sh_dbg=x
+ '[' -n x ']'
+ set +x
Shell debugging temporarily silenced: export LMOD_SH_DBG_ON=1 for Lmod's output
Copper loaded: use 'launch_copper_frontier' and 'stop_copper_frontier'.
COPPER_ROOT: /sw/frontier/ums/ums046/copper
launch_copper_frontier points to:
/sw/frontier/ums/ums046/copper/build/launch_copper_frontier.sh 
Copper loaded: use 'launch_copper_frontier' and 'stop_copper_frontier'.
COPPER_ROOT: /sw/frontier/ums/ums046/copper
launch_copper_frontier points to:
/sw/frontier/ums/ums046/copper/build/launch_copper_frontier.sh 
Copper loaded: use 'launch_copper_frontier' and 'stop_copper_frontier'.
COPPER_ROOT: /sw/frontier/ums/ums046/copper
launch_copper_frontier points to:
/sw/frontier/ums/ums046/copper/build/launch_copper_frontier.sh 
Shell debugging restarted
+ unset __lmod_sh_dbg
+ return 0
+ module list
+ '[' -z '' ']'
+ case "$-" in
+ __lmod_sh_dbg=x
+ '[' -n x ']'
+ set +x
Shell debugging temporarily silenced: export LMOD_SH_DBG_ON=1 for Lmod's output

Currently Loaded Modules:
  1) craype-x86-trento               14) cpe/25.09
  2) craype-network-ofi              15) amd/6.4.2
  3) xpmem/2.11.3-1.3_gdbda01a1eb3d  16) cray-libsci/25.09.0
  4) Core/25.03                      17) cray-mpich/9.0.1
  5) tmux/3.4                        18) darshan-runtime/3.4.7-mpi (E4S)
  6) hsi/default                     19) rocm/6.4.2
  7) lfs-wrapper/0.0.1               20) libfabric/1.22.0
  8) DefApps                         21) craype-accel-amd-gfx90a
  9) PrgEnv-amd/8.6.0                22) miniforge3/23.11.0-0
 10) cray-dsmml/0.3.1                23) ums/default
 11) cray-pmi/6.1.16                 24) ums046/default
 12) craype/2.7.35                   25) copper/0.1
 13) perftools-base/25.09.0

  Where:
   E4S:  E4S: Extreme-scale Scientific Software Stack (E4S) https://e4s.io/index.html

 

Shell debugging restarted
+ unset __lmod_sh_dbg
+ return 0
+ echo 4342207
4342207
+ echo 1024
1024
+ echo copper_spindle
copper_spindle
+ echo 'frontier[00002,00004-00012,00014-00017,00129-00132,00135,00138-00140,00144,00146-00147,00149,00151-00152,00257-00258,00261,00266,00270-00275,00277-00280,00385-00387,00389-00390,00392,00396,00398-00401,00403-00405,00580,00604-00606,00622,00624,00628-00631,00633,00655,00671,00675,00683,00733-00735,00750-00751,00755-00759,00773,00798,00816,00850,00860-00862,00877,00881-00885,00902,00921,00923,00930,00988-00990,01006-01009,01011,01016-01017,01049,01063,01115,01117-01118,01133-01135,01142-01145,01243,01245-01246,01261,01264-01266,01268,01270-01271,01297,01344,01351,01364,01369,01371-01372,01394-01399,01401,01427,01463,01475,01489,01497,01499-01500,01520,01522-01523,01525,01527-01528,01543,01564,01574,01583,01595-01596,01605,01607,01616,01619,01621,01645-01646,01648,01677,01679,01700,01709,01721,01737,01742,01747,01749-01750,01775-01777,01779,01794,01806,01809,01814,01827,01847,01873,01875,01877,01879,01882,01903,01905-01906,01931,02005,02010-02011,02013,02029,02031-02036,02038,02079,02097,02121,02138-02139,02141,02157-02163,02166,02183-02184,02205,02215,02230,02247,02267-02269,02287,02289-02290,02292,02296,02330,02372,02391-02392,02394,02414-02416,02418-02419,02422,02424-02425,02435,02457,02477-02478,02492,02517,02520-02521,02523,02544,02549-02552,02562,02583-02584,02594,02603,02605,02625,02643-02645,02669-02671,02673,02691,02695,02729,02744,02768-02769,02797-02803,02805,02819,02834,02855,02873,02877,02885,02887,02889-02892,02925-02927,02960-02961,02966,02984,02987,02999,03002-03003,03007-03009,03011-03012,03062,03077,03084,03099-03100,03107-03108,03120-03121,03128-03129,03135-03136,03138,03141,03212-03213,03222,03233,03242,03254,03261,03264,03266-03267,03309,03318-03320,03333,03352,03359-03360,03368,03370,03381,03391,03393-03395,03431,03446-03447,03464-03465,03469,03485,03490,03498,03506-03507,03511,03515-03517,03519,03556,03590-03591,03603,03611-03612,03616,03624,03632-03633,03635,03640-03641,03643-03644,03716-03717,03726,03737,03741,03743,03745,03753,03756,03758,03762,03764-03765,03768,03842-03843,03852,03863-03864,03867,03873,03875,03879,03884-03885,03892,03894-03895,03969,03973,03986,03989-03991,03993,03997,04001,04010-04011,04014,04016,04021,04098,04115-04117,04119,04136-04137,04140,04145,04149,04151-04152,04154,04211,04237,04241-04242,04245,04249,04253,04258,04262-04263,04266,04270,04273-04274,04276,04354,04356,04358,04362,04367-04368,04371,04379,04386,04388-04390,04392,04400,04493-04494,04497,04508,04511,04515-04516,04518,04530-04535,04610,04614,04619-04620,04623,04627,04629,04631,04635,04640-04641,04644,04652,04657,04739,04742,04744-04746,04749-04750,04760,04762-04764,04766-04767,04770,04867-04868,04871-04872,04889,04891-04893,04896-04897,04900,04904,04910,04913,04994,04997-04998,05001,05005,05009,05015,05017-05019,05021-05023,05025,05121,05123-05124,05127,05131-05132,05135-05136,05141,05144-05145,05147-05148,05156,05249-05250,05253,05255,05261,05267,05270-05271,05274,05276,05278,05282-05284,05379-05380,05383,05386-05387,05393-05397,05400,05403-05404,05408,05505,05509,05513,05517,05519,05522-05523,05526,05530-05532,05534,05540-05541,05635,05637,05639,05645,05648-05649,05652-05653,05656,05660,05665-05667,05669,05761,05763,05765,05771,05774-05775,05778,05782,05786,05792-05793,05795-05796,05798,05890-05891,05897,05900-05901,05904,05907-05908,05912,05918-05919,05921-05922,05925,06017,06019,06023-06024,06026-06028,06030,06034,06038,06040,06043-06045,06146,06149-06150,06152-06153,06156,06160-06161,06163-06164,06169-06171,06173,06273,06275-06276,06278-06279,06282,06284,06286,06290-06292,06296-06297,06299,06401-06405,06408,06412,06414,06416,06421-06423,06425-06426,06529-06531,06534,06537-06539,06541-06542,06547-06549,06551-06552,06657,06660,06664,06666,06668,06674-06675,06677-06681,06685,06689,06785-06787,06789-06791,06796,06798,06800-06801,06803-06805,06807,06913-06918,06920,06925-06927,06929-06930,06932-06933,07041-07044,07046,07049,07052-07059,07170,07172-07173,07177-07182,07184-07185,07187-07189,07297-07299,07303-07305,07307-07309,07311,07313-07316,07425,07429-07434,07436-07437,07439,07441-07442,07444-07445,07556-07563,07566-07571,07681-07694,07809-07813,07815-07817,07819-07823,07825,07937-07938,07944,07946,07948,07950,07973,07978-07980,07984,07986,07993,08065-08066,08070,08073-08074,08080,08087,08090-08091,08098-08099,08103-08104,08194-08196,08205,08216-08217,08223-08226,08229-08231,08321-08322,08336-08337,08342,08350,08357-08358,08363-08364,08366,08371-08372,08453,08460-08463,08471-08473,08483-08484,08486,08489-08490,08577,08581-08583,08588-08589,08595,08609-08610,08616-08617,08619,08624,08711-08712,08714-08717,08719,08724,08728,08734-08736,08738,08833-08834,08838-08841,08843,08847-08848,08850,08854,08861-08862,08961,08964,08966-08969,08972-08973,08981,08983-08984,08986-08987,09089-09101,09217-09221,09223-09225,09228,09231,09233,09237-09238,09345-09347,09349-09351,09353-09354,09359,09364-09366,09368,10113-10116,10118,10120-10122,10131-10132,10134,10136-10137]'
frontier[00002,00004-00012,00014-00017,00129-00132,00135,00138-00140,00144,00146-00147,00149,00151-00152,00257-00258,00261,00266,00270-00275,00277-00280,00385-00387,00389-00390,00392,00396,00398-00401,00403-00405,00580,00604-00606,00622,00624,00628-00631,00633,00655,00671,00675,00683,00733-00735,00750-00751,00755-00759,00773,00798,00816,00850,00860-00862,00877,00881-00885,00902,00921,00923,00930,00988-00990,01006-01009,01011,01016-01017,01049,01063,01115,01117-01118,01133-01135,01142-01145,01243,01245-01246,01261,01264-01266,01268,01270-01271,01297,01344,01351,01364,01369,01371-01372,01394-01399,01401,01427,01463,01475,01489,01497,01499-01500,01520,01522-01523,01525,01527-01528,01543,01564,01574,01583,01595-01596,01605,01607,01616,01619,01621,01645-01646,01648,01677,01679,01700,01709,01721,01737,01742,01747,01749-01750,01775-01777,01779,01794,01806,01809,01814,01827,01847,01873,01875,01877,01879,01882,01903,01905-01906,01931,02005,02010-02011,02013,02029,02031-02036,02038,02079,02097,02121,02138-02139,02141,02157-02163,02166,02183-02184,02205,02215,02230,02247,02267-02269,02287,02289-02290,02292,02296,02330,02372,02391-02392,02394,02414-02416,02418-02419,02422,02424-02425,02435,02457,02477-02478,02492,02517,02520-02521,02523,02544,02549-02552,02562,02583-02584,02594,02603,02605,02625,02643-02645,02669-02671,02673,02691,02695,02729,02744,02768-02769,02797-02803,02805,02819,02834,02855,02873,02877,02885,02887,02889-02892,02925-02927,02960-02961,02966,02984,02987,02999,03002-03003,03007-03009,03011-03012,03062,03077,03084,03099-03100,03107-03108,03120-03121,03128-03129,03135-03136,03138,03141,03212-03213,03222,03233,03242,03254,03261,03264,03266-03267,03309,03318-03320,03333,03352,03359-03360,03368,03370,03381,03391,03393-03395,03431,03446-03447,03464-03465,03469,03485,03490,03498,03506-03507,03511,03515-03517,03519,03556,03590-03591,03603,03611-03612,03616,03624,03632-03633,03635,03640-03641,03643-03644,03716-03717,03726,03737,03741,03743,03745,03753,03756,03758,03762,03764-03765,03768,03842-03843,03852,03863-03864,03867,03873,03875,03879,03884-03885,03892,03894-03895,03969,03973,03986,03989-03991,03993,03997,04001,04010-04011,04014,04016,04021,04098,04115-04117,04119,04136-04137,04140,04145,04149,04151-04152,04154,04211,04237,04241-04242,04245,04249,04253,04258,04262-04263,04266,04270,04273-04274,04276,04354,04356,04358,04362,04367-04368,04371,04379,04386,04388-04390,04392,04400,04493-04494,04497,04508,04511,04515-04516,04518,04530-04535,04610,04614,04619-04620,04623,04627,04629,04631,04635,04640-04641,04644,04652,04657,04739,04742,04744-04746,04749-04750,04760,04762-04764,04766-04767,04770,04867-04868,04871-04872,04889,04891-04893,04896-04897,04900,04904,04910,04913,04994,04997-04998,05001,05005,05009,05015,05017-05019,05021-05023,05025,05121,05123-05124,05127,05131-05132,05135-05136,05141,05144-05145,05147-05148,05156,05249-05250,05253,05255,05261,05267,05270-05271,05274,05276,05278,05282-05284,05379-05380,05383,05386-05387,05393-05397,05400,05403-05404,05408,05505,05509,05513,05517,05519,05522-05523,05526,05530-05532,05534,05540-05541,05635,05637,05639,05645,05648-05649,05652-05653,05656,05660,05665-05667,05669,05761,05763,05765,05771,05774-05775,05778,05782,05786,05792-05793,05795-05796,05798,05890-05891,05897,05900-05901,05904,05907-05908,05912,05918-05919,05921-05922,05925,06017,06019,06023-06024,06026-06028,06030,06034,06038,06040,06043-06045,06146,06149-06150,06152-06153,06156,06160-06161,06163-06164,06169-06171,06173,06273,06275-06276,06278-06279,06282,06284,06286,06290-06292,06296-06297,06299,06401-06405,06408,06412,06414,06416,06421-06423,06425-06426,06529-06531,06534,06537-06539,06541-06542,06547-06549,06551-06552,06657,06660,06664,06666,06668,06674-06675,06677-06681,06685,06689,06785-06787,06789-06791,06796,06798,06800-06801,06803-06805,06807,06913-06918,06920,06925-06927,06929-06930,06932-06933,07041-07044,07046,07049,07052-07059,07170,07172-07173,07177-07182,07184-07185,07187-07189,07297-07299,07303-07305,07307-07309,07311,07313-07316,07425,07429-07434,07436-07437,07439,07441-07442,07444-07445,07556-07563,07566-07571,07681-07694,07809-07813,07815-07817,07819-07823,07825,07937-07938,07944,07946,07948,07950,07973,07978-07980,07984,07986,07993,08065-08066,08070,08073-08074,08080,08087,08090-08091,08098-08099,08103-08104,08194-08196,08205,08216-08217,08223-08226,08229-08231,08321-08322,08336-08337,08342,08350,08357-08358,08363-08364,08366,08371-08372,08453,08460-08463,08471-08473,08483-08484,08486,08489-08490,08577,08581-08583,08588-08589,08595,08609-08610,08616-08617,08619,08624,08711-08712,08714-08717,08719,08724,08728,08734-08736,08738,08833-08834,08838-08841,08843,08847-08848,08850,08854,08861-08862,08961,08964,08966-08969,08972-08973,08981,08983-08984,08986-08987,09089-09101,09217-09221,09223-09225,09228,09231,09233,09237-09238,09345-09347,09349-09351,09353-09354,09359,09364-09366,09368,10113-10116,10118,10120-10122,10131-10132,10134,10136-10137]
+ LOGDIR=/lustre/orion/stf243/world-shared/wcastil/Experiments/CUG26/copper_run/logs
+ cd /lustre/orion/stf243/world-shared/wcastil/Experiments/CUG26/copper_run/logs
+ PACKAGE_ENV_LOCATION=/lustre/orion/stf243/world-shared/hagertnl/CUG26/benchmark_builds
+ source /lustre/orion/stf243/world-shared/hagertnl/CUG26/benchmark_builds/common_modules.sh
++ module load PrgEnv-amd
++ '[' -z '' ']'
++ case "$-" in
++ __lmod_sh_dbg=x
++ '[' -n x ']'
++ set +x
Shell debugging temporarily silenced: export LMOD_SH_DBG_ON=1 for Lmod's output
Shell debugging restarted
++ unset __lmod_sh_dbg
++ return 0
++ module load cpe/25.09
++ '[' -z '' ']'
++ case "$-" in
++ __lmod_sh_dbg=x
++ '[' -n x ']'
++ set +x
Shell debugging temporarily silenced: export LMOD_SH_DBG_ON=1 for Lmod's output
Unloading the cpe module is insufficient to restore the system defaults.
Please run 'source
/opt/cray/pe/cpe/25.09/restore_lmod_system_defaults.[csh|sh]'. 
 
Sourcing the above script is not necessary if swapping the cpe module with a
different version. 
Shell debugging restarted
++ unset __lmod_sh_dbg
++ return 0
++ module load amd/6.4.2
++ '[' -z '' ']'
++ case "$-" in
++ __lmod_sh_dbg=x
++ '[' -n x ']'
++ set +x
Shell debugging temporarily silenced: export LMOD_SH_DBG_ON=1 for Lmod's output
Shell debugging restarted
++ unset __lmod_sh_dbg
++ return 0
++ module load rocm/6.4.2
++ '[' -z '' ']'
++ case "$-" in
++ __lmod_sh_dbg=x
++ '[' -n x ']'
++ set +x
Shell debugging temporarily silenced: export LMOD_SH_DBG_ON=1 for Lmod's output
Shell debugging restarted
++ unset __lmod_sh_dbg
++ return 0
++ module load libfabric/1.22.0
++ '[' -z '' ']'
++ case "$-" in
++ __lmod_sh_dbg=x
++ '[' -n x ']'
++ set +x
Shell debugging temporarily silenced: export LMOD_SH_DBG_ON=1 for Lmod's output
Shell debugging restarted
++ unset __lmod_sh_dbg
++ return 0
++ module load craype-accel-amd-gfx90a
++ '[' -z '' ']'
++ case "$-" in
++ __lmod_sh_dbg=x
++ '[' -n x ']'
++ set +x
Shell debugging temporarily silenced: export LMOD_SH_DBG_ON=1 for Lmod's output
Shell debugging restarted
++ unset __lmod_sh_dbg
++ return 0
++ module load miniforge3/23.11.0-0
++ '[' -z '' ']'
++ case "$-" in
++ __lmod_sh_dbg=x
++ '[' -n x ']'
++ set +x
Shell debugging temporarily silenced: export LMOD_SH_DBG_ON=1 for Lmod's output
Shell debugging restarted
++ unset __lmod_sh_dbg
++ return 0
++ export LD_LIBRARY_PATH=/opt/cray/pe/mpich/9.0.1/ofi/amd/6.0/lib:/opt/cray/pe/mpich/9.0.1/gtl/lib:/opt/cray/pe/libsci/25.09.0/AMD/6.0/x86_64/lib:/opt/cray/pe/perftools/25.09.0/lib64:/opt/cray/pe/pmi/6.1.16/lib:/opt/cray/pe/dsmml/0.3.1/dsmml/lib:/opt/cray/libfabric/1.22.0/lib64:/opt/rocm-6.4.2/lib/roctracer:/opt/rocm-6.4.2/lib/rocprofiler:/opt/rocm-6.4.2/lib:/sw/frontier/spack-envs/cpe25.09-cpu/opt/llvm-amdgpu-6.4.2/darshan-runtime-3.4.7-tvdocpzv3jfj4y6ki5jvmmkics323gon/lib:/opt/rocm-6.4.2/llvm/lib:/opt/cray/pe/papi/7.2.0.2/lib64:/opt/cray/pe/mpich/9.0.1/ofi/amd/6.0/lib:/opt/cray/pe/mpich/9.0.1/gtl/lib:/opt/cray/pe/libsci/25.09.0/AMD/6.0/x86_64/lib:/opt/cray/pe/perftools/25.09.0/lib64:/opt/cray/pe/pmi/6.1.16/lib:/opt/cray/pe/dsmml/0.3.1/dsmml/lib
++ LD_LIBRARY_PATH=/opt/cray/pe/mpich/9.0.1/ofi/amd/6.0/lib:/opt/cray/pe/mpich/9.0.1/gtl/lib:/opt/cray/pe/libsci/25.09.0/AMD/6.0/x86_64/lib:/opt/cray/pe/perftools/25.09.0/lib64:/opt/cray/pe/pmi/6.1.16/lib:/opt/cray/pe/dsmml/0.3.1/dsmml/lib:/opt/cray/libfabric/1.22.0/lib64:/opt/rocm-6.4.2/lib/roctracer:/opt/rocm-6.4.2/lib/rocprofiler:/opt/rocm-6.4.2/lib:/sw/frontier/spack-envs/cpe25.09-cpu/opt/llvm-amdgpu-6.4.2/darshan-runtime-3.4.7-tvdocpzv3jfj4y6ki5jvmmkics323gon/lib:/opt/rocm-6.4.2/llvm/lib:/opt/cray/pe/papi/7.2.0.2/lib64:/opt/cray/pe/mpich/9.0.1/ofi/amd/6.0/lib:/opt/cray/pe/mpich/9.0.1/gtl/lib:/opt/cray/pe/libsci/25.09.0/AMD/6.0/x86_64/lib:/opt/cray/pe/perftools/25.09.0/lib64:/opt/cray/pe/pmi/6.1.16/lib:/opt/cray/pe/dsmml/0.3.1/dsmml/lib
++ [[ /var/spool/slurmd/job4342207/slurm_script == \/\l\u\s\t\r\e\/\o\r\i\o\n\/\s\t\f\2\4\3\/\w\o\r\l\d\-\s\h\a\r\e\d\/\h\a\g\e\r\t\n\l\/\C\U\G\2\6\/\b\e\n\c\h\m\a\r\k\_\b\u\i\l\d\s\/\c\o\m\m\o\n\_\m\o\d\u\l\e\s\.\s\h ]]
+ COPPER_MOUNT_PATH=/mnt/bb/wcastil/copper_mount
+ /lustre/orion/stf243/world-shared/wcastil/Experiments/CUG26/copper_run/launch_copper_frontier.sh -d /lustre/orion/stf243/world-shared/wcastil/Experiments/CUG26/copper_run/logs -v /mnt/bb/wcastil/copper_mount -M 220000000
+ '[' -z '' ']'
+ case "$-" in
+ __lmod_vx=x
+ '[' -n x ']'
+ set +x
Shell debugging temporarily silenced: export LMOD_SH_DBG_ON=1 for this output (/opt/cray/pe/lmod/lmod/init/bash)
Shell debugging restarted
+ unset __lmod_vx
+ echo 'Launching Copper Gracefully On All Nodes : Start'
Launching Copper Gracefully On All Nodes : Start
+ echo /sw/frontier/ums/ums046/copper
/sw/frontier/ums/ums046/copper
+ CUPATH=/sw/frontier/ums/ums046/copper/build/cu_fuse
+ DISCOVERY_HELPER=/sw/frontier/ums/ums046/copper/build/list_cxi_hsn_thallium
+ CU_FUSE_MNT_VIEWDIR=/tmp/wcastil/copper
+ facility_address_book=/sw/frontier/ums/ums046/copper/build/olcf_frontier_copper_addressbook.txt
+ address_book_source=facility
+ log_level=0
+ log_dir=/ccs/home/wcastil/copper-logs
+ log_type=file
+ trees=1
+ max_cacheable_byte_size=10485760
+ md_enoent_ttl_ms=2000
+ profile_metrics=0
+ profile_top_n=0
+ profile_paths_full=0
+ profile_snapshot_interval_s=0
+ sleeptime=10
+ physcpubind=1,2
+ net_type=cxi://cxi1
+ getopts l:t:d:T:M:E:PN:AI:s:b:F:a:n:v: opt
+ case ${opt} in
+ log_dir=/lustre/orion/stf243/world-shared/wcastil/Experiments/CUG26/copper_run/logs
+ getopts l:t:d:T:M:E:PN:AI:s:b:F:a:n:v: opt
+ case ${opt} in
+ CU_FUSE_MNT_VIEWDIR=/mnt/bb/wcastil/copper_mount
+ getopts l:t:d:T:M:E:PN:AI:s:b:F:a:n:v: opt
+ case ${opt} in
+ max_cacheable_byte_size=220000000
+ getopts l:t:d:T:M:E:PN:AI:s:b:F:a:n:v: opt
+ log_dir=/lustre/orion/stf243/world-shared/wcastil/Experiments/CUG26/copper_run/logs/4342207
+ logs_dir=/lustre/orion/stf243/world-shared/wcastil/Experiments/CUG26/copper_run/logs/4342207/logs
+ tables_dir=/lustre/orion/stf243/world-shared/wcastil/Experiments/CUG26/copper_run/logs/4342207/tables
+ profiling_dir=/lustre/orion/stf243/world-shared/wcastil/Experiments/CUG26/copper_run/logs/4342207/profiling
+ profiling_final_dir=/lustre/orion/stf243/world-shared/wcastil/Experiments/CUG26/copper_run/logs/4342207/profiling/final
+ profiling_cluster_dir=/lustre/orion/stf243/world-shared/wcastil/Experiments/CUG26/copper_run/logs/4342207/profiling/cluster
+ node_file_copy=/lustre/orion/stf243/world-shared/wcastil/Experiments/CUG26/copper_run/logs/4342207/logs/node_file.txt
+ prepared_address_book=/lustre/orion/stf243/world-shared/wcastil/Experiments/CUG26/copper_run/logs/4342207/logs/copper_address_book.txt
+ prepared_address_book_full_output=/lustre/orion/stf243/world-shared/wcastil/Experiments/CUG26/copper_run/logs/4342207/logs/copper_address_book_full_output.txt
+ prepare_address_book_awk=/lustre/orion/stf243/world-shared/wcastil/Experiments/CUG26/copper_run/logs/4342207/logs/prepare_address_book.awk
+ select_discovered_address_book_awk=/lustre/orion/stf243/world-shared/wcastil/Experiments/CUG26/copper_run/logs/4342207/logs/select_discovered_address_book.awk
+ echo 'log_level                  : 0'
log_level                  : 0
+ echo 'log_type                   : file'
log_type                   : file
+ echo 'trees                      : 1'
trees                      : 1
+ echo 'max_cacheable_byte_size    : 220000000'
max_cacheable_byte_size    : 220000000
+ echo 'md_enoent_ttl_ms           : 2000'
md_enoent_ttl_ms           : 2000
+ echo 'profile_metrics            : 0'
profile_metrics            : 0
+ echo 'profile_top_n              : 0'
profile_top_n              : 0
+ echo 'profile_paths_full         : 0'
profile_paths_full         : 0
+ echo 'profile_snapshot_interval_s: 0'
profile_snapshot_interval_s: 0
+ echo 'sleeptime                  : 10'
sleeptime                  : 10
+ echo 'CU_FUSE_MNT_VIEWDIR        : /mnt/bb/wcastil/copper_mount'
CU_FUSE_MNT_VIEWDIR        : /mnt/bb/wcastil/copper_mount
+ echo 'LOGDIR                     : /lustre/orion/stf243/world-shared/wcastil/Experiments/CUG26/copper_run/logs/4342207'
LOGDIR                     : /lustre/orion/stf243/world-shared/wcastil/Experiments/CUG26/copper_run/logs/4342207
+ echo 'logs_dir                   : /lustre/orion/stf243/world-shared/wcastil/Experiments/CUG26/copper_run/logs/4342207/logs'
logs_dir                   : /lustre/orion/stf243/world-shared/wcastil/Experiments/CUG26/copper_run/logs/4342207/logs
+ echo 'tables_dir                 : /lustre/orion/stf243/world-shared/wcastil/Experiments/CUG26/copper_run/logs/4342207/tables'
tables_dir                 : /lustre/orion/stf243/world-shared/wcastil/Experiments/CUG26/copper_run/logs/4342207/tables
+ echo 'profiling_final_dir        : /lustre/orion/stf243/world-shared/wcastil/Experiments/CUG26/copper_run/logs/4342207/profiling/final'
profiling_final_dir        : /lustre/orion/stf243/world-shared/wcastil/Experiments/CUG26/copper_run/logs/4342207/profiling/final
+ echo 'profiling_cluster_dir      : /lustre/orion/stf243/world-shared/wcastil/Experiments/CUG26/copper_run/logs/4342207/profiling/cluster'
profiling_cluster_dir      : /lustre/orion/stf243/world-shared/wcastil/Experiments/CUG26/copper_run/logs/4342207/profiling/cluster
+ echo 'SLURM_NODEFILE             : '
SLURM_NODEFILE             : 
+ echo 'physcpubind                : 1,2'
physcpubind                : 1,2
+ echo 'facility_address_book      : /sw/frontier/ums/ums046/copper/build/olcf_frontier_copper_addressbook.txt'
facility_address_book      : /sw/frontier/ums/ums046/copper/build/olcf_frontier_copper_addressbook.txt
+ echo 'address_book_source        : facility'
address_book_source        : facility
+ echo 'prepared_address_book      : /lustre/orion/stf243/world-shared/wcastil/Experiments/CUG26/copper_run/logs/4342207/logs/copper_address_book.txt'
prepared_address_book      : /lustre/orion/stf243/world-shared/wcastil/Experiments/CUG26/copper_run/logs/4342207/logs/copper_address_book.txt
+ echo 'prepared_address_book_full : /lustre/orion/stf243/world-shared/wcastil/Experiments/CUG26/copper_run/logs/4342207/logs/copper_address_book_full_output.txt'
prepared_address_book_full : /lustre/orion/stf243/world-shared/wcastil/Experiments/CUG26/copper_run/logs/4342207/logs/copper_address_book_full_output.txt
+ echo 'discovery_helper           : /sw/frontier/ums/ums046/copper/build/list_cxi_hsn_thallium'
discovery_helper           : /sw/frontier/ums/ums046/copper/build/list_cxi_hsn_thallium
+ echo 'net_type                   : cxi://cxi1'
net_type                   : cxi://cxi1
+ mkdir -p /lustre/orion/stf243/world-shared/wcastil/Experiments/CUG26/copper_run/logs/4342207/logs /lustre/orion/stf243/world-shared/wcastil/Experiments/CUG26/copper_run/logs/4342207/tables/final /lustre/orion/stf243/world-shared/wcastil/Experiments/CUG26/copper_run/logs/4342207/profiling/final /lustre/orion/stf243/world-shared/wcastil/Experiments/CUG26/copper_run/logs/4342207/profiling/cluster
+ scontrol show hostnames 'frontier[00002,00004-00012,00014-00017,00129-00132,00135,00138-00140,00144,00146-00147,00149,00151-00152,00257-00258,00261,00266,00270-00275,00277-00280,00385-00387,00389-00390,00392,00396,00398-00401,00403-00405,00580,00604-00606,00622,00624,00628-00631,00633,00655,00671,00675,00683,00733-00735,00750-00751,00755-00759,00773,00798,00816,00850,00860-00862,00877,00881-00885,00902,00921,00923,00930,00988-00990,01006-01009,01011,01016-01017,01049,01063,01115,01117-01118,01133-01135,01142-01145,01243,01245-01246,01261,01264-01266,01268,01270-01271,01297,01344,01351,01364,01369,01371-01372,01394-01399,01401,01427,01463,01475,01489,01497,01499-01500,01520,01522-01523,01525,01527-01528,01543,01564,01574,01583,01595-01596,01605,01607,01616,01619,01621,01645-01646,01648,01677,01679,01700,01709,01721,01737,01742,01747,01749-01750,01775-01777,01779,01794,01806,01809,01814,01827,01847,01873,01875,01877,01879,01882,01903,01905-01906,01931,02005,02010-02011,02013,02029,02031-02036,02038,02079,02097,02121,02138-02139,02141,02157-02163,02166,02183-02184,02205,02215,02230,02247,02267-02269,02287,02289-02290,02292,02296,02330,02372,02391-02392,02394,02414-02416,02418-02419,02422,02424-02425,02435,02457,02477-02478,02492,02517,02520-02521,02523,02544,02549-02552,02562,02583-02584,02594,02603,02605,02625,02643-02645,02669-02671,02673,02691,02695,02729,02744,02768-02769,02797-02803,02805,02819,02834,02855,02873,02877,02885,02887,02889-02892,02925-02927,02960-02961,02966,02984,02987,02999,03002-03003,03007-03009,03011-03012,03062,03077,03084,03099-03100,03107-03108,03120-03121,03128-03129,03135-03136,03138,03141,03212-03213,03222,03233,03242,03254,03261,03264,03266-03267,03309,03318-03320,03333,03352,03359-03360,03368,03370,03381,03391,03393-03395,03431,03446-03447,03464-03465,03469,03485,03490,03498,03506-03507,03511,03515-03517,03519,03556,03590-03591,03603,03611-03612,03616,03624,03632-03633,03635,03640-03641,03643-03644,03716-03717,03726,03737,03741,03743,03745,03753,03756,03758,03762,03764-03765,03768,03842-03843,03852,03863-03864,03867,03873,03875,03879,03884-03885,03892,03894-03895,03969,03973,03986,03989-03991,03993,03997,04001,04010-04011,04014,04016,04021,04098,04115-04117,04119,04136-04137,04140,04145,04149,04151-04152,04154,04211,04237,04241-04242,04245,04249,04253,04258,04262-04263,04266,04270,04273-04274,04276,04354,04356,04358,04362,04367-04368,04371,04379,04386,04388-04390,04392,04400,04493-04494,04497,04508,04511,04515-04516,04518,04530-04535,04610,04614,04619-04620,04623,04627,04629,04631,04635,04640-04641,04644,04652,04657,04739,04742,04744-04746,04749-04750,04760,04762-04764,04766-04767,04770,04867-04868,04871-04872,04889,04891-04893,04896-04897,04900,04904,04910,04913,04994,04997-04998,05001,05005,05009,05015,05017-05019,05021-05023,05025,05121,05123-05124,05127,05131-05132,05135-05136,05141,05144-05145,05147-05148,05156,05249-05250,05253,05255,05261,05267,05270-05271,05274,05276,05278,05282-05284,05379-05380,05383,05386-05387,05393-05397,05400,05403-05404,05408,05505,05509,05513,05517,05519,05522-05523,05526,05530-05532,05534,05540-05541,05635,05637,05639,05645,05648-05649,05652-05653,05656,05660,05665-05667,05669,05761,05763,05765,05771,05774-05775,05778,05782,05786,05792-05793,05795-05796,05798,05890-05891,05897,05900-05901,05904,05907-05908,05912,05918-05919,05921-05922,05925,06017,06019,06023-06024,06026-06028,06030,06034,06038,06040,06043-06045,06146,06149-06150,06152-06153,06156,06160-06161,06163-06164,06169-06171,06173,06273,06275-06276,06278-06279,06282,06284,06286,06290-06292,06296-06297,06299,06401-06405,06408,06412,06414,06416,06421-06423,06425-06426,06529-06531,06534,06537-06539,06541-06542,06547-06549,06551-06552,06657,06660,06664,06666,06668,06674-06675,06677-06681,06685,06689,06785-06787,06789-06791,06796,06798,06800-06801,06803-06805,06807,06913-06918,06920,06925-06927,06929-06930,06932-06933,07041-07044,07046,07049,07052-07059,07170,07172-07173,07177-07182,07184-07185,07187-07189,07297-07299,07303-07305,07307-07309,07311,07313-07316,07425,07429-07434,07436-07437,07439,07441-07442,07444-07445,07556-07563,07566-07571,07681-07694,07809-07813,07815-07817,07819-07823,07825,07937-07938,07944,07946,07948,07950,07973,07978-07980,07984,07986,07993,08065-08066,08070,08073-08074,08080,08087,08090-08091,08098-08099,08103-08104,08194-08196,08205,08216-08217,08223-08226,08229-08231,08321-08322,08336-08337,08342,08350,08357-08358,08363-08364,08366,08371-08372,08453,08460-08463,08471-08473,08483-08484,08486,08489-08490,08577,08581-08583,08588-08589,08595,08609-08610,08616-08617,08619,08624,08711-08712,08714-08717,08719,08724,08728,08734-08736,08738,08833-08834,08838-08841,08843,08847-08848,08850,08854,08861-08862,08961,08964,08966-08969,08972-08973,08981,08983-08984,08986-08987,09089-09101,09217-09221,09223-09225,09228,09231,09233,09237-09238,09345-09347,09349-09351,09353-09354,09359,09364-09366,09368,10113-10116,10118,10120-10122,10131-10132,10134,10136-10137]'
+ clush --hostfile /lustre/orion/stf243/world-shared/wcastil/Experiments/CUG26/copper_run/logs/4342207/logs/node_file.txt 'fusermount3 -u /mnt/bb/wcastil/copper_mount'
+ clush --hostfile /lustre/orion/stf243/world-shared/wcastil/Experiments/CUG26/copper_run/logs/4342207/logs/node_file.txt 'rm -rf /mnt/bb/wcastil/copper_mount'
+ clush --hostfile /lustre/orion/stf243/world-shared/wcastil/Experiments/CUG26/copper_run/logs/4342207/logs/node_file.txt 'mkdir -p /mnt/bb/wcastil/copper_mount'
+ rm -f /lustre/orion/stf243/world-shared/wcastil/Experiments/CUG26/copper_run/logs/4342207/logs/copper_address_book.txt /lustre/orion/stf243/world-shared/wcastil/Experiments/CUG26/copper_run/logs/4342207/logs/copper_address_book_full_output.txt /lustre/orion/stf243/world-shared/wcastil/Experiments/CUG26/copper_run/logs/4342207/logs/prepare_address_book.awk /lustre/orion/stf243/world-shared/wcastil/Experiments/CUG26/copper_run/logs/4342207/logs/select_discovered_address_book.awk
+ echo 'Preparing job-local address book once before full cu_fuse launch'
Preparing job-local address book once before full cu_fuse launch
++ date +%s
+ prepare_address_book_start_epoch=1775546094
+ prepare_address_book_rc=0
+ case "${address_book_source}" in
+ prepare_address_book_from_facility
+ cp /sw/frontier/ums/ums046/copper/build/olcf_frontier_copper_addressbook.txt /lustre/orion/stf243/world-shared/wcastil/Experiments/CUG26/copper_run/logs/4342207/logs/copper_address_book_full_output.txt
+ cat
+ srun --overlap -N 1 -n 1 --ntasks-per-node=1 env NODEFILE_PATH=/lustre/orion/stf243/world-shared/wcastil/Experiments/CUG26/copper_run/logs/4342207/logs/node_file.txt FACILITY_BOOK=/sw/frontier/ums/ums046/copper/build/olcf_frontier_copper_addressbook.txt OUTPUT_PATH=/lustre/orion/stf243/world-shared/wcastil/Experiments/CUG26/copper_run/logs/4342207/logs/copper_address_book.txt AWK_SCRIPT=/lustre/orion/stf243/world-shared/wcastil/Experiments/CUG26/copper_run/logs/4342207/logs/prepare_address_book.awk bash -lc 'awk -f "$AWK_SCRIPT" "$NODEFILE_PATH" "$FACILITY_BOOK" > "$OUTPUT_PATH"'
Deactivating conda environments
++ date +%s
+ prepare_address_book_end_epoch=1775546095
+ echo 'prepared address book generation took 1 s'
prepared address book generation took 1 s
+ '[' 0 -ne 0 ']'
+ '[' '!' -s /lustre/orion/stf243/world-shared/wcastil/Experiments/CUG26/copper_run/logs/4342207/logs/copper_address_book.txt ']'
+ profile_options=
+ '[' 0 -eq 1 ']'
+ '[' 0 -gt 0 ']'
+ '[' 0 -eq 1 ']'
+ '[' 0 -gt 0 ']'
+ options=' -f -tpath / -vpath /mnt/bb/wcastil/copper_mount -log_level 0 -log_type file -log_output_dir /lustre/orion/stf243/world-shared/wcastil/Experiments/CUG26/copper_run/logs/4342207 -net_type cxi://cxi1 -trees 1 -nf /lustre/orion/stf243/world-shared/wcastil/Experiments/CUG26/copper_run/logs/4342207/logs/node_file.txt -max_cacheable_byte_size 220000000 -md_enoent_ttl_ms 2000 -facility_address_book /lustre/orion/stf243/world-shared/wcastil/Experiments/CUG26/copper_run/logs/4342207/logs/copper_address_book.txt -prefiltered_address_book 1 -s /mnt/bb/wcastil/copper_mount'
+ echo 'sleeping for 10 s'
sleeping for 10 s
+ sleep 10s
+ srun --overlap -N 1024 --ntasks-per-node=1 --cpus-per-task=2 bash -c '
    echo "host=$(hostname)"
    echo "allowed=$(grep Cpus_allowed_list /proc/self/status | awk "{print \$2}")"
    echo "current_cpu=$(ps -o psr= -p $$)"
    exec /sw/frontier/ums/ums046/copper/build/cu_fuse  -f -tpath / -vpath /mnt/bb/wcastil/copper_mount -log_level 0 -log_type file -log_output_dir /lustre/orion/stf243/world-shared/wcastil/Experiments/CUG26/copper_run/logs/4342207 -net_type cxi://cxi1 -trees 1 -nf /lustre/orion/stf243/world-shared/wcastil/Experiments/CUG26/copper_run/logs/4342207/logs/node_file.txt -max_cacheable_byte_size 220000000 -md_enoent_ttl_ms 2000 -facility_address_book /lustre/orion/stf243/world-shared/wcastil/Experiments/CUG26/copper_run/logs/4342207/logs/copper_address_book.txt -prefiltered_address_book 1 -s /mnt/bb/wcastil/copper_mount
    '\''
  '
host=frontier00816
host=frontier02691
host=frontier08968
host=frontier01268
host=frontier04263
host=frontier08363
host=frontier04518
host=frontier03515
host=frontier06534
host=frontier02797
host=frontier05131
host=frontier02392
host=frontier08364
host=frontier04531
host=frontier05919
host=frontier08372
host=frontier05531
host=frontier04154
host=frontier06932
host=frontier08847
host=frontier04998
host=frontier05540
host=frontier05001
host=frontier01779
host=frontier00750
host=frontier08850
host=frontier06023
host=frontier00751
host=frontier07815
host=frontier08471
host=frontier08229
host=frontier04623
host=frontier08861
host=frontier03624
host=frontier05639
host=frontier06416
host=frontier02885
host=frontier08321
host=frontier03635
host=frontier02492
host=frontier03864
host=frontier02671
host=frontier06423
host=frontier01266
host=frontier00131
host=frontier08336
host=frontier04640
host=frontier04021
host=frontier07303
host=frontier02695
host=frontier04644
host=frontier02296
host=frontier06529
host=frontier04270
host=frontier08735
host=frontier04657
host=frontier04515
host=frontier05519
allowed=1-2
allowed=1-2
host=frontier08728
allowed=1-2
allowed=1-2
host=frontier06425
allowed=1-2
host=frontier05656
allowed=1-2
allowed=1-2
host=frontier02769
host=frontier10114
allowed=1-2
host=frontier04136
allowed=1-2
host=frontier05522
host=frontier05669
allowed=1-2
allowed=1-2
allowed=1-2
host=frontier10115
allowed=1-2
host=frontier01364
host=frontier07309
host=frontier01931
host=frontier05912
host=frontier00881
allowed=1-2
host=frontier07311
host=frontier05918
host=frontier04140
host=frontier08366
host=frontier10116
host=frontier01528
host=frontier04904
host=frontier08838
allowed=1-2
host=frontier05135
host=frontier04145
host=frontier06926
host=frontier08371
host=frontier07313
host=frontier02799
allowed=1-2
host=frontier08840
host=frontier04533
host=frontier02800
allowed=1-2
host=frontier02415
host=frontier01372
host=frontier00733
host=frontier07315
host=frontier02416
host=frontier01775
host=frontier04994
host=frontier08453
host=frontier08841
host=frontier03590
host=frontier00009
host=frontier06930
host=frontier02802
host=frontier09237
host=frontier02418
host=frontier04152
host=frontier06161
allowed=1-2
allowed=1-2
allowed=1-2
allowed=1-2
allowed=1-2
host=frontier02419
host=frontier00010
host=frontier02184
host=frontier08461
host=frontier01777
allowed=1-2
allowed=1-2
host=frontier08848
allowed=1-2
host=frontier07429
host=frontier02805
host=frontier02605
host=frontier01397
host=frontier06549
allowed=1-2
host=frontier03395
host=frontier00012
allowed=1-2
host=frontier01794
allowed=1-2
host=frontier06551
host=frontier06796
host=frontier00755
host=frontier06408
host=frontier08226
allowed=1-2
host=frontier03616
host=frontier02834
allowed=1-2
host=frontier06024
allowed=1-2
host=frontier06026
allowed=1-2
allowed=1-2
allowed=1-2
allowed=1-2
host=frontier06412
host=frontier02855
host=frontier01809
host=frontier08714
host=frontier01401
host=frontier06414
host=frontier03632
host=frontier08230
host=frontier06660
host=frontier02457
allowed=1-2
host=frontier02268
host=frontier04629
host=frontier03633
host=frontier04249
allowed=1-2
host=frontier02670
allowed=1-2
host=frontier05649
allowed=1-2
host=frontier07049
host=frontier09353
allowed=1-2
host=frontier06805
allowed=1-2
host=frontier02887
host=frontier08322
host=frontier07821
host=frontier07437
host=frontier00130
allowed=1-2
host=frontier05261
host=frontier05652
allowed=1-2
allowed=1-2
allowed=1-2
allowed=1-2
allowed=1-2
allowed=1-2
host=frontier02673
host=frontier02289
host=frontier05408
host=frontier07053
host=frontier01009
host=frontier02520
host=frontier09217
allowed=1-2
host=frontier06426
allowed=1-2
allowed=1-2
host=frontier02292
host=frontier06043
host=frontier06914
host=frontier08342
host=frontier00850
allowed=1-2
host=frontier00138
allowed=1-2
allowed=1-2
host=frontier05121
host=frontier05513
host=frontier01271
allowed=1-2
host=frontier02729
host=frontier03716
host=frontier09368
host=frontier06916
allowed=1-2
allowed=1-2
host=frontier05904
host=frontier08973
host=frontier07307
allowed=1-2
host=frontier00140
host=frontier02768
host=frontier10113
host=frontier06917
host=frontier08738
host=frontier05907
host=frontier03121
host=frontier01737
host=frontier04354
host=frontier06150
host=frontier06152
host=frontier03368
host=frontier06153
host=frontier07973
host=frontier00007
host=frontier08216
host=frontier05922
host=frontier02183
host=frontier00921
host=frontier06017
host=frontier07984
host=frontier03611
host=frontier04241
host=frontier07042
host=frontier00990
host=frontier00580
host=frontier03852
host=frontier05253
host=frontier01873
host=frontier01646
host=frontier06038
host=frontier02517
host=frontier01648
host=frontier05025
host=frontier08972
host=frontier07687
host=frontier06286
host=frontier02330
host=frontier02158
current_cpu=  1
current_cpu=  1
allowed=1-2
host=frontier05023
current_cpu=  2
host=frontier09364
allowed=1-2
host=frontier04641
current_cpu=  1
host=frontier02138
allowed=1-2
current_cpu=  1
current_cpu=  1
host=frontier01351
host=frontier03737
allowed=1-2
allowed=1-2
host=frontier02391
allowed=1-2
current_cpu=  1
host=frontier08833
host=frontier06918
allowed=1-2
allowed=1-2
host=frontier04530
current_cpu=  2
current_cpu=  1
current_cpu=  2
allowed=1-2
current_cpu=  2
allowed=1-2
allowed=1-2
host=frontier03741
allowed=1-2
allowed=1-2
host=frontier05523
host=frontier02160
host=frontier04744
allowed=1-2
current_cpu=  1
allowed=1-2
allowed=1-2
host=frontier08986
host=frontier03517
host=frontier05526
allowed=1-2
allowed=1-2
allowed=1-2
allowed=1-2
host=frontier02005
allowed=1-2
allowed=1-2
allowed=1-2
allowed=1-2
allowed=1-2
allowed=1-2
host=frontier06539
allowed=1-2
allowed=1-2
host=frontier03745
host=frontier01371
host=frontier03135
current_cpu=  2
allowed=1-2
allowed=1-2
host=frontier03753
allowed=1-2
current_cpu=  1
host=frontier06299
allowed=1-2
host=frontier07314
allowed=1-2
host=frontier06541
host=frontier03556
allowed=1-2
allowed=1-2
allowed=1-2
allowed=1-2
host=frontier01394
host=frontier03756
host=frontier09233
host=frontier06542
allowed=1-2
allowed=1-2
allowed=1-2
host=frontier06401
allowed=1-2
host=frontier06929
host=frontier04760
allowed=1-2
allowed=1-2
allowed=1-2
allowed=1-2
allowed=1-2
allowed=1-2
host=frontier05534
host=frontier00257
allowed=1-2
current_cpu=  2
current_cpu=  1
current_cpu=  2
current_cpu=  1
current_cpu=  2
allowed=1-2
allowed=1-2
host=frontier07425
allowed=1-2
host=frontier03603
host=frontier09238
allowed=1-2
allowed=1-2
current_cpu=  2
current_cpu=  2
allowed=1-2
current_cpu=  1
allowed=1-2
allowed=1-2
allowed=1-2
allowed=1-2
allowed=1-2
host=frontier06404
host=frontier04211
host=frontier02422
host=frontier06933
current_cpu=  1
allowed=1-2
allowed=1-2
current_cpu=  1
allowed=1-2
host=frontier07041
current_cpu=  1
allowed=1-2
host=frontier05635
host=frontier01398
host=frontier03612
host=frontier00930
allowed=1-2
allowed=1-2
allowed=1-2
allowed=1-2
current_cpu=  1
host=frontier08854
host=frontier05637
allowed=1-2
host=frontier05009
allowed=1-2
host=frontier03768
current_cpu=  1
allowed=1-2
host=frontier03233
host=frontier06800
allowed=1-2
current_cpu=  2
current_cpu=  1
current_cpu=  1
current_cpu=  1
allowed=1-2
allowed=1-2
host=frontier07816
host=frontier08472
host=frontier04242
allowed=1-2
allowed=1-2
allowed=1-2
allowed=1-2
allowed=1-2
allowed=1-2
host=frontier07433
allowed=1-2
allowed=1-2
host=frontier01261
host=frontier08231
current_cpu=  2
allowed=1-2
host=frontier07046
allowed=1-2
allowed=1-2
host=frontier00758
host=frontier03261
host=frontier05400
allowed=1-2
host=frontier07819
host=frontier07434
allowed=1-2
allowed=1-2
current_cpu=  2
allowed=1-2
host=frontier06421
allowed=1-2
host=frontier07436
host=frontier02269
host=frontier01475
host=frontier05403
host=frontier00759
host=frontier06666
current_cpu=  1
host=frontier05404
allowed=1-2
host=frontier08966
allowed=1-2
allowed=1-2
allowed=1-2
allowed=1-2
allowed=1-2
current_cpu=  2
allowed=1-2
host=frontier03640
allowed=1-2
current_cpu=  1
current_cpu=  1
current_cpu=  1
current_cpu=  2
current_cpu=  1
allowed=1-2
allowed=1-2
allowed=1-2
allowed=1-2
allowed=1-2
host=frontier06807
host=frontier03490
host=frontier01877
host=frontier00624
host=frontier04497
allowed=1-2
host=frontier04098
host=frontier02290
host=frontier07441
allowed=1-2
host=frontier00278
host=frontier01270
current_cpu=  1
allowed=1-2
current_cpu=  2
current_cpu=  1
allowed=1-2
host=frontier09365
allowed=1-2
host=frontier08734
host=frontier03644
host=frontier04115
allowed=1-2
allowed=1-2
allowed=1-2
current_cpu=  2
allowed=1-2
current_cpu=  2
current_cpu=  1
host=frontier08350
allowed=1-2
allowed=1-2
allowed=1-2
current_cpu=  1
allowed=1-2
allowed=1-2
host=frontier06044
host=frontier09366
host=frontier04652
allowed=1-2
allowed=1-2
current_cpu=  2
current_cpu=  1
allowed=1-2
host=frontier00139
host=frontier05666
allowed=1-2
host=frontier03320
allowed=1-2
current_cpu=  1
allowed=1-2
host=frontier01344
allowed=1-2
host=frontier03726
allowed=1-2
allowed=1-2
allowed=1-2
host=frontier08358
allowed=1-2
host=frontier00862
host=frontier08983
host=frontier03352
allowed=1-2
allowed=1-2
host=frontier00877
host=frontier06149
host=frontier01906
host=frontier05127
host=frontier00387
host=frontier07557
allowed=1-2
host=frontier08194
host=frontier06292
host=frontier01742
allowed=1-2
host=frontier01747
host=frontier07950
allowed=1-2
host=frontier03743
host=frontier00147
host=frontier02798
host=frontier00883
allowed=1-2
host=frontier04910
allowed=1-2
host=frontier06297
allowed=1-2
host=frontier05530
host=frontier03370
host=frontier03973
host=frontier08205
host=frontier10120
allowed=1-2
host=frontier02011
host=frontier00396
host=frontier05380
host=frontier04534
host=frontier09090
host=frontier07979
allowed=1-2
host=frontier10121
host=frontier03138
allowed=1-2
host=frontier02029
host=frontier06789
host=frontier01583
host=frontier08617
allowed=1-2
host=frontier03762
host=frontier06403
host=frontier08223
host=frontier02031
allowed=1-2
host=frontier06163
allowed=1-2
host=frontier03393
host=frontier01143
allowed=1-2
host=frontier08462
host=frontier02032
host=frontier05147
host=frontier03764
host=frontier00401
host=frontier02205
host=frontier03394
host=frontier03993
host=frontier03007
host=frontier04386
host=frontier04764
host=frontier03222
allowed=1-2
allowed=1-2
host=frontier01243
host=frontier02230
host=frontier05395
host=frontier01399
host=frontier00988
host=frontier03008
host=frontier01607
host=frontier08066
host=frontier00015
host=frontier01245
host=frontier05396
host=frontier07043
host=frontier05015
allowed=1-2
host=frontier03254
host=frontier03447
host=frontier01814
allowed=1-2
host=frontier08070
host=frontier03843
host=frontier01427
host=frontier00757
host=frontier01827
allowed=1-2
host=frontier01463
host=frontier05018
host=frontier04011
allowed=1-2
host=frontier02477
host=frontier04253
host=frontier00129
host=frontier06275
host=frontier04631
host=frontier02287
host=frontier01265
host=frontier09354
allowed=1-2
host=frontier00773
host=frontier03469
host=frontier03077
host=frontier04016
allowed=1-2
allowed=1-2
allowed=1-2
host=frontier08967
allowed=1-2
host=frontier07684
host=frontier00798
host=frontier03641
host=frontier03267
host=frontier08090
host=frontier07299
host=frontier05270
host=frontier00132
host=frontier05660
host=frontier00135
allowed=1-2
host=frontier03100
host=frontier08969
host=frontier01500
host=frontier00628
allowed=1-2
allowed=1-2
host=frontier02141
host=frontier00629
host=frontier08099
host=frontier01297
host=frontier01709
host=frontier00385
host=frontier01522
allowed=1-2
host=frontier04117
allowed=1-2
host=frontier02372
host=frontier03511
host=frontier02926
allowed=1-2
host=frontier06290
host=frontier07058
host=frontier00631
host=frontier05278
host=frontier07556
host=frontier03333
host=frontier03120
host=frontier02550
host=frontier00633
host=frontier07690
host=frontier04742
host=frontier01115
host=frontier00002
host=frontier07059
host=frontier07308
host=frontier06291
host=frontier07558
host=frontier06537
host=frontier05761
host=frontier00146
host=frontier00389
host=frontier00004
host=frontier03895
host=frontier04356
host=frontier02552
host=frontier00392
host=frontier02162
host=frontier03969
host=frontier04358
host=frontier00006
host=frontier01749
host=frontier01133
host=frontier06786
host=frontier02984
host=frontier06156
host=frontier04362
host=frontier07978
host=frontier04151
host=frontier00152
host=frontier02987
host=frontier06787
host=frontier01574
host=frontier05774
host=frontier03381
host=frontier05144
host=frontier01395
host=frontier03141
host=frontier07563
host=frontier07179
host=frontier04368
host=frontier09091
host=frontier00258
host=frontier04371
host=frontier03212
host=frontier00400
host=frontier07811
host=frontier03991
host=frontier05782
host=frontier05393
host=frontier08225
host=frontier04619
host=frontier03765
host=frontier08463
host=frontier07993
host=frontier10136
host=frontier06170
host=frontier05156
host=frontier00014
host=frontier00405
host=frontier05793
host=frontier00989
host=frontier03446
host=frontier07571
host=frontier05795
host=frontier06027
host=frontier06273
host=frontier06664
host=frontier02038
host=frontier02877
host=frontier03012
host=frontier05796
host=frontier09098
host=frontier02079
host=frontier00274
host=frontier07189
host=frontier04014
host=frontier01264
host=frontier05019
host=frontier07052
host=frontier08080
host=frontier01489
host=frontier05021
host=frontier01497
host=frontier05891
host=frontier06674
host=frontier03485
host=frontier07442
host=frontier03318
host=frontier02891
host=frontier06282
host=frontier05900
host=frontier02139
host=frontier02521
host=frontier05274
host=frontier07056
host=frontier08098
host=frontier03879
host=frontier02892
host=frontier03884
host=frontier02544
host=frontier05276
host=frontier06530
host=frontier05123
host=frontier07938
host=frontier05667
host=frontier06680
host=frontier00386
host=frontier04896
current_cpu=  2
current_cpu=  2
allowed=1-2
host=frontier03643
allowed=1-2
host=frontier07054
host=frontier06913
current_cpu=  2
allowed=1-2
allowed=1-2
current_cpu=  1
allowed=1-2
allowed=1-2
host=frontier05908
current_cpu=  1
current_cpu=  2
current_cpu=  2
allowed=1-2
current_cpu=  1
allowed=1-2
allowed=1-2
current_cpu=  1
current_cpu=  1
allowed=1-2
current_cpu=  1
current_cpu=  2
current_cpu=  1
allowed=1-2
current_cpu=  1
current_cpu=  2
allowed=1-2
allowed=1-2
allowed=1-2
current_cpu=  2
current_cpu=  2
current_cpu=  1
allowed=1-2
allowed=1-2
allowed=1-2
current_cpu=  1
current_cpu=  2
current_cpu=  1
current_cpu=  2
host=frontier05132
allowed=1-2
current_cpu=  2
current_cpu=  1
host=frontier09225
current_cpu=  1
host=frontier08839
current_cpu=  1
current_cpu=  2
current_cpu=  1
current_cpu=  2
allowed=1-2
host=frontier04532
host=frontier02414
current_cpu=  2
current_cpu=  1
allowed=1-2
host=frontier03519
allowed=1-2
allowed=1-2
current_cpu=  2
current_cpu=  1
allowed=1-2
current_cpu=  1
allowed=1-2
current_cpu=  2
allowed=1-2
host=frontier03136
current_cpu=  2
host=frontier04749
host=frontier04149
allowed=1-2
allowed=1-2
current_cpu=  1
current_cpu=  2
current_cpu=  2
current_cpu=  1
allowed=1-2
allowed=1-2
allowed=1-2
allowed=1-2
current_cpu=  1
current_cpu=  2
current_cpu=  1
allowed=1-2
current_cpu=  1
allowed=1-2
host=frontier04750
allowed=1-2
current_cpu=  2
current_cpu=  2
current_cpu=  2
current_cpu=  2
host=frontier05925
host=frontier06402
current_cpu=  2
host=frontier07316
host=frontier06547
host=frontier08843
current_cpu=  1
allowed=1-2
allowed=1-2
current_cpu=  1
current_cpu=  2
host=frontier04610
current_cpu=  2
host=frontier06548
allowed=1-2
current_cpu=  2
allowed=1-2
allowed=1-2
current_cpu=  1
current_cpu=  1
current_cpu=  1
current_cpu=  2
current_cpu=  1
current_cpu=  2
current_cpu=  1
host=frontier05541
current_cpu=  2
allowed=1-2
allowed=1-2
allowed=1-2
host=frontier06019
allowed=1-2
current_cpu=  1
current_cpu=  1
host=frontier02819
host=frontier07813
current_cpu=  2
allowed=1-2
current_cpu=  1
allowed=1-2
allowed=1-2
allowed=1-2
allowed=1-2
current_cpu=  2
current_cpu=  1
current_cpu=  1
current_cpu=  2
allowed=1-2
allowed=1-2
current_cpu=  2
allowed=1-2
current_cpu=  2
allowed=1-2
current_cpu=  2
host=frontier02034
host=frontier06798
allowed=1-2
allowed=1-2
current_cpu=  1
current_cpu=  1
current_cpu=  1
current_cpu=  1
allowed=1-2
allowed=1-2
allowed=1-2
current_cpu=  1
current_cpu=  2
current_cpu=  1
current_cpu=  2
current_cpu=  2
current_cpu=  1
host=frontier04627
host=frontier05397
host=frontier08473
allowed=1-2
current_cpu=  1
host=frontier05645
host=frontier01619
host=frontier07817
host=frontier07044
current_cpu=  2
host=frontier00016
host=frontier00272
allowed=1-2
allowed=1-2
current_cpu=  1
allowed=1-2
current_cpu=  2
current_cpu=  2
host=frontier08483
allowed=1-2
allowed=1-2
allowed=1-2
current_cpu=  1
allowed=1-2
host=frontier00017
allowed=1-2
current_cpu=  2
current_cpu=  2
current_cpu=  1
current_cpu=  1
current_cpu=  1
allowed=1-2
current_cpu=  1
allowed=1-2
allowed=1-2
allowed=1-2
host=frontier08484
allowed=1-2
allowed=1-2
allowed=1-2
allowed=1-2
current_cpu=  1
allowed=1-2
current_cpu=  2
current_cpu=  1
current_cpu=  1
current_cpu=  1
host=frontier04635
current_cpu=  2
current_cpu=  1
current_cpu=  2
allowed=1-2
current_cpu=  1
host=frontier09359
current_cpu=  2
host=frontier05022
current_cpu=  2
current_cpu=  1
host=frontier05653
current_cpu=  1
current_cpu=  2
current_cpu=  2
allowed=1-2
host=frontier02890
allowed=1-2
host=frontier01677
allowed=1-2
allowed=1-2
allowed=1-2
current_cpu=  1
allowed=1-2
allowed=1-2
allowed=1-2
host=frontier05505
host=frontier03099
current_cpu=  1
allowed=1-2
host=frontier06040
allowed=1-2
current_cpu=  1
current_cpu=  2
host=frontier05509
allowed=1-2
current_cpu=  1
allowed=1-2
allowed=1-2
allowed=1-2
current_cpu=  2
current_cpu=  2
current_cpu=  1
current_cpu=  1
allowed=1-2
current_cpu=  2
current_cpu=  2
current_cpu=  1
current_cpu=  2
current_cpu=  1
allowed=1-2
allowed=1-2
allowed=1-2
host=frontier04511
current_cpu=  1
current_cpu=  2
current_cpu=  2
host=frontier04273
allowed=1-2
allowed=1-2
host=frontier08582
host=frontier05517
host=frontier01903
host=frontier08736
current_cpu=  2
host=frontier06045
allowed=1-2
current_cpu=  1
current_cpu=  2
allowed=1-2
current_cpu=  1
allowed=1-2
host=frontier06531
current_cpu=  1
current_cpu=  1
host=frontier08981
current_cpu=  1
allowed=1-2
current_cpu=  1
allowed=1-2
host=frontier01905
allowed=1-2
allowed=1-2
current_cpu=  2
current_cpu=  1
allowed=1-2
allowed=1-2
allowed=1-2
allowed=1-2
host=frontier01525
host=frontier02159
allowed=1-2
host=frontier00144
host=frontier07946
host=frontier05282
allowed=1-2
current_cpu=  1
host=frontier01527
allowed=1-2
host=frontier03516
allowed=1-2
host=frontier05283
host=frontier03894
host=frontier04900
host=frontier01117
host=frontier00655
allowed=1-2
host=frontier03359
current_cpu=  2
host=frontier02960
host=frontier08984
allowed=1-2
host=frontier02961
allowed=1-2
current_cpu=  2
host=frontier06296
host=frontier00671
host=frontier02161
allowed=1-2
host=frontier08195
host=frontier05284
host=frontier00882
allowed=1-2
host=frontier01118
host=frontier06925
allowed=1-2
host=frontier10118
allowed=1-2
current_cpu=  2
host=frontier00675
allowed=1-2
current_cpu=  2
host=frontier00149
allowed=1-2
current_cpu=  2
allowed=1-2
host=frontier02010
host=frontier01543
host=frontier09228
host=frontier08196
host=frontier02966
host=frontier05921
allowed=1-2
host=frontier05136
allowed=1-2
allowed=1-2
allowed=1-2
current_cpu=  2
allowed=1-2
host=frontier00884
host=frontier00683
allowed=1-2
host=frontier09089
host=frontier01750
host=frontier07694
allowed=1-2
allowed=1-2
allowed=1-2
allowed=1-2
allowed=1-2
current_cpu=  2
allowed=1-2
host=frontier00885
host=frontier00008
host=frontier02013
host=frontier05141
allowed=1-2
host=frontier02584
host=frontier05532
host=frontier02166
host=frontier06160
current_cpu=  1
host=frontier01142
host=frontier00902
host=frontier07810
allowed=1-2
allowed=1-2
host=frontier03591
host=frontier08217
host=frontier01776
host=frontier03758
allowed=1-2
host=frontier02999
host=frontier05386
host=frontier02594
allowed=1-2
host=frontier02803
host=frontier00735
current_cpu=  1
allowed=1-2
allowed=1-2
allowed=1-2
allowed=1-2
current_cpu=  1
allowed=1-2
current_cpu=  1
host=frontier03990
host=frontier07180
allowed=1-2
host=frontier05387
allowed=1-2
current_cpu=  2
allowed=1-2
host=frontier10132
allowed=1-2
host=frontier03213
allowed=1-2
host=frontier04763
allowed=1-2
allowed=1-2
host=frontier07812
allowed=1-2
allowed=1-2
host=frontier08624
host=frontier06791
host=frontier00261
host=frontier01605
host=frontier04237
host=frontier07182
allowed=1-2
host=frontier10134
host=frontier02033
host=frontier09346
host=frontier01145
allowed=1-2
host=frontier05005
allowed=1-2
allowed=1-2
host=frontier00266
host=frontier02215
allowed=1-2
current_cpu=  1
host=frontier02425
current_cpu=  2
allowed=1-2
allowed=1-2
host=frontier09347
allowed=1-2
host=frontier08712
host=frontier08065
allowed=1-2
allowed=1-2
allowed=1-2
host=frontier00270
host=frontier07431
allowed=1-2
allowed=1-2
allowed=1-2
host=frontier10137
allowed=1-2
allowed=1-2
allowed=1-2
host=frontier03242
host=frontier09349
host=frontier07432
allowed=1-2
host=frontier04001
host=frontier02644
host=frontier03009
host=frontier07185
host=frontier09350
current_cpu=  2
allowed=1-2
allowed=1-2
allowed=1-2
host=frontier04245
host=frontier01246
current_cpu=  2
allowed=1-2
host=frontier06801
host=frontier02873
allowed=1-2
allowed=1-2
host=frontier04770
allowed=1-2
allowed=1-2
current_cpu=  1
allowed=1-2
allowed=1-2
host=frontier08073
host=frontier05648
host=frontier01621
host=frontier09351
allowed=1-2
current_cpu=  1
host=frontier08961
allowed=1-2
host=frontier04392
host=frontier01006
host=frontier07188
allowed=1-2
host=frontier01645
allowed=1-2
allowed=1-2
host=frontier01007
host=frontier08964
host=frontier06804
host=frontier02478
host=frontier03264
host=frontier05255
host=frontier01847
host=frontier03062
allowed=1-2
host=frontier04400
host=frontier05798
allowed=1-2
host=frontier06422
allowed=1-2
allowed=1-2
host=frontier09100
current_cpu=  1
allowed=1-2
allowed=1-2
host=frontier08486
host=frontier00606
allowed=1-2
allowed=1-2
host=frontier02097
current_cpu=  1
host=frontier04493
current_cpu=  1
current_cpu=  1
allowed=1-2
current_cpu=  1
allowed=1-2
host=frontier01875
host=frontier03867
allowed=1-2
allowed=1-2
allowed=1-2
host=frontier03084
host=frontier02889
host=frontier00277
host=frontier04494
host=frontier08724
host=frontier03309
host=frontier07685
host=frontier08490
allowed=1-2
host=frontier01011
host=frontier05897
host=frontier04889
allowed=1-2
allowed=1-2
allowed=1-2
host=frontier03873
host=frontier06675
host=frontier01499
host=frontier06279
allowed=1-2
allowed=1-2
host=frontier04508
current_cpu=  1
allowed=1-2
allowed=1-2
host=frontier04266
host=frontier07055
host=frontier01679
allowed=1-2
host=frontier00279
host=frontier04891
host=frontier03498
host=frontier01879
allowed=1-2
current_cpu=  2
host=frontier05665
host=frontier03506
host=frontier00860
current_cpu=  2
host=frontier01882
allowed=1-2
host=frontier06915
host=frontier03319
host=frontier08581
host=frontier01520
host=frontier07304
host=frontier06284
allowed=1-2
allowed=1-2
allowed=1-2
host=frontier02744
allowed=1-2
host=frontier02157
allowed=1-2
host=frontier02925
allowed=1-2
host=frontier03108
host=frontier07305
current_cpu=  2
allowed=1-2
current_cpu=  1
host=frontier08357
host=frontier07688
allowed=1-2
allowed=1-2
allowed=1-2
host=frontier01523
current_cpu=  2
allowed=1-2
allowed=1-2
allowed=1-2
host=frontier09221
allowed=1-2
host=frontier01721
allowed=1-2
allowed=1-2
allowed=1-2
host=frontier04739
host=frontier03892
allowed=1-2
host=frontier04897
host=frontier06681
allowed=1-2
allowed=1-2
host=frontier04276
host=frontier08588
host=frontier08104
allowed=1-2
allowed=1-2
allowed=1-2
allowed=1-2
allowed=1-2
allowed=1-2
allowed=1-2
allowed=1-2
host=frontier06685
host=frontier07948
allowed=1-2
host=frontier08589
host=frontier02551
allowed=1-2
host=frontier07691
allowed=1-2
host=frontier09224
allowed=1-2
host=frontier08834
host=frontier03128
host=frontier07559
host=frontier00390
allowed=1-2
host=frontier07692
host=frontier06689
host=frontier00005
host=frontier04745
allowed=1-2
allowed=1-2
host=frontier07172
host=frontier08595
host=frontier03129
host=frontier05763
host=frontier01369
host=frontier06538
allowed=1-2
allowed=1-2
host=frontier07173
host=frontier05379
host=frontier08987
host=frontier04746
allowed=1-2
allowed=1-2
host=frontier08609
allowed=1-2
host=frontier02562
allowed=1-2
host=frontier07693
host=frontier05765
allowed=1-2
host=frontier07561
host=frontier05771
allowed=1-2
allowed=1-2
allowed=1-2
host=frontier02583
host=frontier07177
allowed=1-2
host=frontier00151
allowed=1-2
host=frontier08610
host=frontier01564
host=frontier01134
host=frontier06927
host=frontier09231
host=frontier03986
allowed=1-2
allowed=1-2
allowed=1-2
allowed=1-2
allowed=1-2
host=frontier07809
host=frontier08616
host=frontier07178
host=frontier07562
allowed=1-2
host=frontier01135
host=frontier02801
allowed=1-2
host=frontier00398
host=frontier07980
allowed=1-2
allowed=1-2
host=frontier00734
host=frontier03391
host=frontier10122
allowed=1-2
allowed=1-2
allowed=1-2
allowed=1-2
allowed=1-2
host=frontier08460
host=frontier04997
host=frontier00399
host=frontier04535
host=frontier10131
host=frontier04762
host=frontier08619
allowed=1-2
allowed=1-2
allowed=1-2
allowed=1-2
host=frontier05145
host=frontier02603
host=frontier03002
host=frontier05778
host=frontier01595
host=frontier01396
host=frontier09092
allowed=1-2
host=frontier04614
host=frontier07986
host=frontier08224
host=frontier01144
allowed=1-2
allowed=1-2
host=frontier01596
host=frontier04379
host=frontier00923
allowed=1-2
host=frontier03003
host=frontier07181
host=frontier06164
host=frontier09093
host=frontier07567
host=frontier05786
host=frontier08711
host=frontier05394
allowed=1-2
host=frontier09094
allowed=1-2
host=frontier06169
host=frontier02424
host=frontier07568
allowed=1-2
host=frontier00403
host=frontier06405
allowed=1-2
allowed=1-2
host=frontier07430
host=frontier03431
allowed=1-2
host=frontier06552
allowed=1-2
allowed=1-2
host=frontier00404
host=frontier07184
host=frontier05792
allowed=1-2
host=frontier02643
host=frontier09095
host=frontier04766
host=frontier04620
host=frontier07569
host=frontier03997
host=frontier02435
host=frontier00271
host=frontier04389
allowed=1-2
host=frontier09096
allowed=1-2
host=frontier06171
allowed=1-2
allowed=1-2
host=frontier07570
host=frontier05249
host=frontier00756
host=frontier01616
host=frontier06657
host=frontier04767
host=frontier08715
host=frontier02267
host=frontier07187
host=frontier06173
host=frontier05017
allowed=1-2
allowed=1-2
host=frontier04390
host=frontier02645
host=frontier09097
allowed=1-2
host=frontier08862
host=frontier02036
host=frontier04010
host=frontier05250
allowed=1-2
host=frontier06028
allowed=1-2
host=frontier07681
allowed=1-2
allowed=1-2
allowed=1-2
allowed=1-2
allowed=1-2
host=frontier03464
host=frontier02669
host=frontier08716
host=frontier04867
host=frontier06803
host=frontier00604
allowed=1-2
allowed=1-2
host=frontier07682
host=frontier04868
host=frontier08717
host=frontier06030
host=frontier00605
allowed=1-2
allowed=1-2
host=frontier03465
allowed=1-2
host=frontier09099
host=frontier08074
host=frontier07820
allowed=1-2
host=frontier07297
host=frontier04258
host=frontier05890
host=frontier03266
allowed=1-2
host=frontier07683
allowed=1-2
host=frontier08719
host=frontier00275
allowed=1-2
host=frontier04871
host=frontier06668
host=frontier06276
allowed=1-2
host=frontier01008
host=frontier00622
host=frontier05267
host=frontier08489
host=frontier07439
allowed=1-2
allowed=1-2
host=frontier08087
allowed=1-2
host=frontier04262
allowed=1-2
host=frontier07822
host=frontier06278
host=frontier04872
host=frontier07298
host=frontier02121
host=frontier08337
host=frontier07823
allowed=1-2
host=frontier08577
allowed=1-2
allowed=1-2
allowed=1-2
allowed=1-2
host=frontier01016
host=frontier07825
allowed=1-2
host=frontier03875
host=frontier09218
host=frontier08091
host=frontier07686
allowed=1-2
host=frontier06677
host=frontier00280
host=frontier07444
allowed=1-2
allowed=1-2
allowed=1-2
allowed=1-2
allowed=1-2
host=frontier02523
host=frontier01017
host=frontier06678
host=frontier05901
host=frontier04116
host=frontier09219
host=frontier04892
host=frontier03107
host=frontier07057
host=frontier06679
host=frontier09220
host=frontier07445
allowed=1-2
host=frontier00630
allowed=1-2
allowed=1-2
host=frontier01049
allowed=1-2
allowed=1-2
host=frontier03507
allowed=1-2
host=frontier04893
host=frontier00861
host=frontier05124
host=frontier04516
allowed=1-2
host=frontier06146
host=frontier02549
allowed=1-2
host=frontier04274
host=frontier08583
allowed=1-2
host=frontier01063
allowed=1-2
host=frontier08103
host=frontier03885
host=frontier07689
host=frontier07944
host=frontier02927
host=frontier09223
host=frontier04137
host=frontier06920
host=frontier03360
host=frontier02394
host=frontier07560
host=frontier06785
host=frontier02163
host=frontier04913
host=frontier04367
host=frontier05383
host=frontier03989
host=frontier05775
host=frontier07566
host=frontier06790
host=frontier09345
host=frontier00011
host=frontier02625
host=frontier05148
host=frontier01806
host=frontier04388
host=frontier02247
host=frontier03842
host=frontier03011
host=frontier00273
host=frontier03863
host=frontier06034
host=frontier09101
host=frontier07937
host=frontier03717
current_cpu=  2
allowed=1-2
current_cpu=  1
allowed=1-2
allowed=1-2
current_cpu=  2
current_cpu=  2
current_cpu=  1
current_cpu=  1
allowed=1-2
current_cpu=  1
current_cpu=  1
current_cpu=  2
current_cpu=  2
current_cpu=  2
current_cpu=  1
current_cpu=  2
current_cpu=  2
current_cpu=  1
current_cpu=  2
current_cpu=  1
allowed=1-2
current_cpu=  2
allowed=1-2
allowed=1-2
current_cpu=  2
allowed=1-2
allowed=1-2
current_cpu=  2
allowed=1-2
current_cpu=  1
current_cpu=  2
current_cpu=  1
current_cpu=  1
current_cpu=  1
allowed=1-2
allowed=1-2
allowed=1-2
current_cpu=  1
current_cpu=  2
current_cpu=  1
current_cpu=  2
current_cpu=  1
current_cpu=  1
current_cpu=  2
current_cpu=  2
allowed=1-2
current_cpu=  2
allowed=1-2
allowed=1-2
allowed=1-2
allowed=1-2
allowed=1-2
current_cpu=  2
current_cpu=  2
allowed=1-2
allowed=1-2
current_cpu=  2
current_cpu=  1
current_cpu=  2
allowed=1-2
current_cpu=  2
current_cpu=  1
current_cpu=  2
allowed=1-2
current_cpu=  1
allowed=1-2
allowed=1-2
current_cpu=  2
current_cpu=  1
current_cpu=  2
current_cpu=  2
current_cpu=  1
current_cpu=  2
current_cpu=  2
current_cpu=  2
current_cpu=  1
allowed=1-2
current_cpu=  1
current_cpu=  2
current_cpu=  2
current_cpu=  2
current_cpu=  2
allowed=1-2
allowed=1-2
allowed=1-2
current_cpu=  2
allowed=1-2
allowed=1-2
allowed=1-2
allowed=1-2
allowed=1-2
allowed=1-2
current_cpu=  2
current_cpu=  2
current_cpu=  1
allowed=1-2
current_cpu=  1
current_cpu=  2
current_cpu=  2
current_cpu=  1
allowed=1-2
current_cpu=  2
current_cpu=  1
current_cpu=  2
current_cpu=  2
current_cpu=  1
allowed=1-2
current_cpu=  1
current_cpu=  1
current_cpu=  2
current_cpu=  2
current_cpu=  1
allowed=1-2
current_cpu=  2
allowed=1-2
allowed=1-2
allowed=1-2
current_cpu=  1
allowed=1-2
current_cpu=  1
allowed=1-2
current_cpu=  1
current_cpu=  1
current_cpu=  2
current_cpu=  2
current_cpu=  2
current_cpu=  2
allowed=1-2
allowed=1-2
current_cpu=  1
allowed=1-2
current_cpu=  1
allowed=1-2
current_cpu=  2
current_cpu=  1
current_cpu=  1
current_cpu=  2
current_cpu=  1
current_cpu=  1
current_cpu=  1
current_cpu=  2
allowed=1-2
allowed=1-2
current_cpu=  2
current_cpu=  2
allowed=1-2
allowed=1-2
allowed=1-2
allowed=1-2
allowed=1-2
current_cpu=  2
current_cpu=  2
current_cpu=  1
allowed=1-2
allowed=1-2
current_cpu=  1
current_cpu=  2
allowed=1-2
current_cpu=  2
current_cpu=  2
current_cpu=  2
current_cpu=  1
current_cpu=  2
current_cpu=  2
allowed=1-2
allowed=1-2
current_cpu=  1
allowed=1-2
allowed=1-2
allowed=1-2
current_cpu=  1
allowed=1-2
current_cpu=  1
allowed=1-2
current_cpu=  2
allowed=1-2
allowed=1-2
allowed=1-2
allowed=1-2
allowed=1-2
current_cpu=  2
allowed=1-2
allowed=1-2
allowed=1-2
current_cpu=  1
allowed=1-2
current_cpu=  1
allowed=1-2
allowed=1-2
allowed=1-2
current_cpu=  2
allowed=1-2
allowed=1-2
allowed=1-2
current_cpu=  1
allowed=1-2
allowed=1-2
current_cpu=  1
allowed=1-2
current_cpu=  1
allowed=1-2
current_cpu=  2
allowed=1-2
current_cpu=  1
current_cpu=  2
allowed=1-2
allowed=1-2
allowed=1-2
allowed=1-2
allowed=1-2
current_cpu=  1
allowed=1-2
current_cpu=  2
current_cpu=  1
current_cpu=  1
current_cpu=  2
allowed=1-2
allowed=1-2
current_cpu=  1
allowed=1-2
allowed=1-2
allowed=1-2
current_cpu=  2
current_cpu=  1
current_cpu=  1
current_cpu=  2
current_cpu=  2
current_cpu=  1
allowed=1-2
allowed=1-2
allowed=1-2
allowed=1-2
current_cpu=  1
allowed=1-2
allowed=1-2
allowed=1-2
allowed=1-2
allowed=1-2
allowed=1-2
allowed=1-2
current_cpu=  2
current_cpu=  2
allowed=1-2
allowed=1-2
allowed=1-2
allowed=1-2
current_cpu=  2
allowed=1-2
allowed=1-2
allowed=1-2
current_cpu=  2
allowed=1-2
allowed=1-2
current_cpu=  1
current_cpu=  1
current_cpu=  1
current_cpu=  2
current_cpu=  2
allowed=1-2
allowed=1-2
current_cpu=  2
current_cpu=  1
current_cpu=  2
current_cpu=  2
current_cpu=  2
current_cpu=  2
current_cpu=  2
current_cpu=  2
current_cpu=  2
current_cpu=  1
current_cpu=  1
current_cpu=  2
current_cpu=  2
current_cpu=  1
current_cpu=  1
current_cpu=  1
current_cpu=  1
current_cpu=  2
current_cpu=  1
current_cpu=  1
current_cpu=  2
current_cpu=  2
current_cpu=  2
current_cpu=  2
current_cpu=  1
current_cpu=  2
current_cpu=  1
current_cpu=  1
current_cpu=  2
current_cpu=  2
current_cpu=  2
current_cpu=  2
current_cpu=  1
current_cpu=  2
current_cpu=  2
current_cpu=  1
current_cpu=  2
current_cpu=  2
current_cpu=  2
current_cpu=  1
current_cpu=  1
current_cpu=  2
current_cpu=  1
current_cpu=  2
current_cpu=  1
current_cpu=  2
current_cpu=  2
current_cpu=  1
current_cpu=  2
current_cpu=  2
current_cpu=  1
current_cpu=  1
current_cpu=  1
current_cpu=  1
current_cpu=  1
current_cpu=  2
current_cpu=  2
current_cpu=  1
current_cpu=  2
current_cpu=  2
current_cpu=  1
current_cpu=  1
current_cpu=  2
current_cpu=  2
current_cpu=  2
current_cpu=  2
current_cpu=  1
current_cpu=  1
current_cpu=  2
current_cpu=  2
current_cpu=  1
current_cpu=  2
current_cpu=  2
current_cpu=  1
current_cpu=  2
current_cpu=  2
current_cpu=  2
current_cpu=  2
current_cpu=  1
current_cpu=  1
current_cpu=  2
current_cpu=  2
current_cpu=  1
current_cpu=  2
current_cpu=  2
current_cpu=  2
current_cpu=  2
current_cpu=  2
current_cpu=  2
current_cpu=  2
current_cpu=  1
current_cpu=  1
allowed=1-2
current_cpu=  2
current_cpu=  2
current_cpu=  2
allowed=1-2
current_cpu=  1
allowed=1-2
current_cpu=  1
allowed=1-2
current_cpu=  2
current_cpu=  2
current_cpu=  1
allowed=1-2
current_cpu=  1
current_cpu=  2
current_cpu=  1
allowed=1-2
current_cpu=  1
allowed=1-2
current_cpu=  1
allowed=1-2
current_cpu=  2
allowed=1-2
current_cpu=  1
current_cpu=  2
allowed=1-2
allowed=1-2
current_cpu=  2
current_cpu=  2
current_cpu=  2
allowed=1-2
current_cpu=  2
allowed=1-2
current_cpu=  2
current_cpu=  2
current_cpu=  2
allowed=1-2
current_cpu=  2
allowed=1-2
current_cpu=  1
current_cpu=  1
current_cpu=  1
allowed=1-2
current_cpu=  2
current_cpu=  2
current_cpu=  2
current_cpu=  1
current_cpu=  1
allowed=1-2
allowed=1-2
current_cpu=  2
current_cpu=  1
allowed=1-2
current_cpu=  2
current_cpu=  1
current_cpu=  2
allowed=1-2
current_cpu=  2
current_cpu=  2
allowed=1-2
allowed=1-2
current_cpu=  2
current_cpu=  2
current_cpu=  1
current_cpu=  2
allowed=1-2
allowed=1-2
current_cpu=  2
current_cpu=  2
current_cpu=  1
current_cpu=  1
current_cpu=  1
allowed=1-2
current_cpu=  1
current_cpu=  1
current_cpu=  1
current_cpu=  2
allowed=1-2
allowed=1-2
current_cpu=  2
current_cpu=  2
current_cpu=  1
allowed=1-2
current_cpu=  1
allowed=1-2
current_cpu=  2
allowed=1-2
current_cpu=  2
host=frontier02035
allowed=1-2
current_cpu=  1
current_cpu=  1
current_cpu=  1
current_cpu=  2
allowed=1-2
current_cpu=  1
allowed=1-2
current_cpu=  2
allowed=1-2
allowed=1-2
current_cpu=  2
current_cpu=  1
allowed=1-2
current_cpu=  1
allowed=1-2
current_cpu=  1
current_cpu=  2
current_cpu=  2
allowed=1-2
current_cpu=  1
current_cpu=  1
current_cpu=  1
current_cpu=  2
current_cpu=  1
allowed=1-2
current_cpu=  2
allowed=1-2
current_cpu=  2
current_cpu=  2
allowed=1-2
allowed=1-2
current_cpu=  1
current_cpu=  1
current_cpu=  2
allowed=1-2
current_cpu=  1
current_cpu=  2
allowed=1-2
allowed=1-2
current_cpu=  1
current_cpu=  1
current_cpu=  1
allowed=1-2
current_cpu=  2
allowed=1-2
current_cpu=  1
current_cpu=  2
current_cpu=  1
current_cpu=  2
allowed=1-2
allowed=1-2
current_cpu=  2
current_cpu=  2
allowed=1-2
allowed=1-2
allowed=1-2
allowed=1-2
current_cpu=  2
current_cpu=  2
allowed=1-2
allowed=1-2
current_cpu=  1
current_cpu=  1
current_cpu=  2
allowed=1-2
current_cpu=  2
allowed=1-2
current_cpu=  1
current_cpu=  1
allowed=1-2
current_cpu=  2
current_cpu=  1
current_cpu=  1
current_cpu=  1
allowed=1-2
current_cpu=  1
current_cpu=  2
current_cpu=  1
allowed=1-2
allowed=1-2
current_cpu=  2
current_cpu=  1
current_cpu=  2
current_cpu=  1
allowed=1-2
current_cpu=  2
allowed=1-2
current_cpu=  1
current_cpu=  1
current_cpu=  1
allowed=1-2
current_cpu=  2
allowed=1-2
current_cpu=  1
current_cpu=  1
current_cpu=  1
current_cpu=  2
current_cpu=  2
allowed=1-2
current_cpu=  1
allowed=1-2
current_cpu=  1
allowed=1-2
current_cpu=  1
allowed=1-2
current_cpu=  1
allowed=1-2
allowed=1-2
allowed=1-2
current_cpu=  1
current_cpu=  1
allowed=1-2
current_cpu=  1
current_cpu=  2
allowed=1-2
current_cpu=  1
current_cpu=  1
allowed=1-2
allowed=1-2
current_cpu=  1
current_cpu=  2
current_cpu=  1
current_cpu=  1
allowed=1-2
allowed=1-2
current_cpu=  1
current_cpu=  1
current_cpu=  2
allowed=1-2
current_cpu=  2
allowed=1-2
current_cpu=  2
current_cpu=  1
current_cpu=  2
allowed=1-2
current_cpu=  2
current_cpu=  2
allowed=1-2
allowed=1-2
current_cpu=  2
current_cpu=  2
allowed=1-2
current_cpu=  1
current_cpu=  2
allowed=1-2
current_cpu=  2
allowed=1-2
allowed=1-2
allowed=1-2
current_cpu=  1
current_cpu=  2
current_cpu=  2
allowed=1-2
current_cpu=  1
allowed=1-2
current_cpu=  1
allowed=1-2
current_cpu=  2
allowed=1-2
current_cpu=  2
host=frontier01700
allowed=1-2
current_cpu=  2
allowed=1-2
allowed=1-2
current_cpu=  1
allowed=1-2
current_cpu=  1
allowed=1-2
current_cpu=  2
allowed=1-2
current_cpu=  1
allowed=1-2
current_cpu=  2
current_cpu=  1
current_cpu=  2
current_cpu=  1
allowed=1-2
current_cpu=  1
current_cpu=  2
allowed=1-2
current_cpu=  2
current_cpu=  2
allowed=1-2
current_cpu=  1
current_cpu=  2
allowed=1-2
current_cpu=  2
allowed=1-2
current_cpu=  2
current_cpu=  1
current_cpu=  1
allowed=1-2
current_cpu=  1
current_cpu=  1
allowed=1-2
current_cpu=  2
current_cpu=  1
current_cpu=  1
current_cpu=  1
allowed=1-2
current_cpu=  2
current_cpu=  1
current_cpu=  1
current_cpu=  1
allowed=1-2
current_cpu=  2
current_cpu=  1
current_cpu=  2
allowed=1-2
current_cpu=  1
current_cpu=  1
current_cpu=  2
current_cpu=  2
allowed=1-2
current_cpu=  2
allowed=1-2
current_cpu=  1
current_cpu=  1
allowed=1-2
allowed=1-2
allowed=1-2
current_cpu=  1
current_cpu=  1
current_cpu=  2
current_cpu=  2
allowed=1-2
current_cpu=  1
allowed=1-2
current_cpu=  2
current_cpu=  1
current_cpu=  2
current_cpu=  2
current_cpu=  2
current_cpu=  1
current_cpu=  2
current_cpu=  2
current_cpu=  2
current_cpu=  2
allowed=1-2
allowed=1-2
current_cpu=  1
current_cpu=  2
current_cpu=  1
allowed=1-2
current_cpu=  2
allowed=1-2
current_cpu=  1
current_cpu=  2
allowed=1-2
current_cpu=  2
current_cpu=  2
host=frontier07170
allowed=1-2
current_cpu=  1
current_cpu=  1
allowed=1-2
allowed=1-2
current_cpu=  1
allowed=1-2
allowed=1-2
current_cpu=  2
current_cpu=  2
current_cpu=  1
allowed=1-2
current_cpu=  2
current_cpu=  1
allowed=1-2
allowed=1-2
current_cpu=  2
allowed=1-2
allowed=1-2
allowed=1-2
current_cpu=  2
current_cpu=  2
current_cpu=  1
allowed=1-2
current_cpu=  2
allowed=1-2
current_cpu=  1
current_cpu=  1
allowed=1-2
allowed=1-2
current_cpu=  1
current_cpu=  2
allowed=1-2
allowed=1-2
current_cpu=  1
current_cpu=  2
current_cpu=  1
current_cpu=  1
allowed=1-2
allowed=1-2
current_cpu=  1
current_cpu=  1
allowed=1-2
allowed=1-2
current_cpu=  2
current_cpu=  2
current_cpu=  2
current_cpu=  2
current_cpu=  1
allowed=1-2
current_cpu=  1
current_cpu=  2
allowed=1-2
current_cpu=  1
allowed=1-2
allowed=1-2
current_cpu=  2
current_cpu=  2
current_cpu=  2
current_cpu=  1
allowed=1-2
allowed=1-2
current_cpu=  1
current_cpu=  2
current_cpu=  1
current_cpu=  1
allowed=1-2
allowed=1-2
current_cpu=  1
current_cpu=  1
allowed=1-2
current_cpu=  2
current_cpu=  1
allowed=1-2
current_cpu=  1
allowed=1-2
current_cpu=  1
current_cpu=  2
allowed=1-2
allowed=1-2
current_cpu=  1
current_cpu=  2
allowed=1-2
allowed=1-2
current_cpu=  2
current_cpu=  1
current_cpu=  1
current_cpu=  1
current_cpu=  2
current_cpu=  2
current_cpu=  1
allowed=1-2
current_cpu=  1
allowed=1-2
current_cpu=  2
allowed=1-2
current_cpu=  1
allowed=1-2
current_cpu=  2
current_cpu=  2
current_cpu=  1
allowed=1-2
current_cpu=  2
allowed=1-2
current_cpu=  1
current_cpu=  1
allowed=1-2
allowed=1-2
current_cpu=  1
current_cpu=  1
current_cpu=  2
current_cpu=  1
allowed=1-2
allowed=1-2
current_cpu=  1
current_cpu=  1
allowed=1-2
current_cpu=  2
current_cpu=  1
current_cpu=  2
current_cpu=  1
current_cpu=  1
current_cpu=  2
allowed=1-2
allowed=1-2
allowed=1-2
current_cpu=  1
current_cpu=  1
allowed=1-2
allowed=1-2
current_cpu=  2
current_cpu=  2
allowed=1-2
allowed=1-2
current_cpu=  2
current_cpu=  2
current_cpu=  1
current_cpu=  2
current_cpu=  1
current_cpu=  2
allowed=1-2
allowed=1-2
current_cpu=  1
current_cpu=  2
current_cpu=  1
allowed=1-2
allowed=1-2
allowed=1-2
current_cpu=  1
current_cpu=  2
allowed=1-2
allowed=1-2
current_cpu=  1
current_cpu=  2
current_cpu=  2
allowed=1-2
current_cpu=  1
allowed=1-2
current_cpu=  2
allowed=1-2
current_cpu=  2
current_cpu=  2
allowed=1-2
current_cpu=  2
current_cpu=  1
current_cpu=  2
allowed=1-2
allowed=1-2
current_cpu=  1
allowed=1-2
current_cpu=  1
current_cpu=  2
allowed=1-2
allowed=1-2
current_cpu=  2
current_cpu=  1
allowed=1-2
allowed=1-2
current_cpu=  1
current_cpu=  1
allowed=1-2
allowed=1-2
current_cpu=  1
current_cpu=  2
allowed=1-2
allowed=1-2
current_cpu=  2
current_cpu=  1
current_cpu=  1
allowed=1-2
current_cpu=  1
current_cpu=  1
allowed=1-2
allowed=1-2
current_cpu=  2
current_cpu=  2
allowed=1-2
allowed=1-2
current_cpu=  1
current_cpu=  1
allowed=1-2
allowed=1-2
current_cpu=  1
current_cpu=  2
current_cpu=  1
current_cpu=  1
allowed=1-2
allowed=1-2
current_cpu=  1
current_cpu=  2
current_cpu=  1
current_cpu=  1
allowed=1-2
current_cpu=  2
current_cpu=  1
current_cpu=  1
current_cpu=  2
allowed=1-2
allowed=1-2
allowed=1-2
current_cpu=  2
current_cpu=  2
current_cpu=  1
allowed=1-2
current_cpu=  1
current_cpu=  1
allowed=1-2
allowed=1-2
current_cpu=  2
allowed=1-2
allowed=1-2
allowed=1-2
current_cpu=  1
current_cpu=  1
allowed=1-2
allowed=1-2
current_cpu=  1
allowed=1-2
current_cpu=  1
current_cpu=  1
allowed=1-2
current_cpu=  1
current_cpu=  1
allowed=1-2
current_cpu=  1
current_cpu=  1
current_cpu=  1
allowed=1-2
current_cpu=  1
allowed=1-2
current_cpu=  1
allowed=1-2
current_cpu=  1
allowed=1-2
current_cpu=  1
current_cpu=  1
allowed=1-2
allowed=1-2
current_cpu=  2
current_cpu=  2
allowed=1-2
allowed=1-2
current_cpu=  1
current_cpu=  2
allowed=1-2
allowed=1-2
current_cpu=  2
current_cpu=  1
allowed=1-2
current_cpu=  1
current_cpu=  2
current_cpu=  1
allowed=1-2
allowed=1-2
current_cpu=  1
current_cpu=  2
allowed=1-2
current_cpu=  1
current_cpu=  1
allowed=1-2
current_cpu=  2
allowed=1-2
current_cpu=  1
allowed=1-2
current_cpu=  2
allowed=1-2
current_cpu=  2
current_cpu=  1
allowed=1-2
current_cpu=  2
current_cpu=  2
allowed=1-2
current_cpu=  2
current_cpu=  1
current_cpu=  2
current_cpu=  1
current_cpu=  1
current_cpu=  2
allowed=1-2
allowed=1-2
current_cpu=  2
allowed=1-2
current_cpu=  1
allowed=1-2
current_cpu=  2
allowed=1-2
current_cpu=  2
allowed=1-2
current_cpu=  2
current_cpu=  1
current_cpu=  1
current_cpu=  2
allowed=1-2
allowed=1-2
current_cpu=  2
allowed=1-2
current_cpu=  2
allowed=1-2
current_cpu=  2
allowed=1-2
current_cpu=  1
allowed=1-2
current_cpu=  2
current_cpu=  1
current_cpu=  1
allowed=1-2
current_cpu=  2
allowed=1-2
current_cpu=  2
allowed=1-2
current_cpu=  1
allowed=1-2
current_cpu=  2
current_cpu=  1
allowed=1-2
allowed=1-2
current_cpu=  2
current_cpu=  1
current_cpu=  1
allowed=1-2
current_cpu=  2
allowed=1-2
current_cpu=  2
current_cpu=  1
allowed=1-2
current_cpu=  1
current_cpu=  2
allowed=1-2
current_cpu=  2
allowed=1-2
current_cpu=  2
current_cpu=  2
allowed=1-2
allowed=1-2
current_cpu=  2
current_cpu=  1
allowed=1-2
current_cpu=  1
current_cpu=  1
allowed=1-2
current_cpu=  1
allowed=1-2
current_cpu=  2
allowed=1-2
current_cpu=  2
current_cpu=  1
allowed=1-2
allowed=1-2
current_cpu=  1
current_cpu=  1
current_cpu=  2
current_cpu=  1
allowed=1-2
current_cpu=  1
current_cpu=  1
allowed=1-2
current_cpu=  1
current_cpu=  1
allowed=1-2
allowed=1-2
current_cpu=  2
current_cpu=  1
current_cpu=  1
allowed=1-2
current_cpu=  1
allowed=1-2
current_cpu=  1
allowed=1-2
allowed=1-2
allowed=1-2
current_cpu=  2
current_cpu=  2
current_cpu=  2
allowed=1-2
current_cpu=  2
current_cpu=  2
current_cpu=  1
current_cpu=  2
current_cpu=  2
current_cpu=  2
allowed=1-2
allowed=1-2
current_cpu=  1
current_cpu=  1
current_cpu=  2
allowed=1-2
current_cpu=  2
allowed=1-2
current_cpu=  1
current_cpu=  1
allowed=1-2
allowed=1-2
current_cpu=  2
current_cpu=  2
current_cpu=  1
current_cpu=  2
allowed=1-2
allowed=1-2
current_cpu=  1
allowed=1-2
current_cpu=  1
current_cpu=  2
current_cpu=  1
current_cpu=  2
current_cpu=  1
current_cpu=  2
current_cpu=  1
allowed=1-2
current_cpu=  2
allowed=1-2
current_cpu=  1
allowed=1-2
allowed=1-2
allowed=1-2
current_cpu=  1
current_cpu=  1
current_cpu=  2
allowed=1-2
current_cpu=  2
allowed=1-2
current_cpu=  2
allowed=1-2
allowed=1-2
allowed=1-2
current_cpu=  2
current_cpu=  1
current_cpu=  2
allowed=1-2
current_cpu=  1
allowed=1-2
current_cpu=  1
current_cpu=  1
current_cpu=  1
current_cpu=  2
allowed=1-2
current_cpu=  1
current_cpu=  1
current_cpu=  1
allowed=1-2
current_cpu=  1
current_cpu=  1
current_cpu=  1
allowed=1-2
current_cpu=  1
current_cpu=  2
allowed=1-2
current_cpu=  2
allowed=1-2
current_cpu=  2
allowed=1-2
current_cpu=  1
allowed=1-2
current_cpu=  2
current_cpu=  1
allowed=1-2
allowed=1-2
current_cpu=  2
current_cpu=  2
current_cpu=  1
allowed=1-2
current_cpu=  1
allowed=1-2
current_cpu=  2
current_cpu=  2
allowed=1-2
current_cpu=  2
current_cpu=  1
allowed=1-2
current_cpu=  2
allowed=1-2
current_cpu=  2
allowed=1-2
current_cpu=  1
allowed=1-2
current_cpu=  2
allowed=1-2
current_cpu=  1
allowed=1-2
current_cpu=  2
allowed=1-2
current_cpu=  1
allowed=1-2
current_cpu=  2
allowed=1-2
current_cpu=  2
allowed=1-2
current_cpu=  1
allowed=1-2
current_cpu=  2
allowed=1-2
current_cpu=  2
allowed=1-2
current_cpu=  1
allowed=1-2
current_cpu=  2
allowed=1-2
current_cpu=  2
allowed=1-2
current_cpu=  2
allowed=1-2
current_cpu=  2
allowed=1-2
current_cpu=  1
allowed=1-2
current_cpu=  1
current_cpu=  2
allowed=1-2
allowed=1-2
current_cpu=  1
current_cpu=  2
allowed=1-2
allowed=1-2
current_cpu=  2
current_cpu=  2
allowed=1-2
allowed=1-2
current_cpu=  2
current_cpu=  2
current_cpu=  2
allowed=1-2
current_cpu=  1
allowed=1-2
current_cpu=  2
allowed=1-2
allowed=1-2
allowed=1-2
current_cpu=  1
current_cpu=  1
allowed=1-2
allowed=1-2
current_cpu=  1
allowed=1-2
current_cpu=  2
host=frontier05271
allowed=1-2
allowed=1-2
current_cpu=  2
current_cpu=  2
host=frontier04119
allowed=1-2
current_cpu=  1
current_cpu=  1
current_cpu=  1
allowed=1-2
current_cpu=  1
current_cpu=  2
current_cpu=  2
current_cpu=  1
current_cpu=  1
current_cpu=  1
current_cpu=  1
current_cpu=  2
current_cpu=  2
current_cpu=  1
current_cpu=  1
current_cpu=  1
current_cpu=  2
current_cpu=  2
current_cpu=  1
current_cpu=  2
current_cpu=  2
current_cpu=  1
current_cpu=  1
current_cpu=  1
current_cpu=  2
current_cpu=  1
+ echo 'Launching Copper Gracefully On All Nodes : End'
Launching Copper Gracefully On All Nodes : End
+ conda activate /mnt/bb/wcastil/copper_mount/lustre/orion/stf243/world-shared/hagertnl/CUG26/benchmark_builds/python-pytorch/conda_env
+ local cmd=activate
+ case "$cmd" in
+ __conda_activate activate /mnt/bb/wcastil/copper_mount/lustre/orion/stf243/world-shared/hagertnl/CUG26/benchmark_builds/python-pytorch/conda_env
+ '[' -n '' ']'
+ local ask_conda
++ PS1='(base) '
++ __conda_exe shell.posix activate /mnt/bb/wcastil/copper_mount/lustre/orion/stf243/world-shared/hagertnl/CUG26/benchmark_builds/python-pytorch/conda_env
++ /autofs/nccs-svm1_sw/frontier/miniforge3/23.11.0-0/bin/conda shell.posix activate /mnt/bb/wcastil/copper_mount/lustre/orion/stf243/world-shared/hagertnl/CUG26/benchmark_builds/python-pytorch/conda_env
+ ask_conda='. "/autofs/nccs-svm1_sw/frontier/miniforge3/23.11.0-0/etc/conda/deactivate.d/libxml2_deactivate.sh"
. "/autofs/nccs-svm1_sw/frontier/miniforge3/23.11.0-0/etc/conda/deactivate.d/libglib_deactivate.sh"
PS1='\''(/mnt/bb/wcastil/copper_mount/lustre/orion/stf243/world-shared/hagertnl/CUG26/benchmark_builds/python-pytorch/conda_env) '\''
export PATH='\''/mnt/bb/wcastil/copper_mount/lustre/orion/stf243/world-shared/hagertnl/CUG26/benchmark_builds/python-pytorch/conda_env/bin:/sw/frontier/lfs-wrapper/0.0.1/bin/lfs:/sw/frontier/miniforge3/23.11.0-0/bin:/opt/cray/libfabric/1.22.0/bin:/opt/rocm-6.4.2/bin:/sw/frontier/spack-envs/cpe25.09-cpu/opt/llvm-amdgpu-6.4.2/darshan-runtime-3.4.7-tvdocpzv3jfj4y6ki5jvmmkics323gon/bin:/opt/cray/pe/mpich/9.0.1/ofi/amd/6.0/bin:/opt/cray/pe/mpich/9.0.1/bin:/opt/cray/pe/perftools/25.09.0/bin:/opt/cray/pe/papi/7.2.0.2/bin:/opt/cray/pe/craype/2.7.35/bin:/sw/frontier/ums/ums046/copper/build:/autofs/nccs-svm1_sw/frontier/miniforge3/23.11.0-0/condabin:/sw/sources/hpss/bin:/sw/frontier/spack-envs/core-25.03/opt/gcc-13.2/tmux-3.4-fcqqko3j4ga67yuc7zxaqcwsix5hns2v/bin:/opt/clmgr/sbin:/opt/clmgr/bin:/opt/sgi/sbin:/opt/sgi/bin:/sw/frontier/bin:/ccs/home/wcastil/.local/bin:/usr/local/bin:/usr/bin:/bin:/opt/bin:/opt/c3/bin:/usr/lib/mit/bin:/opt/puppetlabs/bin:/opt/cray/pe/bin'\''
export CONDA_PREFIX='\''/mnt/bb/wcastil/copper_mount/lustre/orion/stf243/world-shared/hagertnl/CUG26/benchmark_builds/python-pytorch/conda_env'\''
export CONDA_SHLVL='\''2'\''
export CONDA_DEFAULT_ENV='\''/mnt/bb/wcastil/copper_mount/lustre/orion/stf243/world-shared/hagertnl/CUG26/benchmark_builds/python-pytorch/conda_env'\''
export CONDA_PROMPT_MODIFIER='\''(/mnt/bb/wcastil/copper_mount/lustre/orion/stf243/world-shared/hagertnl/CUG26/benchmark_builds/python-pytorch/conda_env) '\''
export CONDA_PREFIX_1='\''/autofs/nccs-svm1_sw/frontier/miniforge3/23.11.0-0'\''
export CONDA_EXE='\''/autofs/nccs-svm1_sw/frontier/miniforge3/23.11.0-0/bin/conda'\''
export _CE_M='\'''\''
export _CE_CONDA='\'''\''
export CONDA_PYTHON_EXE='\''/autofs/nccs-svm1_sw/frontier/miniforge3/23.11.0-0/bin/python'\'''
+ eval '. "/autofs/nccs-svm1_sw/frontier/miniforge3/23.11.0-0/etc/conda/deactivate.d/libxml2_deactivate.sh"
. "/autofs/nccs-svm1_sw/frontier/miniforge3/23.11.0-0/etc/conda/deactivate.d/libglib_deactivate.sh"
PS1='\''(/mnt/bb/wcastil/copper_mount/lustre/orion/stf243/world-shared/hagertnl/CUG26/benchmark_builds/python-pytorch/conda_env) '\''
export PATH='\''/mnt/bb/wcastil/copper_mount/lustre/orion/stf243/world-shared/hagertnl/CUG26/benchmark_builds/python-pytorch/conda_env/bin:/sw/frontier/lfs-wrapper/0.0.1/bin/lfs:/sw/frontier/miniforge3/23.11.0-0/bin:/opt/cray/libfabric/1.22.0/bin:/opt/rocm-6.4.2/bin:/sw/frontier/spack-envs/cpe25.09-cpu/opt/llvm-amdgpu-6.4.2/darshan-runtime-3.4.7-tvdocpzv3jfj4y6ki5jvmmkics323gon/bin:/opt/cray/pe/mpich/9.0.1/ofi/amd/6.0/bin:/opt/cray/pe/mpich/9.0.1/bin:/opt/cray/pe/perftools/25.09.0/bin:/opt/cray/pe/papi/7.2.0.2/bin:/opt/cray/pe/craype/2.7.35/bin:/sw/frontier/ums/ums046/copper/build:/autofs/nccs-svm1_sw/frontier/miniforge3/23.11.0-0/condabin:/sw/sources/hpss/bin:/sw/frontier/spack-envs/core-25.03/opt/gcc-13.2/tmux-3.4-fcqqko3j4ga67yuc7zxaqcwsix5hns2v/bin:/opt/clmgr/sbin:/opt/clmgr/bin:/opt/sgi/sbin:/opt/sgi/bin:/sw/frontier/bin:/ccs/home/wcastil/.local/bin:/usr/local/bin:/usr/bin:/bin:/opt/bin:/opt/c3/bin:/usr/lib/mit/bin:/opt/puppetlabs/bin:/opt/cray/pe/bin'\''
export CONDA_PREFIX='\''/mnt/bb/wcastil/copper_mount/lustre/orion/stf243/world-shared/hagertnl/CUG26/benchmark_builds/python-pytorch/conda_env'\''
export CONDA_SHLVL='\''2'\''
export CONDA_DEFAULT_ENV='\''/mnt/bb/wcastil/copper_mount/lustre/orion/stf243/world-shared/hagertnl/CUG26/benchmark_builds/python-pytorch/conda_env'\''
export CONDA_PROMPT_MODIFIER='\''(/mnt/bb/wcastil/copper_mount/lustre/orion/stf243/world-shared/hagertnl/CUG26/benchmark_builds/python-pytorch/conda_env) '\''
export CONDA_PREFIX_1='\''/autofs/nccs-svm1_sw/frontier/miniforge3/23.11.0-0'\''
export CONDA_EXE='\''/autofs/nccs-svm1_sw/frontier/miniforge3/23.11.0-0/bin/conda'\''
export _CE_M='\'''\''
export _CE_CONDA='\'''\''
export CONDA_PYTHON_EXE='\''/autofs/nccs-svm1_sw/frontier/miniforge3/23.11.0-0/bin/python'\'''
++ . /autofs/nccs-svm1_sw/frontier/miniforge3/23.11.0-0/etc/conda/deactivate.d/libxml2_deactivate.sh
+++ test -n ''
+++ unset XML_CATALOG_FILES
+++ unset xml_catalog_files_libxml2
++ . /autofs/nccs-svm1_sw/frontier/miniforge3/23.11.0-0/etc/conda/deactivate.d/libglib_deactivate.sh
+++ export GSETTINGS_SCHEMA_DIR=
+++ GSETTINGS_SCHEMA_DIR=
+++ unset GSETTINGS_SCHEMA_DIR_CONDA_BACKUP
+++ '[' -z ']'
+++ unset GSETTINGS_SCHEMA_DIR
++ PS1='(/mnt/bb/wcastil/copper_mount/lustre/orion/stf243/world-shared/hagertnl/CUG26/benchmark_builds/python-pytorch/conda_env) '
++ export PATH=/mnt/bb/wcastil/copper_mount/lustre/orion/stf243/world-shared/hagertnl/CUG26/benchmark_builds/python-pytorch/conda_env/bin:/sw/frontier/lfs-wrapper/0.0.1/bin/lfs:/sw/frontier/miniforge3/23.11.0-0/bin:/opt/cray/libfabric/1.22.0/bin:/opt/rocm-6.4.2/bin:/sw/frontier/spack-envs/cpe25.09-cpu/opt/llvm-amdgpu-6.4.2/darshan-runtime-3.4.7-tvdocpzv3jfj4y6ki5jvmmkics323gon/bin:/opt/cray/pe/mpich/9.0.1/ofi/amd/6.0/bin:/opt/cray/pe/mpich/9.0.1/bin:/opt/cray/pe/perftools/25.09.0/bin:/opt/cray/pe/papi/7.2.0.2/bin:/opt/cray/pe/craype/2.7.35/bin:/sw/frontier/ums/ums046/copper/build:/autofs/nccs-svm1_sw/frontier/miniforge3/23.11.0-0/condabin:/sw/sources/hpss/bin:/sw/frontier/spack-envs/core-25.03/opt/gcc-13.2/tmux-3.4-fcqqko3j4ga67yuc7zxaqcwsix5hns2v/bin:/opt/clmgr/sbin:/opt/clmgr/bin:/opt/sgi/sbin:/opt/sgi/bin:/sw/frontier/bin:/ccs/home/wcastil/.local/bin:/usr/local/bin:/usr/bin:/bin:/opt/bin:/opt/c3/bin:/usr/lib/mit/bin:/opt/puppetlabs/bin:/opt/cray/pe/bin
++ PATH=/mnt/bb/wcastil/copper_mount/lustre/orion/stf243/world-shared/hagertnl/CUG26/benchmark_builds/python-pytorch/conda_env/bin:/sw/frontier/lfs-wrapper/0.0.1/bin/lfs:/sw/frontier/miniforge3/23.11.0-0/bin:/opt/cray/libfabric/1.22.0/bin:/opt/rocm-6.4.2/bin:/sw/frontier/spack-envs/cpe25.09-cpu/opt/llvm-amdgpu-6.4.2/darshan-runtime-3.4.7-tvdocpzv3jfj4y6ki5jvmmkics323gon/bin:/opt/cray/pe/mpich/9.0.1/ofi/amd/6.0/bin:/opt/cray/pe/mpich/9.0.1/bin:/opt/cray/pe/perftools/25.09.0/bin:/opt/cray/pe/papi/7.2.0.2/bin:/opt/cray/pe/craype/2.7.35/bin:/sw/frontier/ums/ums046/copper/build:/autofs/nccs-svm1_sw/frontier/miniforge3/23.11.0-0/condabin:/sw/sources/hpss/bin:/sw/frontier/spack-envs/core-25.03/opt/gcc-13.2/tmux-3.4-fcqqko3j4ga67yuc7zxaqcwsix5hns2v/bin:/opt/clmgr/sbin:/opt/clmgr/bin:/opt/sgi/sbin:/opt/sgi/bin:/sw/frontier/bin:/ccs/home/wcastil/.local/bin:/usr/local/bin:/usr/bin:/bin:/opt/bin:/opt/c3/bin:/usr/lib/mit/bin:/opt/puppetlabs/bin:/opt/cray/pe/bin
++ export CONDA_PREFIX=/mnt/bb/wcastil/copper_mount/lustre/orion/stf243/world-shared/hagertnl/CUG26/benchmark_builds/python-pytorch/conda_env
++ CONDA_PREFIX=/mnt/bb/wcastil/copper_mount/lustre/orion/stf243/world-shared/hagertnl/CUG26/benchmark_builds/python-pytorch/conda_env
++ export CONDA_SHLVL=2
++ CONDA_SHLVL=2
++ export CONDA_DEFAULT_ENV=/mnt/bb/wcastil/copper_mount/lustre/orion/stf243/world-shared/hagertnl/CUG26/benchmark_builds/python-pytorch/conda_env
++ CONDA_DEFAULT_ENV=/mnt/bb/wcastil/copper_mount/lustre/orion/stf243/world-shared/hagertnl/CUG26/benchmark_builds/python-pytorch/conda_env
++ export 'CONDA_PROMPT_MODIFIER=(/mnt/bb/wcastil/copper_mount/lustre/orion/stf243/world-shared/hagertnl/CUG26/benchmark_builds/python-pytorch/conda_env) '
++ CONDA_PROMPT_MODIFIER='(/mnt/bb/wcastil/copper_mount/lustre/orion/stf243/world-shared/hagertnl/CUG26/benchmark_builds/python-pytorch/conda_env) '
++ export CONDA_PREFIX_1=/autofs/nccs-svm1_sw/frontier/miniforge3/23.11.0-0
++ CONDA_PREFIX_1=/autofs/nccs-svm1_sw/frontier/miniforge3/23.11.0-0
++ export CONDA_EXE=/autofs/nccs-svm1_sw/frontier/miniforge3/23.11.0-0/bin/conda
++ CONDA_EXE=/autofs/nccs-svm1_sw/frontier/miniforge3/23.11.0-0/bin/conda
++ export _CE_M=
++ _CE_M=
++ export _CE_CONDA=
++ _CE_CONDA=
++ export CONDA_PYTHON_EXE=/autofs/nccs-svm1_sw/frontier/miniforge3/23.11.0-0/bin/python
++ CONDA_PYTHON_EXE=/autofs/nccs-svm1_sw/frontier/miniforge3/23.11.0-0/bin/python
+ __conda_hashr
+ '[' -n '' ']'
+ '[' -n '' ']'
+ hash -r
+ /usr/bin/time srun --overlap -N 1024 -n 8192 --ntasks-per-node=8 -c 5 python3 -c 'import torch'
0.85user 1.68system 3:06.56elapsed 1%CPU (0avgtext+0avgdata 24576maxresident)k
38inputs+0outputs (0major+6375minor)pagefaults 0swaps
+ sleep 2s
+ /usr/bin/time srun --overlap -N 1024 -n 8192 --ntasks-per-node=8 -c 5 python3 -c 'import torch'
0.57user 1.42system 0:40.05elapsed 4%CPU (0avgtext+0avgdata 21504maxresident)k
38inputs+0outputs (0major+6361minor)pagefaults 0swaps
+ sleep 2s
+ /usr/bin/time srun --overlap -N 1024 -n 8192 --ntasks-per-node=8 -c 5 python3 -c 'import torch'
0.63user 1.33system 0:38.58elapsed 5%CPU (0avgtext+0avgdata 23552maxresident)k
0inputs+0outputs (0major+6361minor)pagefaults 0swaps
+ sleep 2s
+ /usr/bin/time srun --overlap -N 1024 -n 8192 --ntasks-per-node=8 -c 5 python3 -c 'import torch'
0.42user 0.90system 0:39.11elapsed 3%CPU (0avgtext+0avgdata 22528maxresident)k
0inputs+0outputs (0major+6361minor)pagefaults 0swaps
+ sleep 2s
+ /usr/bin/time srun --overlap -N 1024 -n 8192 --ntasks-per-node=8 -c 5 python3 -c 'import torch'
0.52user 1.11system 0:37.23elapsed 4%CPU (0avgtext+0avgdata 21504maxresident)k
0inputs+0outputs (0major+6361minor)pagefaults 0swaps
+ sleep 2s
+ conda deactivate
+ local cmd=deactivate
+ case "$cmd" in
+ __conda_activate deactivate
+ '[' -n '' ']'
+ local ask_conda
++ PS1='(/mnt/bb/wcastil/copper_mount/lustre/orion/stf243/world-shared/hagertnl/CUG26/benchmark_builds/python-pytorch/conda_env) '
++ __conda_exe shell.posix deactivate
++ /autofs/nccs-svm1_sw/frontier/miniforge3/23.11.0-0/bin/conda shell.posix deactivate
+ ask_conda='export PATH='\''/autofs/nccs-svm1_sw/frontier/miniforge3/23.11.0-0/bin:/sw/frontier/lfs-wrapper/0.0.1/bin/lfs:/sw/frontier/miniforge3/23.11.0-0/bin:/opt/cray/libfabric/1.22.0/bin:/opt/rocm-6.4.2/bin:/sw/frontier/spack-envs/cpe25.09-cpu/opt/llvm-amdgpu-6.4.2/darshan-runtime-3.4.7-tvdocpzv3jfj4y6ki5jvmmkics323gon/bin:/opt/cray/pe/mpich/9.0.1/ofi/amd/6.0/bin:/opt/cray/pe/mpich/9.0.1/bin:/opt/cray/pe/perftools/25.09.0/bin:/opt/cray/pe/papi/7.2.0.2/bin:/opt/cray/pe/craype/2.7.35/bin:/sw/frontier/ums/ums046/copper/build:/autofs/nccs-svm1_sw/frontier/miniforge3/23.11.0-0/condabin:/sw/sources/hpss/bin:/sw/frontier/spack-envs/core-25.03/opt/gcc-13.2/tmux-3.4-fcqqko3j4ga67yuc7zxaqcwsix5hns2v/bin:/opt/clmgr/sbin:/opt/clmgr/bin:/opt/sgi/sbin:/opt/sgi/bin:/sw/frontier/bin:/ccs/home/wcastil/.local/bin:/usr/local/bin:/usr/bin:/bin:/opt/bin:/opt/c3/bin:/usr/lib/mit/bin:/opt/puppetlabs/bin:/opt/cray/pe/bin'\''
unset CONDA_PREFIX_1
PS1='\''(base) '\''
export CONDA_PREFIX='\''/autofs/nccs-svm1_sw/frontier/miniforge3/23.11.0-0'\''
export CONDA_SHLVL='\''1'\''
export CONDA_DEFAULT_ENV='\''base'\''
export CONDA_PROMPT_MODIFIER='\''(base) '\''
export CONDA_EXE='\''/autofs/nccs-svm1_sw/frontier/miniforge3/23.11.0-0/bin/conda'\''
export _CE_M='\'''\''
export _CE_CONDA='\'''\''
export CONDA_PYTHON_EXE='\''/autofs/nccs-svm1_sw/frontier/miniforge3/23.11.0-0/bin/python'\''
. "/autofs/nccs-svm1_sw/frontier/miniforge3/23.11.0-0/etc/conda/activate.d/libglib_activate.sh"
. "/autofs/nccs-svm1_sw/frontier/miniforge3/23.11.0-0/etc/conda/activate.d/libxml2_activate.sh"'
+ eval 'export PATH='\''/autofs/nccs-svm1_sw/frontier/miniforge3/23.11.0-0/bin:/sw/frontier/lfs-wrapper/0.0.1/bin/lfs:/sw/frontier/miniforge3/23.11.0-0/bin:/opt/cray/libfabric/1.22.0/bin:/opt/rocm-6.4.2/bin:/sw/frontier/spack-envs/cpe25.09-cpu/opt/llvm-amdgpu-6.4.2/darshan-runtime-3.4.7-tvdocpzv3jfj4y6ki5jvmmkics323gon/bin:/opt/cray/pe/mpich/9.0.1/ofi/amd/6.0/bin:/opt/cray/pe/mpich/9.0.1/bin:/opt/cray/pe/perftools/25.09.0/bin:/opt/cray/pe/papi/7.2.0.2/bin:/opt/cray/pe/craype/2.7.35/bin:/sw/frontier/ums/ums046/copper/build:/autofs/nccs-svm1_sw/frontier/miniforge3/23.11.0-0/condabin:/sw/sources/hpss/bin:/sw/frontier/spack-envs/core-25.03/opt/gcc-13.2/tmux-3.4-fcqqko3j4ga67yuc7zxaqcwsix5hns2v/bin:/opt/clmgr/sbin:/opt/clmgr/bin:/opt/sgi/sbin:/opt/sgi/bin:/sw/frontier/bin:/ccs/home/wcastil/.local/bin:/usr/local/bin:/usr/bin:/bin:/opt/bin:/opt/c3/bin:/usr/lib/mit/bin:/opt/puppetlabs/bin:/opt/cray/pe/bin'\''
unset CONDA_PREFIX_1
PS1='\''(base) '\''
export CONDA_PREFIX='\''/autofs/nccs-svm1_sw/frontier/miniforge3/23.11.0-0'\''
export CONDA_SHLVL='\''1'\''
export CONDA_DEFAULT_ENV='\''base'\''
export CONDA_PROMPT_MODIFIER='\''(base) '\''
export CONDA_EXE='\''/autofs/nccs-svm1_sw/frontier/miniforge3/23.11.0-0/bin/conda'\''
export _CE_M='\'''\''
export _CE_CONDA='\'''\''
export CONDA_PYTHON_EXE='\''/autofs/nccs-svm1_sw/frontier/miniforge3/23.11.0-0/bin/python'\''
. "/autofs/nccs-svm1_sw/frontier/miniforge3/23.11.0-0/etc/conda/activate.d/libglib_activate.sh"
. "/autofs/nccs-svm1_sw/frontier/miniforge3/23.11.0-0/etc/conda/activate.d/libxml2_activate.sh"'
++ export PATH=/autofs/nccs-svm1_sw/frontier/miniforge3/23.11.0-0/bin:/sw/frontier/lfs-wrapper/0.0.1/bin/lfs:/sw/frontier/miniforge3/23.11.0-0/bin:/opt/cray/libfabric/1.22.0/bin:/opt/rocm-6.4.2/bin:/sw/frontier/spack-envs/cpe25.09-cpu/opt/llvm-amdgpu-6.4.2/darshan-runtime-3.4.7-tvdocpzv3jfj4y6ki5jvmmkics323gon/bin:/opt/cray/pe/mpich/9.0.1/ofi/amd/6.0/bin:/opt/cray/pe/mpich/9.0.1/bin:/opt/cray/pe/perftools/25.09.0/bin:/opt/cray/pe/papi/7.2.0.2/bin:/opt/cray/pe/craype/2.7.35/bin:/sw/frontier/ums/ums046/copper/build:/autofs/nccs-svm1_sw/frontier/miniforge3/23.11.0-0/condabin:/sw/sources/hpss/bin:/sw/frontier/spack-envs/core-25.03/opt/gcc-13.2/tmux-3.4-fcqqko3j4ga67yuc7zxaqcwsix5hns2v/bin:/opt/clmgr/sbin:/opt/clmgr/bin:/opt/sgi/sbin:/opt/sgi/bin:/sw/frontier/bin:/ccs/home/wcastil/.local/bin:/usr/local/bin:/usr/bin:/bin:/opt/bin:/opt/c3/bin:/usr/lib/mit/bin:/opt/puppetlabs/bin:/opt/cray/pe/bin
++ PATH=/autofs/nccs-svm1_sw/frontier/miniforge3/23.11.0-0/bin:/sw/frontier/lfs-wrapper/0.0.1/bin/lfs:/sw/frontier/miniforge3/23.11.0-0/bin:/opt/cray/libfabric/1.22.0/bin:/opt/rocm-6.4.2/bin:/sw/frontier/spack-envs/cpe25.09-cpu/opt/llvm-amdgpu-6.4.2/darshan-runtime-3.4.7-tvdocpzv3jfj4y6ki5jvmmkics323gon/bin:/opt/cray/pe/mpich/9.0.1/ofi/amd/6.0/bin:/opt/cray/pe/mpich/9.0.1/bin:/opt/cray/pe/perftools/25.09.0/bin:/opt/cray/pe/papi/7.2.0.2/bin:/opt/cray/pe/craype/2.7.35/bin:/sw/frontier/ums/ums046/copper/build:/autofs/nccs-svm1_sw/frontier/miniforge3/23.11.0-0/condabin:/sw/sources/hpss/bin:/sw/frontier/spack-envs/core-25.03/opt/gcc-13.2/tmux-3.4-fcqqko3j4ga67yuc7zxaqcwsix5hns2v/bin:/opt/clmgr/sbin:/opt/clmgr/bin:/opt/sgi/sbin:/opt/sgi/bin:/sw/frontier/bin:/ccs/home/wcastil/.local/bin:/usr/local/bin:/usr/bin:/bin:/opt/bin:/opt/c3/bin:/usr/lib/mit/bin:/opt/puppetlabs/bin:/opt/cray/pe/bin
++ unset CONDA_PREFIX_1
++ PS1='(base) '
++ export CONDA_PREFIX=/autofs/nccs-svm1_sw/frontier/miniforge3/23.11.0-0
++ CONDA_PREFIX=/autofs/nccs-svm1_sw/frontier/miniforge3/23.11.0-0
++ export CONDA_SHLVL=1
++ CONDA_SHLVL=1
++ export CONDA_DEFAULT_ENV=base
++ CONDA_DEFAULT_ENV=base
++ export 'CONDA_PROMPT_MODIFIER=(base) '
++ CONDA_PROMPT_MODIFIER='(base) '
++ export CONDA_EXE=/autofs/nccs-svm1_sw/frontier/miniforge3/23.11.0-0/bin/conda
++ CONDA_EXE=/autofs/nccs-svm1_sw/frontier/miniforge3/23.11.0-0/bin/conda
++ export _CE_M=
++ _CE_M=
++ export _CE_CONDA=
++ _CE_CONDA=
++ export CONDA_PYTHON_EXE=/autofs/nccs-svm1_sw/frontier/miniforge3/23.11.0-0/bin/python
++ CONDA_PYTHON_EXE=/autofs/nccs-svm1_sw/frontier/miniforge3/23.11.0-0/bin/python
++ . /autofs/nccs-svm1_sw/frontier/miniforge3/23.11.0-0/etc/conda/activate.d/libglib_activate.sh
+++ export GSETTINGS_SCHEMA_DIR_CONDA_BACKUP=
+++ GSETTINGS_SCHEMA_DIR_CONDA_BACKUP=
+++ export GSETTINGS_SCHEMA_DIR=/autofs/nccs-svm1_sw/frontier/miniforge3/23.11.0-0/share/glib-2.0/schemas
+++ GSETTINGS_SCHEMA_DIR=/autofs/nccs-svm1_sw/frontier/miniforge3/23.11.0-0/share/glib-2.0/schemas
++ . /autofs/nccs-svm1_sw/frontier/miniforge3/23.11.0-0/etc/conda/activate.d/libxml2_activate.sh
+++ test -n ''
+++ xml_catalog_files_libxml2=
+++ XML_CATALOG_FILES=
+++ conda_catalog_files=
+++ ifs_libxml2=' 	
'
+++ IFS=' '
+++ rem=/autofs/nccs-svm1_sw/frontier/miniforge3/23.11.0-0
+++ for pre in ${rem}
+++ test '' = /autofs/nccs-svm1_sw/frontier/miniforge3/23.11.0-0
+++ conda_catalog_files=/autofs/nccs-svm1_sw/frontier/miniforge3/23.11.0-0
+++ rem=
+++ IFS=' 	
'
+++ conda_catalog_files='file:///autofs/nccs-svm1_sw/frontier/miniforge3/23.11.0-0/etc/xml/catalog file:///etc/xml/catalog'
+++ export 'XML_CATALOG_FILES=file:///autofs/nccs-svm1_sw/frontier/miniforge3/23.11.0-0/etc/xml/catalog file:///etc/xml/catalog'
+++ XML_CATALOG_FILES='file:///autofs/nccs-svm1_sw/frontier/miniforge3/23.11.0-0/etc/xml/catalog file:///etc/xml/catalog'
+++ unset conda_catalog_files ifs_libxml2 rem
+ __conda_hashr
+ '[' -n '' ']'
+ '[' -n '' ']'
+ hash -r
+ stop_copper.sh -d /lustre/orion/stf243/world-shared/wcastil/Experiments/CUG26/copper_run/logs -v /mnt/bb/wcastil/copper_mount
/var/spool/slurmd/job4342207/slurm_script: line 40: stop_copper.sh: command not found
