+ '[' -z '' ']'
+ case "$-" in
+ __lmod_vx=x
+ '[' -n x ']'
+ set +x
Shell debugging temporarily silenced: export LMOD_SH_DBG_ON=1 for this output (/opt/cray/pe/lmod/lmod/init/bash)
Shell debugging restarted
+ unset __lmod_vx
+ cd /lustre/orion/stf243/world-shared/wcastil/Experiments/CUG26/copper_run/python-pytorch
+ module load ums ums046 copper
+ '[' -z '' ']'
+ case "$-" in
+ __lmod_sh_dbg=x
+ '[' -n x ']'
+ set +x
Shell debugging temporarily silenced: export LMOD_SH_DBG_ON=1 for Lmod's output
Copper loaded: use 'launch_copper_frontier' and 'stop_copper_frontier'.
COPPER_ROOT: /sw/frontier/ums/ums046/copper
launch_copper_frontier points to:
/sw/frontier/ums/ums046/copper/build/launch_copper_frontier.sh 
Copper loaded: use 'launch_copper_frontier' and 'stop_copper_frontier'.
COPPER_ROOT: /sw/frontier/ums/ums046/copper
launch_copper_frontier points to:
/sw/frontier/ums/ums046/copper/build/launch_copper_frontier.sh 
Copper loaded: use 'launch_copper_frontier' and 'stop_copper_frontier'.
COPPER_ROOT: /sw/frontier/ums/ums046/copper
launch_copper_frontier points to:
/sw/frontier/ums/ums046/copper/build/launch_copper_frontier.sh 
Shell debugging restarted
+ unset __lmod_sh_dbg
+ return 0
+ module list
+ '[' -z '' ']'
+ case "$-" in
+ __lmod_sh_dbg=x
+ '[' -n x ']'
+ set +x
Shell debugging temporarily silenced: export LMOD_SH_DBG_ON=1 for Lmod's output

Currently Loaded Modules:
  1) craype-x86-trento               14) cpe/25.09
  2) craype-network-ofi              15) amd/6.4.2
  3) xpmem/2.11.3-1.3_gdbda01a1eb3d  16) cray-libsci/25.09.0
  4) Core/25.03                      17) cray-mpich/9.0.1
  5) tmux/3.4                        18) darshan-runtime/3.4.7-mpi (E4S)
  6) hsi/default                     19) rocm/6.4.2
  7) lfs-wrapper/0.0.1               20) libfabric/1.22.0
  8) DefApps                         21) craype-accel-amd-gfx90a
  9) PrgEnv-amd/8.6.0                22) miniforge3/23.11.0-0
 10) cray-dsmml/0.3.1                23) ums/default
 11) cray-pmi/6.1.16                 24) ums046/default
 12) craype/2.7.35                   25) copper/0.1
 13) perftools-base/25.09.0

  Where:
   E4S:  E4S: Extreme-scale Scientific Software Stack (E4S) https://e4s.io/index.html

 

Shell debugging restarted
+ unset __lmod_sh_dbg
+ return 0
+ echo 4342213
4342213
+ echo 1024
1024
+ echo copper_spindle
copper_spindle
+ echo 'frontier[00018-00028,00030-00036,00039-00045,00153,00155-00156,00159,00161-00162,00165,00167-00170,00173-00174,00177-00178,00182-00183,00187-00189,00191,00193-00195,00198,00281-00282,00285,00287,00290,00292-00294,00296,00298-00300,00303,00306,00308-00310,00313-00317,00319-00321,00407-00409,00411,00413,00417,00419-00423,00443,00463,00467-00468,00471,00474,00502-00505,00760,01649-01651,01653,01655-01657,01780-01781,01783-01784,01907-01910,01914,02297,02299,02553-02554,02556,02674-02676,02806-02807,02810,02928,02937,03063-03065,03142,03189-03192,03322-03323,03448-03449,03557,03573-03576,03678-03679,03701-03704,03706,03769,03802-03804,03829-03832,03896,03930-03932,03957-03960,04023-04025,04059-04060,04085,04087-04090,04214,04217-04220,04277-04278,04312-04313,04341-04344,04404,04406-04409,04469-04472,04536-04537,04600-04603,04658-04664,04727-04730,04772,04787-04792,04826-04827,04853-04856,04914,04918-04920,04953-04955,04981-04983,04985,05027,05029-05030,05036,05039-05040,05042-05043,05047-05051,05113-05115,05117,05157,05159,05161-05163,05165-05166,05169,05172-05175,05209-05210,05237-05239,05241,05286,05288-05289,05291-05293,05295,05299-05304,05338,05365-05367,05369,05409,05411,05413-05415,05417-05418,05421,05423,05425,05429-05431,05465-05467,05493-05495,05543-05544,05547,05551,05554-05555,05557-05559,05561,05594,05621-05623,05625,05670,05673,05675,05677,05681-05687,05749-05751,05753,05799,05802-05803,05807,05811-05817,05879-05881,05926,05928-05930,05932-05934,05937,05939-05944,05979,06007-06009,06011,06047-06048,06051,06054,06058-06060,06065-06066,06068-06071,06103,06132-06134,06136,06174,06177,06181,06185,06189-06191,06193-06194,06196-06198,06233-06234,06261-06263,06265,06300,06303,06307,06309,06311,06317-06318,06320-06322,06324-06328,06362-06364,06388-06390,06392,06428-06429,06433,06435-06439,06441,06443-06444,06446-06447,06449-06454,06487,06516-06518,06520,06553,06555,06557,06559-06560,06563,06569-06570,06572-06573,06576,06578-06582,06635,06644-06645,06647,06691,06694-06696,06698-06699,06701-06702,06705-06710,06768,06777-06778,06780,06808-06809,06811,06813,06815,06819,06821-06825,06828-06830,06832,06834-06837,06839-06842,06894,06903,06935,06937-06938,06940-06942,06946-06948,06950-06952,06954,06956,06958,06960-06969,07063-07064,07066-07068,07072,07076-07077,07079-07085,07087-07090,07093-07097,07152,07191-07196,07199-07200,07205,07208,07210-07211,07214-07226,07317,07320,07323-07329,07332-07341,07345-07350,07446,07448,07450-07455,07460,07462-07467,07471-07476,07478-07481,07572,07574,07576,07578-07580,07582,07584,07586-07590,07592-07603,07695-07700,07702-07703,07706-07707,07709,07711-07712,07714-07721,07723-07726,07832-07833,07839,07845,07848,07853-07854,07860,07872,07874-07877,07881-07882,07886-07894,07994-07996,07998-08009,08011-08015,08019-08022,08105-08106,08110-08112,08116,08118-08119,08126-08128,08133,08135-08146,08232,08234,08236,08238,08246,08252-08255,08259,08262-08275,08377-08379,08381,08383-08402,08498,08503-08505,08507,08509-08522,08524,08526-08529,08630-08631,08633,08636-08656,08741-08742,08745,08748,08750,08754,08756-08757,08759,08762-08763,08771,08773-08784,08864,08867-08869,08871-08872,08880,08882-08883,08887-08889,08892,08900,08903-08912,08988,08990,08993-08994,08997,09000-09003,09007-09009,09011,09014-09015,09019-09020,09027,09029-09030,09032,09034-09036,09102-09115,09117-09125,09127,09240,09242,09245,09248-09249,09256,09260-09261,09263,09265-09267,09270,09273,09275-09276,09278-09282,09284,09286-09287,09369,09371-09372,09375-09376,09378,09380,09383-09387,09389,09391-09393,09396,09399,09405-09410,10142-10143,10147-10150,10152,10155,10157,10159,10163-10164,10166,10169-10170,10173-10174,10176]'
frontier[00018-00028,00030-00036,00039-00045,00153,00155-00156,00159,00161-00162,00165,00167-00170,00173-00174,00177-00178,00182-00183,00187-00189,00191,00193-00195,00198,00281-00282,00285,00287,00290,00292-00294,00296,00298-00300,00303,00306,00308-00310,00313-00317,00319-00321,00407-00409,00411,00413,00417,00419-00423,00443,00463,00467-00468,00471,00474,00502-00505,00760,01649-01651,01653,01655-01657,01780-01781,01783-01784,01907-01910,01914,02297,02299,02553-02554,02556,02674-02676,02806-02807,02810,02928,02937,03063-03065,03142,03189-03192,03322-03323,03448-03449,03557,03573-03576,03678-03679,03701-03704,03706,03769,03802-03804,03829-03832,03896,03930-03932,03957-03960,04023-04025,04059-04060,04085,04087-04090,04214,04217-04220,04277-04278,04312-04313,04341-04344,04404,04406-04409,04469-04472,04536-04537,04600-04603,04658-04664,04727-04730,04772,04787-04792,04826-04827,04853-04856,04914,04918-04920,04953-04955,04981-04983,04985,05027,05029-05030,05036,05039-05040,05042-05043,05047-05051,05113-05115,05117,05157,05159,05161-05163,05165-05166,05169,05172-05175,05209-05210,05237-05239,05241,05286,05288-05289,05291-05293,05295,05299-05304,05338,05365-05367,05369,05409,05411,05413-05415,05417-05418,05421,05423,05425,05429-05431,05465-05467,05493-05495,05543-05544,05547,05551,05554-05555,05557-05559,05561,05594,05621-05623,05625,05670,05673,05675,05677,05681-05687,05749-05751,05753,05799,05802-05803,05807,05811-05817,05879-05881,05926,05928-05930,05932-05934,05937,05939-05944,05979,06007-06009,06011,06047-06048,06051,06054,06058-06060,06065-06066,06068-06071,06103,06132-06134,06136,06174,06177,06181,06185,06189-06191,06193-06194,06196-06198,06233-06234,06261-06263,06265,06300,06303,06307,06309,06311,06317-06318,06320-06322,06324-06328,06362-06364,06388-06390,06392,06428-06429,06433,06435-06439,06441,06443-06444,06446-06447,06449-06454,06487,06516-06518,06520,06553,06555,06557,06559-06560,06563,06569-06570,06572-06573,06576,06578-06582,06635,06644-06645,06647,06691,06694-06696,06698-06699,06701-06702,06705-06710,06768,06777-06778,06780,06808-06809,06811,06813,06815,06819,06821-06825,06828-06830,06832,06834-06837,06839-06842,06894,06903,06935,06937-06938,06940-06942,06946-06948,06950-06952,06954,06956,06958,06960-06969,07063-07064,07066-07068,07072,07076-07077,07079-07085,07087-07090,07093-07097,07152,07191-07196,07199-07200,07205,07208,07210-07211,07214-07226,07317,07320,07323-07329,07332-07341,07345-07350,07446,07448,07450-07455,07460,07462-07467,07471-07476,07478-07481,07572,07574,07576,07578-07580,07582,07584,07586-07590,07592-07603,07695-07700,07702-07703,07706-07707,07709,07711-07712,07714-07721,07723-07726,07832-07833,07839,07845,07848,07853-07854,07860,07872,07874-07877,07881-07882,07886-07894,07994-07996,07998-08009,08011-08015,08019-08022,08105-08106,08110-08112,08116,08118-08119,08126-08128,08133,08135-08146,08232,08234,08236,08238,08246,08252-08255,08259,08262-08275,08377-08379,08381,08383-08402,08498,08503-08505,08507,08509-08522,08524,08526-08529,08630-08631,08633,08636-08656,08741-08742,08745,08748,08750,08754,08756-08757,08759,08762-08763,08771,08773-08784,08864,08867-08869,08871-08872,08880,08882-08883,08887-08889,08892,08900,08903-08912,08988,08990,08993-08994,08997,09000-09003,09007-09009,09011,09014-09015,09019-09020,09027,09029-09030,09032,09034-09036,09102-09115,09117-09125,09127,09240,09242,09245,09248-09249,09256,09260-09261,09263,09265-09267,09270,09273,09275-09276,09278-09282,09284,09286-09287,09369,09371-09372,09375-09376,09378,09380,09383-09387,09389,09391-09393,09396,09399,09405-09410,10142-10143,10147-10150,10152,10155,10157,10159,10163-10164,10166,10169-10170,10173-10174,10176]
+ LOGDIR=/lustre/orion/stf243/world-shared/wcastil/Experiments/CUG26/copper_run/logs
+ cd /lustre/orion/stf243/world-shared/wcastil/Experiments/CUG26/copper_run/logs
+ PACKAGE_ENV_LOCATION=/lustre/orion/stf243/world-shared/hagertnl/CUG26/benchmark_builds
+ source /lustre/orion/stf243/world-shared/hagertnl/CUG26/benchmark_builds/common_modules.sh
++ module load PrgEnv-amd
++ '[' -z '' ']'
++ case "$-" in
++ __lmod_sh_dbg=x
++ '[' -n x ']'
++ set +x
Shell debugging temporarily silenced: export LMOD_SH_DBG_ON=1 for Lmod's output
Shell debugging restarted
++ unset __lmod_sh_dbg
++ return 0
++ module load cpe/25.09
++ '[' -z '' ']'
++ case "$-" in
++ __lmod_sh_dbg=x
++ '[' -n x ']'
++ set +x
Shell debugging temporarily silenced: export LMOD_SH_DBG_ON=1 for Lmod's output
Unloading the cpe module is insufficient to restore the system defaults.
Please run 'source
/opt/cray/pe/cpe/25.09/restore_lmod_system_defaults.[csh|sh]'. 
 
Sourcing the above script is not necessary if swapping the cpe module with a
different version. 
Shell debugging restarted
++ unset __lmod_sh_dbg
++ return 0
++ module load amd/6.4.2
++ '[' -z '' ']'
++ case "$-" in
++ __lmod_sh_dbg=x
++ '[' -n x ']'
++ set +x
Shell debugging temporarily silenced: export LMOD_SH_DBG_ON=1 for Lmod's output
Shell debugging restarted
++ unset __lmod_sh_dbg
++ return 0
++ module load rocm/6.4.2
++ '[' -z '' ']'
++ case "$-" in
++ __lmod_sh_dbg=x
++ '[' -n x ']'
++ set +x
Shell debugging temporarily silenced: export LMOD_SH_DBG_ON=1 for Lmod's output
Shell debugging restarted
++ unset __lmod_sh_dbg
++ return 0
++ module load libfabric/1.22.0
++ '[' -z '' ']'
++ case "$-" in
++ __lmod_sh_dbg=x
++ '[' -n x ']'
++ set +x
Shell debugging temporarily silenced: export LMOD_SH_DBG_ON=1 for Lmod's output
Shell debugging restarted
++ unset __lmod_sh_dbg
++ return 0
++ module load craype-accel-amd-gfx90a
++ '[' -z '' ']'
++ case "$-" in
++ __lmod_sh_dbg=x
++ '[' -n x ']'
++ set +x
Shell debugging temporarily silenced: export LMOD_SH_DBG_ON=1 for Lmod's output
Shell debugging restarted
++ unset __lmod_sh_dbg
++ return 0
++ module load miniforge3/23.11.0-0
++ '[' -z '' ']'
++ case "$-" in
++ __lmod_sh_dbg=x
++ '[' -n x ']'
++ set +x
Shell debugging temporarily silenced: export LMOD_SH_DBG_ON=1 for Lmod's output
Shell debugging restarted
++ unset __lmod_sh_dbg
++ return 0
++ export LD_LIBRARY_PATH=/opt/cray/pe/mpich/9.0.1/ofi/amd/6.0/lib:/opt/cray/pe/mpich/9.0.1/gtl/lib:/opt/cray/pe/libsci/25.09.0/AMD/6.0/x86_64/lib:/opt/cray/pe/perftools/25.09.0/lib64:/opt/cray/pe/pmi/6.1.16/lib:/opt/cray/pe/dsmml/0.3.1/dsmml/lib:/opt/cray/libfabric/1.22.0/lib64:/opt/rocm-6.4.2/lib/roctracer:/opt/rocm-6.4.2/lib/rocprofiler:/opt/rocm-6.4.2/lib:/sw/frontier/spack-envs/cpe25.09-cpu/opt/llvm-amdgpu-6.4.2/darshan-runtime-3.4.7-tvdocpzv3jfj4y6ki5jvmmkics323gon/lib:/opt/rocm-6.4.2/llvm/lib:/opt/cray/pe/papi/7.2.0.2/lib64:/opt/cray/pe/mpich/9.0.1/ofi/amd/6.0/lib:/opt/cray/pe/mpich/9.0.1/gtl/lib:/opt/cray/pe/libsci/25.09.0/AMD/6.0/x86_64/lib:/opt/cray/pe/perftools/25.09.0/lib64:/opt/cray/pe/pmi/6.1.16/lib:/opt/cray/pe/dsmml/0.3.1/dsmml/lib
++ LD_LIBRARY_PATH=/opt/cray/pe/mpich/9.0.1/ofi/amd/6.0/lib:/opt/cray/pe/mpich/9.0.1/gtl/lib:/opt/cray/pe/libsci/25.09.0/AMD/6.0/x86_64/lib:/opt/cray/pe/perftools/25.09.0/lib64:/opt/cray/pe/pmi/6.1.16/lib:/opt/cray/pe/dsmml/0.3.1/dsmml/lib:/opt/cray/libfabric/1.22.0/lib64:/opt/rocm-6.4.2/lib/roctracer:/opt/rocm-6.4.2/lib/rocprofiler:/opt/rocm-6.4.2/lib:/sw/frontier/spack-envs/cpe25.09-cpu/opt/llvm-amdgpu-6.4.2/darshan-runtime-3.4.7-tvdocpzv3jfj4y6ki5jvmmkics323gon/lib:/opt/rocm-6.4.2/llvm/lib:/opt/cray/pe/papi/7.2.0.2/lib64:/opt/cray/pe/mpich/9.0.1/ofi/amd/6.0/lib:/opt/cray/pe/mpich/9.0.1/gtl/lib:/opt/cray/pe/libsci/25.09.0/AMD/6.0/x86_64/lib:/opt/cray/pe/perftools/25.09.0/lib64:/opt/cray/pe/pmi/6.1.16/lib:/opt/cray/pe/dsmml/0.3.1/dsmml/lib
++ [[ /var/spool/slurmd/job4342213/slurm_script == \/\l\u\s\t\r\e\/\o\r\i\o\n\/\s\t\f\2\4\3\/\w\o\r\l\d\-\s\h\a\r\e\d\/\h\a\g\e\r\t\n\l\/\C\U\G\2\6\/\b\e\n\c\h\m\a\r\k\_\b\u\i\l\d\s\/\c\o\m\m\o\n\_\m\o\d\u\l\e\s\.\s\h ]]
+ COPPER_MOUNT_PATH=/mnt/bb/wcastil/copper_mount
+ /lustre/orion/stf243/world-shared/wcastil/Experiments/CUG26/copper_run/launch_copper_frontier.sh -d /lustre/orion/stf243/world-shared/wcastil/Experiments/CUG26/copper_run/logs -v /mnt/bb/wcastil/copper_mount -M 220000000
+ '[' -z '' ']'
+ case "$-" in
+ __lmod_vx=x
+ '[' -n x ']'
+ set +x
Shell debugging temporarily silenced: export LMOD_SH_DBG_ON=1 for this output (/opt/cray/pe/lmod/lmod/init/bash)
Shell debugging restarted
+ unset __lmod_vx
+ echo 'Launching Copper Gracefully On All Nodes : Start'
Launching Copper Gracefully On All Nodes : Start
+ echo /sw/frontier/ums/ums046/copper
/sw/frontier/ums/ums046/copper
+ CUPATH=/sw/frontier/ums/ums046/copper/build/cu_fuse
+ DISCOVERY_HELPER=/sw/frontier/ums/ums046/copper/build/list_cxi_hsn_thallium
+ CU_FUSE_MNT_VIEWDIR=/tmp/wcastil/copper
+ facility_address_book=/sw/frontier/ums/ums046/copper/build/olcf_frontier_copper_addressbook.txt
+ address_book_source=facility
+ log_level=0
+ log_dir=/ccs/home/wcastil/copper-logs
+ log_type=file
+ trees=1
+ max_cacheable_byte_size=10485760
+ md_enoent_ttl_ms=2000
+ profile_metrics=0
+ profile_top_n=0
+ profile_paths_full=0
+ profile_snapshot_interval_s=0
+ sleeptime=10
+ physcpubind=1,2
+ net_type=cxi://cxi1
+ getopts l:t:d:T:M:E:PN:AI:s:b:F:a:n:v: opt
+ case ${opt} in
+ log_dir=/lustre/orion/stf243/world-shared/wcastil/Experiments/CUG26/copper_run/logs
+ getopts l:t:d:T:M:E:PN:AI:s:b:F:a:n:v: opt
+ case ${opt} in
+ CU_FUSE_MNT_VIEWDIR=/mnt/bb/wcastil/copper_mount
+ getopts l:t:d:T:M:E:PN:AI:s:b:F:a:n:v: opt
+ case ${opt} in
+ max_cacheable_byte_size=220000000
+ getopts l:t:d:T:M:E:PN:AI:s:b:F:a:n:v: opt
+ log_dir=/lustre/orion/stf243/world-shared/wcastil/Experiments/CUG26/copper_run/logs/4342213
+ logs_dir=/lustre/orion/stf243/world-shared/wcastil/Experiments/CUG26/copper_run/logs/4342213/logs
+ tables_dir=/lustre/orion/stf243/world-shared/wcastil/Experiments/CUG26/copper_run/logs/4342213/tables
+ profiling_dir=/lustre/orion/stf243/world-shared/wcastil/Experiments/CUG26/copper_run/logs/4342213/profiling
+ profiling_final_dir=/lustre/orion/stf243/world-shared/wcastil/Experiments/CUG26/copper_run/logs/4342213/profiling/final
+ profiling_cluster_dir=/lustre/orion/stf243/world-shared/wcastil/Experiments/CUG26/copper_run/logs/4342213/profiling/cluster
+ node_file_copy=/lustre/orion/stf243/world-shared/wcastil/Experiments/CUG26/copper_run/logs/4342213/logs/node_file.txt
+ prepared_address_book=/lustre/orion/stf243/world-shared/wcastil/Experiments/CUG26/copper_run/logs/4342213/logs/copper_address_book.txt
+ prepared_address_book_full_output=/lustre/orion/stf243/world-shared/wcastil/Experiments/CUG26/copper_run/logs/4342213/logs/copper_address_book_full_output.txt
+ prepare_address_book_awk=/lustre/orion/stf243/world-shared/wcastil/Experiments/CUG26/copper_run/logs/4342213/logs/prepare_address_book.awk
+ select_discovered_address_book_awk=/lustre/orion/stf243/world-shared/wcastil/Experiments/CUG26/copper_run/logs/4342213/logs/select_discovered_address_book.awk
+ echo 'log_level                  : 0'
log_level                  : 0
+ echo 'log_type                   : file'
log_type                   : file
+ echo 'trees                      : 1'
trees                      : 1
+ echo 'max_cacheable_byte_size    : 220000000'
max_cacheable_byte_size    : 220000000
+ echo 'md_enoent_ttl_ms           : 2000'
md_enoent_ttl_ms           : 2000
+ echo 'profile_metrics            : 0'
profile_metrics            : 0
+ echo 'profile_top_n              : 0'
profile_top_n              : 0
+ echo 'profile_paths_full         : 0'
profile_paths_full         : 0
+ echo 'profile_snapshot_interval_s: 0'
profile_snapshot_interval_s: 0
+ echo 'sleeptime                  : 10'
sleeptime                  : 10
+ echo 'CU_FUSE_MNT_VIEWDIR        : /mnt/bb/wcastil/copper_mount'
CU_FUSE_MNT_VIEWDIR        : /mnt/bb/wcastil/copper_mount
+ echo 'LOGDIR                     : /lustre/orion/stf243/world-shared/wcastil/Experiments/CUG26/copper_run/logs/4342213'
LOGDIR                     : /lustre/orion/stf243/world-shared/wcastil/Experiments/CUG26/copper_run/logs/4342213
+ echo 'logs_dir                   : /lustre/orion/stf243/world-shared/wcastil/Experiments/CUG26/copper_run/logs/4342213/logs'
logs_dir                   : /lustre/orion/stf243/world-shared/wcastil/Experiments/CUG26/copper_run/logs/4342213/logs
+ echo 'tables_dir                 : /lustre/orion/stf243/world-shared/wcastil/Experiments/CUG26/copper_run/logs/4342213/tables'
tables_dir                 : /lustre/orion/stf243/world-shared/wcastil/Experiments/CUG26/copper_run/logs/4342213/tables
+ echo 'profiling_final_dir        : /lustre/orion/stf243/world-shared/wcastil/Experiments/CUG26/copper_run/logs/4342213/profiling/final'
profiling_final_dir        : /lustre/orion/stf243/world-shared/wcastil/Experiments/CUG26/copper_run/logs/4342213/profiling/final
+ echo 'profiling_cluster_dir      : /lustre/orion/stf243/world-shared/wcastil/Experiments/CUG26/copper_run/logs/4342213/profiling/cluster'
profiling_cluster_dir      : /lustre/orion/stf243/world-shared/wcastil/Experiments/CUG26/copper_run/logs/4342213/profiling/cluster
+ echo 'SLURM_NODEFILE             : '
SLURM_NODEFILE             : 
+ echo 'physcpubind                : 1,2'
physcpubind                : 1,2
+ echo 'facility_address_book      : /sw/frontier/ums/ums046/copper/build/olcf_frontier_copper_addressbook.txt'
facility_address_book      : /sw/frontier/ums/ums046/copper/build/olcf_frontier_copper_addressbook.txt
+ echo 'address_book_source        : facility'
address_book_source        : facility
+ echo 'prepared_address_book      : /lustre/orion/stf243/world-shared/wcastil/Experiments/CUG26/copper_run/logs/4342213/logs/copper_address_book.txt'
prepared_address_book      : /lustre/orion/stf243/world-shared/wcastil/Experiments/CUG26/copper_run/logs/4342213/logs/copper_address_book.txt
+ echo 'prepared_address_book_full : /lustre/orion/stf243/world-shared/wcastil/Experiments/CUG26/copper_run/logs/4342213/logs/copper_address_book_full_output.txt'
prepared_address_book_full : /lustre/orion/stf243/world-shared/wcastil/Experiments/CUG26/copper_run/logs/4342213/logs/copper_address_book_full_output.txt
+ echo 'discovery_helper           : /sw/frontier/ums/ums046/copper/build/list_cxi_hsn_thallium'
discovery_helper           : /sw/frontier/ums/ums046/copper/build/list_cxi_hsn_thallium
+ echo 'net_type                   : cxi://cxi1'
net_type                   : cxi://cxi1
+ mkdir -p /lustre/orion/stf243/world-shared/wcastil/Experiments/CUG26/copper_run/logs/4342213/logs /lustre/orion/stf243/world-shared/wcastil/Experiments/CUG26/copper_run/logs/4342213/tables/final /lustre/orion/stf243/world-shared/wcastil/Experiments/CUG26/copper_run/logs/4342213/profiling/final /lustre/orion/stf243/world-shared/wcastil/Experiments/CUG26/copper_run/logs/4342213/profiling/cluster
+ scontrol show hostnames 'frontier[00018-00028,00030-00036,00039-00045,00153,00155-00156,00159,00161-00162,00165,00167-00170,00173-00174,00177-00178,00182-00183,00187-00189,00191,00193-00195,00198,00281-00282,00285,00287,00290,00292-00294,00296,00298-00300,00303,00306,00308-00310,00313-00317,00319-00321,00407-00409,00411,00413,00417,00419-00423,00443,00463,00467-00468,00471,00474,00502-00505,00760,01649-01651,01653,01655-01657,01780-01781,01783-01784,01907-01910,01914,02297,02299,02553-02554,02556,02674-02676,02806-02807,02810,02928,02937,03063-03065,03142,03189-03192,03322-03323,03448-03449,03557,03573-03576,03678-03679,03701-03704,03706,03769,03802-03804,03829-03832,03896,03930-03932,03957-03960,04023-04025,04059-04060,04085,04087-04090,04214,04217-04220,04277-04278,04312-04313,04341-04344,04404,04406-04409,04469-04472,04536-04537,04600-04603,04658-04664,04727-04730,04772,04787-04792,04826-04827,04853-04856,04914,04918-04920,04953-04955,04981-04983,04985,05027,05029-05030,05036,05039-05040,05042-05043,05047-05051,05113-05115,05117,05157,05159,05161-05163,05165-05166,05169,05172-05175,05209-05210,05237-05239,05241,05286,05288-05289,05291-05293,05295,05299-05304,05338,05365-05367,05369,05409,05411,05413-05415,05417-05418,05421,05423,05425,05429-05431,05465-05467,05493-05495,05543-05544,05547,05551,05554-05555,05557-05559,05561,05594,05621-05623,05625,05670,05673,05675,05677,05681-05687,05749-05751,05753,05799,05802-05803,05807,05811-05817,05879-05881,05926,05928-05930,05932-05934,05937,05939-05944,05979,06007-06009,06011,06047-06048,06051,06054,06058-06060,06065-06066,06068-06071,06103,06132-06134,06136,06174,06177,06181,06185,06189-06191,06193-06194,06196-06198,06233-06234,06261-06263,06265,06300,06303,06307,06309,06311,06317-06318,06320-06322,06324-06328,06362-06364,06388-06390,06392,06428-06429,06433,06435-06439,06441,06443-06444,06446-06447,06449-06454,06487,06516-06518,06520,06553,06555,06557,06559-06560,06563,06569-06570,06572-06573,06576,06578-06582,06635,06644-06645,06647,06691,06694-06696,06698-06699,06701-06702,06705-06710,06768,06777-06778,06780,06808-06809,06811,06813,06815,06819,06821-06825,06828-06830,06832,06834-06837,06839-06842,06894,06903,06935,06937-06938,06940-06942,06946-06948,06950-06952,06954,06956,06958,06960-06969,07063-07064,07066-07068,07072,07076-07077,07079-07085,07087-07090,07093-07097,07152,07191-07196,07199-07200,07205,07208,07210-07211,07214-07226,07317,07320,07323-07329,07332-07341,07345-07350,07446,07448,07450-07455,07460,07462-07467,07471-07476,07478-07481,07572,07574,07576,07578-07580,07582,07584,07586-07590,07592-07603,07695-07700,07702-07703,07706-07707,07709,07711-07712,07714-07721,07723-07726,07832-07833,07839,07845,07848,07853-07854,07860,07872,07874-07877,07881-07882,07886-07894,07994-07996,07998-08009,08011-08015,08019-08022,08105-08106,08110-08112,08116,08118-08119,08126-08128,08133,08135-08146,08232,08234,08236,08238,08246,08252-08255,08259,08262-08275,08377-08379,08381,08383-08402,08498,08503-08505,08507,08509-08522,08524,08526-08529,08630-08631,08633,08636-08656,08741-08742,08745,08748,08750,08754,08756-08757,08759,08762-08763,08771,08773-08784,08864,08867-08869,08871-08872,08880,08882-08883,08887-08889,08892,08900,08903-08912,08988,08990,08993-08994,08997,09000-09003,09007-09009,09011,09014-09015,09019-09020,09027,09029-09030,09032,09034-09036,09102-09115,09117-09125,09127,09240,09242,09245,09248-09249,09256,09260-09261,09263,09265-09267,09270,09273,09275-09276,09278-09282,09284,09286-09287,09369,09371-09372,09375-09376,09378,09380,09383-09387,09389,09391-09393,09396,09399,09405-09410,10142-10143,10147-10150,10152,10155,10157,10159,10163-10164,10166,10169-10170,10173-10174,10176]'
+ clush --hostfile /lustre/orion/stf243/world-shared/wcastil/Experiments/CUG26/copper_run/logs/4342213/logs/node_file.txt 'fusermount3 -u /mnt/bb/wcastil/copper_mount'
+ clush --hostfile /lustre/orion/stf243/world-shared/wcastil/Experiments/CUG26/copper_run/logs/4342213/logs/node_file.txt 'rm -rf /mnt/bb/wcastil/copper_mount'
+ clush --hostfile /lustre/orion/stf243/world-shared/wcastil/Experiments/CUG26/copper_run/logs/4342213/logs/node_file.txt 'mkdir -p /mnt/bb/wcastil/copper_mount'
+ rm -f /lustre/orion/stf243/world-shared/wcastil/Experiments/CUG26/copper_run/logs/4342213/logs/copper_address_book.txt /lustre/orion/stf243/world-shared/wcastil/Experiments/CUG26/copper_run/logs/4342213/logs/copper_address_book_full_output.txt /lustre/orion/stf243/world-shared/wcastil/Experiments/CUG26/copper_run/logs/4342213/logs/prepare_address_book.awk /lustre/orion/stf243/world-shared/wcastil/Experiments/CUG26/copper_run/logs/4342213/logs/select_discovered_address_book.awk
+ echo 'Preparing job-local address book once before full cu_fuse launch'
Preparing job-local address book once before full cu_fuse launch
++ date +%s
+ prepare_address_book_start_epoch=1775546092
+ prepare_address_book_rc=0
+ case "${address_book_source}" in
+ prepare_address_book_from_facility
+ cp /sw/frontier/ums/ums046/copper/build/olcf_frontier_copper_addressbook.txt /lustre/orion/stf243/world-shared/wcastil/Experiments/CUG26/copper_run/logs/4342213/logs/copper_address_book_full_output.txt
+ cat
+ srun --overlap -N 1 -n 1 --ntasks-per-node=1 env NODEFILE_PATH=/lustre/orion/stf243/world-shared/wcastil/Experiments/CUG26/copper_run/logs/4342213/logs/node_file.txt FACILITY_BOOK=/sw/frontier/ums/ums046/copper/build/olcf_frontier_copper_addressbook.txt OUTPUT_PATH=/lustre/orion/stf243/world-shared/wcastil/Experiments/CUG26/copper_run/logs/4342213/logs/copper_address_book.txt AWK_SCRIPT=/lustre/orion/stf243/world-shared/wcastil/Experiments/CUG26/copper_run/logs/4342213/logs/prepare_address_book.awk bash -lc 'awk -f "$AWK_SCRIPT" "$NODEFILE_PATH" "$FACILITY_BOOK" > "$OUTPUT_PATH"'
Deactivating conda environments
++ date +%s
+ prepare_address_book_end_epoch=1775546093
+ echo 'prepared address book generation took 1 s'
prepared address book generation took 1 s
+ '[' 0 -ne 0 ']'
+ '[' '!' -s /lustre/orion/stf243/world-shared/wcastil/Experiments/CUG26/copper_run/logs/4342213/logs/copper_address_book.txt ']'
+ profile_options=
+ '[' 0 -eq 1 ']'
+ '[' 0 -gt 0 ']'
+ '[' 0 -eq 1 ']'
+ '[' 0 -gt 0 ']'
+ options=' -f -tpath / -vpath /mnt/bb/wcastil/copper_mount -log_level 0 -log_type file -log_output_dir /lustre/orion/stf243/world-shared/wcastil/Experiments/CUG26/copper_run/logs/4342213 -net_type cxi://cxi1 -trees 1 -nf /lustre/orion/stf243/world-shared/wcastil/Experiments/CUG26/copper_run/logs/4342213/logs/node_file.txt -max_cacheable_byte_size 220000000 -md_enoent_ttl_ms 2000 -facility_address_book /lustre/orion/stf243/world-shared/wcastil/Experiments/CUG26/copper_run/logs/4342213/logs/copper_address_book.txt -prefiltered_address_book 1 -s /mnt/bb/wcastil/copper_mount'
+ echo 'sleeping for 10 s'
sleeping for 10 s
+ sleep 10s
+ srun --overlap -N 1024 --ntasks-per-node=1 --cpus-per-task=2 bash -c '
    echo "host=$(hostname)"
    echo "allowed=$(grep Cpus_allowed_list /proc/self/status | awk "{print \$2}")"
    echo "current_cpu=$(ps -o psr= -p $$)"
    exec /sw/frontier/ums/ums046/copper/build/cu_fuse  -f -tpath / -vpath /mnt/bb/wcastil/copper_mount -log_level 0 -log_type file -log_output_dir /lustre/orion/stf243/world-shared/wcastil/Experiments/CUG26/copper_run/logs/4342213 -net_type cxi://cxi1 -trees 1 -nf /lustre/orion/stf243/world-shared/wcastil/Experiments/CUG26/copper_run/logs/4342213/logs/node_file.txt -max_cacheable_byte_size 220000000 -md_enoent_ttl_ms 2000 -facility_address_book /lustre/orion/stf243/world-shared/wcastil/Experiments/CUG26/copper_run/logs/4342213/logs/copper_address_book.txt -prefiltered_address_book 1 -s /mnt/bb/wcastil/copper_mount
    '\''
  '
host=frontier00018
host=frontier07348
host=frontier07876
host=frontier07877
host=frontier08742
host=frontier09396
host=frontier09124
host=frontier07578
host=frontier08640
host=frontier09399
host=frontier08872
host=frontier08757
host=frontier08882
host=frontier01780
host=frontier10142
host=frontier05813
host=frontier06822
host=frontier05030
host=frontier06185
allowed=1-2
allowed=1-2
host=frontier06705
host=frontier08905
host=frontier07194
host=frontier08119
allowed=1-2
host=frontier06706
host=frontier06570
host=frontier04218
allowed=1-2
host=frontier05040
host=frontier03323
host=frontier07324
host=frontier05043
host=frontier05685
host=frontier08909
host=frontier08633
allowed=1-2
host=frontier05369
host=frontier05047
host=frontier08510
host=frontier08637
host=frontier08135
host=frontier00024
host=frontier06451
allowed=1-2
host=frontier08137
allowed=1-2
host=frontier00165
host=frontier08390
allowed=1-2
allowed=1-2
host=frontier06808
host=frontier04342
host=frontier07579
host=frontier06965
host=frontier06487
allowed=1-2
host=frontier08642
host=frontier05417
host=frontier06809
host=frontier00168
host=frontier06070
allowed=1-2
host=frontier00411
host=frontier08759
host=frontier06071
host=frontier05802
host=frontier06966
allowed=1-2
host=frontier09408
host=frontier00413
host=frontier07839
host=frontier04955
host=frontier06132
host=frontier09409
host=frontier08022
host=frontier06819
allowed=1-2
allowed=1-2
host=frontier06821
host=frontier09249
allowed=1-2
host=frontier00421
allowed=1-2
host=frontier03706
host=frontier06823
host=frontier08274
host=frontier06437
host=frontier06701
host=frontier05029
host=frontier09112
allowed=1-2
host=frontier08378
host=frontier06439
host=frontier06830
host=frontier09389
host=frontier10166
host=frontier08638
host=frontier07084
host=frontier05050
host=frontier09123
host=frontier07890
host=frontier03958
host=frontier05934
host=frontier08869
host=frontier03959
host=frontier02676
host=frontier07891
host=frontier05288
host=frontier08883
host=frontier06695
host=frontier01781
host=frontier04787
host=frontier08399
host=frontier07472
host=frontier05816
current_cpu=  2
host=frontier03191
host=frontier07317
allowed=1-2
allowed=1-2
host=frontier05304
host=frontier07475
host=frontier04214
host=frontier07076
host=frontier05879
allowed=1-2
host=frontier00310
host=frontier05039
allowed=1-2
host=frontier07715
host=frontier07476
current_cpu=  1
host=frontier10155
allowed=1-2
host=frontier03192
host=frontier05682
host=frontier08381
allowed=1-2
allowed=1-2
host=frontier07323
current_cpu=  1
host=frontier08126
host=frontier08907
host=frontier03322
host=frontier07478
host=frontier08655
allowed=1-2
host=frontier01914
allowed=1-2
host=frontier05042
host=frontier08631
host=frontier07881
allowed=1-2
host=frontier06193
host=frontier08908
host=frontier09119
allowed=1-2
allowed=1-2
host=frontier08385
allowed=1-2
host=frontier05367
host=frontier06709
host=frontier07882
host=frontier10163
host=frontier04220
allowed=1-2
current_cpu=  1
host=frontier09391
host=frontier06958
allowed=1-2
host=frontier08133
allowed=1-2
host=frontier06449
host=frontier00317
host=frontier08910
host=frontier10164
host=frontier00319
allowed=1-2
host=frontier06450
allowed=1-2
host=frontier03557
allowed=1-2
host=frontier06768
host=frontier07887
host=frontier07720
allowed=1-2
host=frontier06960
host=frontier07721
host=frontier04856
host=frontier06065
host=frontier00025
host=frontier08388
host=frontier09393
allowed=1-2
host=frontier00321
host=frontier06840
host=frontier08389
host=frontier05750
current_cpu=  2
allowed=1-2
current_cpu=  1
allowed=1-2
host=frontier06453
allowed=1-2
current_cpu=  1
host=frontier08754
allowed=1-2
host=frontier04918
host=frontier05751
allowed=1-2
allowed=1-2
host=frontier09405
host=frontier07725
allowed=1-2
host=frontier06069
host=frontier04919
host=frontier08756
host=frontier05415
allowed=1-2
host=frontier07580
host=frontier05114
allowed=1-2
current_cpu=  1
allowed=1-2
allowed=1-2
host=frontier04343
host=frontier05799
allowed=1-2
allowed=1-2
allowed=1-2
host=frontier00169
host=frontier08880
host=frontier08393
allowed=1-2
allowed=1-2
host=frontier04344
allowed=1-2
allowed=1-2
allowed=1-2
host=frontier08141
host=frontier07833
host=frontier04954
current_cpu=  2
host=frontier06517
host=frontier06103
host=frontier08142
host=frontier07584
allowed=1-2
allowed=1-2
host=frontier08644
host=frontier05803
allowed=1-2
allowed=1-2
allowed=1-2
host=frontier00417
host=frontier06815
allowed=1-2
host=frontier07586
host=frontier06518
host=frontier08143
host=frontier06691
allowed=1-2
host=frontier07845
host=frontier07587
host=frontier08887
host=frontier06303
allowed=1-2
host=frontier00298
host=frontier03703
current_cpu=  1
host=frontier04408
host=frontier08888
host=frontier08647
host=frontier04982
allowed=1-2
host=frontier00420
allowed=1-2
current_cpu=  1
allowed=1-2
host=frontier06435
host=frontier07589
host=frontier08889
current_cpu=  1
allowed=1-2
host=frontier08398
host=frontier04985
host=frontier07854
allowed=1-2
allowed=1-2
host=frontier05814
host=frontier04469
host=frontier08900
allowed=1-2
host=frontier03142
host=frontier05815
host=frontier05027
host=frontier00183
host=frontier03802
allowed=1-2
allowed=1-2
allowed=1-2
host=frontier10149
host=frontier06181
host=frontier06438
host=frontier00187
host=frontier07711
host=frontier08377
allowed=1-2
current_cpu=  1
host=frontier08652
host=frontier05677
allowed=1-2
host=frontier08904
host=frontier03190
allowed=1-2
host=frontier10150
host=frontier05172
host=frontier07714
host=frontier06321
host=frontier08379
host=frontier09384
host=frontier00468
host=frontier00313
allowed=1-2
host=frontier07195
host=frontier07596
host=frontier09385
host=frontier08503
host=frontier10157
host=frontier03831
host=frontier07079
host=frontier05683
host=frontier06191
host=frontier00314
host=frontier06054
host=frontier08505
host=frontier06835
allowed=1-2
host=frontier07200
host=frontier05209
host=frontier07448
host=frontier08008
host=frontier00503
host=frontier07205
host=frontier00023
allowed=1-2
host=frontier04658
host=frontier00159
allowed=1-2
allowed=1-2
host=frontier07452
host=frontier05411
host=frontier00282
allowed=1-2
host=frontier06452
host=frontier08750
host=frontier07723
host=frontier00285
allowed=1-2
host=frontier03574
allowed=1-2
host=frontier03575
host=frontier07214
allowed=1-2
allowed=1-2
host=frontier01649
host=frontier08990
host=frontier08265
allowed=1-2
host=frontier01650
allowed=1-2
allowed=1-2
host=frontier08391
allowed=1-2
host=frontier09103
host=frontier05939
allowed=1-2
host=frontier07893
host=frontier05940
host=frontier01653
host=frontier06811
host=frontier08268
host=frontier04953
host=frontier00170
host=frontier04727
host=frontier06392
host=frontier00173
host=frontier01656
host=frontier07094
host=frontier07464
allowed=1-2
host=frontier09369
host=frontier04406
host=frontier02937
host=frontier05293
host=frontier09107
host=frontier08646
host=frontier07465
host=frontier08144
host=frontier09248
host=frontier09003
host=frontier05944
allowed=1-2
host=frontier00035
host=frontier08521
allowed=1-2
host=frontier05299
host=frontier07340
host=frontier08273
host=frontier05300
host=frontier08232
allowed=1-2
host=frontier05431
host=frontier08110
allowed=1-2
host=frontier00039
host=frontier08522
host=frontier04087
allowed=1-2
host=frontier06559
host=frontier09009
host=frontier05301
allowed=1-2
host=frontier05302
host=frontier08903
host=frontier09011
host=frontier07226
host=frontier05303
host=frontier00309
host=frontier00463
host=frontier08527
host=frontier09115
host=frontier08780
host=frontier06048
host=frontier05173
host=frontier08004
host=frontier06051
host=frontier04600
host=frontier08005
host=frontier09117
host=frontier00020
host=frontier06952
host=frontier05684
host=frontier09027
host=frontier07446
host=frontier04827
host=frontier07598
host=frontier07199
host=frontier08782
host=frontier08656
host=frontier00502
host=frontier06956
host=frontier09029
host=frontier05928
host=frontier08386
host=frontier06196
host=frontier05547
host=frontier09120
host=frontier05929
host=frontier08509
host=frontier05237
host=frontier07327
host=frontier09278
host=frontier03932
host=frontier07211
host=frontier07453
host=frontier03957
host=frontier08512
host=frontier09281
host=frontier05241
host=frontier09036
host=frontier08993
host=frontier06261
host=frontier00408
host=frontier05289
host=frontier00031
host=frontier05418
host=frontier06645
host=frontier08516
host=frontier09286
host=frontier09242
host=frontier05941
host=frontier06935
host=frontier00294
host=frontier07219
host=frontier00296
host=frontier00033
host=frontier09001
host=frontier07700
host=frontier07995
host=frontier04059
host=frontier00034
host=frontier04730
host=frontier06940
host=frontier07703
host=frontier07996
host=frontier00177
host=frontier08773
host=frontier07096
host=frontier06941
host=frontier04085
host=frontier07706
host=frontier09376
host=frontier07590
host=frontier09111
host=frontier05465
host=frontier05165
host=frontier08776
host=frontier04471
host=frontier06009
host=frontier05675
host=frontier00041
host=frontier08778
host=frontier05169
host=frontier05036
current_cpu=  2
allowed=1-2
allowed=1-2
host=frontier10152
current_cpu=  2
current_cpu=  1
allowed=1-2
allowed=1-2
host=frontier05681
host=frontier08118
allowed=1-2
host=frontier07875
host=frontier06441
host=frontier04536
host=frontier08498
host=frontier06569
host=frontier09114
host=frontier03829
host=frontier07595
allowed=1-2
allowed=1-2
host=frontier06047
current_cpu=  2
allowed=1-2
host=frontier00467
host=frontier04791
host=frontier08653
allowed=1-2
current_cpu=  1
allowed=1-2
host=frontier04217
allowed=1-2
allowed=1-2
current_cpu=  1
host=frontier08654
host=frontier06190
host=frontier05338
allowed=1-2
allowed=1-2
allowed=1-2
current_cpu=  1
current_cpu=  1
allowed=1-2
allowed=1-2
allowed=1-2
allowed=1-2
host=frontier06707
allowed=1-2
host=frontier08383
allowed=1-2
current_cpu=  1
allowed=1-2
host=frontier06444
host=frontier05365
current_cpu=  1
allowed=1-2
allowed=1-2
allowed=1-2
host=frontier07479
current_cpu=  1
host=frontier04219
host=frontier07080
allowed=1-2
host=frontier09387
host=frontier06446
host=frontier05366
host=frontier06708
allowed=1-2
allowed=1-2
current_cpu=  1
current_cpu=  2
allowed=1-2
current_cpu=  2
allowed=1-2
allowed=1-2
allowed=1-2
host=frontier08741
host=frontier03448
host=frontier07325
allowed=1-2
allowed=1-2
current_cpu=  1
host=frontier07718
allowed=1-2
allowed=1-2
current_cpu=  2
allowed=1-2
current_cpu=  1
host=frontier08636
allowed=1-2
allowed=1-2
allowed=1-2
allowed=1-2
host=frontier06710
host=frontier07326
host=frontier07082
host=frontier07600
allowed=1-2
current_cpu=  2
allowed=1-2
current_cpu=  1
allowed=1-2
current_cpu=  1
allowed=1-2
host=frontier06060
host=frontier08745
allowed=1-2
allowed=1-2
host=frontier09392
current_cpu=  2
allowed=1-2
host=frontier00281
allowed=1-2
allowed=1-2
allowed=1-2
host=frontier04312
host=frontier06777
host=frontier06961
allowed=1-2
host=frontier05049
host=frontier00320
host=frontier08748
allowed=1-2
allowed=1-2
host=frontier08136
current_cpu=  1
host=frontier07888
allowed=1-2
host=frontier04914
allowed=1-2
allowed=1-2
host=frontier06066
host=frontier05413
allowed=1-2
host=frontier06233
host=frontier06962
current_cpu=  1
host=frontier04313
host=frontier00162
host=frontier06778
host=frontier06068
current_cpu=  1
allowed=1-2
host=frontier06234
current_cpu=  2
allowed=1-2
host=frontier00407
current_cpu=  1
current_cpu=  1
allowed=1-2
host=frontier06780
allowed=1-2
host=frontier04341
current_cpu=  1
current_cpu=  1
allowed=1-2
allowed=1-2
current_cpu=  2
host=frontier05753
host=frontier10174
allowed=1-2
allowed=1-2
allowed=1-2
allowed=1-2
host=frontier06454
host=frontier09125
host=frontier03576
current_cpu=  2
allowed=1-2
allowed=1-2
host=frontier08140
current_cpu=  2
current_cpu=  1
current_cpu=  2
allowed=1-2
allowed=1-2
current_cpu=  2
current_cpu=  1
current_cpu=  2
current_cpu=  1
host=frontier00409
allowed=1-2
allowed=1-2
allowed=1-2
host=frontier08643
current_cpu=  1
current_cpu=  2
host=frontier07832
allowed=1-2
current_cpu=  2
current_cpu=  2
host=frontier06516
current_cpu=  2
host=frontier09240
allowed=1-2
host=frontier09407
allowed=1-2
allowed=1-2
allowed=1-2
allowed=1-2
allowed=1-2
allowed=1-2
host=frontier06967
current_cpu=  2
current_cpu=  2
allowed=1-2
host=frontier07894
host=frontier08394
allowed=1-2
host=frontier05157
current_cpu=  1
current_cpu=  2
current_cpu=  1
allowed=1-2
allowed=1-2
current_cpu=  2
allowed=1-2
host=frontier08021
host=frontier08645
allowed=1-2
host=frontier05423
allowed=1-2
host=frontier03702
allowed=1-2
current_cpu=  2
allowed=1-2
host=frontier06133
allowed=1-2
host=frontier05811
host=frontier04981
host=frontier09410
allowed=1-2
host=frontier00174
host=frontier06969
allowed=1-2
current_cpu=  1
allowed=1-2
host=frontier07220
allowed=1-2
host=frontier03063
host=frontier06433
allowed=1-2
allowed=1-2
allowed=1-2
allowed=1-2
current_cpu=  1
current_cpu=  2
host=frontier05812
host=frontier08105
allowed=1-2
host=frontier06307
current_cpu=  1
host=frontier06553
current_cpu=  2
host=frontier07064
allowed=1-2
allowed=1-2
host=frontier04983
host=frontier10143
allowed=1-2
host=frontier07853
host=frontier05162
current_cpu=  2
host=frontier04409
allowed=1-2
host=frontier08146
allowed=1-2
allowed=1-2
current_cpu=  2
current_cpu=  2
host=frontier07066
host=frontier09110
host=frontier10147
host=frontier03065
host=frontier00422
host=frontier08892
allowed=1-2
allowed=1-2
host=frontier03769
host=frontier09260
host=frontier00303
allowed=1-2
host=frontier06177
current_cpu=  1
allowed=1-2
allowed=1-2
allowed=1-2
host=frontier06824
host=frontier07860
host=frontier08234
allowed=1-2
host=frontier10148
allowed=1-2
host=frontier08650
host=frontier05673
current_cpu=  1
current_cpu=  1
current_cpu=  1
allowed=1-2
host=frontier08112
allowed=1-2
host=frontier00443
host=frontier08651
host=frontier07225
host=frontier06825
allowed=1-2
allowed=1-2
allowed=1-2
host=frontier08401
allowed=1-2
current_cpu=  2
allowed=1-2
allowed=1-2
current_cpu=  1
allowed=1-2
host=frontier04090
allowed=1-2
current_cpu=  1
host=frontier06702
host=frontier09113
host=frontier06828
allowed=1-2
host=frontier09383
host=frontier08402
host=frontier06829
host=frontier09266
allowed=1-2
allowed=1-2
host=frontier06189
host=frontier01909
allowed=1-2
host=frontier09015
allowed=1-2
host=frontier08528
host=frontier05493
host=frontier00189
host=frontier08779
allowed=1-2
host=frontier00043
host=frontier05880
allowed=1-2
host=frontier08906
host=frontier07077
host=frontier04537
host=frontier00044
allowed=1-2
current_cpu=  1
allowed=1-2
host=frontier00191
allowed=1-2
allowed=1-2
allowed=1-2
host=frontier06322
host=frontier07716
allowed=1-2
allowed=1-2
host=frontier05881
allowed=1-2
host=frontier00045
host=frontier09270
host=frontier08504
allowed=1-2
allowed=1-2
host=frontier00471
host=frontier06324
allowed=1-2
host=frontier09020
host=frontier07196
host=frontier08384
allowed=1-2
host=frontier04601
host=frontier00194
host=frontier05926
host=frontier00474
host=frontier06325
host=frontier03832
host=frontier00153
host=frontier09273
host=frontier06834
allowed=1-2
host=frontier08006
host=frontier05175
host=frontier02297
host=frontier08507
host=frontier02299
allowed=1-2
host=frontier00155
current_cpu=  2
host=frontier08128
host=frontier07081
allowed=1-2
host=frontier00195
host=frontier00022
allowed=1-2
host=frontier08007
host=frontier04602
host=frontier06194
allowed=1-2
host=frontier06059
host=frontier00156
host=frontier04854
host=frontier03449
allowed=1-2
allowed=1-2
host=frontier04603
allowed=1-2
host=frontier09276
host=frontier00198
host=frontier07719
host=frontier09030
allowed=1-2
host=frontier02553
host=frontier05210
host=frontier04278
current_cpu=  1
host=frontier05930
allowed=1-2
host=frontier06197
host=frontier08262
host=frontier04855
allowed=1-2
host=frontier08911
host=frontier05687
host=frontier05048
host=frontier06837
host=frontier07601
host=frontier02554
host=frontier02556
current_cpu=  2
host=frontier03573
current_cpu=  1
host=frontier10169
host=frontier07574
allowed=1-2
host=frontier00161
allowed=1-2
host=frontier04659
host=frontier08867
host=frontier00505
host=frontier08912
allowed=1-2
current_cpu=  1
allowed=1-2
allowed=1-2
host=frontier09035
host=frontier07889
allowed=1-2
allowed=1-2
host=frontier08639
current_cpu=  1
host=frontier08264
host=frontier04660
allowed=1-2
host=frontier05933
host=frontier05239
host=frontier00760
host=frontier00027
current_cpu=  1
allowed=1-2
allowed=1-2
host=frontier05557
current_cpu=  1
current_cpu=  1
allowed=1-2
allowed=1-2
host=frontier07087
host=frontier06364
host=frontier02675
host=frontier06582
allowed=1-2
current_cpu=  2
allowed=1-2
current_cpu=  1
host=frontier05113
current_cpu=  1
host=frontier06388
host=frontier05937
allowed=1-2
host=frontier06635
host=frontier08871
host=frontier00167
host=frontier08014
current_cpu=  1
host=frontier07455
host=frontier07215
host=frontier08392
host=frontier07892
host=frontier07726
host=frontier02806
host=frontier03678
host=frontier01651
allowed=1-2
host=frontier06262
allowed=1-2
host=frontier09127
host=frontier08994
host=frontier06389
host=frontier04920
current_cpu=  2
host=frontier07089
host=frontier03679
allowed=1-2
allowed=1-2
host=frontier05561
allowed=1-2
allowed=1-2
host=frontier02807
host=frontier07582
allowed=1-2
allowed=1-2
host=frontier07090
host=frontier04023
host=frontier07217
host=frontier05117
allowed=1-2
host=frontier07463
host=frontier08762
host=frontier07336
host=frontier07093
allowed=1-2
host=frontier02810
host=frontier08517
host=frontier07218
host=frontier05421
host=frontier08020
host=frontier00032
allowed=1-2
host=frontier09245
allowed=1-2
allowed=1-2
host=frontier06428
allowed=1-2
allowed=1-2
host=frontier04025
host=frontier08395
current_cpu=  1
allowed=1-2
host=frontier05807
host=frontier02928
host=frontier04728
allowed=1-2
host=frontier06937
allowed=1-2
allowed=1-2
host=frontier06429
allowed=1-2
host=frontier06520
allowed=1-2
allowed=1-2
host=frontier08396
host=frontier04407
host=frontier04729
host=frontier05622
allowed=1-2
host=frontier05159
allowed=1-2
host=frontier00419
host=frontier07588
host=frontier03704
host=frontier05161
host=frontier07063
host=frontier08145
allowed=1-2
host=frontier05623
host=frontier07848
allowed=1-2
current_cpu=  1
host=frontier07466
host=frontier07221
host=frontier04060
allowed=1-2
host=frontier09372
allowed=1-2
host=frontier03064
current_cpu=  1
host=frontier09007
host=frontier06696
host=frontier08106
host=frontier09109
allowed=1-2
host=frontier00178
allowed=1-2
allowed=1-2
host=frontier09375
host=frontier05430
host=frontier05625
host=frontier00036
allowed=1-2
allowed=1-2
host=frontier09008
host=frontier07341
host=frontier06557
current_cpu=  1
allowed=1-2
host=frontier06942
allowed=1-2
host=frontier07707
current_cpu=  2
allowed=1-2
allowed=1-2
host=frontier07471
allowed=1-2
current_cpu=  2
host=frontier09378
allowed=1-2
host=frontier04088
host=frontier08111
host=frontier09261
allowed=1-2
host=frontier07345
host=frontier06008
host=frontier06699
host=frontier07592
allowed=1-2
host=frontier04470
host=frontier00423
host=frontier07191
host=frontier04789
current_cpu=  1
host=frontier04089
allowed=1-2
host=frontier09263
allowed=1-2
host=frontier03803
host=frontier07346
host=frontier07593
allowed=1-2
host=frontier08526
host=frontier09380
host=frontier07872
host=frontier05466
host=frontier08777
allowed=1-2
allowed=1-2
host=frontier07712
host=frontier00188
host=frontier08238
allowed=1-2
host=frontier06948
allowed=1-2
host=frontier09265
host=frontier07072
host=frontier04472
host=frontier07594
host=frontier00042
host=frontier06563
allowed=1-2
host=frontier08246
host=frontier08003
host=frontier07320
host=frontier03830
allowed=1-2
allowed=1-2
host=frontier05494
host=frontier07349
host=frontier00019
allowed=1-2
host=frontier06443
allowed=1-2
host=frontier09019
allowed=1-2
host=frontier04792
host=frontier08529
host=frontier08252
allowed=1-2
host=frontier05174
host=frontier08781
allowed=1-2
host=frontier00193
host=frontier05495
host=frontier06572
allowed=1-2
host=frontier08630
allowed=1-2
allowed=1-2
host=frontier06832
allowed=1-2
allowed=1-2
host=frontier06954
allowed=1-2
allowed=1-2
host=frontier00021
allowed=1-2
host=frontier09118
allowed=1-2
host=frontier08254
allowed=1-2
allowed=1-2
host=frontier00315
allowed=1-2
allowed=1-2
host=frontier06326
allowed=1-2
host=frontier04853
host=frontier05544
allowed=1-2
host=frontier06447
host=frontier07599
allowed=1-2
host=frontier06576
host=frontier09275
host=frontier06058
host=frontier08255
host=frontier00316
host=frontier06836
host=frontier06327
allowed=1-2
host=frontier08784
allowed=1-2
allowed=1-2
allowed=1-2
host=frontier07481
host=frontier03930
allowed=1-2
host=frontier05686
allowed=1-2
host=frontier04277
host=frontier06578
host=frontier07450
host=frontier07572
host=frontier05409
host=frontier08864
host=frontier00504
host=frontier08387
allowed=1-2
allowed=1-2
host=frontier07208
host=frontier07451
allowed=1-2
host=frontier06328
host=frontier09032
host=frontier08009
host=frontier06579
host=frontier07602
host=frontier05749
host=frontier09034
host=frontier09122
host=frontier05238
host=frontier06839
allowed=1-2
host=frontier06198
host=frontier07328
host=frontier08511
host=frontier08263
host=frontier06362
host=frontier06580
host=frontier05554
host=frontier07210
host=frontier05555
allowed=1-2
host=frontier07085
host=frontier07576
allowed=1-2
host=frontier07329
host=frontier08868
host=frontier06363
host=frontier06581
host=frontier08988
allowed=1-2
host=frontier10170
host=frontier02674
allowed=1-2
host=frontier09280
host=frontier06963
host=frontier07332
host=frontier00287
allowed=1-2
host=frontier05414
allowed=1-2
host=frontier08013
host=frontier10173
host=frontier07695
allowed=1-2
host=frontier08513
host=frontier06841
host=frontier08138
host=frontier05051
host=frontier08266
allowed=1-2
host=frontier07333
host=frontier07088
host=frontier07696
host=frontier00028
host=frontier08514
host=frontier00290
host=frontier06842
host=frontier09102
host=frontier05286
allowed=1-2
host=frontier08641
allowed=1-2
host=frontier09282
host=frontier09406
host=frontier09284
host=frontier08267
host=frontier03960
host=frontier05559
host=frontier04663
host=frontier00292
host=frontier00030
host=frontier06644
host=frontier07460
host=frontier07216
host=frontier07334
host=frontier06894
host=frontier08515
host=frontier07697
allowed=1-2
allowed=1-2
host=frontier07335
allowed=1-2
host=frontier04664
host=frontier09104
host=frontier06390
host=frontier06263
host=frontier05115
host=frontier06903
allowed=1-2
allowed=1-2
host=frontier00293
allowed=1-2
host=frontier08019
host=frontier04404
host=frontier09000
host=frontier09287
host=frontier05291
host=frontier06647
allowed=1-2
allowed=1-2
allowed=1-2
allowed=1-2
host=frontier06265
host=frontier09105
host=frontier04024
host=frontier07699
host=frontier08269
host=frontier06300
host=frontier08518
host=frontier08763
allowed=1-2
host=frontier08270
allowed=1-2
host=frontier07337
host=frontier09106
host=frontier07994
host=frontier05292
allowed=1-2
allowed=1-2
allowed=1-2
host=frontier01657
host=frontier07702
allowed=1-2
host=frontier09371
host=frontier08519
allowed=1-2
host=frontier05943
host=frontier06938
host=frontier08771
host=frontier07095
host=frontier07338
host=frontier09002
host=frontier05425
allowed=1-2
allowed=1-2
allowed=1-2
host=frontier08520
host=frontier06134
allowed=1-2
allowed=1-2
host=frontier09108
allowed=1-2
host=frontier00299
allowed=1-2
allowed=1-2
host=frontier08272
host=frontier06555
host=frontier00300
host=frontier04772
allowed=1-2
allowed=1-2
host=frontier06136
host=frontier09256
host=frontier08774
host=frontier07097
host=frontier06309
host=frontier07467
host=frontier07998
host=frontier08648
allowed=1-2
host=frontier07222
host=frontier06007
host=frontier06311
allowed=1-2
host=frontier07999
host=frontier01783
allowed=1-2
host=frontier08775
host=frontier06698
host=frontier07152
host=frontier05163
host=frontier06174
host=frontier08649
host=frontier07223
host=frontier00182
host=frontier06436
allowed=1-2
host=frontier07067
host=frontier01784
host=frontier07709
allowed=1-2
host=frontier06317
host=frontier07224
host=frontier00306
allowed=1-2
allowed=1-2
host=frontier08000
host=frontier08524
host=frontier04788
host=frontier08400
host=frontier00040
allowed=1-2
host=frontier08236
host=frontier01907
allowed=1-2
host=frontier06318
host=frontier00308
host=frontier07192
host=frontier05166
host=frontier07068
host=frontier06560
host=frontier08001
host=frontier07473
allowed=1-2
host=frontier06947
allowed=1-2
host=frontier01908
host=frontier07874
host=frontier05467
host=frontier06011
host=frontier05817
host=frontier07193
allowed=1-2
allowed=1-2
host=frontier04790
host=frontier03804
host=frontier07347
host=frontier09014
host=frontier07474
host=frontier08002
host=frontier08116
host=frontier09267
host=frontier07597
host=frontier08127
host=frontier05543
host=frontier08783
host=frontier03896
host=frontier08259
host=frontier07886
host=frontier07083
host=frontier09121
host=frontier08011
host=frontier09279
host=frontier07603
host=frontier08012
host=frontier07724
host=frontier04661
host=frontier06964
host=frontier10176
host=frontier08015
host=frontier07698
host=frontier06968
host=frontier06694
host=frontier08397
host=frontier05979
host=frontier05670
host=frontier08275
host=frontier03189
host=frontier06320
allowed=1-2
current_cpu=  1
current_cpu=  1
allowed=1-2
current_cpu=  1
current_cpu=  2
allowed=1-2
current_cpu=  1
allowed=1-2
allowed=1-2
allowed=1-2
allowed=1-2
allowed=1-2
allowed=1-2
allowed=1-2
allowed=1-2
current_cpu=  1
current_cpu=  1
allowed=1-2
current_cpu=  1
allowed=1-2
allowed=1-2
allowed=1-2
current_cpu=  2
current_cpu=  1
allowed=1-2
current_cpu=  1
current_cpu=  2
allowed=1-2
allowed=1-2
allowed=1-2
current_cpu=  1
current_cpu=  1
current_cpu=  1
current_cpu=  1
current_cpu=  2
current_cpu=  2
current_cpu=  1
allowed=1-2
current_cpu=  1
allowed=1-2
current_cpu=  1
current_cpu=  1
allowed=1-2
current_cpu=  1
current_cpu=  1
current_cpu=  2
allowed=1-2
allowed=1-2
allowed=1-2
current_cpu=  2
allowed=1-2
allowed=1-2
allowed=1-2
allowed=1-2
current_cpu=  2
current_cpu=  1
current_cpu=  2
current_cpu=  1
current_cpu=  1
current_cpu=  1
allowed=1-2
allowed=1-2
allowed=1-2
current_cpu=  2
current_cpu=  1
allowed=1-2
current_cpu=  2
current_cpu=  1
current_cpu=  1
allowed=1-2
current_cpu=  2
current_cpu=  1
current_cpu=  1
current_cpu=  1
allowed=1-2
allowed=1-2
allowed=1-2
allowed=1-2
current_cpu=  2
current_cpu=  2
current_cpu=  2
current_cpu=  2
allowed=1-2
allowed=1-2
current_cpu=  1
current_cpu=  2
allowed=1-2
current_cpu=  2
allowed=1-2
current_cpu=  1
current_cpu=  2
current_cpu=  2
allowed=1-2
allowed=1-2
allowed=1-2
allowed=1-2
allowed=1-2
current_cpu=  2
current_cpu=  2
allowed=1-2
allowed=1-2
current_cpu=  1
allowed=1-2
current_cpu=  2
current_cpu=  1
allowed=1-2
allowed=1-2
current_cpu=  2
allowed=1-2
allowed=1-2
allowed=1-2
host=frontier00026
allowed=1-2
allowed=1-2
current_cpu=  2
allowed=1-2
current_cpu=  1
allowed=1-2
current_cpu=  2
allowed=1-2
current_cpu=  2
allowed=1-2
current_cpu=  1
current_cpu=  2
allowed=1-2
allowed=1-2
current_cpu=  1
current_cpu=  2
current_cpu=  1
current_cpu=  2
allowed=1-2
allowed=1-2
allowed=1-2
current_cpu=  1
current_cpu=  1
allowed=1-2
current_cpu=  1
current_cpu=  2
allowed=1-2
current_cpu=  1
current_cpu=  2
current_cpu=  2
allowed=1-2
allowed=1-2
current_cpu=  2
allowed=1-2
allowed=1-2
current_cpu=  2
allowed=1-2
current_cpu=  2
current_cpu=  1
current_cpu=  2
current_cpu=  1
current_cpu=  1
current_cpu=  1
allowed=1-2
current_cpu=  2
allowed=1-2
current_cpu=  1
allowed=1-2
current_cpu=  1
current_cpu=  1
current_cpu=  1
allowed=1-2
allowed=1-2
current_cpu=  1
allowed=1-2
current_cpu=  2
allowed=1-2
current_cpu=  2
current_cpu=  2
allowed=1-2
current_cpu=  2
allowed=1-2
allowed=1-2
allowed=1-2
current_cpu=  2
allowed=1-2
current_cpu=  1
current_cpu=  2
allowed=1-2
current_cpu=  1
allowed=1-2
allowed=1-2
current_cpu=  2
current_cpu=  1
current_cpu=  1
current_cpu=  1
allowed=1-2
allowed=1-2
current_cpu=  1
allowed=1-2
allowed=1-2
allowed=1-2
current_cpu=  1
current_cpu=  1
allowed=1-2
current_cpu=  1
allowed=1-2
allowed=1-2
allowed=1-2
current_cpu=  1
allowed=1-2
current_cpu=  2
current_cpu=  1
allowed=1-2
allowed=1-2
allowed=1-2
allowed=1-2
allowed=1-2
allowed=1-2
current_cpu=  2
current_cpu=  2
allowed=1-2
allowed=1-2
allowed=1-2
current_cpu=  1
allowed=1-2
current_cpu=  1
current_cpu=  1
current_cpu=  1
allowed=1-2
allowed=1-2
allowed=1-2
current_cpu=  2
allowed=1-2
current_cpu=  2
allowed=1-2
allowed=1-2
current_cpu=  1
allowed=1-2
current_cpu=  2
allowed=1-2
allowed=1-2
current_cpu=  1
current_cpu=  2
current_cpu=  1
current_cpu=  1
current_cpu=  2
current_cpu=  1
current_cpu=  1
allowed=1-2
current_cpu=  2
allowed=1-2
allowed=1-2
allowed=1-2
current_cpu=  1
allowed=1-2
allowed=1-2
allowed=1-2
allowed=1-2
current_cpu=  2
current_cpu=  2
allowed=1-2
allowed=1-2
current_cpu=  2
allowed=1-2
current_cpu=  1
allowed=1-2
allowed=1-2
allowed=1-2
allowed=1-2
current_cpu=  2
allowed=1-2
current_cpu=  2
allowed=1-2
allowed=1-2
allowed=1-2
allowed=1-2
current_cpu=  2
current_cpu=  2
allowed=1-2
current_cpu=  2
current_cpu=  2
current_cpu=  2
allowed=1-2
current_cpu=  1
current_cpu=  1
allowed=1-2
current_cpu=  2
allowed=1-2
allowed=1-2
allowed=1-2
current_cpu=  2
current_cpu=  1
allowed=1-2
allowed=1-2
allowed=1-2
allowed=1-2
allowed=1-2
current_cpu=  1
allowed=1-2
allowed=1-2
allowed=1-2
allowed=1-2
allowed=1-2
allowed=1-2
allowed=1-2
allowed=1-2
current_cpu=  2
allowed=1-2
allowed=1-2
allowed=1-2
allowed=1-2
allowed=1-2
current_cpu=  1
allowed=1-2
allowed=1-2
allowed=1-2
current_cpu=  1
allowed=1-2
allowed=1-2
current_cpu=  1
allowed=1-2
current_cpu=  2
allowed=1-2
allowed=1-2
allowed=1-2
allowed=1-2
current_cpu=  2
current_cpu=  1
allowed=1-2
current_cpu=  1
allowed=1-2
allowed=1-2
allowed=1-2
allowed=1-2
current_cpu=  1
allowed=1-2
allowed=1-2
allowed=1-2
allowed=1-2
current_cpu=  1
allowed=1-2
allowed=1-2
allowed=1-2
current_cpu=  2
allowed=1-2
allowed=1-2
allowed=1-2
host=frontier05551
allowed=1-2
allowed=1-2
allowed=1-2
allowed=1-2
allowed=1-2
allowed=1-2
allowed=1-2
current_cpu=  1
allowed=1-2
current_cpu=  1
allowed=1-2
allowed=1-2
allowed=1-2
current_cpu=  2
current_cpu=  1
current_cpu=  2
allowed=1-2
allowed=1-2
current_cpu=  2
current_cpu=  1
allowed=1-2
allowed=1-2
allowed=1-2
current_cpu=  1
allowed=1-2
allowed=1-2
allowed=1-2
allowed=1-2
current_cpu=  2
current_cpu=  1
allowed=1-2
current_cpu=  1
current_cpu=  2
allowed=1-2
allowed=1-2
allowed=1-2
allowed=1-2
current_cpu=  2
current_cpu=  2
allowed=1-2
allowed=1-2
allowed=1-2
current_cpu=  1
allowed=1-2
allowed=1-2
allowed=1-2
allowed=1-2
allowed=1-2
allowed=1-2
allowed=1-2
allowed=1-2
allowed=1-2
allowed=1-2
current_cpu=  2
allowed=1-2
current_cpu=  2
allowed=1-2
allowed=1-2
allowed=1-2
allowed=1-2
allowed=1-2
allowed=1-2
current_cpu=  1
current_cpu=  1
allowed=1-2
current_cpu=  2
current_cpu=  1
allowed=1-2
current_cpu=  1
current_cpu=  2
allowed=1-2
host=frontier07462
allowed=1-2
allowed=1-2
allowed=1-2
current_cpu=  1
allowed=1-2
allowed=1-2
allowed=1-2
current_cpu=  1
allowed=1-2
allowed=1-2
allowed=1-2
allowed=1-2
allowed=1-2
allowed=1-2
current_cpu=  2
allowed=1-2
current_cpu=  2
current_cpu=  2
allowed=1-2
current_cpu=  1
current_cpu=  1
allowed=1-2
allowed=1-2
current_cpu=  1
allowed=1-2
allowed=1-2
allowed=1-2
current_cpu=  1
allowed=1-2
current_cpu=  2
current_cpu=  2
allowed=1-2
current_cpu=  1
allowed=1-2
current_cpu=  1
current_cpu=  2
allowed=1-2
allowed=1-2
allowed=1-2
current_cpu=  2
allowed=1-2
current_cpu=  1
allowed=1-2
allowed=1-2
allowed=1-2
allowed=1-2
allowed=1-2
allowed=1-2
current_cpu=  1
allowed=1-2
allowed=1-2
current_cpu=  2
allowed=1-2
allowed=1-2
allowed=1-2
current_cpu=  2
allowed=1-2
current_cpu=  2
allowed=1-2
allowed=1-2
allowed=1-2
current_cpu=  2
allowed=1-2
current_cpu=  1
current_cpu=  1
allowed=1-2
allowed=1-2
current_cpu=  1
current_cpu=  2
allowed=1-2
allowed=1-2
current_cpu=  2
allowed=1-2
current_cpu=  2
allowed=1-2
current_cpu=  2
current_cpu=  2
allowed=1-2
current_cpu=  1
current_cpu=  1
allowed=1-2
allowed=1-2
current_cpu=  1
allowed=1-2
allowed=1-2
allowed=1-2
allowed=1-2
current_cpu=  1
allowed=1-2
allowed=1-2
allowed=1-2
allowed=1-2
allowed=1-2
current_cpu=  1
allowed=1-2
current_cpu=  1
allowed=1-2
allowed=1-2
current_cpu=  2
allowed=1-2
allowed=1-2
allowed=1-2
allowed=1-2
allowed=1-2
current_cpu=  1
current_cpu=  2
allowed=1-2
allowed=1-2
allowed=1-2
current_cpu=  1
current_cpu=  2
allowed=1-2
allowed=1-2
allowed=1-2
allowed=1-2
allowed=1-2
allowed=1-2
current_cpu=  1
allowed=1-2
allowed=1-2
allowed=1-2
allowed=1-2
current_cpu=  2
current_cpu=  2
allowed=1-2
allowed=1-2
allowed=1-2
current_cpu=  2
allowed=1-2
current_cpu=  2
allowed=1-2
current_cpu=  1
allowed=1-2
allowed=1-2
allowed=1-2
current_cpu=  2
allowed=1-2
allowed=1-2
current_cpu=  2
allowed=1-2
allowed=1-2
allowed=1-2
current_cpu=  1
current_cpu=  1
current_cpu=  1
current_cpu=  2
current_cpu=  2
current_cpu=  1
current_cpu=  1
current_cpu=  1
current_cpu=  2
current_cpu=  1
current_cpu=  2
current_cpu=  1
current_cpu=  2
current_cpu=  2
host=frontier09386
current_cpu=  1
current_cpu=  2
current_cpu=  1
current_cpu=  2
current_cpu=  2
allowed=1-2
current_cpu=  2
current_cpu=  2
current_cpu=  1
current_cpu=  2
current_cpu=  2
current_cpu=  1
current_cpu=  1
current_cpu=  1
current_cpu=  2
current_cpu=  1
current_cpu=  1
current_cpu=  1
current_cpu=  1
current_cpu=  2
current_cpu=  2
current_cpu=  2
current_cpu=  1
current_cpu=  2
current_cpu=  1
current_cpu=  2
current_cpu=  1
current_cpu=  2
host=frontier04662
current_cpu=  2
current_cpu=  1
current_cpu=  1
current_cpu=  1
current_cpu=  1
current_cpu=  2
current_cpu=  1
current_cpu=  2
current_cpu=  2
allowed=1-2
current_cpu=  2
current_cpu=  2
current_cpu=  1
current_cpu=  1
current_cpu=  1
current_cpu=  1
current_cpu=  2
current_cpu=  2
current_cpu=  1
current_cpu=  2
current_cpu=  1
current_cpu=  1
current_cpu=  1
current_cpu=  2
current_cpu=  1
current_cpu=  1
current_cpu=  2
current_cpu=  1
current_cpu=  2
allowed=1-2
current_cpu=  1
current_cpu=  2
current_cpu=  1
allowed=1-2
current_cpu=  2
allowed=1-2
current_cpu=  2
current_cpu=  2
current_cpu=  2
current_cpu=  2
current_cpu=  2
current_cpu=  1
current_cpu=  2
current_cpu=  1
allowed=1-2
current_cpu=  2
current_cpu=  2
current_cpu=  2
current_cpu=  1
host=frontier06951
allowed=1-2
current_cpu=  2
current_cpu=  1
current_cpu=  1
current_cpu=  2
current_cpu=  1
current_cpu=  1
current_cpu=  2
current_cpu=  1
current_cpu=  2
current_cpu=  1
current_cpu=  2
current_cpu=  1
current_cpu=  2
current_cpu=  2
current_cpu=  1
current_cpu=  2
current_cpu=  1
current_cpu=  2
current_cpu=  2
allowed=1-2
host=frontier06950
current_cpu=  2
current_cpu=  2
current_cpu=  2
current_cpu=  2
current_cpu=  2
current_cpu=  2
current_cpu=  1
current_cpu=  2
allowed=1-2
current_cpu=  1
current_cpu=  2
current_cpu=  2
current_cpu=  2
current_cpu=  1
current_cpu=  1
current_cpu=  2
current_cpu=  1
current_cpu=  2
current_cpu=  2
current_cpu=  2
current_cpu=  2
current_cpu=  1
host=frontier05932
current_cpu=  2
current_cpu=  2
current_cpu=  1
current_cpu=  2
current_cpu=  2
current_cpu=  1
current_cpu=  2
current_cpu=  1
current_cpu=  2
current_cpu=  2
current_cpu=  1
host=frontier08139
current_cpu=  2
current_cpu=  2
current_cpu=  2
current_cpu=  2
current_cpu=  1
allowed=1-2
current_cpu=  2
allowed=1-2
current_cpu=  2
current_cpu=  1
current_cpu=  2
current_cpu=  2
current_cpu=  1
current_cpu=  1
current_cpu=  1
allowed=1-2
host=frontier08997
current_cpu=  1
current_cpu=  2
current_cpu=  2
host=frontier03701
current_cpu=  1
current_cpu=  2
current_cpu=  1
current_cpu=  1
current_cpu=  2
current_cpu=  2
current_cpu=  1
current_cpu=  2
current_cpu=  1
current_cpu=  2
allowed=1-2
current_cpu=  1
current_cpu=  1
current_cpu=  2
current_cpu=  1
current_cpu=  2
current_cpu=  2
current_cpu=  1
current_cpu=  2
current_cpu=  2
current_cpu=  1
current_cpu=  1
current_cpu=  2
current_cpu=  2
current_cpu=  2
current_cpu=  2
current_cpu=  2
current_cpu=  1
current_cpu=  2
allowed=1-2
current_cpu=  1
allowed=1-2
allowed=1-2
current_cpu=  2
current_cpu=  2
current_cpu=  1
current_cpu=  2
allowed=1-2
current_cpu=  1
current_cpu=  2
current_cpu=  2
current_cpu=  1
current_cpu=  2
current_cpu=  2
current_cpu=  2
current_cpu=  2
current_cpu=  2
allowed=1-2
current_cpu=  1
current_cpu=  2
allowed=1-2
current_cpu=  2
current_cpu=  1
current_cpu=  1
current_cpu=  1
current_cpu=  2
current_cpu=  2
current_cpu=  2
current_cpu=  1
current_cpu=  1
current_cpu=  1
current_cpu=  2
allowed=1-2
current_cpu=  2
current_cpu=  1
current_cpu=  1
current_cpu=  1
current_cpu=  1
current_cpu=  2
current_cpu=  1
current_cpu=  2
current_cpu=  1
current_cpu=  1
current_cpu=  1
current_cpu=  2
current_cpu=  2
current_cpu=  2
current_cpu=  2
current_cpu=  2
allowed=1-2
current_cpu=  2
current_cpu=  1
current_cpu=  2
host=frontier10159
current_cpu=  1
current_cpu=  2
current_cpu=  1
allowed=1-2
current_cpu=  2
current_cpu=  1
allowed=1-2
current_cpu=  2
current_cpu=  1
current_cpu=  2
current_cpu=  2
allowed=1-2
current_cpu=  1
current_cpu=  1
allowed=1-2
current_cpu=  1
allowed=1-2
current_cpu=  1
current_cpu=  1
current_cpu=  1
host=frontier07717
current_cpu=  2
current_cpu=  2
current_cpu=  2
allowed=1-2
current_cpu=  2
current_cpu=  1
current_cpu=  2
allowed=1-2
current_cpu=  2
current_cpu=  2
allowed=1-2
allowed=1-2
current_cpu=  2
current_cpu=  2
current_cpu=  2
allowed=1-2
current_cpu=  2
allowed=1-2
current_cpu=  2
host=frontier07480
current_cpu=  1
allowed=1-2
allowed=1-2
allowed=1-2
current_cpu=  2
current_cpu=  2
current_cpu=  1
current_cpu=  1
current_cpu=  2
current_cpu=  1
allowed=1-2
allowed=1-2
current_cpu=  2
current_cpu=  2
current_cpu=  1
allowed=1-2
current_cpu=  2
allowed=1-2
allowed=1-2
allowed=1-2
current_cpu=  1
current_cpu=  2
allowed=1-2
current_cpu=  1
current_cpu=  2
current_cpu=  1
allowed=1-2
allowed=1-2
current_cpu=  1
allowed=1-2
current_cpu=  2
allowed=1-2
current_cpu=  1
current_cpu=  1
allowed=1-2
current_cpu=  2
current_cpu=  1
current_cpu=  1
current_cpu=  2
allowed=1-2
current_cpu=  1
allowed=1-2
allowed=1-2
allowed=1-2
current_cpu=  2
current_cpu=  2
current_cpu=  1
allowed=1-2
allowed=1-2
allowed=1-2
current_cpu=  2
current_cpu=  2
current_cpu=  1
allowed=1-2
current_cpu=  1
current_cpu=  2
current_cpu=  1
allowed=1-2
current_cpu=  1
host=frontier03931
current_cpu=  2
allowed=1-2
allowed=1-2
allowed=1-2
current_cpu=  1
current_cpu=  2
allowed=1-2
allowed=1-2
current_cpu=  1
allowed=1-2
current_cpu=  1
allowed=1-2
current_cpu=  1
host=frontier06573
allowed=1-2
current_cpu=  1
allowed=1-2
allowed=1-2
allowed=1-2
current_cpu=  1
current_cpu=  1
current_cpu=  2
current_cpu=  1
current_cpu=  2
allowed=1-2
allowed=1-2
current_cpu=  1
current_cpu=  1
allowed=1-2
allowed=1-2
current_cpu=  1
current_cpu=  1
allowed=1-2
current_cpu=  1
allowed=1-2
current_cpu=  2
allowed=1-2
allowed=1-2
current_cpu=  1
current_cpu=  1
allowed=1-2
current_cpu=  2
current_cpu=  2
allowed=1-2
allowed=1-2
current_cpu=  2
allowed=1-2
allowed=1-2
current_cpu=  1
current_cpu=  1
current_cpu=  2
allowed=1-2
allowed=1-2
allowed=1-2
allowed=1-2
allowed=1-2
current_cpu=  1
current_cpu=  1
allowed=1-2
allowed=1-2
current_cpu=  1
allowed=1-2
current_cpu=  2
host=frontier07454
allowed=1-2
allowed=1-2
current_cpu=  2
current_cpu=  2
current_cpu=  2
allowed=1-2
current_cpu=  2
current_cpu=  1
allowed=1-2
current_cpu=  2
allowed=1-2
current_cpu=  2
current_cpu=  2
allowed=1-2
allowed=1-2
allowed=1-2
current_cpu=  1
current_cpu=  2
current_cpu=  2
current_cpu=  2
current_cpu=  1
allowed=1-2
current_cpu=  2
allowed=1-2
current_cpu=  1
allowed=1-2
current_cpu=  1
allowed=1-2
allowed=1-2
current_cpu=  2
current_cpu=  2
allowed=1-2
allowed=1-2
current_cpu=  1
current_cpu=  2
allowed=1-2
current_cpu=  1
current_cpu=  2
current_cpu=  2
allowed=1-2
current_cpu=  1
current_cpu=  1
current_cpu=  2
allowed=1-2
current_cpu=  2
allowed=1-2
current_cpu=  1
allowed=1-2
current_cpu=  2
current_cpu=  2
allowed=1-2
allowed=1-2
current_cpu=  2
current_cpu=  1
current_cpu=  1
allowed=1-2
current_cpu=  2
current_cpu=  2
current_cpu=  2
allowed=1-2
current_cpu=  2
current_cpu=  1
allowed=1-2
allowed=1-2
current_cpu=  2
allowed=1-2
current_cpu=  2
current_cpu=  1
allowed=1-2
allowed=1-2
current_cpu=  2
current_cpu=  2
allowed=1-2
allowed=1-2
current_cpu=  2
current_cpu=  2
current_cpu=  1
allowed=1-2
allowed=1-2
current_cpu=  2
allowed=1-2
allowed=1-2
current_cpu=  1
current_cpu=  1
allowed=1-2
allowed=1-2
allowed=1-2
allowed=1-2
current_cpu=  1
current_cpu=  2
allowed=1-2
allowed=1-2
current_cpu=  1
current_cpu=  1
current_cpu=  2
allowed=1-2
current_cpu=  1
allowed=1-2
current_cpu=  2
allowed=1-2
current_cpu=  2
current_cpu=  1
current_cpu=  2
allowed=1-2
current_cpu=  2
current_cpu=  2
current_cpu=  1
current_cpu=  2
allowed=1-2
allowed=1-2
current_cpu=  1
current_cpu=  2
allowed=1-2
allowed=1-2
current_cpu=  1
current_cpu=  2
current_cpu=  2
allowed=1-2
current_cpu=  1
allowed=1-2
current_cpu=  1
current_cpu=  1
current_cpu=  1
current_cpu=  1
allowed=1-2
current_cpu=  2
allowed=1-2
allowed=1-2
current_cpu=  1
allowed=1-2
current_cpu=  1
allowed=1-2
current_cpu=  2
current_cpu=  2
allowed=1-2
allowed=1-2
current_cpu=  2
current_cpu=  2
current_cpu=  1
current_cpu=  2
current_cpu=  2
current_cpu=  1
current_cpu=  2
current_cpu=  2
current_cpu=  1
current_cpu=  2
current_cpu=  1
current_cpu=  1
current_cpu=  2
allowed=1-2
current_cpu=  1
current_cpu=  2
current_cpu=  2
allowed=1-2
current_cpu=  1
allowed=1-2
current_cpu=  1
host=frontier05594
current_cpu=  1
allowed=1-2
allowed=1-2
allowed=1-2
allowed=1-2
allowed=1-2
current_cpu=  2
current_cpu=  2
allowed=1-2
current_cpu=  1
current_cpu=  1
current_cpu=  2
current_cpu=  2
allowed=1-2
current_cpu=  2
current_cpu=  1
current_cpu=  2
current_cpu=  2
allowed=1-2
allowed=1-2
current_cpu=  1
current_cpu=  2
current_cpu=  1
allowed=1-2
allowed=1-2
host=frontier05942
current_cpu=  1
current_cpu=  1
current_cpu=  1
host=frontier05621
current_cpu=  2
current_cpu=  2
current_cpu=  1
allowed=1-2
current_cpu=  2
allowed=1-2
current_cpu=  1
allowed=1-2
current_cpu=  1
current_cpu=  1
current_cpu=  1
allowed=1-2
allowed=1-2
host=frontier08271
current_cpu=  1
current_cpu=  2
current_cpu=  2
allowed=1-2
current_cpu=  1
host=frontier07350
current_cpu=  1
allowed=1-2
allowed=1-2
allowed=1-2
current_cpu=  1
current_cpu=  1
allowed=1-2
allowed=1-2
current_cpu=  2
current_cpu=  2
current_cpu=  2
allowed=1-2
current_cpu=  2
current_cpu=  2
current_cpu=  2
current_cpu=  2
current_cpu=  2
current_cpu=  1
current_cpu=  1
allowed=1-2
allowed=1-2
host=frontier05429
allowed=1-2
current_cpu=  1
host=frontier07339
allowed=1-2
current_cpu=  1
current_cpu=  1
current_cpu=  2
current_cpu=  2
host=frontier05295
allowed=1-2
current_cpu=  2
allowed=1-2
current_cpu=  2
current_cpu=  1
current_cpu=  2
allowed=1-2
current_cpu=  2
allowed=1-2
current_cpu=  1
allowed=1-2
current_cpu=  2
current_cpu=  1
host=frontier06946
current_cpu=  2
allowed=1-2
current_cpu=  1
current_cpu=  2
current_cpu=  2
allowed=1-2
allowed=1-2
current_cpu=  2
allowed=1-2
current_cpu=  1
allowed=1-2
allowed=1-2
current_cpu=  1
current_cpu=  1
current_cpu=  2
allowed=1-2
allowed=1-2
allowed=1-2
current_cpu=  2
current_cpu=  2
allowed=1-2
current_cpu=  1
allowed=1-2
current_cpu=  2
allowed=1-2
current_cpu=  1
allowed=1-2
current_cpu=  1
current_cpu=  1
current_cpu=  1
allowed=1-2
current_cpu=  1
allowed=1-2
current_cpu=  2
allowed=1-2
current_cpu=  1
current_cpu=  1
allowed=1-2
allowed=1-2
current_cpu=  1
current_cpu=  2
current_cpu=  1
allowed=1-2
current_cpu=  1
allowed=1-2
current_cpu=  1
allowed=1-2
current_cpu=  1
current_cpu=  1
allowed=1-2
allowed=1-2
current_cpu=  2
allowed=1-2
current_cpu=  2
current_cpu=  1
allowed=1-2
allowed=1-2
current_cpu=  1
current_cpu=  1
allowed=1-2
allowed=1-2
current_cpu=  2
allowed=1-2
current_cpu=  1
current_cpu=  2
current_cpu=  1
allowed=1-2
current_cpu=  1
allowed=1-2
current_cpu=  1
current_cpu=  1
current_cpu=  2
allowed=1-2
current_cpu=  1
current_cpu=  2
allowed=1-2
allowed=1-2
current_cpu=  1
allowed=1-2
current_cpu=  1
current_cpu=  2
allowed=1-2
current_cpu=  1
allowed=1-2
allowed=1-2
current_cpu=  1
current_cpu=  2
current_cpu=  2
current_cpu=  1
current_cpu=  1
allowed=1-2
current_cpu=  1
current_cpu=  2
allowed=1-2
allowed=1-2
current_cpu=  2
current_cpu=  1
current_cpu=  2
allowed=1-2
current_cpu=  1
allowed=1-2
current_cpu=  1
current_cpu=  2
allowed=1-2
allowed=1-2
current_cpu=  2
current_cpu=  2
current_cpu=  1
allowed=1-2
current_cpu=  1
allowed=1-2
current_cpu=  2
allowed=1-2
current_cpu=  1
allowed=1-2
current_cpu=  2
allowed=1-2
current_cpu=  1
allowed=1-2
current_cpu=  2
current_cpu=  2
allowed=1-2
current_cpu=  1
current_cpu=  1
allowed=1-2
current_cpu=  2
current_cpu=  1
current_cpu=  1
current_cpu=  2
current_cpu=  1
allowed=1-2
allowed=1-2
current_cpu=  2
allowed=1-2
allowed=1-2
current_cpu=  2
current_cpu=  1
allowed=1-2
allowed=1-2
current_cpu=  1
current_cpu=  1
current_cpu=  2
current_cpu=  2
allowed=1-2
allowed=1-2
current_cpu=  2
allowed=1-2
current_cpu=  2
current_cpu=  1
allowed=1-2
allowed=1-2
current_cpu=  1
allowed=1-2
current_cpu=  2
allowed=1-2
current_cpu=  2
current_cpu=  2
allowed=1-2
allowed=1-2
current_cpu=  1
host=frontier01910
allowed=1-2
host=frontier08253
current_cpu=  1
allowed=1-2
allowed=1-2
allowed=1-2
current_cpu=  1
allowed=1-2
current_cpu=  2
allowed=1-2
current_cpu=  1
allowed=1-2
current_cpu=  2
allowed=1-2
current_cpu=  1
allowed=1-2
current_cpu=  2
allowed=1-2
current_cpu=  2
current_cpu=  1
allowed=1-2
allowed=1-2
current_cpu=  1
allowed=1-2
current_cpu=  1
allowed=1-2
current_cpu=  2
allowed=1-2
current_cpu=  1
allowed=1-2
current_cpu=  1
allowed=1-2
current_cpu=  1
allowed=1-2
allowed=1-2
current_cpu=  2
allowed=1-2
host=frontier05558
current_cpu=  1
current_cpu=  2
allowed=1-2
allowed=1-2
current_cpu=  1
current_cpu=  2
current_cpu=  2
current_cpu=  1
current_cpu=  2
allowed=1-2
current_cpu=  2
allowed=1-2
current_cpu=  1
allowed=1-2
allowed=1-2
allowed=1-2
current_cpu=  1
current_cpu=  1
allowed=1-2
allowed=1-2
current_cpu=  1
current_cpu=  2
allowed=1-2
allowed=1-2
current_cpu=  1
current_cpu=  2
allowed=1-2
allowed=1-2
allowed=1-2
current_cpu=  1
current_cpu=  1
host=frontier01655
allowed=1-2
current_cpu=  1
allowed=1-2
current_cpu=  1
current_cpu=  1
current_cpu=  1
current_cpu=  2
current_cpu=  1
allowed=1-2
current_cpu=  1
current_cpu=  2
current_cpu=  1
current_cpu=  2
host=frontier06813
allowed=1-2
current_cpu=  1
current_cpu=  2
current_cpu=  2
host=frontier04826
current_cpu=  2
allowed=1-2
current_cpu=  1
current_cpu=  2
current_cpu=  1
current_cpu=  1
current_cpu=  2
current_cpu=  1
current_cpu=  1
current_cpu=  1
current_cpu=  1
current_cpu=  1
allowed=1-2
current_cpu=  2
current_cpu=  1
current_cpu=  1
current_cpu=  1
current_cpu=  2
current_cpu=  2
current_cpu=  1
current_cpu=  2
current_cpu=  1
current_cpu=  2
current_cpu=  1
current_cpu=  2
allowed=1-2
current_cpu=  2
allowed=1-2
current_cpu=  2
current_cpu=  1
current_cpu=  1
current_cpu=  1
current_cpu=  2
current_cpu=  2
current_cpu=  2
current_cpu=  2
current_cpu=  2
current_cpu=  1
current_cpu=  1
current_cpu=  2
current_cpu=  2
current_cpu=  1
current_cpu=  1
current_cpu=  1
current_cpu=  1
current_cpu=  2
current_cpu=  1
current_cpu=  2
current_cpu=  1
current_cpu=  2
current_cpu=  1
current_cpu=  1
current_cpu=  1
current_cpu=  1
allowed=1-2
allowed=1-2
current_cpu=  2
current_cpu=  2
current_cpu=  2
current_cpu=  1
current_cpu=  2
current_cpu=  1
current_cpu=  2
current_cpu=  1
current_cpu=  1
current_cpu=  1
current_cpu=  2
current_cpu=  1
current_cpu=  1
current_cpu=  1
current_cpu=  1
current_cpu=  1
current_cpu=  2
current_cpu=  2
current_cpu=  2
current_cpu=  1
current_cpu=  1
current_cpu=  2
current_cpu=  1
current_cpu=  2
current_cpu=  2
current_cpu=  2
current_cpu=  1
current_cpu=  2
current_cpu=  1
current_cpu=  1
current_cpu=  2
current_cpu=  1
current_cpu=  1
current_cpu=  1
current_cpu=  1
current_cpu=  1
current_cpu=  2
current_cpu=  2
current_cpu=  2
current_cpu=  2
current_cpu=  1
+ echo 'Launching Copper Gracefully On All Nodes : End'
Launching Copper Gracefully On All Nodes : End
+ conda activate /mnt/bb/wcastil/copper_mount/lustre/orion/stf243/world-shared/hagertnl/CUG26/benchmark_builds/python-pytorch/conda_env
+ local cmd=activate
+ case "$cmd" in
+ __conda_activate activate /mnt/bb/wcastil/copper_mount/lustre/orion/stf243/world-shared/hagertnl/CUG26/benchmark_builds/python-pytorch/conda_env
+ '[' -n '' ']'
+ local ask_conda
++ PS1='(base) '
++ __conda_exe shell.posix activate /mnt/bb/wcastil/copper_mount/lustre/orion/stf243/world-shared/hagertnl/CUG26/benchmark_builds/python-pytorch/conda_env
++ /autofs/nccs-svm1_sw/frontier/miniforge3/23.11.0-0/bin/conda shell.posix activate /mnt/bb/wcastil/copper_mount/lustre/orion/stf243/world-shared/hagertnl/CUG26/benchmark_builds/python-pytorch/conda_env
+ ask_conda='. "/autofs/nccs-svm1_sw/frontier/miniforge3/23.11.0-0/etc/conda/deactivate.d/libxml2_deactivate.sh"
. "/autofs/nccs-svm1_sw/frontier/miniforge3/23.11.0-0/etc/conda/deactivate.d/libglib_deactivate.sh"
PS1='\''(/mnt/bb/wcastil/copper_mount/lustre/orion/stf243/world-shared/hagertnl/CUG26/benchmark_builds/python-pytorch/conda_env) '\''
export PATH='\''/mnt/bb/wcastil/copper_mount/lustre/orion/stf243/world-shared/hagertnl/CUG26/benchmark_builds/python-pytorch/conda_env/bin:/sw/frontier/lfs-wrapper/0.0.1/bin/lfs:/sw/frontier/miniforge3/23.11.0-0/bin:/opt/cray/libfabric/1.22.0/bin:/opt/rocm-6.4.2/bin:/sw/frontier/spack-envs/cpe25.09-cpu/opt/llvm-amdgpu-6.4.2/darshan-runtime-3.4.7-tvdocpzv3jfj4y6ki5jvmmkics323gon/bin:/opt/cray/pe/mpich/9.0.1/ofi/amd/6.0/bin:/opt/cray/pe/mpich/9.0.1/bin:/opt/cray/pe/perftools/25.09.0/bin:/opt/cray/pe/papi/7.2.0.2/bin:/opt/cray/pe/craype/2.7.35/bin:/sw/frontier/ums/ums046/copper/build:/autofs/nccs-svm1_sw/frontier/miniforge3/23.11.0-0/condabin:/sw/sources/hpss/bin:/sw/frontier/spack-envs/core-25.03/opt/gcc-13.2/tmux-3.4-fcqqko3j4ga67yuc7zxaqcwsix5hns2v/bin:/opt/clmgr/sbin:/opt/clmgr/bin:/opt/sgi/sbin:/opt/sgi/bin:/sw/frontier/bin:/ccs/home/wcastil/.local/bin:/usr/local/bin:/usr/bin:/bin:/opt/bin:/opt/c3/bin:/usr/lib/mit/bin:/opt/puppetlabs/bin:/opt/cray/pe/bin'\''
export CONDA_PREFIX='\''/mnt/bb/wcastil/copper_mount/lustre/orion/stf243/world-shared/hagertnl/CUG26/benchmark_builds/python-pytorch/conda_env'\''
export CONDA_SHLVL='\''2'\''
export CONDA_DEFAULT_ENV='\''/mnt/bb/wcastil/copper_mount/lustre/orion/stf243/world-shared/hagertnl/CUG26/benchmark_builds/python-pytorch/conda_env'\''
export CONDA_PROMPT_MODIFIER='\''(/mnt/bb/wcastil/copper_mount/lustre/orion/stf243/world-shared/hagertnl/CUG26/benchmark_builds/python-pytorch/conda_env) '\''
export CONDA_PREFIX_1='\''/autofs/nccs-svm1_sw/frontier/miniforge3/23.11.0-0'\''
export CONDA_EXE='\''/autofs/nccs-svm1_sw/frontier/miniforge3/23.11.0-0/bin/conda'\''
export _CE_M='\'''\''
export _CE_CONDA='\'''\''
export CONDA_PYTHON_EXE='\''/autofs/nccs-svm1_sw/frontier/miniforge3/23.11.0-0/bin/python'\'''
+ eval '. "/autofs/nccs-svm1_sw/frontier/miniforge3/23.11.0-0/etc/conda/deactivate.d/libxml2_deactivate.sh"
. "/autofs/nccs-svm1_sw/frontier/miniforge3/23.11.0-0/etc/conda/deactivate.d/libglib_deactivate.sh"
PS1='\''(/mnt/bb/wcastil/copper_mount/lustre/orion/stf243/world-shared/hagertnl/CUG26/benchmark_builds/python-pytorch/conda_env) '\''
export PATH='\''/mnt/bb/wcastil/copper_mount/lustre/orion/stf243/world-shared/hagertnl/CUG26/benchmark_builds/python-pytorch/conda_env/bin:/sw/frontier/lfs-wrapper/0.0.1/bin/lfs:/sw/frontier/miniforge3/23.11.0-0/bin:/opt/cray/libfabric/1.22.0/bin:/opt/rocm-6.4.2/bin:/sw/frontier/spack-envs/cpe25.09-cpu/opt/llvm-amdgpu-6.4.2/darshan-runtime-3.4.7-tvdocpzv3jfj4y6ki5jvmmkics323gon/bin:/opt/cray/pe/mpich/9.0.1/ofi/amd/6.0/bin:/opt/cray/pe/mpich/9.0.1/bin:/opt/cray/pe/perftools/25.09.0/bin:/opt/cray/pe/papi/7.2.0.2/bin:/opt/cray/pe/craype/2.7.35/bin:/sw/frontier/ums/ums046/copper/build:/autofs/nccs-svm1_sw/frontier/miniforge3/23.11.0-0/condabin:/sw/sources/hpss/bin:/sw/frontier/spack-envs/core-25.03/opt/gcc-13.2/tmux-3.4-fcqqko3j4ga67yuc7zxaqcwsix5hns2v/bin:/opt/clmgr/sbin:/opt/clmgr/bin:/opt/sgi/sbin:/opt/sgi/bin:/sw/frontier/bin:/ccs/home/wcastil/.local/bin:/usr/local/bin:/usr/bin:/bin:/opt/bin:/opt/c3/bin:/usr/lib/mit/bin:/opt/puppetlabs/bin:/opt/cray/pe/bin'\''
export CONDA_PREFIX='\''/mnt/bb/wcastil/copper_mount/lustre/orion/stf243/world-shared/hagertnl/CUG26/benchmark_builds/python-pytorch/conda_env'\''
export CONDA_SHLVL='\''2'\''
export CONDA_DEFAULT_ENV='\''/mnt/bb/wcastil/copper_mount/lustre/orion/stf243/world-shared/hagertnl/CUG26/benchmark_builds/python-pytorch/conda_env'\''
export CONDA_PROMPT_MODIFIER='\''(/mnt/bb/wcastil/copper_mount/lustre/orion/stf243/world-shared/hagertnl/CUG26/benchmark_builds/python-pytorch/conda_env) '\''
export CONDA_PREFIX_1='\''/autofs/nccs-svm1_sw/frontier/miniforge3/23.11.0-0'\''
export CONDA_EXE='\''/autofs/nccs-svm1_sw/frontier/miniforge3/23.11.0-0/bin/conda'\''
export _CE_M='\'''\''
export _CE_CONDA='\'''\''
export CONDA_PYTHON_EXE='\''/autofs/nccs-svm1_sw/frontier/miniforge3/23.11.0-0/bin/python'\'''
++ . /autofs/nccs-svm1_sw/frontier/miniforge3/23.11.0-0/etc/conda/deactivate.d/libxml2_deactivate.sh
+++ test -n ''
+++ unset XML_CATALOG_FILES
+++ unset xml_catalog_files_libxml2
++ . /autofs/nccs-svm1_sw/frontier/miniforge3/23.11.0-0/etc/conda/deactivate.d/libglib_deactivate.sh
+++ export GSETTINGS_SCHEMA_DIR=
+++ GSETTINGS_SCHEMA_DIR=
+++ unset GSETTINGS_SCHEMA_DIR_CONDA_BACKUP
+++ '[' -z ']'
+++ unset GSETTINGS_SCHEMA_DIR
++ PS1='(/mnt/bb/wcastil/copper_mount/lustre/orion/stf243/world-shared/hagertnl/CUG26/benchmark_builds/python-pytorch/conda_env) '
++ export PATH=/mnt/bb/wcastil/copper_mount/lustre/orion/stf243/world-shared/hagertnl/CUG26/benchmark_builds/python-pytorch/conda_env/bin:/sw/frontier/lfs-wrapper/0.0.1/bin/lfs:/sw/frontier/miniforge3/23.11.0-0/bin:/opt/cray/libfabric/1.22.0/bin:/opt/rocm-6.4.2/bin:/sw/frontier/spack-envs/cpe25.09-cpu/opt/llvm-amdgpu-6.4.2/darshan-runtime-3.4.7-tvdocpzv3jfj4y6ki5jvmmkics323gon/bin:/opt/cray/pe/mpich/9.0.1/ofi/amd/6.0/bin:/opt/cray/pe/mpich/9.0.1/bin:/opt/cray/pe/perftools/25.09.0/bin:/opt/cray/pe/papi/7.2.0.2/bin:/opt/cray/pe/craype/2.7.35/bin:/sw/frontier/ums/ums046/copper/build:/autofs/nccs-svm1_sw/frontier/miniforge3/23.11.0-0/condabin:/sw/sources/hpss/bin:/sw/frontier/spack-envs/core-25.03/opt/gcc-13.2/tmux-3.4-fcqqko3j4ga67yuc7zxaqcwsix5hns2v/bin:/opt/clmgr/sbin:/opt/clmgr/bin:/opt/sgi/sbin:/opt/sgi/bin:/sw/frontier/bin:/ccs/home/wcastil/.local/bin:/usr/local/bin:/usr/bin:/bin:/opt/bin:/opt/c3/bin:/usr/lib/mit/bin:/opt/puppetlabs/bin:/opt/cray/pe/bin
++ PATH=/mnt/bb/wcastil/copper_mount/lustre/orion/stf243/world-shared/hagertnl/CUG26/benchmark_builds/python-pytorch/conda_env/bin:/sw/frontier/lfs-wrapper/0.0.1/bin/lfs:/sw/frontier/miniforge3/23.11.0-0/bin:/opt/cray/libfabric/1.22.0/bin:/opt/rocm-6.4.2/bin:/sw/frontier/spack-envs/cpe25.09-cpu/opt/llvm-amdgpu-6.4.2/darshan-runtime-3.4.7-tvdocpzv3jfj4y6ki5jvmmkics323gon/bin:/opt/cray/pe/mpich/9.0.1/ofi/amd/6.0/bin:/opt/cray/pe/mpich/9.0.1/bin:/opt/cray/pe/perftools/25.09.0/bin:/opt/cray/pe/papi/7.2.0.2/bin:/opt/cray/pe/craype/2.7.35/bin:/sw/frontier/ums/ums046/copper/build:/autofs/nccs-svm1_sw/frontier/miniforge3/23.11.0-0/condabin:/sw/sources/hpss/bin:/sw/frontier/spack-envs/core-25.03/opt/gcc-13.2/tmux-3.4-fcqqko3j4ga67yuc7zxaqcwsix5hns2v/bin:/opt/clmgr/sbin:/opt/clmgr/bin:/opt/sgi/sbin:/opt/sgi/bin:/sw/frontier/bin:/ccs/home/wcastil/.local/bin:/usr/local/bin:/usr/bin:/bin:/opt/bin:/opt/c3/bin:/usr/lib/mit/bin:/opt/puppetlabs/bin:/opt/cray/pe/bin
++ export CONDA_PREFIX=/mnt/bb/wcastil/copper_mount/lustre/orion/stf243/world-shared/hagertnl/CUG26/benchmark_builds/python-pytorch/conda_env
++ CONDA_PREFIX=/mnt/bb/wcastil/copper_mount/lustre/orion/stf243/world-shared/hagertnl/CUG26/benchmark_builds/python-pytorch/conda_env
++ export CONDA_SHLVL=2
++ CONDA_SHLVL=2
++ export CONDA_DEFAULT_ENV=/mnt/bb/wcastil/copper_mount/lustre/orion/stf243/world-shared/hagertnl/CUG26/benchmark_builds/python-pytorch/conda_env
++ CONDA_DEFAULT_ENV=/mnt/bb/wcastil/copper_mount/lustre/orion/stf243/world-shared/hagertnl/CUG26/benchmark_builds/python-pytorch/conda_env
++ export 'CONDA_PROMPT_MODIFIER=(/mnt/bb/wcastil/copper_mount/lustre/orion/stf243/world-shared/hagertnl/CUG26/benchmark_builds/python-pytorch/conda_env) '
++ CONDA_PROMPT_MODIFIER='(/mnt/bb/wcastil/copper_mount/lustre/orion/stf243/world-shared/hagertnl/CUG26/benchmark_builds/python-pytorch/conda_env) '
++ export CONDA_PREFIX_1=/autofs/nccs-svm1_sw/frontier/miniforge3/23.11.0-0
++ CONDA_PREFIX_1=/autofs/nccs-svm1_sw/frontier/miniforge3/23.11.0-0
++ export CONDA_EXE=/autofs/nccs-svm1_sw/frontier/miniforge3/23.11.0-0/bin/conda
++ CONDA_EXE=/autofs/nccs-svm1_sw/frontier/miniforge3/23.11.0-0/bin/conda
++ export _CE_M=
++ _CE_M=
++ export _CE_CONDA=
++ _CE_CONDA=
++ export CONDA_PYTHON_EXE=/autofs/nccs-svm1_sw/frontier/miniforge3/23.11.0-0/bin/python
++ CONDA_PYTHON_EXE=/autofs/nccs-svm1_sw/frontier/miniforge3/23.11.0-0/bin/python
+ __conda_hashr
+ '[' -n '' ']'
+ '[' -n '' ']'
+ hash -r
+ /usr/bin/time srun --overlap -N 1024 -n 8192 --ntasks-per-node=8 -c 5 python3 -c 'import torch'
0.87user 1.67system 2:55.61elapsed 1%CPU (0avgtext+0avgdata 23552maxresident)k
24inputs+0outputs (0major+6287minor)pagefaults 0swaps
+ sleep 2s
+ /usr/bin/time srun --overlap -N 1024 -n 8192 --ntasks-per-node=8 -c 5 python3 -c 'import torch'
0.60user 1.42system 0:40.07elapsed 5%CPU (0avgtext+0avgdata 22528maxresident)k
24inputs+0outputs (0major+6288minor)pagefaults 0swaps
+ sleep 2s
+ /usr/bin/time srun --overlap -N 1024 -n 8192 --ntasks-per-node=8 -c 5 python3 -c 'import torch'
0.47user 1.15system 0:39.22elapsed 4%CPU (0avgtext+0avgdata 20480maxresident)k
0inputs+0outputs (0major+6287minor)pagefaults 0swaps
+ sleep 2s
+ /usr/bin/time srun --overlap -N 1024 -n 8192 --ntasks-per-node=8 -c 5 python3 -c 'import torch'
0.49user 1.19system 0:38.52elapsed 4%CPU (0avgtext+0avgdata 21504maxresident)k
0inputs+0outputs (0major+6288minor)pagefaults 0swaps
+ sleep 2s
+ /usr/bin/time srun --overlap -N 1024 -n 8192 --ntasks-per-node=8 -c 5 python3 -c 'import torch'
0.46user 1.11system 0:37.04elapsed 4%CPU (0avgtext+0avgdata 21504maxresident)k
0inputs+0outputs (0major+6288minor)pagefaults 0swaps
+ sleep 2s
+ conda deactivate
+ local cmd=deactivate
+ case "$cmd" in
+ __conda_activate deactivate
+ '[' -n '' ']'
+ local ask_conda
++ PS1='(/mnt/bb/wcastil/copper_mount/lustre/orion/stf243/world-shared/hagertnl/CUG26/benchmark_builds/python-pytorch/conda_env) '
++ __conda_exe shell.posix deactivate
++ /autofs/nccs-svm1_sw/frontier/miniforge3/23.11.0-0/bin/conda shell.posix deactivate
+ ask_conda='export PATH='\''/autofs/nccs-svm1_sw/frontier/miniforge3/23.11.0-0/bin:/sw/frontier/lfs-wrapper/0.0.1/bin/lfs:/sw/frontier/miniforge3/23.11.0-0/bin:/opt/cray/libfabric/1.22.0/bin:/opt/rocm-6.4.2/bin:/sw/frontier/spack-envs/cpe25.09-cpu/opt/llvm-amdgpu-6.4.2/darshan-runtime-3.4.7-tvdocpzv3jfj4y6ki5jvmmkics323gon/bin:/opt/cray/pe/mpich/9.0.1/ofi/amd/6.0/bin:/opt/cray/pe/mpich/9.0.1/bin:/opt/cray/pe/perftools/25.09.0/bin:/opt/cray/pe/papi/7.2.0.2/bin:/opt/cray/pe/craype/2.7.35/bin:/sw/frontier/ums/ums046/copper/build:/autofs/nccs-svm1_sw/frontier/miniforge3/23.11.0-0/condabin:/sw/sources/hpss/bin:/sw/frontier/spack-envs/core-25.03/opt/gcc-13.2/tmux-3.4-fcqqko3j4ga67yuc7zxaqcwsix5hns2v/bin:/opt/clmgr/sbin:/opt/clmgr/bin:/opt/sgi/sbin:/opt/sgi/bin:/sw/frontier/bin:/ccs/home/wcastil/.local/bin:/usr/local/bin:/usr/bin:/bin:/opt/bin:/opt/c3/bin:/usr/lib/mit/bin:/opt/puppetlabs/bin:/opt/cray/pe/bin'\''
unset CONDA_PREFIX_1
PS1='\''(base) '\''
export CONDA_PREFIX='\''/autofs/nccs-svm1_sw/frontier/miniforge3/23.11.0-0'\''
export CONDA_SHLVL='\''1'\''
export CONDA_DEFAULT_ENV='\''base'\''
export CONDA_PROMPT_MODIFIER='\''(base) '\''
export CONDA_EXE='\''/autofs/nccs-svm1_sw/frontier/miniforge3/23.11.0-0/bin/conda'\''
export _CE_M='\'''\''
export _CE_CONDA='\'''\''
export CONDA_PYTHON_EXE='\''/autofs/nccs-svm1_sw/frontier/miniforge3/23.11.0-0/bin/python'\''
. "/autofs/nccs-svm1_sw/frontier/miniforge3/23.11.0-0/etc/conda/activate.d/libglib_activate.sh"
. "/autofs/nccs-svm1_sw/frontier/miniforge3/23.11.0-0/etc/conda/activate.d/libxml2_activate.sh"'
+ eval 'export PATH='\''/autofs/nccs-svm1_sw/frontier/miniforge3/23.11.0-0/bin:/sw/frontier/lfs-wrapper/0.0.1/bin/lfs:/sw/frontier/miniforge3/23.11.0-0/bin:/opt/cray/libfabric/1.22.0/bin:/opt/rocm-6.4.2/bin:/sw/frontier/spack-envs/cpe25.09-cpu/opt/llvm-amdgpu-6.4.2/darshan-runtime-3.4.7-tvdocpzv3jfj4y6ki5jvmmkics323gon/bin:/opt/cray/pe/mpich/9.0.1/ofi/amd/6.0/bin:/opt/cray/pe/mpich/9.0.1/bin:/opt/cray/pe/perftools/25.09.0/bin:/opt/cray/pe/papi/7.2.0.2/bin:/opt/cray/pe/craype/2.7.35/bin:/sw/frontier/ums/ums046/copper/build:/autofs/nccs-svm1_sw/frontier/miniforge3/23.11.0-0/condabin:/sw/sources/hpss/bin:/sw/frontier/spack-envs/core-25.03/opt/gcc-13.2/tmux-3.4-fcqqko3j4ga67yuc7zxaqcwsix5hns2v/bin:/opt/clmgr/sbin:/opt/clmgr/bin:/opt/sgi/sbin:/opt/sgi/bin:/sw/frontier/bin:/ccs/home/wcastil/.local/bin:/usr/local/bin:/usr/bin:/bin:/opt/bin:/opt/c3/bin:/usr/lib/mit/bin:/opt/puppetlabs/bin:/opt/cray/pe/bin'\''
unset CONDA_PREFIX_1
PS1='\''(base) '\''
export CONDA_PREFIX='\''/autofs/nccs-svm1_sw/frontier/miniforge3/23.11.0-0'\''
export CONDA_SHLVL='\''1'\''
export CONDA_DEFAULT_ENV='\''base'\''
export CONDA_PROMPT_MODIFIER='\''(base) '\''
export CONDA_EXE='\''/autofs/nccs-svm1_sw/frontier/miniforge3/23.11.0-0/bin/conda'\''
export _CE_M='\'''\''
export _CE_CONDA='\'''\''
export CONDA_PYTHON_EXE='\''/autofs/nccs-svm1_sw/frontier/miniforge3/23.11.0-0/bin/python'\''
. "/autofs/nccs-svm1_sw/frontier/miniforge3/23.11.0-0/etc/conda/activate.d/libglib_activate.sh"
. "/autofs/nccs-svm1_sw/frontier/miniforge3/23.11.0-0/etc/conda/activate.d/libxml2_activate.sh"'
++ export PATH=/autofs/nccs-svm1_sw/frontier/miniforge3/23.11.0-0/bin:/sw/frontier/lfs-wrapper/0.0.1/bin/lfs:/sw/frontier/miniforge3/23.11.0-0/bin:/opt/cray/libfabric/1.22.0/bin:/opt/rocm-6.4.2/bin:/sw/frontier/spack-envs/cpe25.09-cpu/opt/llvm-amdgpu-6.4.2/darshan-runtime-3.4.7-tvdocpzv3jfj4y6ki5jvmmkics323gon/bin:/opt/cray/pe/mpich/9.0.1/ofi/amd/6.0/bin:/opt/cray/pe/mpich/9.0.1/bin:/opt/cray/pe/perftools/25.09.0/bin:/opt/cray/pe/papi/7.2.0.2/bin:/opt/cray/pe/craype/2.7.35/bin:/sw/frontier/ums/ums046/copper/build:/autofs/nccs-svm1_sw/frontier/miniforge3/23.11.0-0/condabin:/sw/sources/hpss/bin:/sw/frontier/spack-envs/core-25.03/opt/gcc-13.2/tmux-3.4-fcqqko3j4ga67yuc7zxaqcwsix5hns2v/bin:/opt/clmgr/sbin:/opt/clmgr/bin:/opt/sgi/sbin:/opt/sgi/bin:/sw/frontier/bin:/ccs/home/wcastil/.local/bin:/usr/local/bin:/usr/bin:/bin:/opt/bin:/opt/c3/bin:/usr/lib/mit/bin:/opt/puppetlabs/bin:/opt/cray/pe/bin
++ PATH=/autofs/nccs-svm1_sw/frontier/miniforge3/23.11.0-0/bin:/sw/frontier/lfs-wrapper/0.0.1/bin/lfs:/sw/frontier/miniforge3/23.11.0-0/bin:/opt/cray/libfabric/1.22.0/bin:/opt/rocm-6.4.2/bin:/sw/frontier/spack-envs/cpe25.09-cpu/opt/llvm-amdgpu-6.4.2/darshan-runtime-3.4.7-tvdocpzv3jfj4y6ki5jvmmkics323gon/bin:/opt/cray/pe/mpich/9.0.1/ofi/amd/6.0/bin:/opt/cray/pe/mpich/9.0.1/bin:/opt/cray/pe/perftools/25.09.0/bin:/opt/cray/pe/papi/7.2.0.2/bin:/opt/cray/pe/craype/2.7.35/bin:/sw/frontier/ums/ums046/copper/build:/autofs/nccs-svm1_sw/frontier/miniforge3/23.11.0-0/condabin:/sw/sources/hpss/bin:/sw/frontier/spack-envs/core-25.03/opt/gcc-13.2/tmux-3.4-fcqqko3j4ga67yuc7zxaqcwsix5hns2v/bin:/opt/clmgr/sbin:/opt/clmgr/bin:/opt/sgi/sbin:/opt/sgi/bin:/sw/frontier/bin:/ccs/home/wcastil/.local/bin:/usr/local/bin:/usr/bin:/bin:/opt/bin:/opt/c3/bin:/usr/lib/mit/bin:/opt/puppetlabs/bin:/opt/cray/pe/bin
++ unset CONDA_PREFIX_1
++ PS1='(base) '
++ export CONDA_PREFIX=/autofs/nccs-svm1_sw/frontier/miniforge3/23.11.0-0
++ CONDA_PREFIX=/autofs/nccs-svm1_sw/frontier/miniforge3/23.11.0-0
++ export CONDA_SHLVL=1
++ CONDA_SHLVL=1
++ export CONDA_DEFAULT_ENV=base
++ CONDA_DEFAULT_ENV=base
++ export 'CONDA_PROMPT_MODIFIER=(base) '
++ CONDA_PROMPT_MODIFIER='(base) '
++ export CONDA_EXE=/autofs/nccs-svm1_sw/frontier/miniforge3/23.11.0-0/bin/conda
++ CONDA_EXE=/autofs/nccs-svm1_sw/frontier/miniforge3/23.11.0-0/bin/conda
++ export _CE_M=
++ _CE_M=
++ export _CE_CONDA=
++ _CE_CONDA=
++ export CONDA_PYTHON_EXE=/autofs/nccs-svm1_sw/frontier/miniforge3/23.11.0-0/bin/python
++ CONDA_PYTHON_EXE=/autofs/nccs-svm1_sw/frontier/miniforge3/23.11.0-0/bin/python
++ . /autofs/nccs-svm1_sw/frontier/miniforge3/23.11.0-0/etc/conda/activate.d/libglib_activate.sh
+++ export GSETTINGS_SCHEMA_DIR_CONDA_BACKUP=
+++ GSETTINGS_SCHEMA_DIR_CONDA_BACKUP=
+++ export GSETTINGS_SCHEMA_DIR=/autofs/nccs-svm1_sw/frontier/miniforge3/23.11.0-0/share/glib-2.0/schemas
+++ GSETTINGS_SCHEMA_DIR=/autofs/nccs-svm1_sw/frontier/miniforge3/23.11.0-0/share/glib-2.0/schemas
++ . /autofs/nccs-svm1_sw/frontier/miniforge3/23.11.0-0/etc/conda/activate.d/libxml2_activate.sh
+++ test -n ''
+++ xml_catalog_files_libxml2=
+++ XML_CATALOG_FILES=
+++ conda_catalog_files=
+++ ifs_libxml2=' 	
'
+++ IFS=' '
+++ rem=/autofs/nccs-svm1_sw/frontier/miniforge3/23.11.0-0
+++ for pre in ${rem}
+++ test '' = /autofs/nccs-svm1_sw/frontier/miniforge3/23.11.0-0
+++ conda_catalog_files=/autofs/nccs-svm1_sw/frontier/miniforge3/23.11.0-0
+++ rem=
+++ IFS=' 	
'
+++ conda_catalog_files='file:///autofs/nccs-svm1_sw/frontier/miniforge3/23.11.0-0/etc/xml/catalog file:///etc/xml/catalog'
+++ export 'XML_CATALOG_FILES=file:///autofs/nccs-svm1_sw/frontier/miniforge3/23.11.0-0/etc/xml/catalog file:///etc/xml/catalog'
+++ XML_CATALOG_FILES='file:///autofs/nccs-svm1_sw/frontier/miniforge3/23.11.0-0/etc/xml/catalog file:///etc/xml/catalog'
+++ unset conda_catalog_files ifs_libxml2 rem
+ __conda_hashr
+ '[' -n '' ']'
+ '[' -n '' ']'
+ hash -r
+ stop_copper.sh -d /lustre/orion/stf243/world-shared/wcastil/Experiments/CUG26/copper_run/logs -v /mnt/bb/wcastil/copper_mount
/var/spool/slurmd/job4342213/slurm_script: line 40: stop_copper.sh: command not found
