slurmstepd: error: *** JOB 4342201 ON frontier00001 CANCELLED AT 2026-04-06T20:11:44 DUE TO JOB REQUEUE ***
+ '[' -z '' ']'
+ case "$-" in
+ __lmod_vx=x
+ '[' -n x ']'
+ set +x
Shell debugging temporarily silenced: export LMOD_SH_DBG_ON=1 for this output (/opt/cray/pe/lmod/lmod/init/bash)
Shell debugging restarted
+ unset __lmod_vx
+ cd /lustre/orion/stf243/world-shared/wcastil/Experiments/CUG26/copper_run/python-pytorch
+ module load ums ums046 copper
+ '[' -z '' ']'
+ case "$-" in
+ __lmod_sh_dbg=x
+ '[' -n x ']'
+ set +x
Shell debugging temporarily silenced: export LMOD_SH_DBG_ON=1 for Lmod's output
Copper loaded: use 'launch_copper_frontier' and 'stop_copper_frontier'.
COPPER_ROOT: /sw/frontier/ums/ums046/copper
launch_copper_frontier points to:
/sw/frontier/ums/ums046/copper/build/launch_copper_frontier.sh 
Copper loaded: use 'launch_copper_frontier' and 'stop_copper_frontier'.
COPPER_ROOT: /sw/frontier/ums/ums046/copper
launch_copper_frontier points to:
/sw/frontier/ums/ums046/copper/build/launch_copper_frontier.sh 
Copper loaded: use 'launch_copper_frontier' and 'stop_copper_frontier'.
COPPER_ROOT: /sw/frontier/ums/ums046/copper
launch_copper_frontier points to:
/sw/frontier/ums/ums046/copper/build/launch_copper_frontier.sh 
Shell debugging restarted
+ unset __lmod_sh_dbg
+ return 0
+ module list
+ '[' -z '' ']'
+ case "$-" in
+ __lmod_sh_dbg=x
+ '[' -n x ']'
+ set +x
Shell debugging temporarily silenced: export LMOD_SH_DBG_ON=1 for Lmod's output

Currently Loaded Modules:
  1) craype-x86-trento               14) cpe/25.09
  2) craype-network-ofi              15) amd/6.4.2
  3) xpmem/2.11.3-1.3_gdbda01a1eb3d  16) cray-libsci/25.09.0
  4) Core/25.03                      17) cray-mpich/9.0.1
  5) tmux/3.4                        18) darshan-runtime/3.4.7-mpi (E4S)
  6) hsi/default                     19) rocm/6.4.2
  7) lfs-wrapper/0.0.1               20) libfabric/1.22.0
  8) DefApps                         21) craype-accel-amd-gfx90a
  9) PrgEnv-amd/8.6.0                22) miniforge3/23.11.0-0
 10) cray-dsmml/0.3.1                23) ums/default
 11) cray-pmi/6.1.16                 24) ums046/default
 12) craype/2.7.35                   25) copper/0.1
 13) perftools-base/25.09.0

  Where:
   E4S:  E4S: Extreme-scale Scientific Software Stack (E4S) https://e4s.io/index.html

 

Shell debugging restarted
+ unset __lmod_sh_dbg
+ return 0
+ echo 4342201
4342201
+ echo 1024
1024
+ echo copper_spindle
copper_spindle
+ echo 'frontier[00097-00110,00163-00164,00166,00171-00172,00175-00176,00179-00181,00184-00186,00190,00289,00291,00295,00297,00301-00302,00304-00305,00307,00311-00312,00318,00322-00323,00427-00428,00430-00431,00433,00436-00437,00439,00442,00444,00448-00449,00452-00453,00533-00539,00541-00543,00547-00550,00666-00668,00673-00674,00676-00681,00685-00686,00688,00791,00793-00795,00800-00807,00810-00811,00915-00917,00919-00920,00926-00927,00929,00932-00933,00935,00938,00940-00941,01053,01055,01059,01061-01062,01064-01069,01072-01074,01173-01174,01177-01183,01185,01187,01189-01190,01192,01306-01309,01311,01314-01316,01318,01320-01321,01325-01327,01431-01433,01435,01437,01440,01444-01447,01451-01454,01562-01563,01565,01569-01571,01577-01578,01580-01582,01587,01591-01592,01696-01697,01703,01705-01708,01710,01712-01713,01717-01718,01720,01724,01829,01831,01833,01836,01839-01840,01843-01846,01853-01855,01857,01945-01946,01948-01950,01954-01955,01958-01960,01962,01964,01967,01969,02075-02077,02081,02084-02088,02091,02093,02095-02096,02098,02207-02212,02214,02217,02221-02224,02228-02229,02335-02340,02342,02347-02348,02355,02357-02358,02361-02362,02462-02464,02466,02468-02469,02471,02473-02474,02476,02481,02485,02487,02494,02600,02607,02609-02611,02614-02615,02620-02621,02628,02630-02631,02633,02635,02725,02733,02735-02737,02741,02746-02747,02753-02754,02757,02762-02763,02767,02862,02867,02872,02880,02882-02884,02888,02893-02895,02901,02903,02905,03014,03019,03025,03031-03032,03035,03039-03046,03139-03140,03157-03158,03161,03165-03173,03271-03272,03279,03287,03291-03300,03405,03418-03430,03543-03555,03558,03671-03677,03680-03686,03799-03801,03805-03815,03927-03929,03933-03943,04056-04058,04061-04071,04185-04195,04197-04199,04311,04314-04326,04439-04452,04570-04583,04695-04708,04823-04825,04828-04838,04951-04952,04956-04967,05083-05086,05088-05097,05207-05208,05211-05222,05335-05337,05339,05341-05350,05463-05464,05468-05479,05591-05593,05595,05597-05606,05719,05722-05734,05848-05849,05852-05863,05976-05978,05980-05981,05983-05991,06102,06106-06118,06230-06232,06236-06246,06357-06361,06366-06373,06485-06486,06490-06500,06613-06614,06618-06628,06744,06748-06758,06761,06872-06873,06877-06887,07004-07016,07128,07132-07143,07260,07264-07275,07389-07401,07520-07532,07647-07659,07774-07786,07847,07849-07852,07855-07859,07861-07863,07956-07957,07962-07964,07966-07972,07974,08093-08097,08100-08102,08107-08109,08113-08114,08218-08222,08227-08228,08233,08235,08237,08239-08241,08338-08340,08345,08347-08349,08351-08352,08354-08356,08359,08474-08482,08485,08487-08488,08491,08602-08608,08611-08615,08618,08731-08732,08737,08739-08740,08743-08744,08746-08747,08749,08751-08753,08865-08866,08870,08873-08879,08881,08884-08885,08998-08999,09004-09006,09010,09012-09013,09016-09018,09021-09022,09179-09181,09185-09194,09253-09255,09257-09259,09262,09264,09268-09269,09271-09272,09274,09388,09390,09394-09395,09397-09398,09400-09404,09415,09432,10151,10153-10154,10156,10158,10160-10162,10165,10167-10168,10171-10172]'
frontier[00097-00110,00163-00164,00166,00171-00172,00175-00176,00179-00181,00184-00186,00190,00289,00291,00295,00297,00301-00302,00304-00305,00307,00311-00312,00318,00322-00323,00427-00428,00430-00431,00433,00436-00437,00439,00442,00444,00448-00449,00452-00453,00533-00539,00541-00543,00547-00550,00666-00668,00673-00674,00676-00681,00685-00686,00688,00791,00793-00795,00800-00807,00810-00811,00915-00917,00919-00920,00926-00927,00929,00932-00933,00935,00938,00940-00941,01053,01055,01059,01061-01062,01064-01069,01072-01074,01173-01174,01177-01183,01185,01187,01189-01190,01192,01306-01309,01311,01314-01316,01318,01320-01321,01325-01327,01431-01433,01435,01437,01440,01444-01447,01451-01454,01562-01563,01565,01569-01571,01577-01578,01580-01582,01587,01591-01592,01696-01697,01703,01705-01708,01710,01712-01713,01717-01718,01720,01724,01829,01831,01833,01836,01839-01840,01843-01846,01853-01855,01857,01945-01946,01948-01950,01954-01955,01958-01960,01962,01964,01967,01969,02075-02077,02081,02084-02088,02091,02093,02095-02096,02098,02207-02212,02214,02217,02221-02224,02228-02229,02335-02340,02342,02347-02348,02355,02357-02358,02361-02362,02462-02464,02466,02468-02469,02471,02473-02474,02476,02481,02485,02487,02494,02600,02607,02609-02611,02614-02615,02620-02621,02628,02630-02631,02633,02635,02725,02733,02735-02737,02741,02746-02747,02753-02754,02757,02762-02763,02767,02862,02867,02872,02880,02882-02884,02888,02893-02895,02901,02903,02905,03014,03019,03025,03031-03032,03035,03039-03046,03139-03140,03157-03158,03161,03165-03173,03271-03272,03279,03287,03291-03300,03405,03418-03430,03543-03555,03558,03671-03677,03680-03686,03799-03801,03805-03815,03927-03929,03933-03943,04056-04058,04061-04071,04185-04195,04197-04199,04311,04314-04326,04439-04452,04570-04583,04695-04708,04823-04825,04828-04838,04951-04952,04956-04967,05083-05086,05088-05097,05207-05208,05211-05222,05335-05337,05339,05341-05350,05463-05464,05468-05479,05591-05593,05595,05597-05606,05719,05722-05734,05848-05849,05852-05863,05976-05978,05980-05981,05983-05991,06102,06106-06118,06230-06232,06236-06246,06357-06361,06366-06373,06485-06486,06490-06500,06613-06614,06618-06628,06744,06748-06758,06761,06872-06873,06877-06887,07004-07016,07128,07132-07143,07260,07264-07275,07389-07401,07520-07532,07647-07659,07774-07786,07847,07849-07852,07855-07859,07861-07863,07956-07957,07962-07964,07966-07972,07974,08093-08097,08100-08102,08107-08109,08113-08114,08218-08222,08227-08228,08233,08235,08237,08239-08241,08338-08340,08345,08347-08349,08351-08352,08354-08356,08359,08474-08482,08485,08487-08488,08491,08602-08608,08611-08615,08618,08731-08732,08737,08739-08740,08743-08744,08746-08747,08749,08751-08753,08865-08866,08870,08873-08879,08881,08884-08885,08998-08999,09004-09006,09010,09012-09013,09016-09018,09021-09022,09179-09181,09185-09194,09253-09255,09257-09259,09262,09264,09268-09269,09271-09272,09274,09388,09390,09394-09395,09397-09398,09400-09404,09415,09432,10151,10153-10154,10156,10158,10160-10162,10165,10167-10168,10171-10172]
+ LOGDIR=/lustre/orion/stf243/world-shared/wcastil/Experiments/CUG26/copper_run/logs
+ cd /lustre/orion/stf243/world-shared/wcastil/Experiments/CUG26/copper_run/logs
+ PACKAGE_ENV_LOCATION=/lustre/orion/stf243/world-shared/hagertnl/CUG26/benchmark_builds
+ source /lustre/orion/stf243/world-shared/hagertnl/CUG26/benchmark_builds/common_modules.sh
++ module load PrgEnv-amd
++ '[' -z '' ']'
++ case "$-" in
++ __lmod_sh_dbg=x
++ '[' -n x ']'
++ set +x
Shell debugging temporarily silenced: export LMOD_SH_DBG_ON=1 for Lmod's output
Shell debugging restarted
++ unset __lmod_sh_dbg
++ return 0
++ module load cpe/25.09
++ '[' -z '' ']'
++ case "$-" in
++ __lmod_sh_dbg=x
++ '[' -n x ']'
++ set +x
Shell debugging temporarily silenced: export LMOD_SH_DBG_ON=1 for Lmod's output
Unloading the cpe module is insufficient to restore the system defaults.
Please run 'source
/opt/cray/pe/cpe/25.09/restore_lmod_system_defaults.[csh|sh]'. 
 
Sourcing the above script is not necessary if swapping the cpe module with a
different version. 
Shell debugging restarted
++ unset __lmod_sh_dbg
++ return 0
++ module load amd/6.4.2
++ '[' -z '' ']'
++ case "$-" in
++ __lmod_sh_dbg=x
++ '[' -n x ']'
++ set +x
Shell debugging temporarily silenced: export LMOD_SH_DBG_ON=1 for Lmod's output
Shell debugging restarted
++ unset __lmod_sh_dbg
++ return 0
++ module load rocm/6.4.2
++ '[' -z '' ']'
++ case "$-" in
++ __lmod_sh_dbg=x
++ '[' -n x ']'
++ set +x
Shell debugging temporarily silenced: export LMOD_SH_DBG_ON=1 for Lmod's output
Shell debugging restarted
++ unset __lmod_sh_dbg
++ return 0
++ module load libfabric/1.22.0
++ '[' -z '' ']'
++ case "$-" in
++ __lmod_sh_dbg=x
++ '[' -n x ']'
++ set +x
Shell debugging temporarily silenced: export LMOD_SH_DBG_ON=1 for Lmod's output
Shell debugging restarted
++ unset __lmod_sh_dbg
++ return 0
++ module load craype-accel-amd-gfx90a
++ '[' -z '' ']'
++ case "$-" in
++ __lmod_sh_dbg=x
++ '[' -n x ']'
++ set +x
Shell debugging temporarily silenced: export LMOD_SH_DBG_ON=1 for Lmod's output
Shell debugging restarted
++ unset __lmod_sh_dbg
++ return 0
++ module load miniforge3/23.11.0-0
++ '[' -z '' ']'
++ case "$-" in
++ __lmod_sh_dbg=x
++ '[' -n x ']'
++ set +x
Shell debugging temporarily silenced: export LMOD_SH_DBG_ON=1 for Lmod's output
Shell debugging restarted
++ unset __lmod_sh_dbg
++ return 0
++ export LD_LIBRARY_PATH=/opt/cray/pe/mpich/9.0.1/ofi/amd/6.0/lib:/opt/cray/pe/mpich/9.0.1/gtl/lib:/opt/cray/pe/libsci/25.09.0/AMD/6.0/x86_64/lib:/opt/cray/pe/perftools/25.09.0/lib64:/opt/cray/pe/pmi/6.1.16/lib:/opt/cray/pe/dsmml/0.3.1/dsmml/lib:/opt/cray/libfabric/1.22.0/lib64:/opt/rocm-6.4.2/lib/roctracer:/opt/rocm-6.4.2/lib/rocprofiler:/opt/rocm-6.4.2/lib:/sw/frontier/spack-envs/cpe25.09-cpu/opt/llvm-amdgpu-6.4.2/darshan-runtime-3.4.7-tvdocpzv3jfj4y6ki5jvmmkics323gon/lib:/opt/rocm-6.4.2/llvm/lib:/opt/cray/pe/papi/7.2.0.2/lib64:/opt/cray/pe/mpich/9.0.1/ofi/amd/6.0/lib:/opt/cray/pe/mpich/9.0.1/gtl/lib:/opt/cray/pe/libsci/25.09.0/AMD/6.0/x86_64/lib:/opt/cray/pe/perftools/25.09.0/lib64:/opt/cray/pe/pmi/6.1.16/lib:/opt/cray/pe/dsmml/0.3.1/dsmml/lib
++ LD_LIBRARY_PATH=/opt/cray/pe/mpich/9.0.1/ofi/amd/6.0/lib:/opt/cray/pe/mpich/9.0.1/gtl/lib:/opt/cray/pe/libsci/25.09.0/AMD/6.0/x86_64/lib:/opt/cray/pe/perftools/25.09.0/lib64:/opt/cray/pe/pmi/6.1.16/lib:/opt/cray/pe/dsmml/0.3.1/dsmml/lib:/opt/cray/libfabric/1.22.0/lib64:/opt/rocm-6.4.2/lib/roctracer:/opt/rocm-6.4.2/lib/rocprofiler:/opt/rocm-6.4.2/lib:/sw/frontier/spack-envs/cpe25.09-cpu/opt/llvm-amdgpu-6.4.2/darshan-runtime-3.4.7-tvdocpzv3jfj4y6ki5jvmmkics323gon/lib:/opt/rocm-6.4.2/llvm/lib:/opt/cray/pe/papi/7.2.0.2/lib64:/opt/cray/pe/mpich/9.0.1/ofi/amd/6.0/lib:/opt/cray/pe/mpich/9.0.1/gtl/lib:/opt/cray/pe/libsci/25.09.0/AMD/6.0/x86_64/lib:/opt/cray/pe/perftools/25.09.0/lib64:/opt/cray/pe/pmi/6.1.16/lib:/opt/cray/pe/dsmml/0.3.1/dsmml/lib
++ [[ /var/spool/slurmd/job4342201/slurm_script == \/\l\u\s\t\r\e\/\o\r\i\o\n\/\s\t\f\2\4\3\/\w\o\r\l\d\-\s\h\a\r\e\d\/\h\a\g\e\r\t\n\l\/\C\U\G\2\6\/\b\e\n\c\h\m\a\r\k\_\b\u\i\l\d\s\/\c\o\m\m\o\n\_\m\o\d\u\l\e\s\.\s\h ]]
+ COPPER_MOUNT_PATH=/mnt/bb/wcastil/copper_mount
+ /lustre/orion/stf243/world-shared/wcastil/Experiments/CUG26/copper_run/launch_copper_frontier.sh -d /lustre/orion/stf243/world-shared/wcastil/Experiments/CUG26/copper_run/logs -v /mnt/bb/wcastil/copper_mount -M 220000000
+ '[' -z '' ']'
+ case "$-" in
+ __lmod_vx=x
+ '[' -n x ']'
+ set +x
Shell debugging temporarily silenced: export LMOD_SH_DBG_ON=1 for this output (/opt/cray/pe/lmod/lmod/init/bash)
Shell debugging restarted
+ unset __lmod_vx
+ echo 'Launching Copper Gracefully On All Nodes : Start'
Launching Copper Gracefully On All Nodes : Start
+ echo /sw/frontier/ums/ums046/copper
/sw/frontier/ums/ums046/copper
+ CUPATH=/sw/frontier/ums/ums046/copper/build/cu_fuse
+ DISCOVERY_HELPER=/sw/frontier/ums/ums046/copper/build/list_cxi_hsn_thallium
+ CU_FUSE_MNT_VIEWDIR=/tmp/wcastil/copper
+ facility_address_book=/sw/frontier/ums/ums046/copper/build/olcf_frontier_copper_addressbook.txt
+ address_book_source=facility
+ log_level=0
+ log_dir=/ccs/home/wcastil/copper-logs
+ log_type=file
+ trees=1
+ max_cacheable_byte_size=10485760
+ md_enoent_ttl_ms=2000
+ profile_metrics=0
+ profile_top_n=0
+ profile_paths_full=0
+ profile_snapshot_interval_s=0
+ sleeptime=10
+ physcpubind=1,2
+ net_type=cxi://cxi1
+ getopts l:t:d:T:M:E:PN:AI:s:b:F:a:n:v: opt
+ case ${opt} in
+ log_dir=/lustre/orion/stf243/world-shared/wcastil/Experiments/CUG26/copper_run/logs
+ getopts l:t:d:T:M:E:PN:AI:s:b:F:a:n:v: opt
+ case ${opt} in
+ CU_FUSE_MNT_VIEWDIR=/mnt/bb/wcastil/copper_mount
+ getopts l:t:d:T:M:E:PN:AI:s:b:F:a:n:v: opt
+ case ${opt} in
+ max_cacheable_byte_size=220000000
+ getopts l:t:d:T:M:E:PN:AI:s:b:F:a:n:v: opt
+ log_dir=/lustre/orion/stf243/world-shared/wcastil/Experiments/CUG26/copper_run/logs/4342201
+ logs_dir=/lustre/orion/stf243/world-shared/wcastil/Experiments/CUG26/copper_run/logs/4342201/logs
+ tables_dir=/lustre/orion/stf243/world-shared/wcastil/Experiments/CUG26/copper_run/logs/4342201/tables
+ profiling_dir=/lustre/orion/stf243/world-shared/wcastil/Experiments/CUG26/copper_run/logs/4342201/profiling
+ profiling_final_dir=/lustre/orion/stf243/world-shared/wcastil/Experiments/CUG26/copper_run/logs/4342201/profiling/final
+ profiling_cluster_dir=/lustre/orion/stf243/world-shared/wcastil/Experiments/CUG26/copper_run/logs/4342201/profiling/cluster
+ node_file_copy=/lustre/orion/stf243/world-shared/wcastil/Experiments/CUG26/copper_run/logs/4342201/logs/node_file.txt
+ prepared_address_book=/lustre/orion/stf243/world-shared/wcastil/Experiments/CUG26/copper_run/logs/4342201/logs/copper_address_book.txt
+ prepared_address_book_full_output=/lustre/orion/stf243/world-shared/wcastil/Experiments/CUG26/copper_run/logs/4342201/logs/copper_address_book_full_output.txt
+ prepare_address_book_awk=/lustre/orion/stf243/world-shared/wcastil/Experiments/CUG26/copper_run/logs/4342201/logs/prepare_address_book.awk
+ select_discovered_address_book_awk=/lustre/orion/stf243/world-shared/wcastil/Experiments/CUG26/copper_run/logs/4342201/logs/select_discovered_address_book.awk
+ echo 'log_level                  : 0'
log_level                  : 0
+ echo 'log_type                   : file'
log_type                   : file
+ echo 'trees                      : 1'
trees                      : 1
+ echo 'max_cacheable_byte_size    : 220000000'
max_cacheable_byte_size    : 220000000
+ echo 'md_enoent_ttl_ms           : 2000'
md_enoent_ttl_ms           : 2000
+ echo 'profile_metrics            : 0'
profile_metrics            : 0
+ echo 'profile_top_n              : 0'
profile_top_n              : 0
+ echo 'profile_paths_full         : 0'
profile_paths_full         : 0
+ echo 'profile_snapshot_interval_s: 0'
profile_snapshot_interval_s: 0
+ echo 'sleeptime                  : 10'
sleeptime                  : 10
+ echo 'CU_FUSE_MNT_VIEWDIR        : /mnt/bb/wcastil/copper_mount'
CU_FUSE_MNT_VIEWDIR        : /mnt/bb/wcastil/copper_mount
+ echo 'LOGDIR                     : /lustre/orion/stf243/world-shared/wcastil/Experiments/CUG26/copper_run/logs/4342201'
LOGDIR                     : /lustre/orion/stf243/world-shared/wcastil/Experiments/CUG26/copper_run/logs/4342201
+ echo 'logs_dir                   : /lustre/orion/stf243/world-shared/wcastil/Experiments/CUG26/copper_run/logs/4342201/logs'
logs_dir                   : /lustre/orion/stf243/world-shared/wcastil/Experiments/CUG26/copper_run/logs/4342201/logs
+ echo 'tables_dir                 : /lustre/orion/stf243/world-shared/wcastil/Experiments/CUG26/copper_run/logs/4342201/tables'
tables_dir                 : /lustre/orion/stf243/world-shared/wcastil/Experiments/CUG26/copper_run/logs/4342201/tables
+ echo 'profiling_final_dir        : /lustre/orion/stf243/world-shared/wcastil/Experiments/CUG26/copper_run/logs/4342201/profiling/final'
profiling_final_dir        : /lustre/orion/stf243/world-shared/wcastil/Experiments/CUG26/copper_run/logs/4342201/profiling/final
+ echo 'profiling_cluster_dir      : /lustre/orion/stf243/world-shared/wcastil/Experiments/CUG26/copper_run/logs/4342201/profiling/cluster'
profiling_cluster_dir      : /lustre/orion/stf243/world-shared/wcastil/Experiments/CUG26/copper_run/logs/4342201/profiling/cluster
+ echo 'SLURM_NODEFILE             : '
SLURM_NODEFILE             : 
+ echo 'physcpubind                : 1,2'
physcpubind                : 1,2
+ echo 'facility_address_book      : /sw/frontier/ums/ums046/copper/build/olcf_frontier_copper_addressbook.txt'
facility_address_book      : /sw/frontier/ums/ums046/copper/build/olcf_frontier_copper_addressbook.txt
+ echo 'address_book_source        : facility'
address_book_source        : facility
+ echo 'prepared_address_book      : /lustre/orion/stf243/world-shared/wcastil/Experiments/CUG26/copper_run/logs/4342201/logs/copper_address_book.txt'
prepared_address_book      : /lustre/orion/stf243/world-shared/wcastil/Experiments/CUG26/copper_run/logs/4342201/logs/copper_address_book.txt
+ echo 'prepared_address_book_full : /lustre/orion/stf243/world-shared/wcastil/Experiments/CUG26/copper_run/logs/4342201/logs/copper_address_book_full_output.txt'
prepared_address_book_full : /lustre/orion/stf243/world-shared/wcastil/Experiments/CUG26/copper_run/logs/4342201/logs/copper_address_book_full_output.txt
+ echo 'discovery_helper           : /sw/frontier/ums/ums046/copper/build/list_cxi_hsn_thallium'
discovery_helper           : /sw/frontier/ums/ums046/copper/build/list_cxi_hsn_thallium
+ echo 'net_type                   : cxi://cxi1'
net_type                   : cxi://cxi1
+ mkdir -p /lustre/orion/stf243/world-shared/wcastil/Experiments/CUG26/copper_run/logs/4342201/logs /lustre/orion/stf243/world-shared/wcastil/Experiments/CUG26/copper_run/logs/4342201/tables/final /lustre/orion/stf243/world-shared/wcastil/Experiments/CUG26/copper_run/logs/4342201/profiling/final /lustre/orion/stf243/world-shared/wcastil/Experiments/CUG26/copper_run/logs/4342201/profiling/cluster
+ scontrol show hostnames 'frontier[00097-00110,00163-00164,00166,00171-00172,00175-00176,00179-00181,00184-00186,00190,00289,00291,00295,00297,00301-00302,00304-00305,00307,00311-00312,00318,00322-00323,00427-00428,00430-00431,00433,00436-00437,00439,00442,00444,00448-00449,00452-00453,00533-00539,00541-00543,00547-00550,00666-00668,00673-00674,00676-00681,00685-00686,00688,00791,00793-00795,00800-00807,00810-00811,00915-00917,00919-00920,00926-00927,00929,00932-00933,00935,00938,00940-00941,01053,01055,01059,01061-01062,01064-01069,01072-01074,01173-01174,01177-01183,01185,01187,01189-01190,01192,01306-01309,01311,01314-01316,01318,01320-01321,01325-01327,01431-01433,01435,01437,01440,01444-01447,01451-01454,01562-01563,01565,01569-01571,01577-01578,01580-01582,01587,01591-01592,01696-01697,01703,01705-01708,01710,01712-01713,01717-01718,01720,01724,01829,01831,01833,01836,01839-01840,01843-01846,01853-01855,01857,01945-01946,01948-01950,01954-01955,01958-01960,01962,01964,01967,01969,02075-02077,02081,02084-02088,02091,02093,02095-02096,02098,02207-02212,02214,02217,02221-02224,02228-02229,02335-02340,02342,02347-02348,02355,02357-02358,02361-02362,02462-02464,02466,02468-02469,02471,02473-02474,02476,02481,02485,02487,02494,02600,02607,02609-02611,02614-02615,02620-02621,02628,02630-02631,02633,02635,02725,02733,02735-02737,02741,02746-02747,02753-02754,02757,02762-02763,02767,02862,02867,02872,02880,02882-02884,02888,02893-02895,02901,02903,02905,03014,03019,03025,03031-03032,03035,03039-03046,03139-03140,03157-03158,03161,03165-03173,03271-03272,03279,03287,03291-03300,03405,03418-03430,03543-03555,03558,03671-03677,03680-03686,03799-03801,03805-03815,03927-03929,03933-03943,04056-04058,04061-04071,04185-04195,04197-04199,04311,04314-04326,04439-04452,04570-04583,04695-04708,04823-04825,04828-04838,04951-04952,04956-04967,05083-05086,05088-05097,05207-05208,05211-05222,05335-05337,05339,05341-05350,05463-05464,05468-05479,05591-05593,05595,05597-05606,05719,05722-05734,05848-05849,05852-05863,05976-05978,05980-05981,05983-05991,06102,06106-06118,06230-06232,06236-06246,06357-06361,06366-06373,06485-06486,06490-06500,06613-06614,06618-06628,06744,06748-06758,06761,06872-06873,06877-06887,07004-07016,07128,07132-07143,07260,07264-07275,07389-07401,07520-07532,07647-07659,07774-07786,07847,07849-07852,07855-07859,07861-07863,07956-07957,07962-07964,07966-07972,07974,08093-08097,08100-08102,08107-08109,08113-08114,08218-08222,08227-08228,08233,08235,08237,08239-08241,08338-08340,08345,08347-08349,08351-08352,08354-08356,08359,08474-08482,08485,08487-08488,08491,08602-08608,08611-08615,08618,08731-08732,08737,08739-08740,08743-08744,08746-08747,08749,08751-08753,08865-08866,08870,08873-08879,08881,08884-08885,08998-08999,09004-09006,09010,09012-09013,09016-09018,09021-09022,09179-09181,09185-09194,09253-09255,09257-09259,09262,09264,09268-09269,09271-09272,09274,09388,09390,09394-09395,09397-09398,09400-09404,09415,09432,10151,10153-10154,10156,10158,10160-10162,10165,10167-10168,10171-10172]'
+ clush --hostfile /lustre/orion/stf243/world-shared/wcastil/Experiments/CUG26/copper_run/logs/4342201/logs/node_file.txt 'fusermount3 -u /mnt/bb/wcastil/copper_mount'
+ clush --hostfile /lustre/orion/stf243/world-shared/wcastil/Experiments/CUG26/copper_run/logs/4342201/logs/node_file.txt 'rm -rf /mnt/bb/wcastil/copper_mount'
+ clush --hostfile /lustre/orion/stf243/world-shared/wcastil/Experiments/CUG26/copper_run/logs/4342201/logs/node_file.txt 'mkdir -p /mnt/bb/wcastil/copper_mount'
+ rm -f /lustre/orion/stf243/world-shared/wcastil/Experiments/CUG26/copper_run/logs/4342201/logs/copper_address_book.txt /lustre/orion/stf243/world-shared/wcastil/Experiments/CUG26/copper_run/logs/4342201/logs/copper_address_book_full_output.txt /lustre/orion/stf243/world-shared/wcastil/Experiments/CUG26/copper_run/logs/4342201/logs/prepare_address_book.awk /lustre/orion/stf243/world-shared/wcastil/Experiments/CUG26/copper_run/logs/4342201/logs/select_discovered_address_book.awk
+ echo 'Preparing job-local address book once before full cu_fuse launch'
Preparing job-local address book once before full cu_fuse launch
++ date +%s
+ prepare_address_book_start_epoch=1775542699
+ prepare_address_book_rc=0
+ case "${address_book_source}" in
+ prepare_address_book_from_facility
+ cp /sw/frontier/ums/ums046/copper/build/olcf_frontier_copper_addressbook.txt /lustre/orion/stf243/world-shared/wcastil/Experiments/CUG26/copper_run/logs/4342201/logs/copper_address_book_full_output.txt
+ cat
+ srun --overlap -N 1 -n 1 --ntasks-per-node=1 env NODEFILE_PATH=/lustre/orion/stf243/world-shared/wcastil/Experiments/CUG26/copper_run/logs/4342201/logs/node_file.txt FACILITY_BOOK=/sw/frontier/ums/ums046/copper/build/olcf_frontier_copper_addressbook.txt OUTPUT_PATH=/lustre/orion/stf243/world-shared/wcastil/Experiments/CUG26/copper_run/logs/4342201/logs/copper_address_book.txt AWK_SCRIPT=/lustre/orion/stf243/world-shared/wcastil/Experiments/CUG26/copper_run/logs/4342201/logs/prepare_address_book.awk bash -lc 'awk -f "$AWK_SCRIPT" "$NODEFILE_PATH" "$FACILITY_BOOK" > "$OUTPUT_PATH"'
Deactivating conda environments
++ date +%s
+ prepare_address_book_end_epoch=1775542700
+ echo 'prepared address book generation took 1 s'
prepared address book generation took 1 s
+ '[' 0 -ne 0 ']'
+ '[' '!' -s /lustre/orion/stf243/world-shared/wcastil/Experiments/CUG26/copper_run/logs/4342201/logs/copper_address_book.txt ']'
+ profile_options=
+ '[' 0 -eq 1 ']'
+ '[' 0 -gt 0 ']'
+ '[' 0 -eq 1 ']'
+ '[' 0 -gt 0 ']'
+ options=' -f -tpath / -vpath /mnt/bb/wcastil/copper_mount -log_level 0 -log_type file -log_output_dir /lustre/orion/stf243/world-shared/wcastil/Experiments/CUG26/copper_run/logs/4342201 -net_type cxi://cxi1 -trees 1 -nf /lustre/orion/stf243/world-shared/wcastil/Experiments/CUG26/copper_run/logs/4342201/logs/node_file.txt -max_cacheable_byte_size 220000000 -md_enoent_ttl_ms 2000 -facility_address_book /lustre/orion/stf243/world-shared/wcastil/Experiments/CUG26/copper_run/logs/4342201/logs/copper_address_book.txt -prefiltered_address_book 1 -s /mnt/bb/wcastil/copper_mount'
+ echo 'sleeping for 10 s'
sleeping for 10 s
+ sleep 10s
+ srun --overlap -N 1024 --ntasks-per-node=1 --cpus-per-task=2 bash -c '
    echo "host=$(hostname)"
    echo "allowed=$(grep Cpus_allowed_list /proc/self/status | awk "{print \$2}")"
    echo "current_cpu=$(ps -o psr= -p $$)"
    exec /sw/frontier/ums/ums046/copper/build/cu_fuse  -f -tpath / -vpath /mnt/bb/wcastil/copper_mount -log_level 0 -log_type file -log_output_dir /lustre/orion/stf243/world-shared/wcastil/Experiments/CUG26/copper_run/logs/4342201 -net_type cxi://cxi1 -trees 1 -nf /lustre/orion/stf243/world-shared/wcastil/Experiments/CUG26/copper_run/logs/4342201/logs/node_file.txt -max_cacheable_byte_size 220000000 -md_enoent_ttl_ms 2000 -facility_address_book /lustre/orion/stf243/world-shared/wcastil/Experiments/CUG26/copper_run/logs/4342201/logs/copper_address_book.txt -prefiltered_address_book 1 -s /mnt/bb/wcastil/copper_mount
    '\''
  '
host=frontier00097
host=frontier00800
host=frontier06885
host=frontier07531
host=frontier05858
host=frontier08352
host=frontier04448
host=frontier08354
host=frontier01840
host=frontier05861
host=frontier00185
host=frontier04450
host=frontier06110
host=frontier04451
host=frontier08874
host=frontier00805
host=frontier04570
host=frontier00673
host=frontier02224
host=frontier07010
host=frontier04959
host=frontier00297
host=frontier00811
host=frontier04186
host=frontier05983
host=frontier03551
host=frontier01069
host=frontier03941
host=frontier01712
host=frontier06622
host=frontier01073
host=frontier03553
host=frontier00685
host=frontier04056
host=frontier05601
host=frontier06879
host=frontier08488
host=frontier02607
host=frontier05464
host=frontier01718
host=frontier02609
host=frontier02208
host=frontier07956
host=frontier06490
host=frontier06491
host=frontier02209
host=frontier01578
host=frontier05471
host=frontier03040
host=frontier06884
host=frontier05857
host=frontier08351
host=frontier07530
allowed=1-2
host=frontier00180
allowed=1-2
allowed=1-2
host=frontier07781
host=frontier07391
allowed=1-2
allowed=1-2
host=frontier01580
allowed=1-2
host=frontier02615
host=frontier05472
host=frontier04697
host=frontier07137
host=frontier03041
allowed=1-2
host=frontier07392
host=frontier00801
host=frontier06886
allowed=1-2
host=frontier05859
host=frontier07964
host=frontier06887
host=frontier08355
host=frontier00549
host=frontier01839
host=frontier06495
host=frontier01053
host=frontier07004
allowed=1-2
allowed=1-2
allowed=1-2
allowed=1-2
allowed=1-2
host=frontier00803
host=frontier06357
host=frontier01059
host=frontier05476
allowed=1-2
allowed=1-2
host=frontier07005
host=frontier00666
host=frontier06497
host=frontier01061
allowed=1-2
host=frontier07396
host=frontier05863
host=frontier01844
allowed=1-2
host=frontier05976
host=frontier01845
host=frontier05478
host=frontier03139
host=frontier00807
allowed=1-2
allowed=1-2
host=frontier03546
host=frontier04571
host=frontier05591
host=frontier05978
host=frontier06361
host=frontier00674
host=frontier04958
host=frontier03547
host=frontier04572
host=frontier07850
host=frontier03157
host=frontier03548
allowed=1-2
allowed=1-2
allowed=1-2
host=frontier02229
host=frontier07400
allowed=1-2
allowed=1-2
host=frontier02086
host=frontier07401
host=frontier08479
host=frontier04574
host=frontier08237
host=frontier05981
host=frontier02336
host=frontier01707
host=frontier00678
host=frontier00302
allowed=1-2
host=frontier07520
host=frontier00916
host=frontier05597
host=frontier05347
host=frontier00917
allowed=1-2
allowed=1-2
host=frontier08096
allowed=1-2
host=frontier06370
host=frontier06873
host=frontier01072
host=frontier05598
host=frontier07014
allowed=1-2
allowed=1-2
allowed=1-2
host=frontier00681
host=frontier07270
allowed=1-2
host=frontier07858
host=frontier02487
host=frontier00920
host=frontier03168
host=frontier07859
host=frontier05214
host=frontier03554
host=frontier01713
host=frontier07524
allowed=1-2
host=frontier02096
allowed=1-2
allowed=1-2
host=frontier03555
allowed=1-2
allowed=1-2
host=frontier05463
allowed=1-2
host=frontier07132
allowed=1-2
host=frontier08345
allowed=1-2
host=frontier00688
host=frontier07274
host=frontier05468
host=frontier01720
host=frontier00539
allowed=1-2
host=frontier04061
host=frontier07275
allowed=1-2
allowed=1-2
host=frontier05991
host=frontier05604
allowed=1-2
host=frontier01724
host=frontier07529
host=frontier08604
allowed=1-2
allowed=1-2
host=frontier04695
host=frontier07135
host=frontier07962
allowed=1-2
allowed=1-2
allowed=1-2
allowed=1-2
allowed=1-2
allowed=1-2
allowed=1-2
host=frontier07390
host=frontier06106
host=frontier06749
host=frontier07139
host=frontier00433
host=frontier02872
host=frontier03677
host=frontier06109
host=frontier04838
host=frontier09180
host=frontier03682
host=frontier03294
host=frontier05094
host=frontier07972
host=frontier05097
host=frontier10171
host=frontier08094
host=frontier07267
host=frontier05346
host=frontier01309
host=frontier07268
host=frontier08885
host=frontier07657
host=frontier00163
host=frontier07271
host=frontier08487
host=frontier07774
host=frontier01316
host=frontier02098
host=frontier04057
host=frontier06486
host=frontier01955
host=frontier05854
host=frontier06239
host=frontier07528
host=frontier01179
host=frontier03673
host=frontier05085
host=frontier09013
host=frontier09432
host=frontier03425
host=frontier06492
current_cpu=  2
host=frontier06493
allowed=1-2
host=frontier03675
allowed=1-2
allowed=1-2
current_cpu=  1
allowed=1-2
allowed=1-2
allowed=1-2
host=frontier01833
allowed=1-2
allowed=1-2
host=frontier03279
host=frontier06243
host=frontier00430
host=frontier02862
allowed=1-2
host=frontier08866
current_cpu=  2
allowed=1-2
allowed=1-2
host=frontier01581
host=frontier00548
allowed=1-2
current_cpu=  1
host=frontier04698
allowed=1-2
host=frontier07532
allowed=1-2
host=frontier03042
allowed=1-2
allowed=1-2
allowed=1-2
host=frontier03043
allowed=1-2
allowed=1-2
host=frontier02621
allowed=1-2
allowed=1-2
current_cpu=  1
host=frontier07394
host=frontier01055
current_cpu=  2
host=frontier02628
allowed=1-2
allowed=1-2
allowed=1-2
allowed=1-2
current_cpu=  2
current_cpu=  2
allowed=1-2
allowed=1-2
allowed=1-2
allowed=1-2
host=frontier00667
allowed=1-2
host=frontier07650
allowed=1-2
allowed=1-2
host=frontier06753
current_cpu=  1
host=frontier01696
allowed=1-2
host=frontier08475
allowed=1-2
allowed=1-2
allowed=1-2
host=frontier09272
host=frontier07970
allowed=1-2
current_cpu=  1
host=frontier02081
current_cpu=  2
allowed=1-2
allowed=1-2
host=frontier07008
allowed=1-2
allowed=1-2
host=frontier02084
host=frontier07399
allowed=1-2
allowed=1-2
allowed=1-2
host=frontier00295
allowed=1-2
allowed=1-2
allowed=1-2
host=frontier07009
allowed=1-2
host=frontier02085
allowed=1-2
current_cpu=  2
current_cpu=  2
host=frontier03298
allowed=1-2
allowed=1-2
current_cpu=  1
allowed=1-2
allowed=1-2
allowed=1-2
host=frontier08093
allowed=1-2
allowed=1-2
host=frontier07852
allowed=1-2
host=frontier01706
host=frontier03161
allowed=1-2
allowed=1-2
allowed=1-2
allowed=1-2
host=frontier03550
current_cpu=  2
allowed=1-2
host=frontier06761
allowed=1-2
allowed=1-2
allowed=1-2
allowed=1-2
host=frontier04962
host=frontier01708
host=frontier08095
current_cpu=  1
host=frontier06369
allowed=1-2
current_cpu=  2
allowed=1-2
allowed=1-2
allowed=1-2
allowed=1-2
host=frontier08482
current_cpu=  1
current_cpu=  2
allowed=1-2
host=frontier02339
allowed=1-2
current_cpu=  1
allowed=1-2
allowed=1-2
host=frontier06877
allowed=1-2
allowed=1-2
allowed=1-2
allowed=1-2
host=frontier07016
allowed=1-2
allowed=1-2
current_cpu=  2
host=frontier05350
host=frontier01563
allowed=1-2
current_cpu=  2
current_cpu=  1
allowed=1-2
host=frontier04580
current_cpu=  1
host=frontier07272
allowed=1-2
current_cpu=  1
allowed=1-2
allowed=1-2
current_cpu=  2
allowed=1-2
host=frontier03558
host=frontier04581
host=frontier08491
allowed=1-2
allowed=1-2
allowed=1-2
allowed=1-2
host=frontier08347
host=frontier07863
current_cpu=  2
host=frontier00791
allowed=1-2
allowed=1-2
current_cpu=  2
allowed=1-2
allowed=1-2
current_cpu=  1
host=frontier05855
allowed=1-2
host=frontier02610
allowed=1-2
allowed=1-2
host=frontier04445
current_cpu=  1
allowed=1-2
host=frontier02611
host=frontier07957
allowed=1-2
host=frontier08349
host=frontier00794
current_cpu=  2
current_cpu=  1
current_cpu=  2
current_cpu=  1
host=frontier00795
host=frontier04063
current_cpu=  1
host=frontier02210
current_cpu=  1
allowed=1-2
host=frontier00543
allowed=1-2
host=frontier05088
host=frontier04311
host=frontier01181
host=frontier06748
host=frontier03814
host=frontier08606
host=frontier03676
host=frontier03287
host=frontier03815
host=frontier00431
host=frontier10154
host=frontier00941
host=frontier07783
allowed=1-2
allowed=1-2
host=frontier10156
host=frontier01582
allowed=1-2
allowed=1-2
host=frontier05335
host=frontier03292
allowed=1-2
host=frontier03680
host=frontier06751
host=frontier01187
host=frontier09269
host=frontier02630
host=frontier07395
host=frontier05337
host=frontier03293
allowed=1-2
host=frontier01189
allowed=1-2
allowed=1-2
host=frontier07143
host=frontier07651
allowed=1-2
host=frontier02077
host=frontier03683
host=frontier05341
host=frontier01444
host=frontier06499
host=frontier03140
host=frontier08476
host=frontier08877
host=frontier00448
allowed=1-2
host=frontier03297
host=frontier06613
host=frontier08878
host=frontier03158
allowed=1-2
host=frontier03937
host=frontier02733
host=frontier04187
host=frontier05593
host=frontier00107
allowed=1-2
allowed=1-2
host=frontier08239
allowed=1-2
allowed=1-2
host=frontier03939
allowed=1-2
allowed=1-2
allowed=1-2
allowed=1-2
host=frontier00919
host=frontier04963
host=frontier05985
host=frontier05734
host=frontier07658
host=frontier05986
host=frontier06371
host=frontier08999
allowed=1-2
host=frontier00535
allowed=1-2
allowed=1-2
host=frontier00311
host=frontier08339
host=frontier04965
host=frontier09193
allowed=1-2
allowed=1-2
host=frontier08340
host=frontier04829
host=frontier04442
allowed=1-2
host=frontier00171
allowed=1-2
host=frontier05216
host=frontier07527
host=frontier05990
host=frontier09404
allowed=1-2
host=frontier03423
allowed=1-2
allowed=1-2
allowed=1-2
host=frontier05083
allowed=1-2
host=frontier06882
host=frontier02762
host=frontier01571
host=frontier05084
host=frontier03039
allowed=1-2
host=frontier01959
allowed=1-2
host=frontier06102
allowed=1-2
allowed=1-2
allowed=1-2
host=frontier02763
allowed=1-2
host=frontier00179
allowed=1-2
host=frontier01180
host=frontier04696
host=frontier03426
host=frontier07136
host=frontier05086
host=frontier02767
host=frontier08607
host=frontier03428
host=frontier00098
host=frontier05090
host=frontier08608
host=frontier03044
host=frontier05336
host=frontier08220
host=frontier01591
host=frontier08612
host=frontier08221
host=frontier04317
host=frontier00439
host=frontier05726
host=frontier04703
host=frontier00103
host=frontier03934
host=frontier07398
host=frontier08233
host=frontier05729
host=frontier08235
host=frontier01854
host=frontier04706
host=frontier02474
host=frontier01067
host=frontier05208
host=frontier02087
host=frontier04708
host=frontier00108
host=frontier08481
host=frontier03405
host=frontier04190
host=frontier06231
host=frontier03418
host=frontier09192
host=frontier08485
host=frontier02746
host=frontier04825
host=frontier04828
host=frontier03420
host=frontier07775
host=frontier04966
host=frontier00686
host=frontier09005
host=frontier02754
host=frontier09403
host=frontier03171
host=frontier07776
host=frontier01177
host=frontier00322
host=frontier09254
host=frontier06626
host=frontier02757
host=frontier04195
host=frontier09415
host=frontier08751
host=frontier05218
host=frontier00323
host=frontier06240
host=frontier08108
host=frontier00935
host=frontier04062
host=frontier00542
host=frontier01326
host=frontier08109
host=frontier05219
host=frontier08113
host=frontier01960
host=frontier08605
host=frontier02358
allowed=1-2
current_cpu=  2
current_cpu=  1
current_cpu=  1
allowed=1-2
current_cpu=  2
current_cpu=  2
current_cpu=  2
current_cpu=  1
current_cpu=  1
current_cpu=  2
host=frontier06107
current_cpu=  1
allowed=1-2
current_cpu=  2
host=frontier04447
current_cpu=  2
host=frontier07963
allowed=1-2
allowed=1-2
allowed=1-2
allowed=1-2
current_cpu=  2
host=frontier01431
host=frontier10153
host=frontier09017
allowed=1-2
current_cpu=  1
current_cpu=  1
allowed=1-2
allowed=1-2
current_cpu=  2
host=frontier07782
allowed=1-2
current_cpu=  2
host=frontier04065
allowed=1-2
current_cpu=  1
allowed=1-2
current_cpu=  2
current_cpu=  1
current_cpu=  2
allowed=1-2
host=frontier02214
current_cpu=  1
current_cpu=  1
host=frontier04066
host=frontier08870
allowed=1-2
host=frontier07393
host=frontier07647
current_cpu=  2
host=frontier05860
host=frontier00802
current_cpu=  2
current_cpu=  1
allowed=1-2
host=frontier04067
allowed=1-2
current_cpu=  2
allowed=1-2
host=frontier06496
host=frontier07140
current_cpu=  1
current_cpu=  1
host=frontier08356
host=frontier07784
current_cpu=  1
current_cpu=  2
current_cpu=  1
current_cpu=  2
host=frontier08359
current_cpu=  1
host=frontier00186
host=frontier04068
host=frontier07968
current_cpu=  2
host=frontier03045
host=frontier05862
host=frontier07786
current_cpu=  2
current_cpu=  1
allowed=1-2
host=frontier01592
host=frontier00190
current_cpu=  1
host=frontier07006
allowed=1-2
current_cpu=  2
host=frontier08474
host=frontier05477
host=frontier04702
current_cpu=  1
allowed=1-2
allowed=1-2
current_cpu=  2
allowed=1-2
current_cpu=  2
host=frontier07397
host=frontier02223
current_cpu=  2
host=frontier07847
current_cpu=  1
host=frontier07007
allowed=1-2
host=frontier08876
host=frontier04070
allowed=1-2
current_cpu=  1
allowed=1-2
host=frontier01846
host=frontier06360
current_cpu=  2
host=frontier07260
host=frontier05479
host=frontier09274
host=frontier01064
host=frontier01697
current_cpu=  2
host=frontier07971
allowed=1-2
current_cpu=  2
current_cpu=  2
allowed=1-2
allowed=1-2
current_cpu=  2
current_cpu=  1
current_cpu=  1
allowed=1-2
current_cpu=  1
current_cpu=  2
current_cpu=  2
allowed=1-2
host=frontier01703
current_cpu=  2
host=frontier09388
allowed=1-2
current_cpu=  1
current_cpu=  1
host=frontier07851
allowed=1-2
host=frontier05592
current_cpu=  1
host=frontier06614
host=frontier00676
current_cpu=  2
current_cpu=  2
host=frontier04573
current_cpu=  2
current_cpu=  1
current_cpu=  2
host=frontier02335
allowed=1-2
current_cpu=  2
current_cpu=  1
allowed=1-2
current_cpu=  2
host=frontier06758
allowed=1-2
allowed=1-2
host=frontier00915
host=frontier04960
current_cpu=  2
current_cpu=  1
current_cpu=  1
host=frontier06118
current_cpu=  1
allowed=1-2
current_cpu=  1
allowed=1-2
host=frontier07855
host=frontier04188
host=frontier01068
current_cpu=  2
host=frontier05595
host=frontier07012
current_cpu=  2
current_cpu=  1
host=frontier04576
current_cpu=  1
host=frontier07856
allowed=1-2
allowed=1-2
allowed=1-2
host=frontier05984
host=frontier00304
allowed=1-2
host=frontier00679
current_cpu=  1
host=frontier08240
current_cpu=  2
current_cpu=  2
current_cpu=  1
current_cpu=  2
host=frontier00680
host=frontier00305
current_cpu=  2
host=frontier02338
host=frontier01710
host=frontier03167
allowed=1-2
allowed=1-2
host=frontier03552
current_cpu=  1
current_cpu=  2
host=frontier07523
allowed=1-2
current_cpu=  2
current_cpu=  1
current_cpu=  2
allowed=1-2
current_cpu=  2
host=frontier02093
current_cpu=  1
current_cpu=  1
current_cpu=  1
allowed=1-2
allowed=1-2
host=frontier02340
host=frontier05987
current_cpu=  1
current_cpu=  1
host=frontier00926
allowed=1-2
host=frontier06878
host=frontier02494
host=frontier09004
allowed=1-2
current_cpu=  1
current_cpu=  2
host=frontier02342
allowed=1-2
current_cpu=  2
host=frontier07861
host=frontier06373
allowed=1-2
host=frontier02600
current_cpu=  2
host=frontier07525
host=frontier05988
current_cpu=  1
current_cpu=  1
host=frontier05989
current_cpu=  2
host=frontier05602
host=frontier06880
current_cpu=  2
allowed=1-2
allowed=1-2
host=frontier07862
host=frontier09006
allowed=1-2
current_cpu=  2
current_cpu=  2
current_cpu=  1
current_cpu=  2
allowed=1-2
host=frontier04582
host=frontier06881
allowed=1-2
host=frontier03671
host=frontier04058
host=frontier02207
allowed=1-2
host=frontier05603
host=frontier07133
current_cpu=  1
current_cpu=  2
current_cpu=  1
current_cpu=  1
current_cpu=  2
host=frontier07134
host=frontier00175
allowed=1-2
current_cpu=  2
allowed=1-2
host=frontier08348
host=frontier07778
host=frontier03672
current_cpu=  1
current_cpu=  2
allowed=1-2
current_cpu=  2
host=frontier05470
current_cpu=  2
allowed=1-2
host=frontier05856
allowed=1-2
current_cpu=  2
allowed=1-2
host=frontier00176
allowed=1-2
host=frontier07779
allowed=1-2
allowed=1-2
allowed=1-2
allowed=1-2
current_cpu=  2
current_cpu=  1
allowed=1-2
current_cpu=  2
host=frontier04446
allowed=1-2
host=frontier05221
allowed=1-2
allowed=1-2
allowed=1-2
host=frontier08865
host=frontier03427
host=frontier00940
host=frontier00547
allowed=1-2
host=frontier09259
allowed=1-2
host=frontier08114
host=frontier01962
allowed=1-2
allowed=1-2
allowed=1-2
allowed=1-2
host=frontier06108
allowed=1-2
host=frontier02867
allowed=1-2
host=frontier09262
host=frontier04314
host=frontier04836
allowed=1-2
host=frontier07138
host=frontier05222
host=frontier04449
host=frontier07966
host=frontier00184
allowed=1-2
host=frontier06245
allowed=1-2
current_cpu=  2
host=frontier03429
current_cpu=  1
allowed=1-2
allowed=1-2
current_cpu=  2
host=frontier02462
current_cpu=  1
allowed=1-2
host=frontier07648
allowed=1-2
host=frontier07967
current_cpu=  1
allowed=1-2
host=frontier09022
allowed=1-2
host=frontier09268
host=frontier01185
host=frontier01969
host=frontier00436
host=frontier06246
host=frontier03928
host=frontier02463
host=frontier01435
host=frontier06111
host=frontier07141
allowed=1-2
host=frontier06752
host=frontier03929
host=frontier00804
allowed=1-2
allowed=1-2
allowed=1-2
host=frontier03543
allowed=1-2
host=frontier05092
allowed=1-2
host=frontier03681
host=frontier04452
host=frontier06498
host=frontier02631
current_cpu=  1
allowed=1-2
current_cpu=  1
host=frontier02466
host=frontier03046
host=frontier08613
host=frontier02076
current_cpu=  2
host=frontier09271
host=frontier08222
host=frontier03544
host=frontier07969
host=frontier03545
allowed=1-2
allowed=1-2
current_cpu=  1
allowed=1-2
allowed=1-2
host=frontier10162
host=frontier00668
host=frontier06113
host=frontier03295
host=frontier08614
host=frontier00289
allowed=1-2
allowed=1-2
allowed=1-2
allowed=1-2
host=frontier06500
host=frontier03684
host=frontier02635
host=frontier07849
allowed=1-2
host=frontier03935
host=frontier04957
host=frontier03296
host=frontier02469
host=frontier05342
host=frontier05977
allowed=1-2
host=frontier07652
host=frontier00810
allowed=1-2
host=frontier02228
host=frontier04321
current_cpu=  2
host=frontier05343
allowed=1-2
host=frontier03685
host=frontier04705
allowed=1-2
host=frontier03936
host=frontier08618
host=frontier01853
allowed=1-2
host=frontier05980
host=frontier08478
host=frontier01066
host=frontier07974
host=frontier06757
allowed=1-2
host=frontier03686
host=frontier01307
current_cpu=  2
host=frontier06116
allowed=1-2
host=frontier09390
allowed=1-2
host=frontier05730
host=frontier03799
host=frontier05731
host=frontier06618
host=frontier00677
host=frontier01451
allowed=1-2
host=frontier04323
allowed=1-2
allowed=1-2
current_cpu=  1
host=frontier05207
host=frontier05345
host=frontier01855
host=frontier07655
host=frontier08732
host=frontier06368
host=frontier06619
current_cpu=  1
allowed=1-2
host=frontier08480
current_cpu=  2
host=frontier02736
current_cpu=  1
host=frontier08737
host=frontier01452
allowed=1-2
host=frontier10172
host=frontier02476
current_cpu=  1
host=frontier07013
host=frontier06872
host=frontier04189
host=frontier01453
current_cpu=  1
host=frontier06230
host=frontier06620
host=frontier09397
host=frontier00109
current_cpu=  2
host=frontier03166
host=frontier09190
current_cpu=  2
host=frontier00533
host=frontier03940
allowed=1-2
allowed=1-2
allowed=1-2
host=frontier08241
host=frontier04577
host=frontier07269
host=frontier05212
host=frontier07857
host=frontier02485
host=frontier01314
host=frontier01454
allowed=1-2
host=frontier05348
allowed=1-2
host=frontier05349
allowed=1-2
host=frontier05599
allowed=1-2
host=frontier05848
host=frontier01562
host=frontier01315
host=frontier04439
host=frontier04578
allowed=1-2
current_cpu=  2
allowed=1-2
host=frontier01948
host=frontier00307
host=frontier05600
host=frontier04192
host=frontier04579
current_cpu=  2
current_cpu=  2
allowed=1-2
allowed=1-2
allowed=1-2
host=frontier00164
host=frontier06236
allowed=1-2
current_cpu=  1
current_cpu=  2
host=frontier06372
allowed=1-2
host=frontier00312
host=frontier03421
host=frontier00166
host=frontier00927
host=frontier06237
host=frontier03170
host=frontier09194
host=frontier01318
host=frontier00537
allowed=1-2
host=frontier03025
host=frontier07128
host=frontier04441
host=frontier01717
host=frontier04194
allowed=1-2
host=frontier01954
host=frontier08747
host=frontier07273
host=frontier01569
host=frontier04967
host=frontier05853
current_cpu=  1
allowed=1-2
current_cpu=  1
host=frontier01174
host=frontier06625
allowed=1-2
allowed=1-2
host=frontier03172
allowed=1-2
allowed=1-2
current_cpu=  1
allowed=1-2
host=frontier01321
current_cpu=  2
current_cpu=  2
current_cpu=  2
host=frontier05217
host=frontier04831
allowed=1-2
host=frontier07777
current_cpu=  2
host=frontier05469
host=frontier00793
allowed=1-2
host=frontier03424
allowed=1-2
host=frontier00541
host=frontier03035
allowed=1-2
host=frontier01958
host=frontier09012
allowed=1-2
host=frontier09255
host=frontier01178
host=frontier06627
host=frontier00427
allowed=1-2
current_cpu=  1
allowed=1-2
host=frontier03271
current_cpu=  2
allowed=1-2
current_cpu=  2
current_cpu=  2
current_cpu=  1
allowed=1-2
host=frontier06628
host=frontier01577
current_cpu=  1
allowed=1-2
host=frontier02614
host=frontier01831
current_cpu=  2
allowed=1-2
host=frontier07780
host=frontier08753
allowed=1-2
allowed=1-2
allowed=1-2
allowed=1-2
host=frontier10151
host=frontier09016
allowed=1-2
host=frontier02361
host=frontier04064
host=frontier02212
host=frontier05089
host=frontier01432
host=frontier06244
host=frontier02362
host=frontier08218
allowed=1-2
host=frontier01182
host=frontier01964
host=frontier05473
allowed=1-2
host=frontier05722
allowed=1-2
host=frontier02620
host=frontier04837
host=frontier03927
host=frontier05474
allowed=1-2
host=frontier01183
host=frontier03291
host=frontier06750
host=frontier08219
allowed=1-2
host=frontier05723
host=frontier00099
host=frontier04699
host=frontier01967
allowed=1-2
host=frontier04316
host=frontier08611
host=frontier04700
host=frontier00550
host=frontier08873
allowed=1-2
host=frontier03430
allowed=1-2
host=frontier05091
host=frontier02880
host=frontier05724
host=frontier01587
host=frontier02217
host=frontier02464
host=frontier09179
host=frontier02221
host=frontier10160
allowed=1-2
host=frontier02075
host=frontier04951
host=frontier07785
allowed=1-2
host=frontier01437
allowed=1-2
host=frontier00437
host=frontier02882
host=frontier07649
allowed=1-2
allowed=1-2
host=frontier05093
host=frontier08875
host=frontier03933
host=frontier06112
host=frontier04318
host=frontier02222
host=frontier07142
host=frontier04952
host=frontier06358
host=frontier05339
allowed=1-2
host=frontier02883
host=frontier00102
allowed=1-2
host=frontier01190
host=frontier06359
host=frontier09181
host=frontier02633
host=frontier08227
allowed=1-2
host=frontier04319
host=frontier00442
allowed=1-2
host=frontier05727
host=frontier02468
host=frontier04956
host=frontier02884
host=frontier01062
host=frontier05095
host=frontier10165
host=frontier00444
host=frontier04320
host=frontier08615
host=frontier09185
host=frontier01192
host=frontier00104
host=frontier08228
host=frontier05728
host=frontier04704
host=frontier06755
host=frontier02888
allowed=1-2
host=frontier01065
allowed=1-2
host=frontier07264
host=frontier06115
host=frontier02471
host=frontier02725
host=frontier07653
host=frontier05096
host=frontier10167
allowed=1-2
host=frontier04185
host=frontier01306
host=frontier09186
host=frontier00105
host=frontier08477
host=frontier07265
host=frontier02473
host=frontier01705
host=frontier05344
allowed=1-2
allowed=1-2
host=frontier10168
host=frontier09187
host=frontier01447
host=frontier02894
allowed=1-2
host=frontier00106
host=frontier07654
host=frontier06117
host=frontier03549
host=frontier02735
host=frontier00452
host=frontier01308
host=frontier08881
host=frontier03938
host=frontier03299
host=frontier09188
host=frontier04707
allowed=1-2
host=frontier02895
allowed=1-2
host=frontier07266
host=frontier09395
host=frontier08884
host=frontier04575
host=frontier03165
allowed=1-2
host=frontier04324
allowed=1-2
host=frontier00453
host=frontier01857
host=frontier02901
allowed=1-2
host=frontier07656
host=frontier09189
allowed=1-2
host=frontier03300
host=frontier01311
host=frontier05211
host=frontier03801
host=frontier04325
host=frontier02903
host=frontier05733
host=frontier02337
host=frontier02737
allowed=1-2
allowed=1-2
host=frontier01945
host=frontier08739
host=frontier04823
host=frontier02088
allowed=1-2
host=frontier02741
allowed=1-2
host=frontier04326
host=frontier09191
host=frontier09398
host=frontier08998
host=frontier08740
host=frontier06621
allowed=1-2
host=frontier03805
host=frontier01946
host=frontier00110
host=frontier04824
allowed=1-2
host=frontier03014
host=frontier07659
allowed=1-2
host=frontier04191
host=frontier08338
host=frontier09400
host=frontier06232
host=frontier08097
host=frontier05213
host=frontier03419
host=frontier04964
allowed=1-2
allowed=1-2
host=frontier04440
host=frontier02095
allowed=1-2
host=frontier02747
host=frontier01074
host=frontier05849
host=frontier03943
host=frontier06623
host=frontier03169
host=frontier08744
host=frontier09401
host=frontier01949
host=frontier03019
host=frontier08100
allowed=1-2
host=frontier01565
host=frontier08746
host=frontier02753
host=frontier04193
allowed=1-2
host=frontier05215
host=frontier01950
host=frontier06624
host=frontier09402
host=frontier03808
host=frontier01173
allowed=1-2
allowed=1-2
allowed=1-2
host=frontier05852
host=frontier04830
allowed=1-2
host=frontier08102
host=frontier07526
host=frontier06238
host=frontier00318
host=frontier03031
host=frontier03422
allowed=1-2
host=frontier03809
allowed=1-2
allowed=1-2
host=frontier00929
host=frontier09253
host=frontier02347
host=frontier04443
allowed=1-2
allowed=1-2
host=frontier01570
host=frontier08602
allowed=1-2
allowed=1-2
host=frontier03810
host=frontier00172
allowed=1-2
allowed=1-2
host=frontier03032
host=frontier02348
host=frontier09010
host=frontier00932
allowed=1-2
host=frontier04444
host=frontier04197
allowed=1-2
host=frontier03173
allowed=1-2
allowed=1-2
allowed=1-2
allowed=1-2
host=frontier08603
host=frontier01325
host=frontier03811
host=frontier00933
host=frontier02355
host=frontier04198
host=frontier05605
allowed=1-2
host=frontier07389
allowed=1-2
host=frontier03812
allowed=1-2
host=frontier04833
host=frontier06241
host=frontier09257
allowed=1-2
host=frontier02357
allowed=1-2
allowed=1-2
host=frontier06883
host=frontier04834
allowed=1-2
host=frontier06242
host=frontier00428
host=frontier03272
host=frontier01327
host=frontier09258
allowed=1-2
host=frontier06744
host=frontier05606
allowed=1-2
host=frontier03813
host=frontier05220
allowed=1-2
host=frontier00938
host=frontier06494
host=frontier01836
host=frontier09021
host=frontier04315
host=frontier00100
host=frontier00101
host=frontier05725
host=frontier10161
host=frontier01440
host=frontier06754
host=frontier00806
host=frontier00291
host=frontier06114
host=frontier02893
host=frontier01446
host=frontier04322
host=frontier06366
host=frontier00301
host=frontier04961
host=frontier03800
host=frontier07521
host=frontier07522
host=frontier00536
host=frontier01320
host=frontier04832
host=frontier01829
current_cpu=  2
current_cpu=  2
current_cpu=  1
allowed=1-2
allowed=1-2
current_cpu=  1
current_cpu=  2
current_cpu=  2
current_cpu=  1
allowed=1-2
allowed=1-2
allowed=1-2
current_cpu=  2
current_cpu=  1
current_cpu=  2
allowed=1-2
current_cpu=  2
allowed=1-2
current_cpu=  2
current_cpu=  1
current_cpu=  1
allowed=1-2
allowed=1-2
allowed=1-2
current_cpu=  2
allowed=1-2
allowed=1-2
allowed=1-2
allowed=1-2
current_cpu=  1
current_cpu=  1
current_cpu=  1
allowed=1-2
allowed=1-2
allowed=1-2
allowed=1-2
allowed=1-2
allowed=1-2
allowed=1-2
allowed=1-2
allowed=1-2
allowed=1-2
current_cpu=  2
allowed=1-2
allowed=1-2
allowed=1-2
current_cpu=  1
allowed=1-2
allowed=1-2
allowed=1-2
current_cpu=  1
current_cpu=  1
current_cpu=  2
allowed=1-2
allowed=1-2
allowed=1-2
current_cpu=  2
allowed=1-2
allowed=1-2
current_cpu=  1
current_cpu=  1
allowed=1-2
allowed=1-2
allowed=1-2
allowed=1-2
allowed=1-2
allowed=1-2
allowed=1-2
allowed=1-2
current_cpu=  1
current_cpu=  2
current_cpu=  2
current_cpu=  2
current_cpu=  1
allowed=1-2
allowed=1-2
current_cpu=  2
allowed=1-2
current_cpu=  2
allowed=1-2
allowed=1-2
allowed=1-2
allowed=1-2
allowed=1-2
current_cpu=  1
current_cpu=  2
allowed=1-2
current_cpu=  1
current_cpu=  2
allowed=1-2
allowed=1-2
current_cpu=  1
current_cpu=  1
allowed=1-2
allowed=1-2
allowed=1-2
allowed=1-2
allowed=1-2
allowed=1-2
allowed=1-2
current_cpu=  1
current_cpu=  2
current_cpu=  1
allowed=1-2
allowed=1-2
current_cpu=  1
allowed=1-2
allowed=1-2
allowed=1-2
allowed=1-2
allowed=1-2
allowed=1-2
allowed=1-2
host=frontier02091
current_cpu=  2
current_cpu=  2
allowed=1-2
allowed=1-2
current_cpu=  2
current_cpu=  1
allowed=1-2
host=frontier07015
current_cpu=  1
current_cpu=  1
allowed=1-2
allowed=1-2
allowed=1-2
current_cpu=  1
allowed=1-2
allowed=1-2
allowed=1-2
current_cpu=  2
allowed=1-2
current_cpu=  2
allowed=1-2
allowed=1-2
current_cpu=  1
allowed=1-2
allowed=1-2
allowed=1-2
allowed=1-2
host=frontier06485
allowed=1-2
allowed=1-2
current_cpu=  2
current_cpu=  2
allowed=1-2
allowed=1-2
current_cpu=  2
current_cpu=  2
allowed=1-2
allowed=1-2
current_cpu=  1
allowed=1-2
allowed=1-2
allowed=1-2
current_cpu=  1
allowed=1-2
allowed=1-2
allowed=1-2
allowed=1-2
current_cpu=  2
current_cpu=  1
allowed=1-2
allowed=1-2
allowed=1-2
current_cpu=  2
allowed=1-2
current_cpu=  2
allowed=1-2
current_cpu=  2
current_cpu=  1
allowed=1-2
current_cpu=  1
allowed=1-2
current_cpu=  2
current_cpu=  1
current_cpu=  2
current_cpu=  2
current_cpu=  1
allowed=1-2
current_cpu=  1
allowed=1-2
current_cpu=  2
current_cpu=  1
current_cpu=  2
allowed=1-2
allowed=1-2
allowed=1-2
allowed=1-2
current_cpu=  2
allowed=1-2
current_cpu=  2
allowed=1-2
host=frontier04835
allowed=1-2
current_cpu=  1
current_cpu=  2
current_cpu=  1
current_cpu=  1
allowed=1-2
host=frontier09018
current_cpu=  1
allowed=1-2
current_cpu=  1
allowed=1-2
allowed=1-2
allowed=1-2
current_cpu=  2
allowed=1-2
allowed=1-2
allowed=1-2
allowed=1-2
allowed=1-2
current_cpu=  2
allowed=1-2
current_cpu=  2
allowed=1-2
current_cpu=  1
current_cpu=  2
allowed=1-2
current_cpu=  1
allowed=1-2
current_cpu=  2
allowed=1-2
current_cpu=  2
allowed=1-2
current_cpu=  1
allowed=1-2
allowed=1-2
allowed=1-2
allowed=1-2
allowed=1-2
allowed=1-2
allowed=1-2
allowed=1-2
allowed=1-2
current_cpu=  2
allowed=1-2
allowed=1-2
current_cpu=  2
current_cpu=  2
current_cpu=  1
allowed=1-2
current_cpu=  1
allowed=1-2
current_cpu=  1
allowed=1-2
allowed=1-2
allowed=1-2
allowed=1-2
current_cpu=  2
allowed=1-2
allowed=1-2
allowed=1-2
allowed=1-2
allowed=1-2
allowed=1-2
allowed=1-2
allowed=1-2
allowed=1-2
current_cpu=  2
current_cpu=  2
current_cpu=  2
current_cpu=  1
allowed=1-2
allowed=1-2
allowed=1-2
allowed=1-2
allowed=1-2
current_cpu=  2
current_cpu=  2
current_cpu=  1
current_cpu=  1
allowed=1-2
allowed=1-2
allowed=1-2
allowed=1-2
current_cpu=  2
allowed=1-2
allowed=1-2
allowed=1-2
allowed=1-2
allowed=1-2
allowed=1-2
current_cpu=  1
allowed=1-2
current_cpu=  2
host=frontier06756
allowed=1-2
allowed=1-2
allowed=1-2
current_cpu=  1
allowed=1-2
current_cpu=  1
allowed=1-2
allowed=1-2
allowed=1-2
current_cpu=  1
allowed=1-2
allowed=1-2
allowed=1-2
allowed=1-2
allowed=1-2
current_cpu=  1
allowed=1-2
allowed=1-2
allowed=1-2
current_cpu=  2
allowed=1-2
current_cpu=  2
allowed=1-2
allowed=1-2
allowed=1-2
allowed=1-2
allowed=1-2
allowed=1-2
current_cpu=  2
allowed=1-2
current_cpu=  2
current_cpu=  2
allowed=1-2
allowed=1-2
allowed=1-2
allowed=1-2
allowed=1-2
allowed=1-2
allowed=1-2
current_cpu=  2
allowed=1-2
allowed=1-2
allowed=1-2
allowed=1-2
current_cpu=  2
allowed=1-2
allowed=1-2
allowed=1-2
allowed=1-2
allowed=1-2
allowed=1-2
allowed=1-2
allowed=1-2
allowed=1-2
allowed=1-2
allowed=1-2
allowed=1-2
current_cpu=  2
current_cpu=  2
current_cpu=  2
allowed=1-2
allowed=1-2
allowed=1-2
allowed=1-2
allowed=1-2
allowed=1-2
allowed=1-2
allowed=1-2
current_cpu=  1
allowed=1-2
current_cpu=  1
allowed=1-2
current_cpu=  1
allowed=1-2
current_cpu=  1
host=frontier03942
allowed=1-2
allowed=1-2
allowed=1-2
allowed=1-2
allowed=1-2
current_cpu=  1
current_cpu=  2
allowed=1-2
allowed=1-2
allowed=1-2
allowed=1-2
allowed=1-2
current_cpu=  1
current_cpu=  2
current_cpu=  1
allowed=1-2
allowed=1-2
current_cpu=  2
allowed=1-2
current_cpu=  1
allowed=1-2
allowed=1-2
allowed=1-2
allowed=1-2
allowed=1-2
allowed=1-2
allowed=1-2
allowed=1-2
current_cpu=  2
allowed=1-2
allowed=1-2
allowed=1-2
allowed=1-2
host=frontier00538
current_cpu=  1
allowed=1-2
allowed=1-2
allowed=1-2
allowed=1-2
allowed=1-2
allowed=1-2
current_cpu=  2
allowed=1-2
allowed=1-2
current_cpu=  2
current_cpu=  1
allowed=1-2
current_cpu=  2
current_cpu=  2
host=frontier08749
current_cpu=  1
allowed=1-2
allowed=1-2
allowed=1-2
current_cpu=  1
allowed=1-2
allowed=1-2
allowed=1-2
current_cpu=  2
allowed=1-2
current_cpu=  1
allowed=1-2
allowed=1-2
current_cpu=  2
allowed=1-2
allowed=1-2
current_cpu=  2
allowed=1-2
allowed=1-2
allowed=1-2
allowed=1-2
current_cpu=  1
current_cpu=  1
allowed=1-2
host=frontier08752
current_cpu=  2
current_cpu=  2
allowed=1-2
allowed=1-2
current_cpu=  2
allowed=1-2
allowed=1-2
current_cpu=  1
allowed=1-2
current_cpu=  1
host=frontier04199
current_cpu=  2
current_cpu=  2
current_cpu=  1
current_cpu=  1
current_cpu=  1
current_cpu=  1
current_cpu=  2
current_cpu=  2
current_cpu=  2
current_cpu=  1
current_cpu=  2
current_cpu=  2
current_cpu=  1
current_cpu=  2
current_cpu=  1
current_cpu=  2
current_cpu=  1
current_cpu=  2
current_cpu=  1
allowed=1-2
current_cpu=  2
current_cpu=  1
current_cpu=  1
current_cpu=  1
current_cpu=  2
current_cpu=  1
current_cpu=  2
current_cpu=  2
current_cpu=  2
current_cpu=  1
current_cpu=  1
current_cpu=  1
current_cpu=  2
current_cpu=  1
current_cpu=  2
current_cpu=  2
current_cpu=  1
current_cpu=  2
current_cpu=  1
current_cpu=  1
current_cpu=  2
current_cpu=  1
current_cpu=  2
current_cpu=  2
current_cpu=  1
current_cpu=  1
current_cpu=  2
current_cpu=  2
current_cpu=  2
current_cpu=  1
current_cpu=  1
current_cpu=  1
current_cpu=  1
current_cpu=  1
current_cpu=  2
current_cpu=  1
current_cpu=  2
current_cpu=  1
current_cpu=  2
current_cpu=  2
current_cpu=  2
current_cpu=  2
current_cpu=  2
current_cpu=  2
current_cpu=  2
current_cpu=  1
current_cpu=  1
current_cpu=  2
current_cpu=  1
current_cpu=  2
current_cpu=  1
current_cpu=  1
current_cpu=  2
current_cpu=  2
current_cpu=  2
current_cpu=  2
current_cpu=  1
current_cpu=  2
current_cpu=  2
current_cpu=  2
current_cpu=  2
current_cpu=  2
current_cpu=  2
current_cpu=  2
current_cpu=  2
current_cpu=  1
current_cpu=  2
current_cpu=  1
current_cpu=  1
current_cpu=  2
current_cpu=  2
current_cpu=  2
current_cpu=  1
current_cpu=  1
current_cpu=  2
current_cpu=  2
current_cpu=  2
current_cpu=  1
current_cpu=  2
current_cpu=  1
current_cpu=  1
current_cpu=  1
host=frontier06367
current_cpu=  2
allowed=1-2
current_cpu=  1
current_cpu=  2
host=frontier04701
current_cpu=  2
current_cpu=  2
current_cpu=  2
current_cpu=  2
current_cpu=  2
current_cpu=  2
current_cpu=  2
current_cpu=  2
allowed=1-2
current_cpu=  2
current_cpu=  1
current_cpu=  1
allowed=1-2
current_cpu=  2
current_cpu=  2
current_cpu=  1
current_cpu=  2
current_cpu=  2
current_cpu=  2
current_cpu=  1
current_cpu=  1
current_cpu=  2
current_cpu=  2
current_cpu=  1
current_cpu=  2
current_cpu=  1
current_cpu=  1
current_cpu=  1
current_cpu=  1
current_cpu=  1
current_cpu=  2
current_cpu=  2
current_cpu=  2
current_cpu=  1
current_cpu=  2
current_cpu=  1
current_cpu=  2
current_cpu=  2
current_cpu=  1
host=frontier08879
current_cpu=  1
current_cpu=  2
current_cpu=  1
current_cpu=  2
allowed=1-2
current_cpu=  1
current_cpu=  1
current_cpu=  1
current_cpu=  2
current_cpu=  2
allowed=1-2
current_cpu=  2
current_cpu=  1
current_cpu=  1
current_cpu=  1
current_cpu=  2
current_cpu=  2
current_cpu=  2
allowed=1-2
current_cpu=  2
current_cpu=  2
current_cpu=  2
current_cpu=  1
allowed=1-2
current_cpu=  1
current_cpu=  1
current_cpu=  2
current_cpu=  1
current_cpu=  2
allowed=1-2
current_cpu=  2
current_cpu=  2
current_cpu=  2
current_cpu=  1
current_cpu=  2
current_cpu=  2
current_cpu=  2
current_cpu=  2
current_cpu=  1
current_cpu=  1
current_cpu=  1
current_cpu=  1
host=frontier03807
current_cpu=  1
current_cpu=  2
current_cpu=  2
host=frontier01843
current_cpu=  2
current_cpu=  1
allowed=1-2
current_cpu=  1
current_cpu=  2
allowed=1-2
current_cpu=  1
current_cpu=  2
current_cpu=  1
current_cpu=  2
current_cpu=  1
current_cpu=  1
current_cpu=  2
current_cpu=  1
current_cpu=  1
current_cpu=  2
allowed=1-2
current_cpu=  1
current_cpu=  2
current_cpu=  1
current_cpu=  1
current_cpu=  2
current_cpu=  1
current_cpu=  2
current_cpu=  2
current_cpu=  1
current_cpu=  1
current_cpu=  2
current_cpu=  2
current_cpu=  1
current_cpu=  1
allowed=1-2
current_cpu=  1
allowed=1-2
current_cpu=  2
current_cpu=  2
allowed=1-2
current_cpu=  1
current_cpu=  2
current_cpu=  1
allowed=1-2
current_cpu=  2
current_cpu=  2
allowed=1-2
allowed=1-2
current_cpu=  1
current_cpu=  1
allowed=1-2
current_cpu=  2
allowed=1-2
allowed=1-2
current_cpu=  1
current_cpu=  1
allowed=1-2
allowed=1-2
current_cpu=  1
current_cpu=  2
allowed=1-2
allowed=1-2
host=frontier00181
current_cpu=  1
allowed=1-2
allowed=1-2
current_cpu=  1
allowed=1-2
current_cpu=  1
allowed=1-2
current_cpu=  1
allowed=1-2
current_cpu=  1
current_cpu=  1
current_cpu=  2
allowed=1-2
current_cpu=  2
allowed=1-2
current_cpu=  1
allowed=1-2
current_cpu=  2
current_cpu=  2
allowed=1-2
allowed=1-2
current_cpu=  2
current_cpu=  1
current_cpu=  2
allowed=1-2
current_cpu=  2
host=frontier09264
allowed=1-2
allowed=1-2
current_cpu=  2
current_cpu=  1
host=frontier01433
current_cpu=  1
current_cpu=  2
allowed=1-2
allowed=1-2
allowed=1-2
current_cpu=  2
current_cpu=  2
allowed=1-2
allowed=1-2
current_cpu=  1
current_cpu=  2
allowed=1-2
current_cpu=  1
allowed=1-2
allowed=1-2
current_cpu=  2
allowed=1-2
current_cpu=  1
host=frontier10158
allowed=1-2
allowed=1-2
current_cpu=  1
current_cpu=  2
current_cpu=  1
allowed=1-2
current_cpu=  2
current_cpu=  2
allowed=1-2
allowed=1-2
current_cpu=  1
allowed=1-2
current_cpu=  2
allowed=1-2
current_cpu=  2
allowed=1-2
allowed=1-2
allowed=1-2
current_cpu=  2
allowed=1-2
current_cpu=  1
allowed=1-2
current_cpu=  1
allowed=1-2
current_cpu=  1
allowed=1-2
current_cpu=  1
current_cpu=  1
allowed=1-2
allowed=1-2
current_cpu=  1
current_cpu=  2
allowed=1-2
current_cpu=  2
current_cpu=  1
current_cpu=  1
allowed=1-2
current_cpu=  2
current_cpu=  1
allowed=1-2
current_cpu=  1
current_cpu=  1
current_cpu=  1
allowed=1-2
current_cpu=  2
allowed=1-2
current_cpu=  2
current_cpu=  1
current_cpu=  2
allowed=1-2
current_cpu=  2
allowed=1-2
allowed=1-2
current_cpu=  1
allowed=1-2
allowed=1-2
current_cpu=  1
current_cpu=  1
allowed=1-2
allowed=1-2
current_cpu=  1
current_cpu=  2
allowed=1-2
allowed=1-2
allowed=1-2
current_cpu=  1
allowed=1-2
allowed=1-2
current_cpu=  1
current_cpu=  2
allowed=1-2
current_cpu=  2
current_cpu=  2
allowed=1-2
current_cpu=  1
allowed=1-2
current_cpu=  2
current_cpu=  1
allowed=1-2
allowed=1-2
current_cpu=  2
allowed=1-2
current_cpu=  1
current_cpu=  2
allowed=1-2
allowed=1-2
current_cpu=  2
current_cpu=  1
current_cpu=  2
allowed=1-2
current_cpu=  2
current_cpu=  2
allowed=1-2
current_cpu=  1
current_cpu=  1
current_cpu=  1
current_cpu=  2
allowed=1-2
current_cpu=  1
allowed=1-2
current_cpu=  2
allowed=1-2
current_cpu=  1
allowed=1-2
current_cpu=  2
allowed=1-2
current_cpu=  2
allowed=1-2
current_cpu=  1
allowed=1-2
current_cpu=  1
current_cpu=  1
current_cpu=  2
current_cpu=  1
allowed=1-2
allowed=1-2
current_cpu=  2
current_cpu=  2
host=frontier01445
allowed=1-2
current_cpu=  2
current_cpu=  1
allowed=1-2
allowed=1-2
current_cpu=  1
allowed=1-2
current_cpu=  2
allowed=1-2
current_cpu=  2
current_cpu=  2
current_cpu=  2
current_cpu=  2
allowed=1-2
allowed=1-2
current_cpu=  1
allowed=1-2
current_cpu=  1
allowed=1-2
current_cpu=  2
current_cpu=  2
allowed=1-2
current_cpu=  1
current_cpu=  2
allowed=1-2
current_cpu=  2
allowed=1-2
allowed=1-2
allowed=1-2
current_cpu=  1
current_cpu=  2
current_cpu=  2
allowed=1-2
current_cpu=  2
current_cpu=  1
allowed=1-2
allowed=1-2
current_cpu=  1
current_cpu=  2
current_cpu=  2
allowed=1-2
current_cpu=  1
allowed=1-2
allowed=1-2
allowed=1-2
current_cpu=  2
current_cpu=  1
current_cpu=  2
allowed=1-2
current_cpu=  1
allowed=1-2
current_cpu=  2
host=frontier08731
current_cpu=  2
allowed=1-2
current_cpu=  1
host=frontier05732
current_cpu=  2
allowed=1-2
allowed=1-2
allowed=1-2
current_cpu=  1
current_cpu=  2
current_cpu=  2
allowed=1-2
current_cpu=  1
current_cpu=  1
allowed=1-2
allowed=1-2
allowed=1-2
current_cpu=  2
current_cpu=  2
allowed=1-2
current_cpu=  2
current_cpu=  2
allowed=1-2
allowed=1-2
current_cpu=  2
current_cpu=  1
current_cpu=  2
allowed=1-2
current_cpu=  2
current_cpu=  1
allowed=1-2
host=frontier09394
allowed=1-2
allowed=1-2
current_cpu=  1
current_cpu=  1
allowed=1-2
allowed=1-2
current_cpu=  2
current_cpu=  1
allowed=1-2
allowed=1-2
current_cpu=  2
allowed=1-2
current_cpu=  1
allowed=1-2
current_cpu=  2
current_cpu=  2
current_cpu=  1
allowed=1-2
current_cpu=  1
allowed=1-2
current_cpu=  1
allowed=1-2
current_cpu=  2
allowed=1-2
current_cpu=  1
allowed=1-2
current_cpu=  2
allowed=1-2
current_cpu=  2
current_cpu=  2
allowed=1-2
current_cpu=  2
current_cpu=  1
allowed=1-2
current_cpu=  2
allowed=1-2
current_cpu=  2
current_cpu=  2
allowed=1-2
allowed=1-2
current_cpu=  2
current_cpu=  2
allowed=1-2
allowed=1-2
current_cpu=  2
current_cpu=  2
current_cpu=  1
current_cpu=  2
current_cpu=  2
allowed=1-2
allowed=1-2
allowed=1-2
allowed=1-2
allowed=1-2
current_cpu=  2
current_cpu=  1
host=frontier02481
allowed=1-2
allowed=1-2
current_cpu=  1
allowed=1-2
allowed=1-2
current_cpu=  2
current_cpu=  1
allowed=1-2
current_cpu=  1
current_cpu=  1
allowed=1-2
current_cpu=  2
allowed=1-2
current_cpu=  1
allowed=1-2
current_cpu=  1
allowed=1-2
current_cpu=  2
current_cpu=  1
allowed=1-2
current_cpu=  1
allowed=1-2
allowed=1-2
allowed=1-2
current_cpu=  2
current_cpu=  2
allowed=1-2
allowed=1-2
current_cpu=  2
current_cpu=  1
allowed=1-2
current_cpu=  2
allowed=1-2
allowed=1-2
current_cpu=  1
current_cpu=  2
host=frontier02905
allowed=1-2
allowed=1-2
current_cpu=  1
current_cpu=  1
allowed=1-2
current_cpu=  2
current_cpu=  1
current_cpu=  1
current_cpu=  2
allowed=1-2
current_cpu=  1
allowed=1-2
current_cpu=  1
current_cpu=  1
current_cpu=  2
allowed=1-2
current_cpu=  2
allowed=1-2
current_cpu=  2
allowed=1-2
current_cpu=  1
allowed=1-2
current_cpu=  2
allowed=1-2
current_cpu=  2
host=frontier08743
allowed=1-2
allowed=1-2
current_cpu=  1
allowed=1-2
allowed=1-2
allowed=1-2
current_cpu=  2
current_cpu=  1
allowed=1-2
current_cpu=  1
current_cpu=  1
current_cpu=  2
allowed=1-2
allowed=1-2
current_cpu=  1
current_cpu=  1
current_cpu=  2
allowed=1-2
current_cpu=  1
current_cpu=  1
allowed=1-2
allowed=1-2
current_cpu=  2
allowed=1-2
current_cpu=  2
allowed=1-2
current_cpu=  2
current_cpu=  1
allowed=1-2
allowed=1-2
current_cpu=  1
current_cpu=  1
allowed=1-2
allowed=1-2
current_cpu=  2
current_cpu=  2
allowed=1-2
allowed=1-2
current_cpu=  1
current_cpu=  2
current_cpu=  1
allowed=1-2
current_cpu=  2
allowed=1-2
current_cpu=  2
current_cpu=  1
allowed=1-2
allowed=1-2
current_cpu=  1
allowed=1-2
current_cpu=  1
current_cpu=  2
allowed=1-2
allowed=1-2
current_cpu=  1
current_cpu=  1
host=frontier04069
allowed=1-2
current_cpu=  1
allowed=1-2
current_cpu=  1
allowed=1-2
current_cpu=  2
allowed=1-2
current_cpu=  1
allowed=1-2
current_cpu=  2
current_cpu=  1
current_cpu=  2
current_cpu=  2
current_cpu=  1
current_cpu=  1
allowed=1-2
allowed=1-2
current_cpu=  1
current_cpu=  1
current_cpu=  2
current_cpu=  2
allowed=1-2
allowed=1-2
current_cpu=  2
current_cpu=  1
allowed=1-2
allowed=1-2
current_cpu=  1
current_cpu=  2
allowed=1-2
allowed=1-2
current_cpu=  1
current_cpu=  1
current_cpu=  2
current_cpu=  2
allowed=1-2
host=frontier04071
current_cpu=  1
allowed=1-2
current_cpu=  2
current_cpu=  1
current_cpu=  2
current_cpu=  2
allowed=1-2
allowed=1-2
current_cpu=  1
current_cpu=  1
current_cpu=  2
allowed=1-2
current_cpu=  2
allowed=1-2
current_cpu=  1
current_cpu=  1
current_cpu=  2
allowed=1-2
current_cpu=  2
allowed=1-2
current_cpu=  1
current_cpu=  1
current_cpu=  1
current_cpu=  2
allowed=1-2
allowed=1-2
current_cpu=  2
current_cpu=  2
current_cpu=  2
allowed=1-2
current_cpu=  2
allowed=1-2
allowed=1-2
allowed=1-2
current_cpu=  1
current_cpu=  1
current_cpu=  1
allowed=1-2
allowed=1-2
current_cpu=  2
allowed=1-2
current_cpu=  1
current_cpu=  1
allowed=1-2
current_cpu=  1
host=frontier04583
current_cpu=  1
allowed=1-2
current_cpu=  1
current_cpu=  1
current_cpu=  1
current_cpu=  2
current_cpu=  1
allowed=1-2
current_cpu=  2
allowed=1-2
current_cpu=  1
current_cpu=  1
current_cpu=  2
allowed=1-2
current_cpu=  2
allowed=1-2
current_cpu=  2
current_cpu=  1
current_cpu=  1
allowed=1-2
current_cpu=  2
allowed=1-2
current_cpu=  2
current_cpu=  1
current_cpu=  2
allowed=1-2
current_cpu=  1
allowed=1-2
allowed=1-2
current_cpu=  1
current_cpu=  1
allowed=1-2
current_cpu=  2
current_cpu=  1
current_cpu=  2
allowed=1-2
current_cpu=  1
allowed=1-2
allowed=1-2
current_cpu=  2
current_cpu=  2
allowed=1-2
current_cpu=  1
current_cpu=  2
current_cpu=  1
allowed=1-2
current_cpu=  1
allowed=1-2
current_cpu=  2
current_cpu=  2
current_cpu=  2
current_cpu=  2
current_cpu=  1
current_cpu=  2
allowed=1-2
allowed=1-2
current_cpu=  2
current_cpu=  1
allowed=1-2
allowed=1-2
current_cpu=  2
current_cpu=  2
allowed=1-2
current_cpu=  2
current_cpu=  1
allowed=1-2
current_cpu=  2
allowed=1-2
current_cpu=  1
current_cpu=  2
allowed=1-2
allowed=1-2
current_cpu=  2
current_cpu=  2
current_cpu=  2
allowed=1-2
current_cpu=  1
allowed=1-2
current_cpu=  2
current_cpu=  1
allowed=1-2
allowed=1-2
current_cpu=  1
current_cpu=  1
allowed=1-2
allowed=1-2
current_cpu=  2
host=frontier05475
allowed=1-2
allowed=1-2
allowed=1-2
allowed=1-2
current_cpu=  2
current_cpu=  1
current_cpu=  2
current_cpu=  2
current_cpu=  1
allowed=1-2
current_cpu=  1
current_cpu=  1
current_cpu=  2
allowed=1-2
current_cpu=  2
allowed=1-2
current_cpu=  1
current_cpu=  2
allowed=1-2
allowed=1-2
current_cpu=  2
current_cpu=  2
allowed=1-2
allowed=1-2
current_cpu=  2
current_cpu=  1
current_cpu=  1
allowed=1-2
allowed=1-2
current_cpu=  2
allowed=1-2
allowed=1-2
current_cpu=  1
current_cpu=  1
host=frontier07011
allowed=1-2
current_cpu=  2
allowed=1-2
current_cpu=  2
allowed=1-2
current_cpu=  1
allowed=1-2
current_cpu=  1
allowed=1-2
current_cpu=  1
allowed=1-2
current_cpu=  1
allowed=1-2
current_cpu=  1
host=frontier08107
current_cpu=  1
allowed=1-2
allowed=1-2
allowed=1-2
current_cpu=  1
current_cpu=  1
host=frontier03674
host=frontier08101
allowed=1-2
allowed=1-2
current_cpu=  2
host=frontier02211
current_cpu=  1
current_cpu=  2
allowed=1-2
current_cpu=  2
current_cpu=  1
current_cpu=  1
current_cpu=  1
current_cpu=  2
current_cpu=  2
current_cpu=  2
allowed=1-2
allowed=1-2
current_cpu=  1
allowed=1-2
current_cpu=  1
current_cpu=  1
current_cpu=  1
current_cpu=  2
current_cpu=  1
current_cpu=  2
current_cpu=  1
current_cpu=  2
current_cpu=  2
host=frontier00449
current_cpu=  2
current_cpu=  1
current_cpu=  2
current_cpu=  1
current_cpu=  1
current_cpu=  2
host=frontier00534
current_cpu=  1
host=frontier03806
current_cpu=  1
current_cpu=  2
current_cpu=  2
current_cpu=  1
current_cpu=  1
current_cpu=  2
current_cpu=  2
current_cpu=  2
current_cpu=  1
current_cpu=  1
current_cpu=  1
current_cpu=  2
current_cpu=  2
current_cpu=  2
current_cpu=  2
current_cpu=  1
current_cpu=  1
current_cpu=  2
current_cpu=  2
allowed=1-2
current_cpu=  2
current_cpu=  2
allowed=1-2
host=frontier05719
allowed=1-2
current_cpu=  1
current_cpu=  1
current_cpu=  1
allowed=1-2
current_cpu=  2
current_cpu=  2
current_cpu=  1
current_cpu=  1
current_cpu=  2
current_cpu=  2
current_cpu=  2
current_cpu=  2
current_cpu=  1
current_cpu=  1
current_cpu=  2
current_cpu=  2
current_cpu=  2
current_cpu=  2
current_cpu=  1
allowed=1-2
allowed=1-2
current_cpu=  1
allowed=1-2
allowed=1-2
current_cpu=  1
current_cpu=  1
current_cpu=  2
current_cpu=  2
current_cpu=  2
current_cpu=  1
current_cpu=  1
current_cpu=  1
current_cpu=  1
current_cpu=  1
current_cpu=  2
current_cpu=  1
current_cpu=  2
current_cpu=  2
current_cpu=  2
current_cpu=  1
current_cpu=  1
current_cpu=  2
current_cpu=  2
current_cpu=  1
+ echo 'Launching Copper Gracefully On All Nodes : End'
Launching Copper Gracefully On All Nodes : End
+ conda activate /mnt/bb/wcastil/copper_mount/lustre/orion/stf243/world-shared/hagertnl/CUG26/benchmark_builds/python-pytorch/conda_env
+ local cmd=activate
+ case "$cmd" in
+ __conda_activate activate /mnt/bb/wcastil/copper_mount/lustre/orion/stf243/world-shared/hagertnl/CUG26/benchmark_builds/python-pytorch/conda_env
+ '[' -n '' ']'
+ local ask_conda
++ PS1='(base) '
++ __conda_exe shell.posix activate /mnt/bb/wcastil/copper_mount/lustre/orion/stf243/world-shared/hagertnl/CUG26/benchmark_builds/python-pytorch/conda_env
++ /autofs/nccs-svm1_sw/frontier/miniforge3/23.11.0-0/bin/conda shell.posix activate /mnt/bb/wcastil/copper_mount/lustre/orion/stf243/world-shared/hagertnl/CUG26/benchmark_builds/python-pytorch/conda_env
+ ask_conda='. "/autofs/nccs-svm1_sw/frontier/miniforge3/23.11.0-0/etc/conda/deactivate.d/libxml2_deactivate.sh"
. "/autofs/nccs-svm1_sw/frontier/miniforge3/23.11.0-0/etc/conda/deactivate.d/libglib_deactivate.sh"
PS1='\''(/mnt/bb/wcastil/copper_mount/lustre/orion/stf243/world-shared/hagertnl/CUG26/benchmark_builds/python-pytorch/conda_env) '\''
export PATH='\''/mnt/bb/wcastil/copper_mount/lustre/orion/stf243/world-shared/hagertnl/CUG26/benchmark_builds/python-pytorch/conda_env/bin:/sw/frontier/lfs-wrapper/0.0.1/bin/lfs:/sw/frontier/miniforge3/23.11.0-0/bin:/opt/cray/libfabric/1.22.0/bin:/opt/rocm-6.4.2/bin:/sw/frontier/spack-envs/cpe25.09-cpu/opt/llvm-amdgpu-6.4.2/darshan-runtime-3.4.7-tvdocpzv3jfj4y6ki5jvmmkics323gon/bin:/opt/cray/pe/mpich/9.0.1/ofi/amd/6.0/bin:/opt/cray/pe/mpich/9.0.1/bin:/opt/cray/pe/perftools/25.09.0/bin:/opt/cray/pe/papi/7.2.0.2/bin:/opt/cray/pe/craype/2.7.35/bin:/sw/frontier/ums/ums046/copper/build:/autofs/nccs-svm1_sw/frontier/miniforge3/23.11.0-0/condabin:/sw/sources/hpss/bin:/sw/frontier/spack-envs/core-25.03/opt/gcc-13.2/tmux-3.4-fcqqko3j4ga67yuc7zxaqcwsix5hns2v/bin:/opt/clmgr/sbin:/opt/clmgr/bin:/opt/sgi/sbin:/opt/sgi/bin:/sw/frontier/bin:/ccs/home/wcastil/.local/bin:/usr/local/bin:/usr/bin:/bin:/opt/bin:/opt/c3/bin:/usr/lib/mit/bin:/opt/puppetlabs/bin:/opt/cray/pe/bin'\''
export CONDA_PREFIX='\''/mnt/bb/wcastil/copper_mount/lustre/orion/stf243/world-shared/hagertnl/CUG26/benchmark_builds/python-pytorch/conda_env'\''
export CONDA_SHLVL='\''2'\''
export CONDA_DEFAULT_ENV='\''/mnt/bb/wcastil/copper_mount/lustre/orion/stf243/world-shared/hagertnl/CUG26/benchmark_builds/python-pytorch/conda_env'\''
export CONDA_PROMPT_MODIFIER='\''(/mnt/bb/wcastil/copper_mount/lustre/orion/stf243/world-shared/hagertnl/CUG26/benchmark_builds/python-pytorch/conda_env) '\''
export CONDA_PREFIX_1='\''/autofs/nccs-svm1_sw/frontier/miniforge3/23.11.0-0'\''
export CONDA_EXE='\''/autofs/nccs-svm1_sw/frontier/miniforge3/23.11.0-0/bin/conda'\''
export _CE_M='\'''\''
export _CE_CONDA='\'''\''
export CONDA_PYTHON_EXE='\''/autofs/nccs-svm1_sw/frontier/miniforge3/23.11.0-0/bin/python'\'''
+ eval '. "/autofs/nccs-svm1_sw/frontier/miniforge3/23.11.0-0/etc/conda/deactivate.d/libxml2_deactivate.sh"
. "/autofs/nccs-svm1_sw/frontier/miniforge3/23.11.0-0/etc/conda/deactivate.d/libglib_deactivate.sh"
PS1='\''(/mnt/bb/wcastil/copper_mount/lustre/orion/stf243/world-shared/hagertnl/CUG26/benchmark_builds/python-pytorch/conda_env) '\''
export PATH='\''/mnt/bb/wcastil/copper_mount/lustre/orion/stf243/world-shared/hagertnl/CUG26/benchmark_builds/python-pytorch/conda_env/bin:/sw/frontier/lfs-wrapper/0.0.1/bin/lfs:/sw/frontier/miniforge3/23.11.0-0/bin:/opt/cray/libfabric/1.22.0/bin:/opt/rocm-6.4.2/bin:/sw/frontier/spack-envs/cpe25.09-cpu/opt/llvm-amdgpu-6.4.2/darshan-runtime-3.4.7-tvdocpzv3jfj4y6ki5jvmmkics323gon/bin:/opt/cray/pe/mpich/9.0.1/ofi/amd/6.0/bin:/opt/cray/pe/mpich/9.0.1/bin:/opt/cray/pe/perftools/25.09.0/bin:/opt/cray/pe/papi/7.2.0.2/bin:/opt/cray/pe/craype/2.7.35/bin:/sw/frontier/ums/ums046/copper/build:/autofs/nccs-svm1_sw/frontier/miniforge3/23.11.0-0/condabin:/sw/sources/hpss/bin:/sw/frontier/spack-envs/core-25.03/opt/gcc-13.2/tmux-3.4-fcqqko3j4ga67yuc7zxaqcwsix5hns2v/bin:/opt/clmgr/sbin:/opt/clmgr/bin:/opt/sgi/sbin:/opt/sgi/bin:/sw/frontier/bin:/ccs/home/wcastil/.local/bin:/usr/local/bin:/usr/bin:/bin:/opt/bin:/opt/c3/bin:/usr/lib/mit/bin:/opt/puppetlabs/bin:/opt/cray/pe/bin'\''
export CONDA_PREFIX='\''/mnt/bb/wcastil/copper_mount/lustre/orion/stf243/world-shared/hagertnl/CUG26/benchmark_builds/python-pytorch/conda_env'\''
export CONDA_SHLVL='\''2'\''
export CONDA_DEFAULT_ENV='\''/mnt/bb/wcastil/copper_mount/lustre/orion/stf243/world-shared/hagertnl/CUG26/benchmark_builds/python-pytorch/conda_env'\''
export CONDA_PROMPT_MODIFIER='\''(/mnt/bb/wcastil/copper_mount/lustre/orion/stf243/world-shared/hagertnl/CUG26/benchmark_builds/python-pytorch/conda_env) '\''
export CONDA_PREFIX_1='\''/autofs/nccs-svm1_sw/frontier/miniforge3/23.11.0-0'\''
export CONDA_EXE='\''/autofs/nccs-svm1_sw/frontier/miniforge3/23.11.0-0/bin/conda'\''
export _CE_M='\'''\''
export _CE_CONDA='\'''\''
export CONDA_PYTHON_EXE='\''/autofs/nccs-svm1_sw/frontier/miniforge3/23.11.0-0/bin/python'\'''
++ . /autofs/nccs-svm1_sw/frontier/miniforge3/23.11.0-0/etc/conda/deactivate.d/libxml2_deactivate.sh
+++ test -n ''
+++ unset XML_CATALOG_FILES
+++ unset xml_catalog_files_libxml2
++ . /autofs/nccs-svm1_sw/frontier/miniforge3/23.11.0-0/etc/conda/deactivate.d/libglib_deactivate.sh
+++ export GSETTINGS_SCHEMA_DIR=
+++ GSETTINGS_SCHEMA_DIR=
+++ unset GSETTINGS_SCHEMA_DIR_CONDA_BACKUP
+++ '[' -z ']'
+++ unset GSETTINGS_SCHEMA_DIR
++ PS1='(/mnt/bb/wcastil/copper_mount/lustre/orion/stf243/world-shared/hagertnl/CUG26/benchmark_builds/python-pytorch/conda_env) '
++ export PATH=/mnt/bb/wcastil/copper_mount/lustre/orion/stf243/world-shared/hagertnl/CUG26/benchmark_builds/python-pytorch/conda_env/bin:/sw/frontier/lfs-wrapper/0.0.1/bin/lfs:/sw/frontier/miniforge3/23.11.0-0/bin:/opt/cray/libfabric/1.22.0/bin:/opt/rocm-6.4.2/bin:/sw/frontier/spack-envs/cpe25.09-cpu/opt/llvm-amdgpu-6.4.2/darshan-runtime-3.4.7-tvdocpzv3jfj4y6ki5jvmmkics323gon/bin:/opt/cray/pe/mpich/9.0.1/ofi/amd/6.0/bin:/opt/cray/pe/mpich/9.0.1/bin:/opt/cray/pe/perftools/25.09.0/bin:/opt/cray/pe/papi/7.2.0.2/bin:/opt/cray/pe/craype/2.7.35/bin:/sw/frontier/ums/ums046/copper/build:/autofs/nccs-svm1_sw/frontier/miniforge3/23.11.0-0/condabin:/sw/sources/hpss/bin:/sw/frontier/spack-envs/core-25.03/opt/gcc-13.2/tmux-3.4-fcqqko3j4ga67yuc7zxaqcwsix5hns2v/bin:/opt/clmgr/sbin:/opt/clmgr/bin:/opt/sgi/sbin:/opt/sgi/bin:/sw/frontier/bin:/ccs/home/wcastil/.local/bin:/usr/local/bin:/usr/bin:/bin:/opt/bin:/opt/c3/bin:/usr/lib/mit/bin:/opt/puppetlabs/bin:/opt/cray/pe/bin
++ PATH=/mnt/bb/wcastil/copper_mount/lustre/orion/stf243/world-shared/hagertnl/CUG26/benchmark_builds/python-pytorch/conda_env/bin:/sw/frontier/lfs-wrapper/0.0.1/bin/lfs:/sw/frontier/miniforge3/23.11.0-0/bin:/opt/cray/libfabric/1.22.0/bin:/opt/rocm-6.4.2/bin:/sw/frontier/spack-envs/cpe25.09-cpu/opt/llvm-amdgpu-6.4.2/darshan-runtime-3.4.7-tvdocpzv3jfj4y6ki5jvmmkics323gon/bin:/opt/cray/pe/mpich/9.0.1/ofi/amd/6.0/bin:/opt/cray/pe/mpich/9.0.1/bin:/opt/cray/pe/perftools/25.09.0/bin:/opt/cray/pe/papi/7.2.0.2/bin:/opt/cray/pe/craype/2.7.35/bin:/sw/frontier/ums/ums046/copper/build:/autofs/nccs-svm1_sw/frontier/miniforge3/23.11.0-0/condabin:/sw/sources/hpss/bin:/sw/frontier/spack-envs/core-25.03/opt/gcc-13.2/tmux-3.4-fcqqko3j4ga67yuc7zxaqcwsix5hns2v/bin:/opt/clmgr/sbin:/opt/clmgr/bin:/opt/sgi/sbin:/opt/sgi/bin:/sw/frontier/bin:/ccs/home/wcastil/.local/bin:/usr/local/bin:/usr/bin:/bin:/opt/bin:/opt/c3/bin:/usr/lib/mit/bin:/opt/puppetlabs/bin:/opt/cray/pe/bin
++ export CONDA_PREFIX=/mnt/bb/wcastil/copper_mount/lustre/orion/stf243/world-shared/hagertnl/CUG26/benchmark_builds/python-pytorch/conda_env
++ CONDA_PREFIX=/mnt/bb/wcastil/copper_mount/lustre/orion/stf243/world-shared/hagertnl/CUG26/benchmark_builds/python-pytorch/conda_env
++ export CONDA_SHLVL=2
++ CONDA_SHLVL=2
++ export CONDA_DEFAULT_ENV=/mnt/bb/wcastil/copper_mount/lustre/orion/stf243/world-shared/hagertnl/CUG26/benchmark_builds/python-pytorch/conda_env
++ CONDA_DEFAULT_ENV=/mnt/bb/wcastil/copper_mount/lustre/orion/stf243/world-shared/hagertnl/CUG26/benchmark_builds/python-pytorch/conda_env
++ export 'CONDA_PROMPT_MODIFIER=(/mnt/bb/wcastil/copper_mount/lustre/orion/stf243/world-shared/hagertnl/CUG26/benchmark_builds/python-pytorch/conda_env) '
++ CONDA_PROMPT_MODIFIER='(/mnt/bb/wcastil/copper_mount/lustre/orion/stf243/world-shared/hagertnl/CUG26/benchmark_builds/python-pytorch/conda_env) '
++ export CONDA_PREFIX_1=/autofs/nccs-svm1_sw/frontier/miniforge3/23.11.0-0
++ CONDA_PREFIX_1=/autofs/nccs-svm1_sw/frontier/miniforge3/23.11.0-0
++ export CONDA_EXE=/autofs/nccs-svm1_sw/frontier/miniforge3/23.11.0-0/bin/conda
++ CONDA_EXE=/autofs/nccs-svm1_sw/frontier/miniforge3/23.11.0-0/bin/conda
++ export _CE_M=
++ _CE_M=
++ export _CE_CONDA=
++ _CE_CONDA=
++ export CONDA_PYTHON_EXE=/autofs/nccs-svm1_sw/frontier/miniforge3/23.11.0-0/bin/python
++ CONDA_PYTHON_EXE=/autofs/nccs-svm1_sw/frontier/miniforge3/23.11.0-0/bin/python
+ __conda_hashr
+ '[' -n '' ']'
+ '[' -n '' ']'
+ hash -r
+ /usr/bin/time srun --overlap -N 1024 -n 8192 --ntasks-per-node=8 -c 5 python3 -c 'import torch'
0.85user 1.66system 2:40.21elapsed 1%CPU (0avgtext+0avgdata 22528maxresident)k
24inputs+0outputs (0major+6263minor)pagefaults 0swaps
+ sleep 2s
+ /usr/bin/time srun --overlap -N 1024 -n 8192 --ntasks-per-node=8 -c 5 python3 -c 'import torch'
0.63user 1.50system 0:39.94elapsed 5%CPU (0avgtext+0avgdata 22528maxresident)k
24inputs+0outputs (0major+6274minor)pagefaults 0swaps
+ sleep 2s
+ /usr/bin/time srun --overlap -N 1024 -n 8192 --ntasks-per-node=8 -c 5 python3 -c 'import torch'
0.55user 1.32system 0:38.00elapsed 4%CPU (0avgtext+0avgdata 20480maxresident)k
0inputs+0outputs (0major+6263minor)pagefaults 0swaps
+ sleep 2s
+ /usr/bin/time srun --overlap -N 1024 -n 8192 --ntasks-per-node=8 -c 5 python3 -c 'import torch'
0.49user 1.17system 0:36.74elapsed 4%CPU (0avgtext+0avgdata 22528maxresident)k
0inputs+0outputs (0major+6263minor)pagefaults 0swaps
+ sleep 2s
+ /usr/bin/time srun --overlap -N 1024 -n 8192 --ntasks-per-node=8 -c 5 python3 -c 'import torch'
0.54user 1.30system 0:36.63elapsed 5%CPU (0avgtext+0avgdata 21504maxresident)k
0inputs+0outputs (0major+6263minor)pagefaults 0swaps
+ sleep 2s
+ conda deactivate
+ local cmd=deactivate
+ case "$cmd" in
+ __conda_activate deactivate
+ '[' -n '' ']'
+ local ask_conda
++ PS1='(/mnt/bb/wcastil/copper_mount/lustre/orion/stf243/world-shared/hagertnl/CUG26/benchmark_builds/python-pytorch/conda_env) '
++ __conda_exe shell.posix deactivate
++ /autofs/nccs-svm1_sw/frontier/miniforge3/23.11.0-0/bin/conda shell.posix deactivate
+ ask_conda='export PATH='\''/autofs/nccs-svm1_sw/frontier/miniforge3/23.11.0-0/bin:/sw/frontier/lfs-wrapper/0.0.1/bin/lfs:/sw/frontier/miniforge3/23.11.0-0/bin:/opt/cray/libfabric/1.22.0/bin:/opt/rocm-6.4.2/bin:/sw/frontier/spack-envs/cpe25.09-cpu/opt/llvm-amdgpu-6.4.2/darshan-runtime-3.4.7-tvdocpzv3jfj4y6ki5jvmmkics323gon/bin:/opt/cray/pe/mpich/9.0.1/ofi/amd/6.0/bin:/opt/cray/pe/mpich/9.0.1/bin:/opt/cray/pe/perftools/25.09.0/bin:/opt/cray/pe/papi/7.2.0.2/bin:/opt/cray/pe/craype/2.7.35/bin:/sw/frontier/ums/ums046/copper/build:/autofs/nccs-svm1_sw/frontier/miniforge3/23.11.0-0/condabin:/sw/sources/hpss/bin:/sw/frontier/spack-envs/core-25.03/opt/gcc-13.2/tmux-3.4-fcqqko3j4ga67yuc7zxaqcwsix5hns2v/bin:/opt/clmgr/sbin:/opt/clmgr/bin:/opt/sgi/sbin:/opt/sgi/bin:/sw/frontier/bin:/ccs/home/wcastil/.local/bin:/usr/local/bin:/usr/bin:/bin:/opt/bin:/opt/c3/bin:/usr/lib/mit/bin:/opt/puppetlabs/bin:/opt/cray/pe/bin'\''
unset CONDA_PREFIX_1
PS1='\''(base) '\''
export CONDA_PREFIX='\''/autofs/nccs-svm1_sw/frontier/miniforge3/23.11.0-0'\''
export CONDA_SHLVL='\''1'\''
export CONDA_DEFAULT_ENV='\''base'\''
export CONDA_PROMPT_MODIFIER='\''(base) '\''
export CONDA_EXE='\''/autofs/nccs-svm1_sw/frontier/miniforge3/23.11.0-0/bin/conda'\''
export _CE_M='\'''\''
export _CE_CONDA='\'''\''
export CONDA_PYTHON_EXE='\''/autofs/nccs-svm1_sw/frontier/miniforge3/23.11.0-0/bin/python'\''
. "/autofs/nccs-svm1_sw/frontier/miniforge3/23.11.0-0/etc/conda/activate.d/libglib_activate.sh"
. "/autofs/nccs-svm1_sw/frontier/miniforge3/23.11.0-0/etc/conda/activate.d/libxml2_activate.sh"'
+ eval 'export PATH='\''/autofs/nccs-svm1_sw/frontier/miniforge3/23.11.0-0/bin:/sw/frontier/lfs-wrapper/0.0.1/bin/lfs:/sw/frontier/miniforge3/23.11.0-0/bin:/opt/cray/libfabric/1.22.0/bin:/opt/rocm-6.4.2/bin:/sw/frontier/spack-envs/cpe25.09-cpu/opt/llvm-amdgpu-6.4.2/darshan-runtime-3.4.7-tvdocpzv3jfj4y6ki5jvmmkics323gon/bin:/opt/cray/pe/mpich/9.0.1/ofi/amd/6.0/bin:/opt/cray/pe/mpich/9.0.1/bin:/opt/cray/pe/perftools/25.09.0/bin:/opt/cray/pe/papi/7.2.0.2/bin:/opt/cray/pe/craype/2.7.35/bin:/sw/frontier/ums/ums046/copper/build:/autofs/nccs-svm1_sw/frontier/miniforge3/23.11.0-0/condabin:/sw/sources/hpss/bin:/sw/frontier/spack-envs/core-25.03/opt/gcc-13.2/tmux-3.4-fcqqko3j4ga67yuc7zxaqcwsix5hns2v/bin:/opt/clmgr/sbin:/opt/clmgr/bin:/opt/sgi/sbin:/opt/sgi/bin:/sw/frontier/bin:/ccs/home/wcastil/.local/bin:/usr/local/bin:/usr/bin:/bin:/opt/bin:/opt/c3/bin:/usr/lib/mit/bin:/opt/puppetlabs/bin:/opt/cray/pe/bin'\''
unset CONDA_PREFIX_1
PS1='\''(base) '\''
export CONDA_PREFIX='\''/autofs/nccs-svm1_sw/frontier/miniforge3/23.11.0-0'\''
export CONDA_SHLVL='\''1'\''
export CONDA_DEFAULT_ENV='\''base'\''
export CONDA_PROMPT_MODIFIER='\''(base) '\''
export CONDA_EXE='\''/autofs/nccs-svm1_sw/frontier/miniforge3/23.11.0-0/bin/conda'\''
export _CE_M='\'''\''
export _CE_CONDA='\'''\''
export CONDA_PYTHON_EXE='\''/autofs/nccs-svm1_sw/frontier/miniforge3/23.11.0-0/bin/python'\''
. "/autofs/nccs-svm1_sw/frontier/miniforge3/23.11.0-0/etc/conda/activate.d/libglib_activate.sh"
. "/autofs/nccs-svm1_sw/frontier/miniforge3/23.11.0-0/etc/conda/activate.d/libxml2_activate.sh"'
++ export PATH=/autofs/nccs-svm1_sw/frontier/miniforge3/23.11.0-0/bin:/sw/frontier/lfs-wrapper/0.0.1/bin/lfs:/sw/frontier/miniforge3/23.11.0-0/bin:/opt/cray/libfabric/1.22.0/bin:/opt/rocm-6.4.2/bin:/sw/frontier/spack-envs/cpe25.09-cpu/opt/llvm-amdgpu-6.4.2/darshan-runtime-3.4.7-tvdocpzv3jfj4y6ki5jvmmkics323gon/bin:/opt/cray/pe/mpich/9.0.1/ofi/amd/6.0/bin:/opt/cray/pe/mpich/9.0.1/bin:/opt/cray/pe/perftools/25.09.0/bin:/opt/cray/pe/papi/7.2.0.2/bin:/opt/cray/pe/craype/2.7.35/bin:/sw/frontier/ums/ums046/copper/build:/autofs/nccs-svm1_sw/frontier/miniforge3/23.11.0-0/condabin:/sw/sources/hpss/bin:/sw/frontier/spack-envs/core-25.03/opt/gcc-13.2/tmux-3.4-fcqqko3j4ga67yuc7zxaqcwsix5hns2v/bin:/opt/clmgr/sbin:/opt/clmgr/bin:/opt/sgi/sbin:/opt/sgi/bin:/sw/frontier/bin:/ccs/home/wcastil/.local/bin:/usr/local/bin:/usr/bin:/bin:/opt/bin:/opt/c3/bin:/usr/lib/mit/bin:/opt/puppetlabs/bin:/opt/cray/pe/bin
++ PATH=/autofs/nccs-svm1_sw/frontier/miniforge3/23.11.0-0/bin:/sw/frontier/lfs-wrapper/0.0.1/bin/lfs:/sw/frontier/miniforge3/23.11.0-0/bin:/opt/cray/libfabric/1.22.0/bin:/opt/rocm-6.4.2/bin:/sw/frontier/spack-envs/cpe25.09-cpu/opt/llvm-amdgpu-6.4.2/darshan-runtime-3.4.7-tvdocpzv3jfj4y6ki5jvmmkics323gon/bin:/opt/cray/pe/mpich/9.0.1/ofi/amd/6.0/bin:/opt/cray/pe/mpich/9.0.1/bin:/opt/cray/pe/perftools/25.09.0/bin:/opt/cray/pe/papi/7.2.0.2/bin:/opt/cray/pe/craype/2.7.35/bin:/sw/frontier/ums/ums046/copper/build:/autofs/nccs-svm1_sw/frontier/miniforge3/23.11.0-0/condabin:/sw/sources/hpss/bin:/sw/frontier/spack-envs/core-25.03/opt/gcc-13.2/tmux-3.4-fcqqko3j4ga67yuc7zxaqcwsix5hns2v/bin:/opt/clmgr/sbin:/opt/clmgr/bin:/opt/sgi/sbin:/opt/sgi/bin:/sw/frontier/bin:/ccs/home/wcastil/.local/bin:/usr/local/bin:/usr/bin:/bin:/opt/bin:/opt/c3/bin:/usr/lib/mit/bin:/opt/puppetlabs/bin:/opt/cray/pe/bin
++ unset CONDA_PREFIX_1
++ PS1='(base) '
++ export CONDA_PREFIX=/autofs/nccs-svm1_sw/frontier/miniforge3/23.11.0-0
++ CONDA_PREFIX=/autofs/nccs-svm1_sw/frontier/miniforge3/23.11.0-0
++ export CONDA_SHLVL=1
++ CONDA_SHLVL=1
++ export CONDA_DEFAULT_ENV=base
++ CONDA_DEFAULT_ENV=base
++ export 'CONDA_PROMPT_MODIFIER=(base) '
++ CONDA_PROMPT_MODIFIER='(base) '
++ export CONDA_EXE=/autofs/nccs-svm1_sw/frontier/miniforge3/23.11.0-0/bin/conda
++ CONDA_EXE=/autofs/nccs-svm1_sw/frontier/miniforge3/23.11.0-0/bin/conda
++ export _CE_M=
++ _CE_M=
++ export _CE_CONDA=
++ _CE_CONDA=
++ export CONDA_PYTHON_EXE=/autofs/nccs-svm1_sw/frontier/miniforge3/23.11.0-0/bin/python
++ CONDA_PYTHON_EXE=/autofs/nccs-svm1_sw/frontier/miniforge3/23.11.0-0/bin/python
++ . /autofs/nccs-svm1_sw/frontier/miniforge3/23.11.0-0/etc/conda/activate.d/libglib_activate.sh
+++ export GSETTINGS_SCHEMA_DIR_CONDA_BACKUP=
+++ GSETTINGS_SCHEMA_DIR_CONDA_BACKUP=
+++ export GSETTINGS_SCHEMA_DIR=/autofs/nccs-svm1_sw/frontier/miniforge3/23.11.0-0/share/glib-2.0/schemas
+++ GSETTINGS_SCHEMA_DIR=/autofs/nccs-svm1_sw/frontier/miniforge3/23.11.0-0/share/glib-2.0/schemas
++ . /autofs/nccs-svm1_sw/frontier/miniforge3/23.11.0-0/etc/conda/activate.d/libxml2_activate.sh
+++ test -n ''
+++ xml_catalog_files_libxml2=
+++ XML_CATALOG_FILES=
+++ conda_catalog_files=
+++ ifs_libxml2=' 	
'
+++ IFS=' '
+++ rem=/autofs/nccs-svm1_sw/frontier/miniforge3/23.11.0-0
+++ for pre in ${rem}
+++ test '' = /autofs/nccs-svm1_sw/frontier/miniforge3/23.11.0-0
+++ conda_catalog_files=/autofs/nccs-svm1_sw/frontier/miniforge3/23.11.0-0
+++ rem=
+++ IFS=' 	
'
+++ conda_catalog_files='file:///autofs/nccs-svm1_sw/frontier/miniforge3/23.11.0-0/etc/xml/catalog file:///etc/xml/catalog'
+++ export 'XML_CATALOG_FILES=file:///autofs/nccs-svm1_sw/frontier/miniforge3/23.11.0-0/etc/xml/catalog file:///etc/xml/catalog'
+++ XML_CATALOG_FILES='file:///autofs/nccs-svm1_sw/frontier/miniforge3/23.11.0-0/etc/xml/catalog file:///etc/xml/catalog'
+++ unset conda_catalog_files ifs_libxml2 rem
+ __conda_hashr
+ '[' -n '' ']'
+ '[' -n '' ']'
+ hash -r
+ stop_copper.sh -d /lustre/orion/stf243/world-shared/wcastil/Experiments/CUG26/copper_run/logs -v /mnt/bb/wcastil/copper_mount
/var/spool/slurmd/job4342201/slurm_script: line 40: stop_copper.sh: command not found
