+ '[' -z '' ']'
+ case "$-" in
+ __lmod_vx=x
+ '[' -n x ']'
+ set +x
Shell debugging temporarily silenced: export LMOD_SH_DBG_ON=1 for this output (/opt/cray/pe/lmod/lmod/init/bash)
Shell debugging restarted
+ unset __lmod_vx
+ cd /lustre/orion/stf243/world-shared/wcastil/Experiments/CUG26/copper_run/python-mpi4py
+ module load ums ums046 copper
+ '[' -z '' ']'
+ case "$-" in
+ __lmod_sh_dbg=x
+ '[' -n x ']'
+ set +x
Shell debugging temporarily silenced: export LMOD_SH_DBG_ON=1 for Lmod's output
Copper loaded: use 'launch_copper_frontier' and 'stop_copper_frontier'.
COPPER_ROOT: /sw/frontier/ums/ums046/copper
launch_copper_frontier points to:
/sw/frontier/ums/ums046/copper/build/launch_copper_frontier.sh 
Shell debugging restarted
+ unset __lmod_sh_dbg
+ return 0
+ module list
+ '[' -z '' ']'
+ case "$-" in
+ __lmod_sh_dbg=x
+ '[' -n x ']'
+ set +x
Shell debugging temporarily silenced: export LMOD_SH_DBG_ON=1 for Lmod's output

Currently Loaded Modules:
  1) craype-x86-trento               12) PrgEnv-cray/8.6.0
  2) libfabric/1.22.0                13) Core/25.03
  3) craype-network-ofi              14) tmux/3.4
  4) perftools-base/24.11.0          15) darshan-runtime/3.4.6-mpi (E4S)
  5) xpmem/2.11.3-1.3_gdbda01a1eb3d  16) hsi/default
  6) cray-pmi/6.1.15                 17) lfs-wrapper/0.0.1
  7) cce/18.0.1                      18) DefApps
  8) craype/2.7.33                   19) ums/default
  9) cray-dsmml/0.3.0                20) ums046/default
 10) cray-mpich/8.1.31               21) copper/0.1
 11) cray-libsci/24.11.0

  Where:
   E4S:  E4S: Extreme-scale Scientific Software Stack (E4S) https://e4s.io/index.html

 

Shell debugging restarted
+ unset __lmod_sh_dbg
+ return 0
+ echo 4348589
4348589
+ echo 1024
1024
+ echo copper_spindle
copper_spindle
+ echo 'frontier[00072-00078,00114-00115,00118-00120,00122,00186-00191,00228-00229,00231-00234,00313-00314,00317-00319,00352,00357-00360,00442-00448,00484,00487-00490,00570-00576,00614-00618,00696-00701,00710-00711,00730,00743-00744,00824-00830,00837,00856,00869-00871,00952,00954-00958,00965-00966,00982,00998-00999,01080-01086,01124-01128,01208-01212,01214-01215,01252-01256,01336-01339,01341-01342,01378,01380-01383,01464-01470,01508,01510-01513,01592,01595-01598,01635,01638-01641,01721-01726,01765,01767-01770,01849-01855,01894-01898,01976,01978-01982,02021-02025,02104-02110,02148,02150-02153,02233-02239,02278,02281-02284,02360-02366,02403,02406-02408,02490-02496,02534,02536-02538,02616-02622,02633-02634,02636,02660,02677-02681,02745-02751,02758-02760,02788-02799,02872-02878,02885-02887,02916-02927,03000-03006,03013-03015,03044-03055,03130-03133,03135-03136,03143-03145,03171,03174-03185,03257-03263,03270-03272,03299,03304-03314,03382,03384-03388,03395-03396,03398,03429-03441,03511-03518,03524-03526,03554,03557-03566,03640-03646,03653-03655,03680,03685-03695,03766-03769,03771-03772,03780-03782,03809-03820,03895-03901,03908-03910,03937,03939-03948,04024-04030,04036-04038,04067-04077,04151-04157,04163-04165,04194-04195,04197-04205,04279-04285,04291-04293,04322,04324-04333,04407-04413,04420-04422,04450,04460-04469,04535-04537,04539-04541,04547-04549,04579,04588-04598,04663-04669,04675-04677,04705,04719-04728,04791-04797,04803-04805,04833,04850-04857,04920-04926,04932-04934,04963,04985-04986,05048-05054,05060-05062,05092,05116-05117,05174-05180,05186-05188,05215,05239-05241,05302-05308,05314-05316,05343,05432,05434-05436,05442-05444,05471,05497,05558-05561,05563-05564,05570-05571,05599,05601,05687-05693,05727,05731-05733,05814-05820,05856,05858-05860,05942-05948,05958,05985,05987-05988,06071-06077,06111,06116-06118,06198-06199,06201-06204,06239,06244-06246,06326-06330,06367,06371-06373,06454-06460,06495,06499-06501,06583-06585,06587-06589,06623,06628-06630,06712-06718,06752,06758-06760,06838-06844,06879,06883-06885,06969-06973,06975,06981-06983,07011-07018,07097-07103,07109-07111,07140-07142,07223-07229,07235-07237,07351-07356,07363-07365,07394-07398,07479-07485,07491-07493,07522-07525,07543,07607-07613,07620-07622,07651-07660,07735-07741,07747-07749,07777-07781,07865-07867,07869-07871,07877-07879,07906-07910,07935,07991-07996,08002-08004,08119-08124,08130-08132,08160-08162,08248-08249,08251,08253,08259-08261,08290,08383-08388,08394-08396,08502-08507,08513-08515,08570,08630-08635,08641-08643,08696,08758-08763,08769-08771,08817,08886-08891,08897-08899,08943,09014-09019,09025-09027,09063,09143-09148,09183,09186-09188,09272-09275,09281-09283,09315,09401-09405,09444-09447,10169,10171-10174]'
frontier[00072-00078,00114-00115,00118-00120,00122,00186-00191,00228-00229,00231-00234,00313-00314,00317-00319,00352,00357-00360,00442-00448,00484,00487-00490,00570-00576,00614-00618,00696-00701,00710-00711,00730,00743-00744,00824-00830,00837,00856,00869-00871,00952,00954-00958,00965-00966,00982,00998-00999,01080-01086,01124-01128,01208-01212,01214-01215,01252-01256,01336-01339,01341-01342,01378,01380-01383,01464-01470,01508,01510-01513,01592,01595-01598,01635,01638-01641,01721-01726,01765,01767-01770,01849-01855,01894-01898,01976,01978-01982,02021-02025,02104-02110,02148,02150-02153,02233-02239,02278,02281-02284,02360-02366,02403,02406-02408,02490-02496,02534,02536-02538,02616-02622,02633-02634,02636,02660,02677-02681,02745-02751,02758-02760,02788-02799,02872-02878,02885-02887,02916-02927,03000-03006,03013-03015,03044-03055,03130-03133,03135-03136,03143-03145,03171,03174-03185,03257-03263,03270-03272,03299,03304-03314,03382,03384-03388,03395-03396,03398,03429-03441,03511-03518,03524-03526,03554,03557-03566,03640-03646,03653-03655,03680,03685-03695,03766-03769,03771-03772,03780-03782,03809-03820,03895-03901,03908-03910,03937,03939-03948,04024-04030,04036-04038,04067-04077,04151-04157,04163-04165,04194-04195,04197-04205,04279-04285,04291-04293,04322,04324-04333,04407-04413,04420-04422,04450,04460-04469,04535-04537,04539-04541,04547-04549,04579,04588-04598,04663-04669,04675-04677,04705,04719-04728,04791-04797,04803-04805,04833,04850-04857,04920-04926,04932-04934,04963,04985-04986,05048-05054,05060-05062,05092,05116-05117,05174-05180,05186-05188,05215,05239-05241,05302-05308,05314-05316,05343,05432,05434-05436,05442-05444,05471,05497,05558-05561,05563-05564,05570-05571,05599,05601,05687-05693,05727,05731-05733,05814-05820,05856,05858-05860,05942-05948,05958,05985,05987-05988,06071-06077,06111,06116-06118,06198-06199,06201-06204,06239,06244-06246,06326-06330,06367,06371-06373,06454-06460,06495,06499-06501,06583-06585,06587-06589,06623,06628-06630,06712-06718,06752,06758-06760,06838-06844,06879,06883-06885,06969-06973,06975,06981-06983,07011-07018,07097-07103,07109-07111,07140-07142,07223-07229,07235-07237,07351-07356,07363-07365,07394-07398,07479-07485,07491-07493,07522-07525,07543,07607-07613,07620-07622,07651-07660,07735-07741,07747-07749,07777-07781,07865-07867,07869-07871,07877-07879,07906-07910,07935,07991-07996,08002-08004,08119-08124,08130-08132,08160-08162,08248-08249,08251,08253,08259-08261,08290,08383-08388,08394-08396,08502-08507,08513-08515,08570,08630-08635,08641-08643,08696,08758-08763,08769-08771,08817,08886-08891,08897-08899,08943,09014-09019,09025-09027,09063,09143-09148,09183,09186-09188,09272-09275,09281-09283,09315,09401-09405,09444-09447,10169,10171-10174]
+ LOGDIR=/lustre/orion/stf243/world-shared/wcastil/Experiments/CUG26/copper_run/logs
+ cd /lustre/orion/stf243/world-shared/wcastil/Experiments/CUG26/copper_run/logs
+ PACKAGE_ENV_LOCATION=/lustre/orion/stf243/world-shared/hagertnl/CUG26/benchmark_builds
+ source /lustre/orion/stf243/world-shared/hagertnl/CUG26/benchmark_builds/common_modules.sh
++ module load PrgEnv-amd
++ '[' -z '' ']'
++ case "$-" in
++ __lmod_sh_dbg=x
++ '[' -n x ']'
++ set +x
Shell debugging temporarily silenced: export LMOD_SH_DBG_ON=1 for Lmod's output

Lmod is automatically replacing "cce/18.0.1" with "amd/6.2.4".


Lmod is automatically replacing "PrgEnv-cray/8.6.0" with "PrgEnv-amd/8.6.0".


Due to MODULEPATH changes, the following have been reloaded:
  1) cray-libsci/24.11.0     2) cray-mpich/8.1.31     3) darshan-runtime/3.4.6-mpi

Shell debugging restarted
++ unset __lmod_sh_dbg
++ return 0
++ module load cpe/25.09
++ '[' -z '' ']'
++ case "$-" in
++ __lmod_sh_dbg=x
++ '[' -n x ']'
++ set +x
Shell debugging temporarily silenced: export LMOD_SH_DBG_ON=1 for Lmod's output

The following have been reloaded with a version change:
  1) amd/6.2.4 => amd/6.4.2
  2) cray-dsmml/0.3.0 => cray-dsmml/0.3.1
  3) cray-libsci/24.11.0 => cray-libsci/25.09.0
  4) cray-mpich/8.1.31 => cray-mpich/9.0.1
  5) cray-pmi/6.1.15 => cray-pmi/6.1.16
  6) craype/2.7.33 => craype/2.7.35
  7) darshan-runtime/3.4.6-mpi => darshan-runtime/3.4.7-mpi
  8) perftools-base/24.11.0 => perftools-base/25.09.0

Shell debugging restarted
++ unset __lmod_sh_dbg
++ return 0
++ module load amd/6.4.2
++ '[' -z '' ']'
++ case "$-" in
++ __lmod_sh_dbg=x
++ '[' -n x ']'
++ set +x
Shell debugging temporarily silenced: export LMOD_SH_DBG_ON=1 for Lmod's output
Shell debugging restarted
++ unset __lmod_sh_dbg
++ return 0
++ module load rocm/6.4.2
++ '[' -z '' ']'
++ case "$-" in
++ __lmod_sh_dbg=x
++ '[' -n x ']'
++ set +x
Shell debugging temporarily silenced: export LMOD_SH_DBG_ON=1 for Lmod's output
Shell debugging restarted
++ unset __lmod_sh_dbg
++ return 0
++ module load libfabric/1.22.0
++ '[' -z '' ']'
++ case "$-" in
++ __lmod_sh_dbg=x
++ '[' -n x ']'
++ set +x
Shell debugging temporarily silenced: export LMOD_SH_DBG_ON=1 for Lmod's output
Shell debugging restarted
++ unset __lmod_sh_dbg
++ return 0
++ module load craype-accel-amd-gfx90a
++ '[' -z '' ']'
++ case "$-" in
++ __lmod_sh_dbg=x
++ '[' -n x ']'
++ set +x
Shell debugging temporarily silenced: export LMOD_SH_DBG_ON=1 for Lmod's output
Shell debugging restarted
++ unset __lmod_sh_dbg
++ return 0
++ module load miniforge3/23.11.0-0
++ '[' -z '' ']'
++ case "$-" in
++ __lmod_sh_dbg=x
++ '[' -n x ']'
++ set +x
Shell debugging temporarily silenced: export LMOD_SH_DBG_ON=1 for Lmod's output
Shell debugging restarted
++ unset __lmod_sh_dbg
++ return 0
++ export LD_LIBRARY_PATH=/opt/cray/pe/mpich/9.0.1/ofi/amd/6.0/lib:/opt/cray/pe/mpich/9.0.1/gtl/lib:/opt/cray/pe/libsci/25.09.0/AMD/6.0/x86_64/lib:/opt/cray/pe/perftools/25.09.0/lib64:/opt/cray/pe/pmi/6.1.16/lib:/opt/cray/pe/dsmml/0.3.1/dsmml/lib:/opt/cray/libfabric/1.22.0/lib64:/opt/rocm-6.4.2/lib/roctracer:/opt/rocm-6.4.2/lib/rocprofiler:/opt/rocm-6.4.2/lib:/sw/frontier/spack-envs/cpe25.09-cpu/opt/llvm-amdgpu-6.4.2/darshan-runtime-3.4.7-tvdocpzv3jfj4y6ki5jvmmkics323gon/lib:/opt/rocm-6.4.2/llvm/lib:/opt/cray/pe/papi/7.2.0.2/lib64
++ LD_LIBRARY_PATH=/opt/cray/pe/mpich/9.0.1/ofi/amd/6.0/lib:/opt/cray/pe/mpich/9.0.1/gtl/lib:/opt/cray/pe/libsci/25.09.0/AMD/6.0/x86_64/lib:/opt/cray/pe/perftools/25.09.0/lib64:/opt/cray/pe/pmi/6.1.16/lib:/opt/cray/pe/dsmml/0.3.1/dsmml/lib:/opt/cray/libfabric/1.22.0/lib64:/opt/rocm-6.4.2/lib/roctracer:/opt/rocm-6.4.2/lib/rocprofiler:/opt/rocm-6.4.2/lib:/sw/frontier/spack-envs/cpe25.09-cpu/opt/llvm-amdgpu-6.4.2/darshan-runtime-3.4.7-tvdocpzv3jfj4y6ki5jvmmkics323gon/lib:/opt/rocm-6.4.2/llvm/lib:/opt/cray/pe/papi/7.2.0.2/lib64
++ [[ /var/spool/slurmd/job4348589/slurm_script == \/\l\u\s\t\r\e\/\o\r\i\o\n\/\s\t\f\2\4\3\/\w\o\r\l\d\-\s\h\a\r\e\d\/\h\a\g\e\r\t\n\l\/\C\U\G\2\6\/\b\e\n\c\h\m\a\r\k\_\b\u\i\l\d\s\/\c\o\m\m\o\n\_\m\o\d\u\l\e\s\.\s\h ]]
+ COPPER_MOUNT_PATH=/mnt/bb/wcastil/copper_mount
+ /lustre/orion/stf243/world-shared/wcastil/Experiments/CUG26/copper_run/launch_copper_frontier.sh -d /lustre/orion/stf243/world-shared/wcastil/Experiments/CUG26/copper_run/logs -v /mnt/bb/wcastil/copper_mount -M 220000000
+ '[' -z '' ']'
+ case "$-" in
+ __lmod_vx=x
+ '[' -n x ']'
+ set +x
Shell debugging temporarily silenced: export LMOD_SH_DBG_ON=1 for this output (/opt/cray/pe/lmod/lmod/init/bash)
Shell debugging restarted
+ unset __lmod_vx
+ echo 'Launching Copper Gracefully On All Nodes : Start'
Launching Copper Gracefully On All Nodes : Start
+ echo /sw/frontier/ums/ums046/copper
/sw/frontier/ums/ums046/copper
+ CUPATH=/sw/frontier/ums/ums046/copper/build/cu_fuse
+ DISCOVERY_HELPER=/sw/frontier/ums/ums046/copper/build/list_cxi_hsn_thallium
+ CU_FUSE_MNT_VIEWDIR=/tmp/wcastil/copper
+ facility_address_book=/sw/frontier/ums/ums046/copper/build/olcf_frontier_copper_addressbook.txt
+ address_book_source=facility
+ log_level=0
+ log_dir=/ccs/home/wcastil/copper-logs
+ log_type=file
+ trees=1
+ max_cacheable_byte_size=10485760
+ md_enoent_ttl_ms=2000
+ profile_metrics=0
+ profile_top_n=0
+ profile_paths_full=0
+ profile_snapshot_interval_s=0
+ sleeptime=10
+ physcpubind=1,2
+ net_type=cxi://cxi1
+ getopts l:t:d:T:M:E:PN:AI:s:b:F:a:n:v: opt
+ case ${opt} in
+ log_dir=/lustre/orion/stf243/world-shared/wcastil/Experiments/CUG26/copper_run/logs
+ getopts l:t:d:T:M:E:PN:AI:s:b:F:a:n:v: opt
+ case ${opt} in
+ CU_FUSE_MNT_VIEWDIR=/mnt/bb/wcastil/copper_mount
+ getopts l:t:d:T:M:E:PN:AI:s:b:F:a:n:v: opt
+ case ${opt} in
+ max_cacheable_byte_size=220000000
+ getopts l:t:d:T:M:E:PN:AI:s:b:F:a:n:v: opt
+ log_dir=/lustre/orion/stf243/world-shared/wcastil/Experiments/CUG26/copper_run/logs/4348589
+ logs_dir=/lustre/orion/stf243/world-shared/wcastil/Experiments/CUG26/copper_run/logs/4348589/logs
+ tables_dir=/lustre/orion/stf243/world-shared/wcastil/Experiments/CUG26/copper_run/logs/4348589/tables
+ profiling_dir=/lustre/orion/stf243/world-shared/wcastil/Experiments/CUG26/copper_run/logs/4348589/profiling
+ profiling_final_dir=/lustre/orion/stf243/world-shared/wcastil/Experiments/CUG26/copper_run/logs/4348589/profiling/final
+ profiling_cluster_dir=/lustre/orion/stf243/world-shared/wcastil/Experiments/CUG26/copper_run/logs/4348589/profiling/cluster
+ node_file_copy=/lustre/orion/stf243/world-shared/wcastil/Experiments/CUG26/copper_run/logs/4348589/logs/node_file.txt
+ prepared_address_book=/lustre/orion/stf243/world-shared/wcastil/Experiments/CUG26/copper_run/logs/4348589/logs/copper_address_book.txt
+ prepared_address_book_full_output=/lustre/orion/stf243/world-shared/wcastil/Experiments/CUG26/copper_run/logs/4348589/logs/copper_address_book_full_output.txt
+ prepare_address_book_awk=/lustre/orion/stf243/world-shared/wcastil/Experiments/CUG26/copper_run/logs/4348589/logs/prepare_address_book.awk
+ select_discovered_address_book_awk=/lustre/orion/stf243/world-shared/wcastil/Experiments/CUG26/copper_run/logs/4348589/logs/select_discovered_address_book.awk
+ echo 'log_level                  : 0'
log_level                  : 0
+ echo 'log_type                   : file'
log_type                   : file
+ echo 'trees                      : 1'
trees                      : 1
+ echo 'max_cacheable_byte_size    : 220000000'
max_cacheable_byte_size    : 220000000
+ echo 'md_enoent_ttl_ms           : 2000'
md_enoent_ttl_ms           : 2000
+ echo 'profile_metrics            : 0'
profile_metrics            : 0
+ echo 'profile_top_n              : 0'
profile_top_n              : 0
+ echo 'profile_paths_full         : 0'
profile_paths_full         : 0
+ echo 'profile_snapshot_interval_s: 0'
profile_snapshot_interval_s: 0
+ echo 'sleeptime                  : 10'
sleeptime                  : 10
+ echo 'CU_FUSE_MNT_VIEWDIR        : /mnt/bb/wcastil/copper_mount'
CU_FUSE_MNT_VIEWDIR        : /mnt/bb/wcastil/copper_mount
+ echo 'LOGDIR                     : /lustre/orion/stf243/world-shared/wcastil/Experiments/CUG26/copper_run/logs/4348589'
LOGDIR                     : /lustre/orion/stf243/world-shared/wcastil/Experiments/CUG26/copper_run/logs/4348589
+ echo 'logs_dir                   : /lustre/orion/stf243/world-shared/wcastil/Experiments/CUG26/copper_run/logs/4348589/logs'
logs_dir                   : /lustre/orion/stf243/world-shared/wcastil/Experiments/CUG26/copper_run/logs/4348589/logs
+ echo 'tables_dir                 : /lustre/orion/stf243/world-shared/wcastil/Experiments/CUG26/copper_run/logs/4348589/tables'
tables_dir                 : /lustre/orion/stf243/world-shared/wcastil/Experiments/CUG26/copper_run/logs/4348589/tables
+ echo 'profiling_final_dir        : /lustre/orion/stf243/world-shared/wcastil/Experiments/CUG26/copper_run/logs/4348589/profiling/final'
profiling_final_dir        : /lustre/orion/stf243/world-shared/wcastil/Experiments/CUG26/copper_run/logs/4348589/profiling/final
+ echo 'profiling_cluster_dir      : /lustre/orion/stf243/world-shared/wcastil/Experiments/CUG26/copper_run/logs/4348589/profiling/cluster'
profiling_cluster_dir      : /lustre/orion/stf243/world-shared/wcastil/Experiments/CUG26/copper_run/logs/4348589/profiling/cluster
+ echo 'SLURM_NODEFILE             : '
SLURM_NODEFILE             : 
+ echo 'physcpubind                : 1,2'
physcpubind                : 1,2
+ echo 'facility_address_book      : /sw/frontier/ums/ums046/copper/build/olcf_frontier_copper_addressbook.txt'
facility_address_book      : /sw/frontier/ums/ums046/copper/build/olcf_frontier_copper_addressbook.txt
+ echo 'address_book_source        : facility'
address_book_source        : facility
+ echo 'prepared_address_book      : /lustre/orion/stf243/world-shared/wcastil/Experiments/CUG26/copper_run/logs/4348589/logs/copper_address_book.txt'
prepared_address_book      : /lustre/orion/stf243/world-shared/wcastil/Experiments/CUG26/copper_run/logs/4348589/logs/copper_address_book.txt
+ echo 'prepared_address_book_full : /lustre/orion/stf243/world-shared/wcastil/Experiments/CUG26/copper_run/logs/4348589/logs/copper_address_book_full_output.txt'
prepared_address_book_full : /lustre/orion/stf243/world-shared/wcastil/Experiments/CUG26/copper_run/logs/4348589/logs/copper_address_book_full_output.txt
+ echo 'discovery_helper           : /sw/frontier/ums/ums046/copper/build/list_cxi_hsn_thallium'
discovery_helper           : /sw/frontier/ums/ums046/copper/build/list_cxi_hsn_thallium
+ echo 'net_type                   : cxi://cxi1'
net_type                   : cxi://cxi1
+ mkdir -p /lustre/orion/stf243/world-shared/wcastil/Experiments/CUG26/copper_run/logs/4348589/logs /lustre/orion/stf243/world-shared/wcastil/Experiments/CUG26/copper_run/logs/4348589/tables/final /lustre/orion/stf243/world-shared/wcastil/Experiments/CUG26/copper_run/logs/4348589/profiling/final /lustre/orion/stf243/world-shared/wcastil/Experiments/CUG26/copper_run/logs/4348589/profiling/cluster
+ scontrol show hostnames 'frontier[00072-00078,00114-00115,00118-00120,00122,00186-00191,00228-00229,00231-00234,00313-00314,00317-00319,00352,00357-00360,00442-00448,00484,00487-00490,00570-00576,00614-00618,00696-00701,00710-00711,00730,00743-00744,00824-00830,00837,00856,00869-00871,00952,00954-00958,00965-00966,00982,00998-00999,01080-01086,01124-01128,01208-01212,01214-01215,01252-01256,01336-01339,01341-01342,01378,01380-01383,01464-01470,01508,01510-01513,01592,01595-01598,01635,01638-01641,01721-01726,01765,01767-01770,01849-01855,01894-01898,01976,01978-01982,02021-02025,02104-02110,02148,02150-02153,02233-02239,02278,02281-02284,02360-02366,02403,02406-02408,02490-02496,02534,02536-02538,02616-02622,02633-02634,02636,02660,02677-02681,02745-02751,02758-02760,02788-02799,02872-02878,02885-02887,02916-02927,03000-03006,03013-03015,03044-03055,03130-03133,03135-03136,03143-03145,03171,03174-03185,03257-03263,03270-03272,03299,03304-03314,03382,03384-03388,03395-03396,03398,03429-03441,03511-03518,03524-03526,03554,03557-03566,03640-03646,03653-03655,03680,03685-03695,03766-03769,03771-03772,03780-03782,03809-03820,03895-03901,03908-03910,03937,03939-03948,04024-04030,04036-04038,04067-04077,04151-04157,04163-04165,04194-04195,04197-04205,04279-04285,04291-04293,04322,04324-04333,04407-04413,04420-04422,04450,04460-04469,04535-04537,04539-04541,04547-04549,04579,04588-04598,04663-04669,04675-04677,04705,04719-04728,04791-04797,04803-04805,04833,04850-04857,04920-04926,04932-04934,04963,04985-04986,05048-05054,05060-05062,05092,05116-05117,05174-05180,05186-05188,05215,05239-05241,05302-05308,05314-05316,05343,05432,05434-05436,05442-05444,05471,05497,05558-05561,05563-05564,05570-05571,05599,05601,05687-05693,05727,05731-05733,05814-05820,05856,05858-05860,05942-05948,05958,05985,05987-05988,06071-06077,06111,06116-06118,06198-06199,06201-06204,06239,06244-06246,06326-06330,06367,06371-06373,06454-06460,06495,06499-06501,06583-06585,06587-06589,06623,06628-06630,06712-06718,06752,06758-06760,06838-06844,06879,06883-06885,06969-06973,06975,06981-06983,07011-07018,07097-07103,07109-07111,07140-07142,07223-07229,07235-07237,07351-07356,07363-07365,07394-07398,07479-07485,07491-07493,07522-07525,07543,07607-07613,07620-07622,07651-07660,07735-07741,07747-07749,07777-07781,07865-07867,07869-07871,07877-07879,07906-07910,07935,07991-07996,08002-08004,08119-08124,08130-08132,08160-08162,08248-08249,08251,08253,08259-08261,08290,08383-08388,08394-08396,08502-08507,08513-08515,08570,08630-08635,08641-08643,08696,08758-08763,08769-08771,08817,08886-08891,08897-08899,08943,09014-09019,09025-09027,09063,09143-09148,09183,09186-09188,09272-09275,09281-09283,09315,09401-09405,09444-09447,10169,10171-10174]'
+ clush --hostfile /lustre/orion/stf243/world-shared/wcastil/Experiments/CUG26/copper_run/logs/4348589/logs/node_file.txt 'fusermount3 -u /mnt/bb/wcastil/copper_mount'
+ clush --hostfile /lustre/orion/stf243/world-shared/wcastil/Experiments/CUG26/copper_run/logs/4348589/logs/node_file.txt 'rm -rf /mnt/bb/wcastil/copper_mount'
+ clush --hostfile /lustre/orion/stf243/world-shared/wcastil/Experiments/CUG26/copper_run/logs/4348589/logs/node_file.txt 'mkdir -p /mnt/bb/wcastil/copper_mount'
+ rm -f /lustre/orion/stf243/world-shared/wcastil/Experiments/CUG26/copper_run/logs/4348589/logs/copper_address_book.txt /lustre/orion/stf243/world-shared/wcastil/Experiments/CUG26/copper_run/logs/4348589/logs/copper_address_book_full_output.txt /lustre/orion/stf243/world-shared/wcastil/Experiments/CUG26/copper_run/logs/4348589/logs/prepare_address_book.awk /lustre/orion/stf243/world-shared/wcastil/Experiments/CUG26/copper_run/logs/4348589/logs/select_discovered_address_book.awk
+ echo 'Preparing job-local address book once before full cu_fuse launch'
Preparing job-local address book once before full cu_fuse launch
++ date +%s
+ prepare_address_book_start_epoch=1775659700
+ prepare_address_book_rc=0
+ case "${address_book_source}" in
+ prepare_address_book_from_facility
+ cp /sw/frontier/ums/ums046/copper/build/olcf_frontier_copper_addressbook.txt /lustre/orion/stf243/world-shared/wcastil/Experiments/CUG26/copper_run/logs/4348589/logs/copper_address_book_full_output.txt
+ cat
+ srun --overlap -N 1 -n 1 --ntasks-per-node=1 env NODEFILE_PATH=/lustre/orion/stf243/world-shared/wcastil/Experiments/CUG26/copper_run/logs/4348589/logs/node_file.txt FACILITY_BOOK=/sw/frontier/ums/ums046/copper/build/olcf_frontier_copper_addressbook.txt OUTPUT_PATH=/lustre/orion/stf243/world-shared/wcastil/Experiments/CUG26/copper_run/logs/4348589/logs/copper_address_book.txt AWK_SCRIPT=/lustre/orion/stf243/world-shared/wcastil/Experiments/CUG26/copper_run/logs/4348589/logs/prepare_address_book.awk bash -lc 'awk -f "$AWK_SCRIPT" "$NODEFILE_PATH" "$FACILITY_BOOK" > "$OUTPUT_PATH"'
Deactivating conda environments
++ date +%s
+ prepare_address_book_end_epoch=1775659703
+ echo 'prepared address book generation took 3 s'
prepared address book generation took 3 s
+ '[' 0 -ne 0 ']'
+ '[' '!' -s /lustre/orion/stf243/world-shared/wcastil/Experiments/CUG26/copper_run/logs/4348589/logs/copper_address_book.txt ']'
+ profile_options=
+ '[' 0 -eq 1 ']'
+ '[' 0 -gt 0 ']'
+ '[' 0 -eq 1 ']'
+ '[' 0 -gt 0 ']'
+ options=' -f -tpath / -vpath /mnt/bb/wcastil/copper_mount -log_level 0 -log_type file -log_output_dir /lustre/orion/stf243/world-shared/wcastil/Experiments/CUG26/copper_run/logs/4348589 -net_type cxi://cxi1 -trees 1 -nf /lustre/orion/stf243/world-shared/wcastil/Experiments/CUG26/copper_run/logs/4348589/logs/node_file.txt -max_cacheable_byte_size 220000000 -md_enoent_ttl_ms 2000 -facility_address_book /lustre/orion/stf243/world-shared/wcastil/Experiments/CUG26/copper_run/logs/4348589/logs/copper_address_book.txt -prefiltered_address_book 1 -s /mnt/bb/wcastil/copper_mount'
+ echo 'sleeping for 10 s'
sleeping for 10 s
+ sleep 10s
+ srun --overlap -N 1024 --ntasks-per-node=1 --cpus-per-task=2 bash -c '
    echo "host=$(hostname)"
    echo "allowed=$(grep Cpus_allowed_list /proc/self/status | awk "{print \$2}")"
    echo "current_cpu=$(ps -o psr= -p $$)"
    exec /sw/frontier/ums/ums046/copper/build/cu_fuse  -f -tpath / -vpath /mnt/bb/wcastil/copper_mount -log_level 0 -log_type file -log_output_dir /lustre/orion/stf243/world-shared/wcastil/Experiments/CUG26/copper_run/logs/4348589 -net_type cxi://cxi1 -trees 1 -nf /lustre/orion/stf243/world-shared/wcastil/Experiments/CUG26/copper_run/logs/4348589/logs/node_file.txt -max_cacheable_byte_size 220000000 -md_enoent_ttl_ms 2000 -facility_address_book /lustre/orion/stf243/world-shared/wcastil/Experiments/CUG26/copper_run/logs/4348589/logs/copper_address_book.txt -prefiltered_address_book 1 -s /mnt/bb/wcastil/copper_mount
    '\''
  '
host=frontier00072
host=frontier03311
host=frontier00966
host=frontier01508
host=frontier03185
host=frontier06239
host=frontier04804
host=frontier09445
host=frontier02873
host=frontier09147
host=frontier01256
host=frontier09183
host=frontier04851
host=frontier06842
host=frontier03395
host=frontier03909
host=frontier03014
host=frontier06883
host=frontier03654
host=frontier01128
host=frontier03432
host=frontier04072
host=frontier06714
host=frontier01465
host=frontier03436
host=frontier05176
host=frontier03817
host=frontier02923
host=frontier02148
host=frontier04726
host=frontier06969
host=frontier03045
host=frontier06712
host=frontier03052
host=frontier00965
host=frontier07396
host=frontier09027
host=frontier02235
allowed=1-2
allowed=1-2
host=frontier00232
host=frontier06202
host=frontier09403
host=frontier03693
allowed=1-2
host=frontier02679
host=frontier09063
host=frontier01215
host=frontier04796
host=frontier03564
host=frontier02925
host=frontier09404
host=frontier03694
host=frontier06499
host=frontier00074
host=frontier00743
host=frontier04024
host=frontier00744
allowed=1-2
allowed=1-2
allowed=1-2
host=frontier07012
host=frontier05693
host=frontier03895
host=frontier06500
host=frontier00075
host=frontier04153
host=frontier03441
host=frontier03640
allowed=1-2
allowed=1-2
host=frontier07993
host=frontier03511
host=frontier00824
host=frontier03382
host=frontier03130
host=frontier07226
host=frontier04284
host=frontier07014
allowed=1-2
host=frontier01511
host=frontier05731
host=frontier02496
host=frontier01255
host=frontier08259
host=frontier03767
host=frontier03641
host=frontier02278
host=frontier05443
host=frontier04833
allowed=1-2
allowed=1-2
host=frontier00826
host=frontier03259
host=frontier01512
host=frontier04549
host=frontier06246
host=frontier03513
host=frontier05471
host=frontier02025
host=frontier07483
host=frontier03003
host=frontier09148
host=frontier02875
host=frontier03899
host=frontier10171
host=frontier05814
host=frontier01592
allowed=1-2
host=frontier06071
host=frontier08890
allowed=1-2
allowed=1-2
host=frontier04163
host=frontier05240
host=frontier03772
host=frontier04036
host=frontier01851
host=frontier08003
host=frontier06588
host=frontier01595
host=frontier03388
host=frontier03901
host=frontier07097
host=frontier04460
host=frontier09187
host=frontier06073
allowed=1-2
host=frontier04037
host=frontier08897
host=frontier05052
allowed=1-2
host=frontier06623
host=frontier04461
host=frontier03781
host=frontier00120
host=frontier05053
host=frontier03144
allowed=1-2
host=frontier01124
host=frontier06367
host=frontier02759
host=frontier08899
allowed=1-2
allowed=1-2
host=frontier04197
host=frontier06629
host=frontier04856
host=frontier06884
host=frontier08387
host=frontier09273
host=frontier01125
host=frontier05060
host=frontier03429
host=frontier04857
host=frontier01638
host=frontier03044
host=frontier05061
host=frontier04725
host=frontier06077
host=frontier03046
host=frontier01640
host=frontier03557
allowed=1-2
allowed=1-2
allowed=1-2
host=frontier06971
allowed=1-2
host=frontier07109
host=frontier05859
host=frontier03177
host=frontier04597
host=frontier02791
host=frontier06117
host=frontier05860
host=frontier07110
host=frontier03688
host=frontier01464
host=frontier03307
host=frontier03943
host=frontier09283
host=frontier01209
host=frontier05314
allowed=1-2
host=frontier03435
host=frontier04074
host=frontier05687
host=frontier05315
host=frontier03560
host=frontier06198
host=frontier03816
allowed=1-2
host=frontier06199
host=frontier01211
host=frontier04793
host=frontier02922
host=frontier05316
host=frontier03050
allowed=1-2
host=frontier03562
allowed=1-2
allowed=1-2
host=frontier03946
host=frontier09402
host=frontier04077
host=frontier04932
host=frontier03947
host=frontier05690
host=frontier06982
host=frontier05947
host=frontier01470
host=frontier09444
host=frontier01253
host=frontier08514
host=frontier04283
host=frontier03896
host=frontier02495
host=frontier06583
host=frontier03897
host=frontier03512
host=frontier04156
host=frontier02874
host=frontier05048
host=frontier02748
host=frontier03514
host=frontier01083
host=frontier03644
host=frontier03387
host=frontier03900
host=frontier02750
host=frontier04293
host=frontier01085
host=frontier03780
host=frontier02106
host=frontier00830
host=frontier07098
host=frontier06879
host=frontier01341
host=frontier05817
host=frontier05561
host=frontier03145
host=frontier05563
host=frontier02760
host=frontier02916
host=frontier05564
host=frontier05820
host=frontier03430
host=frontier05305
host=frontier03526
host=frontier04198
host=frontier03554
host=frontier01639
host=frontier01381
host=frontier03812
host=frontier09281
host=frontier06455
host=frontier03308
host=frontier05688
host=frontier02408
host=frontier03181
host=frontier05689
host=frontier08763
host=frontier06201
host=frontier02795
host=frontier07141
host=frontier02789
allowed=1-2
allowed=1-2
host=frontier00444
allowed=1-2
host=frontier05306
host=frontier00696
host=frontier09015
allowed=1-2
allowed=1-2
host=frontier07910
allowed=1-2
allowed=1-2
allowed=1-2
allowed=1-2
current_cpu=  2
current_cpu=  1
allowed=1-2
host=frontier00711
allowed=1-2
host=frontier03438
host=frontier01725
allowed=1-2
allowed=1-2
current_cpu=  1
allowed=1-2
host=frontier01981
allowed=1-2
allowed=1-2
host=frontier00489
host=frontier07223
allowed=1-2
host=frontier03183
allowed=1-2
allowed=1-2
host=frontier07747
allowed=1-2
host=frontier01765
host=frontier00982
host=frontier02926
allowed=1-2
allowed=1-2
allowed=1-2
allowed=1-2
allowed=1-2
host=frontier08771
host=frontier03184
host=frontier07991
host=frontier04152
host=frontier04281
allowed=1-2
current_cpu=  2
current_cpu=  1
host=frontier02927
current_cpu=  1
allowed=1-2
allowed=1-2
allowed=1-2
allowed=1-2
allowed=1-2
allowed=1-2
allowed=1-2
allowed=1-2
current_cpu=  1
allowed=1-2
host=frontier07777
allowed=1-2
allowed=1-2
host=frontier03257
host=frontier00076
allowed=1-2
host=frontier05186
host=frontier07621
allowed=1-2
host=frontier04026
allowed=1-2
host=frontier06245
allowed=1-2
allowed=1-2
allowed=1-2
allowed=1-2
allowed=1-2
allowed=1-2
allowed=1-2
allowed=1-2
host=frontier04413
host=frontier00318
host=frontier07995
allowed=1-2
host=frontier02281
current_cpu=  2
host=frontier04285
current_cpu=  1
allowed=1-2
allowed=1-2
allowed=1-2
host=frontier00573
allowed=1-2
allowed=1-2
allowed=1-2
allowed=1-2
allowed=1-2
allowed=1-2
host=frontier08631
host=frontier02536
allowed=1-2
allowed=1-2
allowed=1-2
host=frontier04157
host=frontier05733
host=frontier08002
allowed=1-2
allowed=1-2
allowed=1-2
current_cpu=  2
allowed=1-2
allowed=1-2
host=frontier02749
current_cpu=  1
allowed=1-2
host=frontier04719
allowed=1-2
allowed=1-2
allowed=1-2
host=frontier00118
allowed=1-2
allowed=1-2
allowed=1-2
host=frontier04852
allowed=1-2
allowed=1-2
allowed=1-2
host=frontier01338
host=frontier06072
host=frontier02878
allowed=1-2
allowed=1-2
allowed=1-2
host=frontier07655
allowed=1-2
current_cpu=  2
allowed=1-2
host=frontier06844
allowed=1-2
host=frontier03646
allowed=1-2
host=frontier07491
host=frontier04591
allowed=1-2
allowed=1-2
allowed=1-2
allowed=1-2
allowed=1-2
allowed=1-2
host=frontier01086
host=frontier06330
host=frontier02361
host=frontier00837
host=frontier04722
host=frontier02108
current_cpu=  1
host=frontier08120
allowed=1-2
host=frontier04195
allowed=1-2
host=frontier00122
allowed=1-2
current_cpu=  2
host=frontier02362
current_cpu=  2
allowed=1-2
host=frontier01378
allowed=1-2
host=frontier04326
allowed=1-2
allowed=1-2
allowed=1-2
allowed=1-2
host=frontier03015
host=frontier01855
allowed=1-2
allowed=1-2
host=frontier08642
allowed=1-2
host=frontier07100
allowed=1-2
allowed=1-2
allowed=1-2
host=frontier03680
host=frontier08643
allowed=1-2
allowed=1-2
host=frontier03939
host=frontier07101
host=frontier06372
host=frontier00443
allowed=1-2
host=frontier01894
allowed=1-2
host=frontier07356
host=frontier07103
host=frontier02150
host=frontier02918
allowed=1-2
allowed=1-2
host=frontier07735
host=frontier04200
current_cpu=  2
host=frontier04727
current_cpu=  1
allowed=1-2
host=frontier04201
current_cpu=  1
allowed=1-2
allowed=1-2
allowed=1-2
allowed=1-2
allowed=1-2
allowed=1-2
host=frontier00446
host=frontier06972
allowed=1-2
host=frontier00191
allowed=1-2
allowed=1-2
allowed=1-2
allowed=1-2
allowed=1-2
allowed=1-2
allowed=1-2
host=frontier08502
current_cpu=  1
allowed=1-2
host=frontier00956
allowed=1-2
host=frontier08132
host=frontier02636
allowed=1-2
host=frontier00700
allowed=1-2
host=frontier02793
allowed=1-2
allowed=1-2
host=frontier02407
host=frontier03944
host=frontier04075
allowed=1-2
current_cpu=  2
allowed=1-2
host=frontier03945
allowed=1-2
allowed=1-2
allowed=1-2
allowed=1-2
host=frontier08762
current_cpu=  2
host=frontier07740
current_cpu=  1
allowed=1-2
allowed=1-2
host=frontier05945
allowed=1-2
host=frontier01980
allowed=1-2
allowed=1-2
host=frontier02678
host=frontier04537
allowed=1-2
allowed=1-2
host=frontier04795
host=frontier03692
host=frontier06460
host=frontier06495
host=frontier05691
host=frontier03439
host=frontier04280
host=frontier01469
host=frontier00233
host=frontier06983
allowed=1-2
host=frontier02798
host=frontier03820
allowed=1-2
host=frontier04934
host=frontier01252
host=frontier07620
allowed=1-2
host=frontier02681
host=frontier03314
host=frontier04025
allowed=1-2
host=frontier04963
allowed=1-2
allowed=1-2
host=frontier00999
host=frontier08515
allowed=1-2
host=frontier05442
host=frontier02745
allowed=1-2
host=frontier03000
host=frontier07480
allowed=1-2
allowed=1-2
host=frontier00077
host=frontier00572
host=frontier04155
host=frontier07994
host=frontier03131
host=frontier04027
host=frontier05985
allowed=1-2
host=frontier04548
host=frontier05987
allowed=1-2
host=frontier03002
allowed=1-2
host=frontier01770
host=frontier04028
host=frontier07228
allowed=1-2
allowed=1-2
host=frontier06585
host=frontier06326
allowed=1-2
host=frontier03769
host=frontier08632
allowed=1-2
host=frontier04422
allowed=1-2
allowed=1-2
host=frontier06587
host=frontier04588
allowed=1-2
host=frontier00357
host=frontier06328
host=frontier07018
allowed=1-2
host=frontier00576
host=frontier03645
allowed=1-2
host=frontier04853
allowed=1-2
host=frontier02751
host=frontier05241
allowed=1-2
host=frontier04590
allowed=1-2
host=frontier04322
host=frontier01853
allowed=1-2
host=frontier10174
allowed=1-2
allowed=1-2
host=frontier03270
host=frontier03653
host=frontier06074
allowed=1-2
host=frontier01598
host=frontier03271
allowed=1-2
allowed=1-2
host=frontier02886
host=frontier06075
host=frontier06371
host=frontier03171
allowed=1-2
host=frontier03809
host=frontier01635
allowed=1-2
allowed=1-2
allowed=1-2
host=frontier02110
allowed=1-2
allowed=1-2
allowed=1-2
host=frontier02364
allowed=1-2
host=frontier07659
host=frontier00870
host=frontier04594
host=frontier00187
allowed=1-2
allowed=1-2
host=frontier02917
allowed=1-2
host=frontier03940
host=frontier04465
host=frontier05092
host=frontier06454
allowed=1-2
allowed=1-2
host=frontier04466
host=frontier02790
host=frontier08758
host=frontier03558
host=frontier03047
host=frontier03687
host=frontier04922
host=frontier03813
host=frontier09282
allowed=1-2
host=frontier01383
host=frontier04467
host=frontier00954
host=frontier04073
host=frontier07364
host=frontier02152
host=frontier05117
host=frontier02920
host=frontier03689
host=frontier02921
host=frontier00228
host=frontier01976
allowed=1-2
host=frontier03179
host=frontier06457
host=frontier06973
host=frontier04664
host=frontier06458
allowed=1-2
allowed=1-2
host=frontier07394
host=frontier02233
allowed=1-2
allowed=1-2
host=frontier00710
host=frontier04407
host=frontier04536
allowed=1-2
allowed=1-2
allowed=1-2
host=frontier03051
host=frontier01212
host=frontier06459
host=frontier01468
host=frontier00488
host=frontier05432
host=frontier07741
host=frontier03819
host=frontier02492
host=frontier01726
host=frontier06203
host=frontier04797
host=frontier04540
host=frontier03313
host=frontier04411
host=frontier03055
host=frontier04412
host=frontier05958
host=frontier04985
host=frontier06244
host=frontier03258
host=frontier05187
host=frontier01081
host=frontier02282
host=frontier01513
host=frontier03386
host=frontier03515
host=frontier01337
host=frontier04030
host=frontier07235
host=frontier06327
host=frontier10172
host=frontier08383
host=frontier00119
host=frontier01596
host=frontier05816
host=frontier03143
host=frontier01339
host=frontier06589
host=frontier03517
host=frontier05302
host=frontier04854
host=frontier04592
host=frontier02618
host=frontier06076
host=frontier04327
host=frontier01380
host=frontier01126
host=frontier08388
host=frontier01895
host=frontier03811
host=frontier04920
host=frontier01127
host=frontier06373
host=frontier06970
host=frontier05307
host=frontier06713
host=frontier06116
host=frontier05571
host=frontier01382
host=frontier03433
host=frontier04598
host=frontier03814
host=frontier07365
host=frontier05942
host=frontier01722
host=frontier09315
host=frontier03815
host=frontier04792
host=frontier00957
host=frontier01724
host=frontier09026
host=frontier03437
host=frontier04665
host=frontier04595
host=frontier08123
allowed=1-2
current_cpu=  1
current_cpu=  2
allowed=1-2
host=frontier05062
current_cpu=  2
allowed=1-2
allowed=1-2
allowed=1-2
current_cpu=  1
host=frontier02365
host=frontier04070
current_cpu=  2
allowed=1-2
allowed=1-2
host=frontier08506
current_cpu=  1
current_cpu=  1
current_cpu=  2
current_cpu=  1
current_cpu=  1
allowed=1-2
current_cpu=  2
allowed=1-2
allowed=1-2
current_cpu=  2
current_cpu=  2
current_cpu=  2
host=frontier04151
allowed=1-2
current_cpu=  1
current_cpu=  1
allowed=1-2
allowed=1-2
current_cpu=  2
allowed=1-2
current_cpu=  2
current_cpu=  2
allowed=1-2
current_cpu=  2
allowed=1-2
allowed=1-2
allowed=1-2
current_cpu=  1
current_cpu=  1
current_cpu=  2
current_cpu=  1
current_cpu=  2
host=frontier04410
host=frontier07224
allowed=1-2
allowed=1-2
allowed=1-2
allowed=1-2
allowed=1-2
current_cpu=  1
allowed=1-2
current_cpu=  1
current_cpu=  1
host=frontier00313
current_cpu=  1
current_cpu=  1
host=frontier07749
host=frontier02021
current_cpu=  1
current_cpu=  1
current_cpu=  1
current_cpu=  2
current_cpu=  2
current_cpu=  1
allowed=1-2
current_cpu=  1
current_cpu=  1
allowed=1-2
allowed=1-2
current_cpu=  1
allowed=1-2
allowed=1-2
current_cpu=  2
allowed=1-2
allowed=1-2
current_cpu=  1
host=frontier02023
allowed=1-2
allowed=1-2
current_cpu=  2
current_cpu=  1
current_cpu=  1
current_cpu=  1
current_cpu=  2
current_cpu=  1
current_cpu=  1
current_cpu=  1
current_cpu=  1
allowed=1-2
allowed=1-2
allowed=1-2
allowed=1-2
current_cpu=  1
allowed=1-2
allowed=1-2
current_cpu=  1
current_cpu=  1
current_cpu=  1
allowed=1-2
current_cpu=  1
host=frontier02534
current_cpu=  1
current_cpu=  1
current_cpu=  2
host=frontier07780
current_cpu=  2
current_cpu=  2
allowed=1-2
allowed=1-2
current_cpu=  2
host=frontier00574
host=frontier04291
current_cpu=  1
current_cpu=  2
allowed=1-2
allowed=1-2
host=frontier03643
allowed=1-2
host=frontier03004
allowed=1-2
current_cpu=  1
current_cpu=  1
current_cpu=  2
current_cpu=  1
current_cpu=  1
host=frontier02537
allowed=1-2
host=frontier00115
current_cpu=  1
current_cpu=  1
allowed=1-2
current_cpu=  2
current_cpu=  1
current_cpu=  2
allowed=1-2
current_cpu=  2
current_cpu=  2
current_cpu=  1
allowed=1-2
current_cpu=  1
current_cpu=  1
current_cpu=  2
host=frontier03516
allowed=1-2
host=frontier04720
allowed=1-2
allowed=1-2
current_cpu=  2
host=frontier08004
current_cpu=  2
current_cpu=  2
allowed=1-2
current_cpu=  2
current_cpu=  2
allowed=1-2
current_cpu=  1
allowed=1-2
host=frontier02616
current_cpu=  2
allowed=1-2
allowed=1-2
current_cpu=  2
current_cpu=  1
current_cpu=  2
current_cpu=  1
host=frontier08119
current_cpu=  2
current_cpu=  1
current_cpu=  2
host=frontier04038
allowed=1-2
allowed=1-2
allowed=1-2
allowed=1-2
allowed=1-2
allowed=1-2
allowed=1-2
current_cpu=  1
host=frontier04462
allowed=1-2
current_cpu=  2
allowed=1-2
host=frontier07869
host=frontier07657
current_cpu=  1
allowed=1-2
allowed=1-2
current_cpu=  1
allowed=1-2
current_cpu=  2
allowed=1-2
current_cpu=  1
current_cpu=  2
current_cpu=  2
current_cpu=  2
allowed=1-2
allowed=1-2
current_cpu=  2
current_cpu=  2
allowed=1-2
current_cpu=  1
allowed=1-2
host=frontier04464
current_cpu=  1
current_cpu=  2
current_cpu=  1
allowed=1-2
allowed=1-2
host=frontier07871
current_cpu=  2
current_cpu=  1
allowed=1-2
allowed=1-2
allowed=1-2
allowed=1-2
current_cpu=  1
allowed=1-2
current_cpu=  1
allowed=1-2
allowed=1-2
allowed=1-2
host=frontier04329
allowed=1-2
current_cpu=  2
current_cpu=  2
host=frontier00189
allowed=1-2
host=frontier00445
current_cpu=  1
allowed=1-2
allowed=1-2
current_cpu=  2
allowed=1-2
current_cpu=  1
host=frontier02151
current_cpu=  2
current_cpu=  1
current_cpu=  1
current_cpu=  1
current_cpu=  1
host=frontier05599
host=frontier08759
allowed=1-2
host=frontier07736
allowed=1-2
current_cpu=  2
allowed=1-2
current_cpu=  2
current_cpu=  2
current_cpu=  1
allowed=1-2
current_cpu=  1
current_cpu=  1
current_cpu=  2
host=frontier04468
current_cpu=  2
host=frontier07737
allowed=1-2
host=frontier03048
current_cpu=  1
allowed=1-2
current_cpu=  1
allowed=1-2
allowed=1-2
current_cpu=  1
allowed=1-2
current_cpu=  1
allowed=1-2
current_cpu=  2
current_cpu=  1
host=frontier04469
allowed=1-2
allowed=1-2
allowed=1-2
host=frontier08160
host=frontier02660
host=frontier03561
current_cpu=  1
current_cpu=  1
allowed=1-2
current_cpu=  1
current_cpu=  1
current_cpu=  1
current_cpu=  2
allowed=1-2
host=frontier02794
allowed=1-2
host=frontier02677
allowed=1-2
allowed=1-2
current_cpu=  1
host=frontier07909
current_cpu=  2
host=frontier08161
host=frontier00487
host=frontier06718
host=frontier02490
current_cpu=  1
host=frontier01979
allowed=1-2
current_cpu=  2
allowed=1-2
current_cpu=  1
current_cpu=  1
host=frontier02924
host=frontier07142
allowed=1-2
allowed=1-2
host=frontier07611
current_cpu=  1
current_cpu=  1
allowed=1-2
allowed=1-2
allowed=1-2
host=frontier04667
allowed=1-2
allowed=1-2
host=frontier05434
host=frontier07612
allowed=1-2
host=frontier04409
host=frontier00730
allowed=1-2
allowed=1-2
allowed=1-2
host=frontier00073
host=frontier03948
host=frontier05178
allowed=1-2
current_cpu=  2
host=frontier06204
host=frontier09143
allowed=1-2
allowed=1-2
host=frontier07748
host=frontier00234
current_cpu=  2
host=frontier07613
host=frontier08513
allowed=1-2
host=frontier02237
allowed=1-2
host=frontier03565
host=frontier01982
host=frontier07992
allowed=1-2
current_cpu=  2
allowed=1-2
host=frontier08251
allowed=1-2
host=frontier05948
host=frontier07225
allowed=1-2
current_cpu=  1
host=frontier02494
allowed=1-2
current_cpu=  1
host=frontier07479
host=frontier04541
current_cpu=  2
host=frontier08253
host=frontier03766
allowed=1-2
host=frontier02022
allowed=1-2
current_cpu=  2
allowed=1-2
host=frontier01510
allowed=1-2
host=frontier04154
host=frontier02239
current_cpu=  1
allowed=1-2
allowed=1-2
current_cpu=  2
current_cpu=  2
host=frontier02746
host=frontier00317
allowed=1-2
allowed=1-2
allowed=1-2
host=frontier07778
allowed=1-2
allowed=1-2
allowed=1-2
allowed=1-2
current_cpu=  2
host=frontier09446
allowed=1-2
host=frontier07779
allowed=1-2
host=frontier02024
host=frontier05732
current_cpu=  2
host=frontier05444
host=frontier08630
allowed=1-2
host=frontier07015
current_cpu=  1
allowed=1-2
allowed=1-2
allowed=1-2
current_cpu=  2
host=frontier00078
host=frontier07016
host=frontier04579
current_cpu=  2
host=frontier00319
allowed=1-2
host=frontier01082
allowed=1-2
host=frontier04029
current_cpu=  1
host=frontier06841
host=frontier03133
allowed=1-2
host=frontier05988
host=frontier07652
host=frontier01336
allowed=1-2
current_cpu=  1
allowed=1-2
current_cpu=  2
host=frontier02876
host=frontier07781
current_cpu=  1
allowed=1-2
allowed=1-2
host=frontier07484
host=frontier00352
host=frontier05497
host=frontier03135
allowed=1-2
host=frontier08290
current_cpu=  2
host=frontier03005
host=frontier05815
allowed=1-2
allowed=1-2
allowed=1-2
host=frontier02284
current_cpu=  2
allowed=1-2
host=frontier01084
allowed=1-2
host=frontier03262
host=frontier05558
host=frontier07236
host=frontier04589
current_cpu=  1
allowed=1-2
host=frontier03006
current_cpu=  2
allowed=1-2
allowed=1-2
current_cpu=  1
host=frontier05559
allowed=1-2
host=frontier00358
current_cpu=  2
host=frontier00614
host=frontier02360
allowed=1-2
host=frontier08634
allowed=1-2
current_cpu=  2
allowed=1-2
current_cpu=  2
current_cpu=  1
host=frontier05560
allowed=1-2
allowed=1-2
host=frontier02107
host=frontier07867
allowed=1-2
current_cpu=  2
host=frontier00615
host=frontier00359
allowed=1-2
host=frontier04325
host=frontier08386
allowed=1-2
current_cpu=  2
current_cpu=  2
host=frontier04723
allowed=1-2
host=frontier03782
host=frontier06628
host=frontier07352
host=frontier08641
host=frontier00616
allowed=1-2
host=frontier03655
host=frontier05819
host=frontier07658
host=frontier04593
host=frontier04724
allowed=1-2
host=frontier04463
allowed=1-2
host=frontier03525
current_cpu=  1
allowed=1-2
allowed=1-2
host=frontier07353
host=frontier02363
current_cpu=  1
current_cpu=  2
current_cpu=  1
allowed=1-2
current_cpu=  1
current_cpu=  1
current_cpu=  2
allowed=1-2
current_cpu=  2
host=frontier03810
allowed=1-2
allowed=1-2
allowed=1-2
host=frontier08122
allowed=1-2
allowed=1-2
current_cpu=  1
current_cpu=  2
allowed=1-2
current_cpu=  2
allowed=1-2
host=frontier03175
host=frontier00871
host=frontier08394
host=frontier05856
host=frontier02621
allowed=1-2
host=frontier05570
host=frontier03685
host=frontier06111
host=frontier00188
allowed=1-2
allowed=1-2
host=frontier03941
host=frontier02366
host=frontier00697
host=frontier03686
current_cpu=  1
current_cpu=  2
host=frontier08124
allowed=1-2
allowed=1-2
host=frontier00952
host=frontier03176
allowed=1-2
host=frontier04921
allowed=1-2
host=frontier01897
host=frontier05116
allowed=1-2
allowed=1-2
host=frontier00698
allowed=1-2
allowed=1-2
allowed=1-2
current_cpu=  2
allowed=1-2
allowed=1-2
allowed=1-2
host=frontier07879
host=frontier04728
allowed=1-2
host=frontier01898
allowed=1-2
host=frontier07607
host=frontier06118
host=frontier05601
host=frontier02406
host=frontier03434
allowed=1-2
host=frontier08131
host=frontier02634
host=frontier04923
allowed=1-2
host=frontier06456
allowed=1-2
allowed=1-2
host=frontier04332
allowed=1-2
allowed=1-2
host=frontier00448
allowed=1-2
current_cpu=  2
host=frontier07907
allowed=1-2
allowed=1-2
host=frontier07738
host=frontier07111
host=frontier04203
allowed=1-2
host=frontier02153
host=frontier07739
allowed=1-2
host=frontier00229
allowed=1-2
current_cpu=  1
current_cpu=  1
allowed=1-2
host=frontier03690
allowed=1-2
host=frontier09025
host=frontier00701
host=frontier06975
host=frontier07140
host=frontier03180
host=frontier05943
current_cpu=  2
allowed=1-2
current_cpu=  2
allowed=1-2
allowed=1-2
allowed=1-2
current_cpu=  1
host=frontier00231
host=frontier06981
current_cpu=  2
current_cpu=  1
host=frontier04076
allowed=1-2
allowed=1-2
allowed=1-2
host=frontier01214
host=frontier08162
allowed=1-2
allowed=1-2
host=frontier03818
allowed=1-2
host=frontier04279
host=frontier04666
host=frontier06752
host=frontier04408
host=frontier08769
allowed=1-2
host=frontier03563
host=frontier03182
host=frontier02796
host=frontier05946
host=frontier07935
allowed=1-2
allowed=1-2
host=frontier08770
allowed=1-2
host=frontier08507
host=frontier02236
host=frontier04933
allowed=1-2
host=frontier03312
host=frontier03053
host=frontier07397
host=frontier02797
host=frontier04539
allowed=1-2
host=frontier07011
host=frontier05435
host=frontier04668
allowed=1-2
host=frontier03440
allowed=1-2
host=frontier05179
host=frontier07398
host=frontier05692
host=frontier00490
host=frontier09405
host=frontier02680
host=frontier08249
host=frontier06759
host=frontier09144
host=frontier00570
host=frontier01767
host=frontier06760
host=frontier00998
allowed=1-2
allowed=1-2
host=frontier03566
host=frontier04282
host=frontier03695
host=frontier08817
host=frontier05180
host=frontier04803
host=frontier02238
host=frontier04669
host=frontier01254
host=frontier04547
host=frontier05727
allowed=1-2
host=frontier00314
allowed=1-2
host=frontier07013
host=frontier09145
allowed=1-2
host=frontier06838
host=frontier00571
host=frontier01768
allowed=1-2
host=frontier06501
host=frontier08886
host=frontier07481
allowed=1-2
host=frontier07622
host=frontier04805
host=frontier03001
host=frontier08570
host=frontier04986
host=frontier04676
host=frontier01080
host=frontier07227
host=frontier08887
host=frontier09146
allowed=1-2
host=frontier06839
host=frontier01769
host=frontier03898
host=frontier07482
host=frontier02747
host=frontier03768
host=frontier03385
host=frontier07651
host=frontier06840
host=frontier04677
allowed=1-2
host=frontier03642
host=frontier08888
host=frontier06584
host=frontier08260
host=frontier09447
host=frontier04420
allowed=1-2
host=frontier04850
host=frontier07229
host=frontier10169
host=frontier07996
host=frontier05215
host=frontier05049
host=frontier00827
host=frontier08261
allowed=1-2
host=frontier00114
host=frontier01849
host=frontier04705
allowed=1-2
host=frontier04421
host=frontier03261
host=frontier00828
host=frontier05239
allowed=1-2
allowed=1-2
host=frontier03771
allowed=1-2
allowed=1-2
host=frontier02283
host=frontier07017
allowed=1-2
host=frontier04292
host=frontier01850
host=frontier07653
host=frontier00575
host=frontier07485
host=frontier07865
host=frontier02538
host=frontier04164
host=frontier09186
allowed=1-2
host=frontier02105
host=frontier05051
host=frontier08891
host=frontier04450
allowed=1-2
host=frontier07654
host=frontier02877
host=frontier03136
host=frontier00829
host=frontier03263
allowed=1-2
allowed=1-2
host=frontier10173
host=frontier04165
host=frontier06329
host=frontier01852
allowed=1-2
host=frontier07866
host=frontier07237
allowed=1-2
allowed=1-2
allowed=1-2
allowed=1-2
host=frontier03908
host=frontier03518
host=frontier04194
host=frontier04324
host=frontier01597
host=frontier07492
host=frontier07351
host=frontier02885
host=frontier02758
host=frontier08385
host=frontier07656
allowed=1-2
host=frontier02617
host=frontier08635
host=frontier03013
allowed=1-2
host=frontier03398
host=frontier03524
host=frontier07493
host=frontier07099
host=frontier00360
allowed=1-2
host=frontier05303
host=frontier05054
host=frontier01342
host=frontier04067
host=frontier00856
host=frontier05818
allowed=1-2
host=frontier03910
host=frontier01854
host=frontier07870
host=frontier00869
host=frontier07522
host=frontier02109
host=frontier02619
host=frontier02887
host=frontier00617
host=frontier00186
host=frontier08121
host=frontier03937
host=frontier00442
host=frontier03272
allowed=1-2
host=frontier05304
allowed=1-2
allowed=1-2
host=frontier07354
host=frontier03174
allowed=1-2
host=frontier07523
host=frontier02620
host=frontier06885
allowed=1-2
host=frontier09274
host=frontier03299
host=frontier04069
host=frontier06630
host=frontier09014
host=frontier02788
host=frontier08696
host=frontier03304
allowed=1-2
host=frontier09275
allowed=1-2
allowed=1-2
host=frontier07877
allowed=1-2
host=frontier07102
host=frontier07524
host=frontier04199
allowed=1-2
host=frontier04328
host=frontier07660
host=frontier07355
allowed=1-2
host=frontier01896
host=frontier08395
allowed=1-2
host=frontier03305
allowed=1-2
host=frontier07525
allowed=1-2
host=frontier02622
allowed=1-2
host=frontier05858
allowed=1-2
host=frontier04596
host=frontier09016
host=frontier04071
host=frontier04330
allowed=1-2
host=frontier09017
host=frontier03306
host=frontier07543
host=frontier03942
host=frontier02919
host=frontier02633
host=frontier00190
host=frontier01208
host=frontier07363
host=frontier01641
host=frontier05308
host=frontier08396
host=frontier08130
host=frontier04202
allowed=1-2
allowed=1-2
host=frontier00447
host=frontier00699
host=frontier02792
host=frontier04331
host=frontier03559
host=frontier00955
host=frontier03178
host=frontier08760
host=frontier06715
host=frontier09018
host=frontier07906
host=frontier04791
host=frontier08761
allowed=1-2
host=frontier08503
host=frontier04663
allowed=1-2
host=frontier03049
allowed=1-2
allowed=1-2
host=frontier09019
host=frontier01210
allowed=1-2
host=frontier06716
allowed=1-2
host=frontier07608
host=frontier05174
host=frontier05175
host=frontier06717
allowed=1-2
host=frontier04925
host=frontier04535
host=frontier07908
host=frontier01466
host=frontier08504
host=frontier03309
host=frontier00484
host=frontier09401
host=frontier01723
host=frontier04204
host=frontier07609
host=frontier01978
host=frontier07395
host=frontier03310
allowed=1-2
allowed=1-2
host=frontier04205
host=frontier03691
allowed=1-2
allowed=1-2
host=frontier05343
host=frontier05944
host=frontier04926
host=frontier08505
host=frontier00958
host=frontier02234
host=frontier02491
host=frontier08248
host=frontier06758
host=frontier03054
host=frontier02493
host=frontier02799
host=frontier05436
host=frontier04675
host=frontier02872
host=frontier03384
host=frontier00825
host=frontier05188
host=frontier03132
host=frontier08889
host=frontier03260
host=frontier05050
host=frontier02104
host=frontier06843
host=frontier08633
host=frontier08384
host=frontier04721
host=frontier08898
host=frontier03396
host=frontier09272
host=frontier00618
host=frontier03431
host=frontier02403
host=frontier04924
host=frontier04333
host=frontier04794
allowed=1-2
allowed=1-2
current_cpu=  1
current_cpu=  2
allowed=1-2
current_cpu=  2
current_cpu=  2
current_cpu=  2
allowed=1-2
allowed=1-2
current_cpu=  1
current_cpu=  2
allowed=1-2
current_cpu=  2
current_cpu=  1
current_cpu=  2
allowed=1-2
current_cpu=  2
current_cpu=  2
current_cpu=  2
current_cpu=  1
current_cpu=  1
current_cpu=  2
current_cpu=  2
current_cpu=  1
allowed=1-2
allowed=1-2
current_cpu=  2
current_cpu=  2
current_cpu=  2
current_cpu=  1
current_cpu=  2
current_cpu=  1
allowed=1-2
allowed=1-2
allowed=1-2
current_cpu=  2
current_cpu=  2
current_cpu=  2
current_cpu=  2
current_cpu=  2
current_cpu=  1
current_cpu=  1
allowed=1-2
current_cpu=  2
current_cpu=  1
current_cpu=  2
current_cpu=  1
current_cpu=  2
current_cpu=  2
current_cpu=  1
current_cpu=  2
current_cpu=  1
allowed=1-2
allowed=1-2
current_cpu=  1
current_cpu=  1
allowed=1-2
allowed=1-2
current_cpu=  2
current_cpu=  1
allowed=1-2
current_cpu=  2
allowed=1-2
current_cpu=  2
allowed=1-2
current_cpu=  1
allowed=1-2
current_cpu=  2
current_cpu=  2
current_cpu=  2
allowed=1-2
current_cpu=  2
allowed=1-2
current_cpu=  1
current_cpu=  2
allowed=1-2
current_cpu=  2
current_cpu=  2
current_cpu=  2
allowed=1-2
current_cpu=  1
current_cpu=  1
allowed=1-2
allowed=1-2
current_cpu=  1
current_cpu=  2
current_cpu=  2
current_cpu=  2
current_cpu=  1
current_cpu=  2
current_cpu=  2
allowed=1-2
current_cpu=  2
current_cpu=  1
allowed=1-2
allowed=1-2
current_cpu=  2
current_cpu=  1
current_cpu=  2
current_cpu=  2
current_cpu=  2
current_cpu=  2
current_cpu=  1
current_cpu=  1
allowed=1-2
current_cpu=  2
current_cpu=  2
allowed=1-2
current_cpu=  2
current_cpu=  2
current_cpu=  1
current_cpu=  2
current_cpu=  1
current_cpu=  1
current_cpu=  2
current_cpu=  2
allowed=1-2
current_cpu=  2
allowed=1-2
current_cpu=  1
allowed=1-2
current_cpu=  2
current_cpu=  1
current_cpu=  2
allowed=1-2
allowed=1-2
allowed=1-2
current_cpu=  1
allowed=1-2
current_cpu=  2
current_cpu=  1
current_cpu=  2
allowed=1-2
allowed=1-2
current_cpu=  1
allowed=1-2
current_cpu=  2
current_cpu=  2
current_cpu=  1
current_cpu=  1
current_cpu=  2
allowed=1-2
current_cpu=  1
current_cpu=  1
current_cpu=  2
allowed=1-2
allowed=1-2
allowed=1-2
current_cpu=  2
current_cpu=  1
allowed=1-2
current_cpu=  2
allowed=1-2
current_cpu=  2
current_cpu=  1
allowed=1-2
allowed=1-2
allowed=1-2
allowed=1-2
allowed=1-2
allowed=1-2
current_cpu=  1
current_cpu=  2
allowed=1-2
allowed=1-2
current_cpu=  2
current_cpu=  2
allowed=1-2
current_cpu=  2
current_cpu=  1
current_cpu=  2
allowed=1-2
current_cpu=  1
current_cpu=  2
allowed=1-2
allowed=1-2
current_cpu=  1
allowed=1-2
allowed=1-2
current_cpu=  2
current_cpu=  2
current_cpu=  2
allowed=1-2
allowed=1-2
allowed=1-2
current_cpu=  1
allowed=1-2
allowed=1-2
current_cpu=  2
current_cpu=  1
allowed=1-2
allowed=1-2
allowed=1-2
allowed=1-2
current_cpu=  1
allowed=1-2
current_cpu=  2
allowed=1-2
allowed=1-2
allowed=1-2
current_cpu=  2
current_cpu=  2
allowed=1-2
current_cpu=  2
allowed=1-2
allowed=1-2
current_cpu=  1
allowed=1-2
current_cpu=  2
allowed=1-2
allowed=1-2
allowed=1-2
allowed=1-2
current_cpu=  1
allowed=1-2
current_cpu=  2
current_cpu=  2
allowed=1-2
current_cpu=  1
allowed=1-2
allowed=1-2
current_cpu=  2
current_cpu=  1
allowed=1-2
allowed=1-2
current_cpu=  2
current_cpu=  2
current_cpu=  2
allowed=1-2
current_cpu=  2
current_cpu=  2
current_cpu=  1
current_cpu=  2
allowed=1-2
current_cpu=  2
allowed=1-2
current_cpu=  1
allowed=1-2
allowed=1-2
allowed=1-2
allowed=1-2
current_cpu=  2
allowed=1-2
current_cpu=  2
current_cpu=  1
current_cpu=  2
allowed=1-2
allowed=1-2
allowed=1-2
allowed=1-2
current_cpu=  2
allowed=1-2
current_cpu=  1
allowed=1-2
allowed=1-2
allowed=1-2
current_cpu=  2
allowed=1-2
allowed=1-2
allowed=1-2
current_cpu=  2
current_cpu=  2
allowed=1-2
allowed=1-2
current_cpu=  1
current_cpu=  1
allowed=1-2
allowed=1-2
allowed=1-2
allowed=1-2
current_cpu=  2
allowed=1-2
allowed=1-2
allowed=1-2
current_cpu=  2
current_cpu=  1
current_cpu=  1
allowed=1-2
current_cpu=  1
allowed=1-2
current_cpu=  2
allowed=1-2
allowed=1-2
allowed=1-2
allowed=1-2
current_cpu=  1
allowed=1-2
current_cpu=  1
current_cpu=  2
current_cpu=  1
current_cpu=  1
current_cpu=  1
current_cpu=  1
current_cpu=  2
current_cpu=  1
current_cpu=  2
current_cpu=  1
current_cpu=  2
current_cpu=  1
current_cpu=  2
current_cpu=  2
current_cpu=  2
current_cpu=  2
current_cpu=  1
current_cpu=  1
current_cpu=  1
current_cpu=  2
current_cpu=  1
current_cpu=  2
current_cpu=  2
current_cpu=  1
current_cpu=  2
current_cpu=  2
current_cpu=  1
current_cpu=  2
current_cpu=  1
current_cpu=  2
current_cpu=  2
current_cpu=  1
current_cpu=  2
current_cpu=  1
current_cpu=  1
current_cpu=  1
current_cpu=  1
current_cpu=  2
current_cpu=  1
current_cpu=  2
current_cpu=  2
current_cpu=  2
host=frontier07610
current_cpu=  2
current_cpu=  1
current_cpu=  2
current_cpu=  2
current_cpu=  1
current_cpu=  2
current_cpu=  2
current_cpu=  2
current_cpu=  2
current_cpu=  2
current_cpu=  2
current_cpu=  1
current_cpu=  2
current_cpu=  1
current_cpu=  2
current_cpu=  2
current_cpu=  2
current_cpu=  1
current_cpu=  1
current_cpu=  2
current_cpu=  1
current_cpu=  1
current_cpu=  1
current_cpu=  1
current_cpu=  1
current_cpu=  2
current_cpu=  2
current_cpu=  2
current_cpu=  1
current_cpu=  2
current_cpu=  1
current_cpu=  2
current_cpu=  1
current_cpu=  1
current_cpu=  2
current_cpu=  1
current_cpu=  2
current_cpu=  2
current_cpu=  1
current_cpu=  1
current_cpu=  2
current_cpu=  2
current_cpu=  2
current_cpu=  1
current_cpu=  1
current_cpu=  1
current_cpu=  2
current_cpu=  2
current_cpu=  2
current_cpu=  1
current_cpu=  2
current_cpu=  2
current_cpu=  1
current_cpu=  2
current_cpu=  2
current_cpu=  1
current_cpu=  2
current_cpu=  1
current_cpu=  1
current_cpu=  2
current_cpu=  2
current_cpu=  2
current_cpu=  2
current_cpu=  1
current_cpu=  1
current_cpu=  2
current_cpu=  2
current_cpu=  1
current_cpu=  2
current_cpu=  2
current_cpu=  2
current_cpu=  2
allowed=1-2
current_cpu=  2
current_cpu=  1
allowed=1-2
allowed=1-2
current_cpu=  2
current_cpu=  1
allowed=1-2
current_cpu=  2
current_cpu=  1
allowed=1-2
current_cpu=  2
current_cpu=  2
current_cpu=  1
allowed=1-2
current_cpu=  1
current_cpu=  1
current_cpu=  2
allowed=1-2
current_cpu=  1
current_cpu=  2
allowed=1-2
current_cpu=  1
current_cpu=  1
host=frontier09188
allowed=1-2
allowed=1-2
current_cpu=  2
current_cpu=  1
current_cpu=  1
allowed=1-2
current_cpu=  1
allowed=1-2
current_cpu=  2
current_cpu=  2
allowed=1-2
current_cpu=  2
allowed=1-2
allowed=1-2
current_cpu=  2
host=frontier04855
allowed=1-2
allowed=1-2
current_cpu=  2
current_cpu=  2
allowed=1-2
current_cpu=  2
current_cpu=  2
allowed=1-2
current_cpu=  1
allowed=1-2
current_cpu=  2
allowed=1-2
current_cpu=  1
allowed=1-2
current_cpu=  2
allowed=1-2
allowed=1-2
current_cpu=  1
current_cpu=  1
allowed=1-2
current_cpu=  1
current_cpu=  2
allowed=1-2
allowed=1-2
current_cpu=  1
current_cpu=  2
current_cpu=  1
allowed=1-2
current_cpu=  1
allowed=1-2
current_cpu=  2
current_cpu=  1
current_cpu=  2
current_cpu=  2
allowed=1-2
current_cpu=  2
current_cpu=  2
current_cpu=  1
current_cpu=  1
allowed=1-2
current_cpu=  2
current_cpu=  1
current_cpu=  1
current_cpu=  2
current_cpu=  1
allowed=1-2
current_cpu=  1
allowed=1-2
current_cpu=  1
allowed=1-2
current_cpu=  1
allowed=1-2
current_cpu=  2
allowed=1-2
current_cpu=  1
current_cpu=  1
allowed=1-2
allowed=1-2
current_cpu=  2
current_cpu=  2
allowed=1-2
allowed=1-2
current_cpu=  2
current_cpu=  2
current_cpu=  1
current_cpu=  2
current_cpu=  2
allowed=1-2
current_cpu=  2
allowed=1-2
current_cpu=  2
allowed=1-2
current_cpu=  2
allowed=1-2
current_cpu=  1
allowed=1-2
current_cpu=  1
current_cpu=  2
allowed=1-2
allowed=1-2
current_cpu=  2
current_cpu=  1
current_cpu=  2
allowed=1-2
current_cpu=  1
current_cpu=  1
allowed=1-2
allowed=1-2
current_cpu=  1
current_cpu=  1
current_cpu=  2
current_cpu=  1
current_cpu=  1
current_cpu=  2
allowed=1-2
current_cpu=  2
current_cpu=  1
current_cpu=  2
current_cpu=  1
current_cpu=  1
current_cpu=  1
current_cpu=  1
current_cpu=  2
allowed=1-2
current_cpu=  2
allowed=1-2
current_cpu=  2
current_cpu=  2
current_cpu=  2
current_cpu=  1
current_cpu=  2
allowed=1-2
current_cpu=  2
current_cpu=  1
allowed=1-2
allowed=1-2
current_cpu=  1
allowed=1-2
current_cpu=  2
allowed=1-2
current_cpu=  1
allowed=1-2
current_cpu=  2
current_cpu=  1
allowed=1-2
allowed=1-2
current_cpu=  2
current_cpu=  2
current_cpu=  2
allowed=1-2
current_cpu=  1
current_cpu=  2
allowed=1-2
current_cpu=  1
current_cpu=  2
current_cpu=  1
allowed=1-2
current_cpu=  1
current_cpu=  2
current_cpu=  1
allowed=1-2
current_cpu=  1
current_cpu=  1
allowed=1-2
current_cpu=  2
current_cpu=  1
current_cpu=  1
allowed=1-2
current_cpu=  1
allowed=1-2
current_cpu=  2
allowed=1-2
current_cpu=  2
current_cpu=  1
allowed=1-2
allowed=1-2
current_cpu=  1
current_cpu=  1
allowed=1-2
current_cpu=  2
current_cpu=  1
current_cpu=  1
allowed=1-2
current_cpu=  1
current_cpu=  2
allowed=1-2
current_cpu=  1
allowed=1-2
current_cpu=  2
allowed=1-2
current_cpu=  1
allowed=1-2
current_cpu=  1
allowed=1-2
current_cpu=  2
current_cpu=  2
allowed=1-2
current_cpu=  1
current_cpu=  1
current_cpu=  2
current_cpu=  2
current_cpu=  2
allowed=1-2
allowed=1-2
current_cpu=  2
current_cpu=  2
allowed=1-2
current_cpu=  2
allowed=1-2
current_cpu=  1
current_cpu=  2
current_cpu=  1
allowed=1-2
allowed=1-2
current_cpu=  2
current_cpu=  2
current_cpu=  1
current_cpu=  1
allowed=1-2
current_cpu=  2
current_cpu=  2
allowed=1-2
current_cpu=  2
allowed=1-2
current_cpu=  1
allowed=1-2
current_cpu=  1
allowed=1-2
current_cpu=  2
allowed=1-2
current_cpu=  2
current_cpu=  2
allowed=1-2
allowed=1-2
current_cpu=  1
current_cpu=  1
allowed=1-2
allowed=1-2
current_cpu=  2
current_cpu=  2
allowed=1-2
current_cpu=  1
current_cpu=  2
current_cpu=  1
allowed=1-2
current_cpu=  1
current_cpu=  2
allowed=1-2
allowed=1-2
allowed=1-2
current_cpu=  2
current_cpu=  1
current_cpu=  2
allowed=1-2
current_cpu=  2
allowed=1-2
current_cpu=  2
allowed=1-2
current_cpu=  1
allowed=1-2
current_cpu=  2
current_cpu=  2
current_cpu=  2
allowed=1-2
current_cpu=  1
current_cpu=  2
allowed=1-2
allowed=1-2
current_cpu=  2
current_cpu=  2
allowed=1-2
current_cpu=  1
current_cpu=  2
allowed=1-2
current_cpu=  2
current_cpu=  1
allowed=1-2
allowed=1-2
current_cpu=  1
current_cpu=  1
allowed=1-2
allowed=1-2
current_cpu=  1
current_cpu=  1
allowed=1-2
allowed=1-2
current_cpu=  1
current_cpu=  1
allowed=1-2
allowed=1-2
current_cpu=  2
current_cpu=  1
allowed=1-2
allowed=1-2
current_cpu=  1
current_cpu=  2
allowed=1-2
allowed=1-2
current_cpu=  1
current_cpu=  1
allowed=1-2
current_cpu=  1
current_cpu=  1
current_cpu=  1
allowed=1-2
allowed=1-2
current_cpu=  1
current_cpu=  1
allowed=1-2
allowed=1-2
current_cpu=  1
allowed=1-2
current_cpu=  2
allowed=1-2
current_cpu=  1
current_cpu=  1
allowed=1-2
allowed=1-2
current_cpu=  2
current_cpu=  2
allowed=1-2
allowed=1-2
current_cpu=  1
current_cpu=  2
allowed=1-2
current_cpu=  2
current_cpu=  2
allowed=1-2
current_cpu=  2
current_cpu=  2
allowed=1-2
allowed=1-2
current_cpu=  2
current_cpu=  2
current_cpu=  1
allowed=1-2
current_cpu=  1
allowed=1-2
current_cpu=  1
allowed=1-2
current_cpu=  1
current_cpu=  1
allowed=1-2
allowed=1-2
current_cpu=  1
allowed=1-2
current_cpu=  1
current_cpu=  1
current_cpu=  1
allowed=1-2
current_cpu=  1
allowed=1-2
allowed=1-2
allowed=1-2
current_cpu=  2
current_cpu=  1
allowed=1-2
allowed=1-2
current_cpu=  1
current_cpu=  2
allowed=1-2
allowed=1-2
current_cpu=  2
current_cpu=  2
allowed=1-2
allowed=1-2
current_cpu=  1
current_cpu=  2
current_cpu=  2
allowed=1-2
current_cpu=  1
allowed=1-2
current_cpu=  2
allowed=1-2
current_cpu=  1
allowed=1-2
current_cpu=  1
allowed=1-2
current_cpu=  2
allowed=1-2
current_cpu=  2
allowed=1-2
current_cpu=  1
allowed=1-2
current_cpu=  1
allowed=1-2
allowed=1-2
current_cpu=  2
current_cpu=  1
allowed=1-2
current_cpu=  1
allowed=1-2
current_cpu=  2
allowed=1-2
current_cpu=  1
allowed=1-2
current_cpu=  1
allowed=1-2
current_cpu=  2
allowed=1-2
current_cpu=  1
current_cpu=  2
allowed=1-2
allowed=1-2
current_cpu=  1
current_cpu=  2
current_cpu=  2
allowed=1-2
current_cpu=  2
allowed=1-2
current_cpu=  1
allowed=1-2
current_cpu=  2
allowed=1-2
current_cpu=  1
current_cpu=  2
allowed=1-2
allowed=1-2
current_cpu=  2
current_cpu=  1
current_cpu=  2
allowed=1-2
current_cpu=  2
allowed=1-2
current_cpu=  2
allowed=1-2
current_cpu=  1
current_cpu=  1
allowed=1-2
allowed=1-2
current_cpu=  2
current_cpu=  2
allowed=1-2
allowed=1-2
current_cpu=  1
current_cpu=  2
current_cpu=  1
current_cpu=  2
current_cpu=  2
current_cpu=  2
current_cpu=  2
allowed=1-2
current_cpu=  1
current_cpu=  2
current_cpu=  2
allowed=1-2
current_cpu=  2
allowed=1-2
current_cpu=  2
current_cpu=  1
allowed=1-2
allowed=1-2
current_cpu=  2
current_cpu=  2
allowed=1-2
allowed=1-2
current_cpu=  2
current_cpu=  2
allowed=1-2
allowed=1-2
current_cpu=  2
current_cpu=  1
allowed=1-2
allowed=1-2
current_cpu=  1
current_cpu=  2
allowed=1-2
current_cpu=  2
current_cpu=  1
allowed=1-2
current_cpu=  2
allowed=1-2
current_cpu=  1
allowed=1-2
current_cpu=  2
allowed=1-2
current_cpu=  2
current_cpu=  1
current_cpu=  1
allowed=1-2
current_cpu=  2
allowed=1-2
current_cpu=  1
allowed=1-2
current_cpu=  2
allowed=1-2
current_cpu=  2
allowed=1-2
current_cpu=  1
current_cpu=  1
current_cpu=  1
allowed=1-2
current_cpu=  2
allowed=1-2
current_cpu=  1
allowed=1-2
current_cpu=  2
allowed=1-2
current_cpu=  1
current_cpu=  2
allowed=1-2
allowed=1-2
current_cpu=  1
current_cpu=  2
current_cpu=  2
current_cpu=  1
current_cpu=  2
current_cpu=  2
allowed=1-2
allowed=1-2
current_cpu=  2
allowed=1-2
current_cpu=  2
allowed=1-2
current_cpu=  1
allowed=1-2
current_cpu=  2
allowed=1-2
current_cpu=  1
allowed=1-2
current_cpu=  2
allowed=1-2
current_cpu=  2
allowed=1-2
current_cpu=  2
allowed=1-2
current_cpu=  1
allowed=1-2
current_cpu=  1
current_cpu=  2
allowed=1-2
allowed=1-2
current_cpu=  1
current_cpu=  2
allowed=1-2
current_cpu=  1
current_cpu=  1
allowed=1-2
allowed=1-2
allowed=1-2
current_cpu=  1
current_cpu=  2
allowed=1-2
allowed=1-2
current_cpu=  1
current_cpu=  2
current_cpu=  1
allowed=1-2
current_cpu=  1
allowed=1-2
current_cpu=  1
allowed=1-2
current_cpu=  1
allowed=1-2
current_cpu=  2
allowed=1-2
current_cpu=  1
allowed=1-2
current_cpu=  2
current_cpu=  2
allowed=1-2
allowed=1-2
current_cpu=  2
current_cpu=  1
allowed=1-2
allowed=1-2
current_cpu=  2
current_cpu=  1
allowed=1-2
allowed=1-2
current_cpu=  1
current_cpu=  1
allowed=1-2
allowed=1-2
current_cpu=  1
current_cpu=  2
allowed=1-2
allowed=1-2
current_cpu=  1
current_cpu=  1
current_cpu=  1
allowed=1-2
current_cpu=  2
allowed=1-2
current_cpu=  2
allowed=1-2
current_cpu=  1
allowed=1-2
current_cpu=  1
current_cpu=  1
current_cpu=  2
host=frontier04068
allowed=1-2
allowed=1-2
current_cpu=  1
current_cpu=  1
current_cpu=  1
allowed=1-2
current_cpu=  2
allowed=1-2
current_cpu=  2
current_cpu=  1
allowed=1-2
allowed=1-2
current_cpu=  2
current_cpu=  1
allowed=1-2
current_cpu=  1
current_cpu=  1
allowed=1-2
current_cpu=  1
allowed=1-2
current_cpu=  1
allowed=1-2
current_cpu=  2
allowed=1-2
current_cpu=  2
allowed=1-2
current_cpu=  2
allowed=1-2
current_cpu=  1
allowed=1-2
current_cpu=  1
current_cpu=  2
allowed=1-2
current_cpu=  2
current_cpu=  1
current_cpu=  1
allowed=1-2
current_cpu=  1
current_cpu=  2
current_cpu=  1
allowed=1-2
current_cpu=  2
current_cpu=  1
allowed=1-2
current_cpu=  1
allowed=1-2
current_cpu=  2
allowed=1-2
current_cpu=  1
current_cpu=  2
allowed=1-2
allowed=1-2
current_cpu=  1
current_cpu=  2
allowed=1-2
current_cpu=  2
current_cpu=  1
allowed=1-2
current_cpu=  1
allowed=1-2
current_cpu=  1
current_cpu=  2
allowed=1-2
current_cpu=  2
current_cpu=  2
allowed=1-2
current_cpu=  2
current_cpu=  2
allowed=1-2
current_cpu=  1
current_cpu=  1
allowed=1-2
current_cpu=  1
current_cpu=  2
allowed=1-2
allowed=1-2
current_cpu=  1
current_cpu=  1
allowed=1-2
allowed=1-2
current_cpu=  2
current_cpu=  2
current_cpu=  1
allowed=1-2
current_cpu=  1
current_cpu=  1
allowed=1-2
allowed=1-2
current_cpu=  1
current_cpu=  1
allowed=1-2
allowed=1-2
current_cpu=  1
current_cpu=  2
allowed=1-2
allowed=1-2
current_cpu=  1
current_cpu=  2
allowed=1-2
allowed=1-2
current_cpu=  2
current_cpu=  1
allowed=1-2
allowed=1-2
current_cpu=  2
current_cpu=  1
allowed=1-2
allowed=1-2
current_cpu=  2
current_cpu=  1
allowed=1-2
current_cpu=  1
current_cpu=  2
current_cpu=  1
allowed=1-2
allowed=1-2
current_cpu=  1
current_cpu=  2
allowed=1-2
allowed=1-2
current_cpu=  1
current_cpu=  1
allowed=1-2
allowed=1-2
current_cpu=  1
current_cpu=  2
allowed=1-2
allowed=1-2
current_cpu=  1
current_cpu=  2
allowed=1-2
allowed=1-2
current_cpu=  1
current_cpu=  1
allowed=1-2
allowed=1-2
current_cpu=  2
current_cpu=  1
current_cpu=  1
allowed=1-2
current_cpu=  2
current_cpu=  1
allowed=1-2
allowed=1-2
current_cpu=  2
current_cpu=  2
current_cpu=  2
allowed=1-2
current_cpu=  2
current_cpu=  1
current_cpu=  1
allowed=1-2
current_cpu=  1
allowed=1-2
current_cpu=  1
current_cpu=  1
allowed=1-2
current_cpu=  2
current_cpu=  1
allowed=1-2
current_cpu=  2
allowed=1-2
current_cpu=  1
allowed=1-2
current_cpu=  2
allowed=1-2
current_cpu=  2
current_cpu=  2
allowed=1-2
allowed=1-2
current_cpu=  2
current_cpu=  1
allowed=1-2
allowed=1-2
current_cpu=  2
current_cpu=  2
allowed=1-2
allowed=1-2
current_cpu=  2
current_cpu=  2
allowed=1-2
allowed=1-2
current_cpu=  2
current_cpu=  2
current_cpu=  2
allowed=1-2
current_cpu=  1
allowed=1-2
current_cpu=  2
allowed=1-2
current_cpu=  1
allowed=1-2
current_cpu=  1
allowed=1-2
current_cpu=  2
allowed=1-2
current_cpu=  1
current_cpu=  2
current_cpu=  1
allowed=1-2
current_cpu=  1
allowed=1-2
current_cpu=  1
current_cpu=  1
current_cpu=  1
allowed=1-2
current_cpu=  2
allowed=1-2
current_cpu=  2
allowed=1-2
current_cpu=  1
host=frontier01467
allowed=1-2
allowed=1-2
current_cpu=  1
current_cpu=  2
allowed=1-2
allowed=1-2
current_cpu=  1
current_cpu=  2
allowed=1-2
host=frontier05177
current_cpu=  2
allowed=1-2
allowed=1-2
allowed=1-2
current_cpu=  1
current_cpu=  1
allowed=1-2
allowed=1-2
current_cpu=  1
current_cpu=  2
allowed=1-2
allowed=1-2
current_cpu=  1
current_cpu=  2
allowed=1-2
allowed=1-2
current_cpu=  2
current_cpu=  1
allowed=1-2
allowed=1-2
current_cpu=  2
current_cpu=  2
allowed=1-2
allowed=1-2
current_cpu=  2
current_cpu=  1
allowed=1-2
allowed=1-2
current_cpu=  1
current_cpu=  2
allowed=1-2
allowed=1-2
current_cpu=  1
current_cpu=  1
allowed=1-2
allowed=1-2
current_cpu=  1
current_cpu=  2
allowed=1-2
allowed=1-2
current_cpu=  1
current_cpu=  1
allowed=1-2
allowed=1-2
current_cpu=  2
current_cpu=  2
allowed=1-2
host=frontier08943
current_cpu=  2
allowed=1-2
current_cpu=  1
allowed=1-2
current_cpu=  2
allowed=1-2
current_cpu=  1
host=frontier07878
allowed=1-2
allowed=1-2
current_cpu=  2
current_cpu=  2
current_cpu=  1
host=frontier01721
allowed=1-2
allowed=1-2
current_cpu=  1
allowed=1-2
current_cpu=  1
allowed=1-2
current_cpu=  1
current_cpu=  2
+ echo 'Launching Copper Gracefully On All Nodes : End'
Launching Copper Gracefully On All Nodes : End
+ conda activate /mnt/bb/wcastil/copper_mount/lustre/orion/stf243/world-shared/hagertnl/CUG26/benchmark_builds/python-mpi4py/conda_env
+ local cmd=activate
+ case "$cmd" in
+ __conda_activate activate /mnt/bb/wcastil/copper_mount/lustre/orion/stf243/world-shared/hagertnl/CUG26/benchmark_builds/python-mpi4py/conda_env
+ '[' -n '' ']'
+ local ask_conda
++ PS1='(base) '
++ __conda_exe shell.posix activate /mnt/bb/wcastil/copper_mount/lustre/orion/stf243/world-shared/hagertnl/CUG26/benchmark_builds/python-mpi4py/conda_env
++ /autofs/nccs-svm1_sw/frontier/miniforge3/23.11.0-0/bin/conda shell.posix activate /mnt/bb/wcastil/copper_mount/lustre/orion/stf243/world-shared/hagertnl/CUG26/benchmark_builds/python-mpi4py/conda_env
+ ask_conda='. "/autofs/nccs-svm1_sw/frontier/miniforge3/23.11.0-0/etc/conda/deactivate.d/libxml2_deactivate.sh"
. "/autofs/nccs-svm1_sw/frontier/miniforge3/23.11.0-0/etc/conda/deactivate.d/libglib_deactivate.sh"
PS1='\''(/mnt/bb/wcastil/copper_mount/lustre/orion/stf243/world-shared/hagertnl/CUG26/benchmark_builds/python-mpi4py/conda_env) '\''
export PATH='\''/mnt/bb/wcastil/copper_mount/lustre/orion/stf243/world-shared/hagertnl/CUG26/benchmark_builds/python-mpi4py/conda_env/bin:/autofs/nccs-svm1_sw/frontier/miniforge3/23.11.0-0/condabin:/sw/frontier/lfs-wrapper/0.0.1/bin/lfs:/sw/frontier/miniforge3/23.11.0-0/bin:/opt/cray/libfabric/1.22.0/bin:/opt/rocm-6.4.2/bin:/sw/frontier/spack-envs/cpe25.09-cpu/opt/llvm-amdgpu-6.4.2/darshan-runtime-3.4.7-tvdocpzv3jfj4y6ki5jvmmkics323gon/bin:/opt/cray/pe/mpich/9.0.1/ofi/amd/6.0/bin:/opt/cray/pe/mpich/9.0.1/bin:/opt/cray/pe/perftools/25.09.0/bin:/opt/cray/pe/papi/7.2.0.2/bin:/opt/cray/pe/craype/2.7.35/bin:/sw/frontier/ums/ums046/copper/build:/sw/sources/hpss/bin:/sw/frontier/spack-envs/core-25.03/opt/gcc-13.2/tmux-3.4-fcqqko3j4ga67yuc7zxaqcwsix5hns2v/bin:/opt/clmgr/sbin:/opt/clmgr/bin:/opt/sgi/sbin:/opt/sgi/bin:/sw/frontier/bin:/ccs/home/wcastil/.local/bin:/usr/local/bin:/usr/bin:/bin:/opt/bin:/opt/c3/bin:/usr/lib/mit/bin:/opt/puppetlabs/bin:/opt/cray/pe/bin'\''
export CONDA_PREFIX='\''/mnt/bb/wcastil/copper_mount/lustre/orion/stf243/world-shared/hagertnl/CUG26/benchmark_builds/python-mpi4py/conda_env'\''
export CONDA_SHLVL='\''2'\''
export CONDA_DEFAULT_ENV='\''/mnt/bb/wcastil/copper_mount/lustre/orion/stf243/world-shared/hagertnl/CUG26/benchmark_builds/python-mpi4py/conda_env'\''
export CONDA_PROMPT_MODIFIER='\''(/mnt/bb/wcastil/copper_mount/lustre/orion/stf243/world-shared/hagertnl/CUG26/benchmark_builds/python-mpi4py/conda_env) '\''
export CONDA_PREFIX_1='\''/autofs/nccs-svm1_sw/frontier/miniforge3/23.11.0-0'\''
export CONDA_EXE='\''/autofs/nccs-svm1_sw/frontier/miniforge3/23.11.0-0/bin/conda'\''
export _CE_M='\'''\''
export _CE_CONDA='\'''\''
export CONDA_PYTHON_EXE='\''/autofs/nccs-svm1_sw/frontier/miniforge3/23.11.0-0/bin/python'\'''
+ eval '. "/autofs/nccs-svm1_sw/frontier/miniforge3/23.11.0-0/etc/conda/deactivate.d/libxml2_deactivate.sh"
. "/autofs/nccs-svm1_sw/frontier/miniforge3/23.11.0-0/etc/conda/deactivate.d/libglib_deactivate.sh"
PS1='\''(/mnt/bb/wcastil/copper_mount/lustre/orion/stf243/world-shared/hagertnl/CUG26/benchmark_builds/python-mpi4py/conda_env) '\''
export PATH='\''/mnt/bb/wcastil/copper_mount/lustre/orion/stf243/world-shared/hagertnl/CUG26/benchmark_builds/python-mpi4py/conda_env/bin:/autofs/nccs-svm1_sw/frontier/miniforge3/23.11.0-0/condabin:/sw/frontier/lfs-wrapper/0.0.1/bin/lfs:/sw/frontier/miniforge3/23.11.0-0/bin:/opt/cray/libfabric/1.22.0/bin:/opt/rocm-6.4.2/bin:/sw/frontier/spack-envs/cpe25.09-cpu/opt/llvm-amdgpu-6.4.2/darshan-runtime-3.4.7-tvdocpzv3jfj4y6ki5jvmmkics323gon/bin:/opt/cray/pe/mpich/9.0.1/ofi/amd/6.0/bin:/opt/cray/pe/mpich/9.0.1/bin:/opt/cray/pe/perftools/25.09.0/bin:/opt/cray/pe/papi/7.2.0.2/bin:/opt/cray/pe/craype/2.7.35/bin:/sw/frontier/ums/ums046/copper/build:/sw/sources/hpss/bin:/sw/frontier/spack-envs/core-25.03/opt/gcc-13.2/tmux-3.4-fcqqko3j4ga67yuc7zxaqcwsix5hns2v/bin:/opt/clmgr/sbin:/opt/clmgr/bin:/opt/sgi/sbin:/opt/sgi/bin:/sw/frontier/bin:/ccs/home/wcastil/.local/bin:/usr/local/bin:/usr/bin:/bin:/opt/bin:/opt/c3/bin:/usr/lib/mit/bin:/opt/puppetlabs/bin:/opt/cray/pe/bin'\''
export CONDA_PREFIX='\''/mnt/bb/wcastil/copper_mount/lustre/orion/stf243/world-shared/hagertnl/CUG26/benchmark_builds/python-mpi4py/conda_env'\''
export CONDA_SHLVL='\''2'\''
export CONDA_DEFAULT_ENV='\''/mnt/bb/wcastil/copper_mount/lustre/orion/stf243/world-shared/hagertnl/CUG26/benchmark_builds/python-mpi4py/conda_env'\''
export CONDA_PROMPT_MODIFIER='\''(/mnt/bb/wcastil/copper_mount/lustre/orion/stf243/world-shared/hagertnl/CUG26/benchmark_builds/python-mpi4py/conda_env) '\''
export CONDA_PREFIX_1='\''/autofs/nccs-svm1_sw/frontier/miniforge3/23.11.0-0'\''
export CONDA_EXE='\''/autofs/nccs-svm1_sw/frontier/miniforge3/23.11.0-0/bin/conda'\''
export _CE_M='\'''\''
export _CE_CONDA='\'''\''
export CONDA_PYTHON_EXE='\''/autofs/nccs-svm1_sw/frontier/miniforge3/23.11.0-0/bin/python'\'''
++ . /autofs/nccs-svm1_sw/frontier/miniforge3/23.11.0-0/etc/conda/deactivate.d/libxml2_deactivate.sh
+++ test -n ''
+++ unset XML_CATALOG_FILES
+++ unset xml_catalog_files_libxml2
++ . /autofs/nccs-svm1_sw/frontier/miniforge3/23.11.0-0/etc/conda/deactivate.d/libglib_deactivate.sh
+++ export GSETTINGS_SCHEMA_DIR=
+++ GSETTINGS_SCHEMA_DIR=
+++ unset GSETTINGS_SCHEMA_DIR_CONDA_BACKUP
+++ '[' -z ']'
+++ unset GSETTINGS_SCHEMA_DIR
++ PS1='(/mnt/bb/wcastil/copper_mount/lustre/orion/stf243/world-shared/hagertnl/CUG26/benchmark_builds/python-mpi4py/conda_env) '
++ export PATH=/mnt/bb/wcastil/copper_mount/lustre/orion/stf243/world-shared/hagertnl/CUG26/benchmark_builds/python-mpi4py/conda_env/bin:/autofs/nccs-svm1_sw/frontier/miniforge3/23.11.0-0/condabin:/sw/frontier/lfs-wrapper/0.0.1/bin/lfs:/sw/frontier/miniforge3/23.11.0-0/bin:/opt/cray/libfabric/1.22.0/bin:/opt/rocm-6.4.2/bin:/sw/frontier/spack-envs/cpe25.09-cpu/opt/llvm-amdgpu-6.4.2/darshan-runtime-3.4.7-tvdocpzv3jfj4y6ki5jvmmkics323gon/bin:/opt/cray/pe/mpich/9.0.1/ofi/amd/6.0/bin:/opt/cray/pe/mpich/9.0.1/bin:/opt/cray/pe/perftools/25.09.0/bin:/opt/cray/pe/papi/7.2.0.2/bin:/opt/cray/pe/craype/2.7.35/bin:/sw/frontier/ums/ums046/copper/build:/sw/sources/hpss/bin:/sw/frontier/spack-envs/core-25.03/opt/gcc-13.2/tmux-3.4-fcqqko3j4ga67yuc7zxaqcwsix5hns2v/bin:/opt/clmgr/sbin:/opt/clmgr/bin:/opt/sgi/sbin:/opt/sgi/bin:/sw/frontier/bin:/ccs/home/wcastil/.local/bin:/usr/local/bin:/usr/bin:/bin:/opt/bin:/opt/c3/bin:/usr/lib/mit/bin:/opt/puppetlabs/bin:/opt/cray/pe/bin
++ PATH=/mnt/bb/wcastil/copper_mount/lustre/orion/stf243/world-shared/hagertnl/CUG26/benchmark_builds/python-mpi4py/conda_env/bin:/autofs/nccs-svm1_sw/frontier/miniforge3/23.11.0-0/condabin:/sw/frontier/lfs-wrapper/0.0.1/bin/lfs:/sw/frontier/miniforge3/23.11.0-0/bin:/opt/cray/libfabric/1.22.0/bin:/opt/rocm-6.4.2/bin:/sw/frontier/spack-envs/cpe25.09-cpu/opt/llvm-amdgpu-6.4.2/darshan-runtime-3.4.7-tvdocpzv3jfj4y6ki5jvmmkics323gon/bin:/opt/cray/pe/mpich/9.0.1/ofi/amd/6.0/bin:/opt/cray/pe/mpich/9.0.1/bin:/opt/cray/pe/perftools/25.09.0/bin:/opt/cray/pe/papi/7.2.0.2/bin:/opt/cray/pe/craype/2.7.35/bin:/sw/frontier/ums/ums046/copper/build:/sw/sources/hpss/bin:/sw/frontier/spack-envs/core-25.03/opt/gcc-13.2/tmux-3.4-fcqqko3j4ga67yuc7zxaqcwsix5hns2v/bin:/opt/clmgr/sbin:/opt/clmgr/bin:/opt/sgi/sbin:/opt/sgi/bin:/sw/frontier/bin:/ccs/home/wcastil/.local/bin:/usr/local/bin:/usr/bin:/bin:/opt/bin:/opt/c3/bin:/usr/lib/mit/bin:/opt/puppetlabs/bin:/opt/cray/pe/bin
++ export CONDA_PREFIX=/mnt/bb/wcastil/copper_mount/lustre/orion/stf243/world-shared/hagertnl/CUG26/benchmark_builds/python-mpi4py/conda_env
++ CONDA_PREFIX=/mnt/bb/wcastil/copper_mount/lustre/orion/stf243/world-shared/hagertnl/CUG26/benchmark_builds/python-mpi4py/conda_env
++ export CONDA_SHLVL=2
++ CONDA_SHLVL=2
++ export CONDA_DEFAULT_ENV=/mnt/bb/wcastil/copper_mount/lustre/orion/stf243/world-shared/hagertnl/CUG26/benchmark_builds/python-mpi4py/conda_env
++ CONDA_DEFAULT_ENV=/mnt/bb/wcastil/copper_mount/lustre/orion/stf243/world-shared/hagertnl/CUG26/benchmark_builds/python-mpi4py/conda_env
++ export 'CONDA_PROMPT_MODIFIER=(/mnt/bb/wcastil/copper_mount/lustre/orion/stf243/world-shared/hagertnl/CUG26/benchmark_builds/python-mpi4py/conda_env) '
++ CONDA_PROMPT_MODIFIER='(/mnt/bb/wcastil/copper_mount/lustre/orion/stf243/world-shared/hagertnl/CUG26/benchmark_builds/python-mpi4py/conda_env) '
++ export CONDA_PREFIX_1=/autofs/nccs-svm1_sw/frontier/miniforge3/23.11.0-0
++ CONDA_PREFIX_1=/autofs/nccs-svm1_sw/frontier/miniforge3/23.11.0-0
++ export CONDA_EXE=/autofs/nccs-svm1_sw/frontier/miniforge3/23.11.0-0/bin/conda
++ CONDA_EXE=/autofs/nccs-svm1_sw/frontier/miniforge3/23.11.0-0/bin/conda
++ export _CE_M=
++ _CE_M=
++ export _CE_CONDA=
++ _CE_CONDA=
++ export CONDA_PYTHON_EXE=/autofs/nccs-svm1_sw/frontier/miniforge3/23.11.0-0/bin/python
++ CONDA_PYTHON_EXE=/autofs/nccs-svm1_sw/frontier/miniforge3/23.11.0-0/bin/python
+ __conda_hashr
+ '[' -n '' ']'
+ '[' -n '' ']'
+ hash -r
+ /usr/bin/time srun --overlap -N 1024 -n 8192 --ntasks-per-node=8 -c 5 python3 -c 'from mpi4py import MPI'
0.15user 0.33system 0:13.15elapsed 3%CPU (0avgtext+0avgdata 23552maxresident)k
24inputs+0outputs (0major+6253minor)pagefaults 0swaps
+ sleep 2s
+ /usr/bin/time srun --overlap -N 1024 -n 8192 --ntasks-per-node=8 -c 5 python3 -c 'from mpi4py import MPI'
0.12user 0.28system 0:06.91elapsed 5%CPU (0avgtext+0avgdata 22528maxresident)k
24inputs+0outputs (0major+6253minor)pagefaults 0swaps
+ sleep 2s
+ /usr/bin/time srun --overlap -N 1024 -n 8192 --ntasks-per-node=8 -c 5 python3 -c 'from mpi4py import MPI'
0.12user 0.28system 0:07.82elapsed 5%CPU (0avgtext+0avgdata 21504maxresident)k
0inputs+0outputs (0major+6255minor)pagefaults 0swaps
+ sleep 2s
+ /usr/bin/time srun --overlap -N 1024 -n 8192 --ntasks-per-node=8 -c 5 python3 -c 'from mpi4py import MPI'
0.12user 0.29system 0:06.84elapsed 6%CPU (0avgtext+0avgdata 21504maxresident)k
0inputs+0outputs (0major+6253minor)pagefaults 0swaps
+ sleep 2s
+ /usr/bin/time srun --overlap -N 1024 -n 8192 --ntasks-per-node=8 -c 5 python3 -c 'from mpi4py import MPI'
0.10user 0.29system 0:06.82elapsed 5%CPU (0avgtext+0avgdata 22528maxresident)k
0inputs+0outputs (0major+6253minor)pagefaults 0swaps
+ sleep 2s
+ conda deactivate
+ local cmd=deactivate
+ case "$cmd" in
+ __conda_activate deactivate
+ '[' -n '' ']'
+ local ask_conda
++ PS1='(/mnt/bb/wcastil/copper_mount/lustre/orion/stf243/world-shared/hagertnl/CUG26/benchmark_builds/python-mpi4py/conda_env) '
++ __conda_exe shell.posix deactivate
++ /autofs/nccs-svm1_sw/frontier/miniforge3/23.11.0-0/bin/conda shell.posix deactivate
+ ask_conda='export PATH='\''/autofs/nccs-svm1_sw/frontier/miniforge3/23.11.0-0/bin:/autofs/nccs-svm1_sw/frontier/miniforge3/23.11.0-0/condabin:/sw/frontier/lfs-wrapper/0.0.1/bin/lfs:/sw/frontier/miniforge3/23.11.0-0/bin:/opt/cray/libfabric/1.22.0/bin:/opt/rocm-6.4.2/bin:/sw/frontier/spack-envs/cpe25.09-cpu/opt/llvm-amdgpu-6.4.2/darshan-runtime-3.4.7-tvdocpzv3jfj4y6ki5jvmmkics323gon/bin:/opt/cray/pe/mpich/9.0.1/ofi/amd/6.0/bin:/opt/cray/pe/mpich/9.0.1/bin:/opt/cray/pe/perftools/25.09.0/bin:/opt/cray/pe/papi/7.2.0.2/bin:/opt/cray/pe/craype/2.7.35/bin:/sw/frontier/ums/ums046/copper/build:/sw/sources/hpss/bin:/sw/frontier/spack-envs/core-25.03/opt/gcc-13.2/tmux-3.4-fcqqko3j4ga67yuc7zxaqcwsix5hns2v/bin:/opt/clmgr/sbin:/opt/clmgr/bin:/opt/sgi/sbin:/opt/sgi/bin:/sw/frontier/bin:/ccs/home/wcastil/.local/bin:/usr/local/bin:/usr/bin:/bin:/opt/bin:/opt/c3/bin:/usr/lib/mit/bin:/opt/puppetlabs/bin:/opt/cray/pe/bin'\''
unset CONDA_PREFIX_1
PS1='\''(base) '\''
export CONDA_PREFIX='\''/autofs/nccs-svm1_sw/frontier/miniforge3/23.11.0-0'\''
export CONDA_SHLVL='\''1'\''
export CONDA_DEFAULT_ENV='\''base'\''
export CONDA_PROMPT_MODIFIER='\''(base) '\''
export CONDA_EXE='\''/autofs/nccs-svm1_sw/frontier/miniforge3/23.11.0-0/bin/conda'\''
export _CE_M='\'''\''
export _CE_CONDA='\'''\''
export CONDA_PYTHON_EXE='\''/autofs/nccs-svm1_sw/frontier/miniforge3/23.11.0-0/bin/python'\''
. "/autofs/nccs-svm1_sw/frontier/miniforge3/23.11.0-0/etc/conda/activate.d/libglib_activate.sh"
. "/autofs/nccs-svm1_sw/frontier/miniforge3/23.11.0-0/etc/conda/activate.d/libxml2_activate.sh"'
+ eval 'export PATH='\''/autofs/nccs-svm1_sw/frontier/miniforge3/23.11.0-0/bin:/autofs/nccs-svm1_sw/frontier/miniforge3/23.11.0-0/condabin:/sw/frontier/lfs-wrapper/0.0.1/bin/lfs:/sw/frontier/miniforge3/23.11.0-0/bin:/opt/cray/libfabric/1.22.0/bin:/opt/rocm-6.4.2/bin:/sw/frontier/spack-envs/cpe25.09-cpu/opt/llvm-amdgpu-6.4.2/darshan-runtime-3.4.7-tvdocpzv3jfj4y6ki5jvmmkics323gon/bin:/opt/cray/pe/mpich/9.0.1/ofi/amd/6.0/bin:/opt/cray/pe/mpich/9.0.1/bin:/opt/cray/pe/perftools/25.09.0/bin:/opt/cray/pe/papi/7.2.0.2/bin:/opt/cray/pe/craype/2.7.35/bin:/sw/frontier/ums/ums046/copper/build:/sw/sources/hpss/bin:/sw/frontier/spack-envs/core-25.03/opt/gcc-13.2/tmux-3.4-fcqqko3j4ga67yuc7zxaqcwsix5hns2v/bin:/opt/clmgr/sbin:/opt/clmgr/bin:/opt/sgi/sbin:/opt/sgi/bin:/sw/frontier/bin:/ccs/home/wcastil/.local/bin:/usr/local/bin:/usr/bin:/bin:/opt/bin:/opt/c3/bin:/usr/lib/mit/bin:/opt/puppetlabs/bin:/opt/cray/pe/bin'\''
unset CONDA_PREFIX_1
PS1='\''(base) '\''
export CONDA_PREFIX='\''/autofs/nccs-svm1_sw/frontier/miniforge3/23.11.0-0'\''
export CONDA_SHLVL='\''1'\''
export CONDA_DEFAULT_ENV='\''base'\''
export CONDA_PROMPT_MODIFIER='\''(base) '\''
export CONDA_EXE='\''/autofs/nccs-svm1_sw/frontier/miniforge3/23.11.0-0/bin/conda'\''
export _CE_M='\'''\''
export _CE_CONDA='\'''\''
export CONDA_PYTHON_EXE='\''/autofs/nccs-svm1_sw/frontier/miniforge3/23.11.0-0/bin/python'\''
. "/autofs/nccs-svm1_sw/frontier/miniforge3/23.11.0-0/etc/conda/activate.d/libglib_activate.sh"
. "/autofs/nccs-svm1_sw/frontier/miniforge3/23.11.0-0/etc/conda/activate.d/libxml2_activate.sh"'
++ export PATH=/autofs/nccs-svm1_sw/frontier/miniforge3/23.11.0-0/bin:/autofs/nccs-svm1_sw/frontier/miniforge3/23.11.0-0/condabin:/sw/frontier/lfs-wrapper/0.0.1/bin/lfs:/sw/frontier/miniforge3/23.11.0-0/bin:/opt/cray/libfabric/1.22.0/bin:/opt/rocm-6.4.2/bin:/sw/frontier/spack-envs/cpe25.09-cpu/opt/llvm-amdgpu-6.4.2/darshan-runtime-3.4.7-tvdocpzv3jfj4y6ki5jvmmkics323gon/bin:/opt/cray/pe/mpich/9.0.1/ofi/amd/6.0/bin:/opt/cray/pe/mpich/9.0.1/bin:/opt/cray/pe/perftools/25.09.0/bin:/opt/cray/pe/papi/7.2.0.2/bin:/opt/cray/pe/craype/2.7.35/bin:/sw/frontier/ums/ums046/copper/build:/sw/sources/hpss/bin:/sw/frontier/spack-envs/core-25.03/opt/gcc-13.2/tmux-3.4-fcqqko3j4ga67yuc7zxaqcwsix5hns2v/bin:/opt/clmgr/sbin:/opt/clmgr/bin:/opt/sgi/sbin:/opt/sgi/bin:/sw/frontier/bin:/ccs/home/wcastil/.local/bin:/usr/local/bin:/usr/bin:/bin:/opt/bin:/opt/c3/bin:/usr/lib/mit/bin:/opt/puppetlabs/bin:/opt/cray/pe/bin
++ PATH=/autofs/nccs-svm1_sw/frontier/miniforge3/23.11.0-0/bin:/autofs/nccs-svm1_sw/frontier/miniforge3/23.11.0-0/condabin:/sw/frontier/lfs-wrapper/0.0.1/bin/lfs:/sw/frontier/miniforge3/23.11.0-0/bin:/opt/cray/libfabric/1.22.0/bin:/opt/rocm-6.4.2/bin:/sw/frontier/spack-envs/cpe25.09-cpu/opt/llvm-amdgpu-6.4.2/darshan-runtime-3.4.7-tvdocpzv3jfj4y6ki5jvmmkics323gon/bin:/opt/cray/pe/mpich/9.0.1/ofi/amd/6.0/bin:/opt/cray/pe/mpich/9.0.1/bin:/opt/cray/pe/perftools/25.09.0/bin:/opt/cray/pe/papi/7.2.0.2/bin:/opt/cray/pe/craype/2.7.35/bin:/sw/frontier/ums/ums046/copper/build:/sw/sources/hpss/bin:/sw/frontier/spack-envs/core-25.03/opt/gcc-13.2/tmux-3.4-fcqqko3j4ga67yuc7zxaqcwsix5hns2v/bin:/opt/clmgr/sbin:/opt/clmgr/bin:/opt/sgi/sbin:/opt/sgi/bin:/sw/frontier/bin:/ccs/home/wcastil/.local/bin:/usr/local/bin:/usr/bin:/bin:/opt/bin:/opt/c3/bin:/usr/lib/mit/bin:/opt/puppetlabs/bin:/opt/cray/pe/bin
++ unset CONDA_PREFIX_1
++ PS1='(base) '
++ export CONDA_PREFIX=/autofs/nccs-svm1_sw/frontier/miniforge3/23.11.0-0
++ CONDA_PREFIX=/autofs/nccs-svm1_sw/frontier/miniforge3/23.11.0-0
++ export CONDA_SHLVL=1
++ CONDA_SHLVL=1
++ export CONDA_DEFAULT_ENV=base
++ CONDA_DEFAULT_ENV=base
++ export 'CONDA_PROMPT_MODIFIER=(base) '
++ CONDA_PROMPT_MODIFIER='(base) '
++ export CONDA_EXE=/autofs/nccs-svm1_sw/frontier/miniforge3/23.11.0-0/bin/conda
++ CONDA_EXE=/autofs/nccs-svm1_sw/frontier/miniforge3/23.11.0-0/bin/conda
++ export _CE_M=
++ _CE_M=
++ export _CE_CONDA=
++ _CE_CONDA=
++ export CONDA_PYTHON_EXE=/autofs/nccs-svm1_sw/frontier/miniforge3/23.11.0-0/bin/python
++ CONDA_PYTHON_EXE=/autofs/nccs-svm1_sw/frontier/miniforge3/23.11.0-0/bin/python
++ . /autofs/nccs-svm1_sw/frontier/miniforge3/23.11.0-0/etc/conda/activate.d/libglib_activate.sh
+++ export GSETTINGS_SCHEMA_DIR_CONDA_BACKUP=
+++ GSETTINGS_SCHEMA_DIR_CONDA_BACKUP=
+++ export GSETTINGS_SCHEMA_DIR=/autofs/nccs-svm1_sw/frontier/miniforge3/23.11.0-0/share/glib-2.0/schemas
+++ GSETTINGS_SCHEMA_DIR=/autofs/nccs-svm1_sw/frontier/miniforge3/23.11.0-0/share/glib-2.0/schemas
++ . /autofs/nccs-svm1_sw/frontier/miniforge3/23.11.0-0/etc/conda/activate.d/libxml2_activate.sh
+++ test -n ''
+++ xml_catalog_files_libxml2=
+++ XML_CATALOG_FILES=
+++ conda_catalog_files=
+++ ifs_libxml2=' 	
'
+++ IFS=' '
+++ rem=/autofs/nccs-svm1_sw/frontier/miniforge3/23.11.0-0
+++ for pre in ${rem}
+++ test '' = /autofs/nccs-svm1_sw/frontier/miniforge3/23.11.0-0
+++ conda_catalog_files=/autofs/nccs-svm1_sw/frontier/miniforge3/23.11.0-0
+++ rem=
+++ IFS=' 	
'
+++ conda_catalog_files='file:///autofs/nccs-svm1_sw/frontier/miniforge3/23.11.0-0/etc/xml/catalog file:///etc/xml/catalog'
+++ export 'XML_CATALOG_FILES=file:///autofs/nccs-svm1_sw/frontier/miniforge3/23.11.0-0/etc/xml/catalog file:///etc/xml/catalog'
+++ XML_CATALOG_FILES='file:///autofs/nccs-svm1_sw/frontier/miniforge3/23.11.0-0/etc/xml/catalog file:///etc/xml/catalog'
+++ unset conda_catalog_files ifs_libxml2 rem
+ __conda_hashr
+ '[' -n '' ']'
+ '[' -n '' ']'
+ hash -r
+ stop_copper.sh -d /lustre/orion/stf243/world-shared/wcastil/Experiments/CUG26/copper_run/logs -v /mnt/bb/wcastil/copper_mount
/var/spool/slurmd/job4348589/slurm_script: line 41: stop_copper.sh: command not found
