+ '[' -z '' ']'
+ case "$-" in
+ __lmod_vx=x
+ '[' -n x ']'
+ set +x
Shell debugging temporarily silenced: export LMOD_SH_DBG_ON=1 for this output (/opt/cray/pe/lmod/lmod/init/bash)
Shell debugging restarted
+ unset __lmod_vx
+ cd /lustre/orion/stf243/world-shared/wcastil/Experiments/CUG26/copper_run/python-mpi4py
+ module load ums ums046 copper
+ '[' -z '' ']'
+ case "$-" in
+ __lmod_sh_dbg=x
+ '[' -n x ']'
+ set +x
Shell debugging temporarily silenced: export LMOD_SH_DBG_ON=1 for Lmod's output
Copper loaded: use 'launch_copper_frontier' and 'stop_copper_frontier'.
COPPER_ROOT: /sw/frontier/ums/ums046/copper
launch_copper_frontier points to:
/sw/frontier/ums/ums046/copper/build/launch_copper_frontier.sh 
Copper loaded: use 'launch_copper_frontier' and 'stop_copper_frontier'.
COPPER_ROOT: /sw/frontier/ums/ums046/copper
launch_copper_frontier points to:
/sw/frontier/ums/ums046/copper/build/launch_copper_frontier.sh 
Copper loaded: use 'launch_copper_frontier' and 'stop_copper_frontier'.
COPPER_ROOT: /sw/frontier/ums/ums046/copper
launch_copper_frontier points to:
/sw/frontier/ums/ums046/copper/build/launch_copper_frontier.sh 
Shell debugging restarted
+ unset __lmod_sh_dbg
+ return 0
+ module list
+ '[' -z '' ']'
+ case "$-" in
+ __lmod_sh_dbg=x
+ '[' -n x ']'
+ set +x
Shell debugging temporarily silenced: export LMOD_SH_DBG_ON=1 for Lmod's output

Currently Loaded Modules:
  1) craype-x86-trento               14) cpe/25.09
  2) craype-network-ofi              15) amd/6.4.2
  3) xpmem/2.11.3-1.3_gdbda01a1eb3d  16) cray-libsci/25.09.0
  4) Core/25.03                      17) cray-mpich/9.0.1
  5) tmux/3.4                        18) darshan-runtime/3.4.7-mpi (E4S)
  6) hsi/default                     19) rocm/6.4.2
  7) lfs-wrapper/0.0.1               20) libfabric/1.22.0
  8) DefApps                         21) craype-accel-amd-gfx90a
  9) PrgEnv-amd/8.6.0                22) miniforge3/23.11.0-0
 10) cray-dsmml/0.3.1                23) ums/default
 11) cray-pmi/6.1.16                 24) ums046/default
 12) craype/2.7.35                   25) copper/0.1
 13) perftools-base/25.09.0

  Where:
   E4S:  E4S: Extreme-scale Scientific Software Stack (E4S) https://e4s.io/index.html

 

Shell debugging restarted
+ unset __lmod_sh_dbg
+ return 0
+ echo 4342223
4342223
+ echo 1024
1024
+ echo copper_spindle
copper_spindle
+ echo 'frontier[00026,00030,00032,00035,00044-00046,00125-00127,00163,00165,00167,00171-00174,00244-00247,00255-00256,00297-00302,00304,00372-00374,00378-00379,00381-00383,00427,00438-00439,00442-00445,00502-00503,00505,00508-00512,00548,00550,00559-00560,00563-00565,00630-00631,00633-00635,00639-00640,00670-00671,00675-00676,00678-00679,00684,00756,00759,00761-00764,00767,00797,00810,00816-00818,00820,00822,00886-00889,00892-00893,00896,00928-00929,00936,00944,00949-00951,01010,01013-01015,01018,01020-01021,01024,01055,01064,01067-01070,01072,01143-01144,01146-01150,01176-01177,01182-01186,01249-01253,01260-01262,01313-01319,01396-01397,01399,01401-01402,01405,01443,01448-01449,01456,01463-01464,01468,01525,01527-01528,01534-01535,01565,01574-01575,01578,01582,01584-01585,01620-01623,01634,01641,01656,01664,01708-01712,01714-01715,01778,01781-01783,01791-01792,01827,01830,01838,01840,01842-01844,01888,01892,01894-01897,01901,01906,01955,01962,01964,01967-01970,02029,02037,02039-02041,02044-02045,02048,02097,02099-02100,02106-02109,02163-02165,02167,02171,02206,02212,02214,02216,02218,02222-02223,02261,02279-02280,02287-02288,02294,02340,02349-02354,02406-02408,02413,02430,02456-02457,02467-02468,02470,02477-02478,02543,02549-02551,02604,02612-02613,02615-02618,02678-02681,02688,02729-02730,02732,02735-02736,02740,02742,02806-02809,02816,02858-02859,02863,02865,02867-02869,02919,02924-02926,02930,02937,02981-02982,02984-02985,02987-02988,02990,03028-03029,03047-03048,03054,03056,03059-03060,03098,03100,03107-03108,03111,03113-03114,03156-03157,03176,03178-03179,03187,03192,03224,03226,03233-03234,03242-03243,03245,03282-03283,03285-03286,03317-03319,03367,03369-03374,03412-03413,03435-03436,03442,03447-03448,03492,03494-03495,03497-03498,03500-03501,03539-03540,03563,03571,03573-03575,03600,03602-03603,03605-03606,03608-03609,03651-03652,03678,03689,03703,03705-03706,03723-03729,03771-03772,03774,03776-03777,03795,03799,03851-03852,03854-03855,03857-03858,03860,03899-03900,03903-03905,03927,03937,03982-03984,03986-03989,04025-04026,04045,04054-04057,04105-04110,04112,04141,04150,04152,04154-04155,04158,04177,04233,04235-04236,04238-04241,04282,04288,04290,04296,04309,04312-04313,04361-04362,04364-04368,04408,04410-04411,04424,04427,04429,04437,04489-04495,04533,04535-04538,04546-04547,04618-04624,04661,04663-04664,04667,04669,04675-04676,04746-04752,04789,04792,04795,04802-04804,04813,04874-04880,04916,04918-04920,04929-04931,05002,05005-05010,05048,05050-05052,05060-05061,05063,05129-05135,05173,05175-05177,05189-05191,05257-05263,05300,05305-05307,05310,05317-05318,05386,05388-05391,05393-05394,05431,05433,05435-05436,05443-05445,05513-05517,05519-05520,05556,05558-05559,05561-05563,05572,05641-05643,05645-05648,05684,05687-05691,05698,05771-05777,05816,05818-05821,05828-05829,05898-05904,05941,05943-05945,05949-05950,05956,06025-06031,06062-06063,06077-06081,06155-06161,06196,06199-06200,06208-06210,06221,06282-06288,06327,06338-06340,06343,06345-06346,06409-06414,06451,06453-06455,06465,06469,06479,06481,06537-06539,06541-06543,06580,06582-06584,06592-06593,06601,06607,06665-06670,06708,06710-06711,06713,06724-06725,06730,06733,06793-06798,06838,06840,06842,06859,06861,06863-06864,06892,06922-06924,06926-06928,06965,06967-06968,06977-06979,06987,07013,07073-07078,07144,07149,07151,07158,07160-07161,07163,07201-07206,07275-07277,07280,07283-07285,07287,07318-07319,07321-07323,07327,07402,07404,07406-07408,07410,07413-07414,07456-07461,07534-07535,07537,07539,07541,07545,07549,07552,07573,07575,07577,07581,07583,07585,07652,07658-07659,07662,07666-07667,07669-07670,07704-07705,07708,07710-07712,07785,07790,07792-07795,07800,07805,07840-07845,07908,07910,07912,07914,07916-07917,07920,07925,07958-07961,07965-07966,08039,08043-08044,08047-08049,08056,08075,08077,08082-08085,08125,08128,08130,08159,08181-08182,08206,08209-08211,08214-08215,08280,08285,08288,08291,08295,08301,08308-08309,08341,08343-08344,08346,08352-08353,08412-08413,08417-08418,08421,08424,08429-08430,08466-08471,08519-08520,08522,08549-08553,08590,08593-08597,08638,08641,08648,08663,08666-08667,08670,08685,08721,08726-08727,08729-08730,08733,08808,08812,08814,08817-08819,08822,08831,08845-08846,08849,08851-08853,08894,08896-08899,08902,08914-08915,08974-08976,08978-08980,09026,09028,09031-09032,09046-09047,09050,09056,09126,09131-09135,09186-09187,09204-09205,09207-09208,09213,09235-09236,09239,09241,09244,09246,09331-09333,09335,09337-09339,09341,09355,09357-09361,09416,09438-09440,09463,09465-09466,10124-10129,10174,10176]'
frontier[00026,00030,00032,00035,00044-00046,00125-00127,00163,00165,00167,00171-00174,00244-00247,00255-00256,00297-00302,00304,00372-00374,00378-00379,00381-00383,00427,00438-00439,00442-00445,00502-00503,00505,00508-00512,00548,00550,00559-00560,00563-00565,00630-00631,00633-00635,00639-00640,00670-00671,00675-00676,00678-00679,00684,00756,00759,00761-00764,00767,00797,00810,00816-00818,00820,00822,00886-00889,00892-00893,00896,00928-00929,00936,00944,00949-00951,01010,01013-01015,01018,01020-01021,01024,01055,01064,01067-01070,01072,01143-01144,01146-01150,01176-01177,01182-01186,01249-01253,01260-01262,01313-01319,01396-01397,01399,01401-01402,01405,01443,01448-01449,01456,01463-01464,01468,01525,01527-01528,01534-01535,01565,01574-01575,01578,01582,01584-01585,01620-01623,01634,01641,01656,01664,01708-01712,01714-01715,01778,01781-01783,01791-01792,01827,01830,01838,01840,01842-01844,01888,01892,01894-01897,01901,01906,01955,01962,01964,01967-01970,02029,02037,02039-02041,02044-02045,02048,02097,02099-02100,02106-02109,02163-02165,02167,02171,02206,02212,02214,02216,02218,02222-02223,02261,02279-02280,02287-02288,02294,02340,02349-02354,02406-02408,02413,02430,02456-02457,02467-02468,02470,02477-02478,02543,02549-02551,02604,02612-02613,02615-02618,02678-02681,02688,02729-02730,02732,02735-02736,02740,02742,02806-02809,02816,02858-02859,02863,02865,02867-02869,02919,02924-02926,02930,02937,02981-02982,02984-02985,02987-02988,02990,03028-03029,03047-03048,03054,03056,03059-03060,03098,03100,03107-03108,03111,03113-03114,03156-03157,03176,03178-03179,03187,03192,03224,03226,03233-03234,03242-03243,03245,03282-03283,03285-03286,03317-03319,03367,03369-03374,03412-03413,03435-03436,03442,03447-03448,03492,03494-03495,03497-03498,03500-03501,03539-03540,03563,03571,03573-03575,03600,03602-03603,03605-03606,03608-03609,03651-03652,03678,03689,03703,03705-03706,03723-03729,03771-03772,03774,03776-03777,03795,03799,03851-03852,03854-03855,03857-03858,03860,03899-03900,03903-03905,03927,03937,03982-03984,03986-03989,04025-04026,04045,04054-04057,04105-04110,04112,04141,04150,04152,04154-04155,04158,04177,04233,04235-04236,04238-04241,04282,04288,04290,04296,04309,04312-04313,04361-04362,04364-04368,04408,04410-04411,04424,04427,04429,04437,04489-04495,04533,04535-04538,04546-04547,04618-04624,04661,04663-04664,04667,04669,04675-04676,04746-04752,04789,04792,04795,04802-04804,04813,04874-04880,04916,04918-04920,04929-04931,05002,05005-05010,05048,05050-05052,05060-05061,05063,05129-05135,05173,05175-05177,05189-05191,05257-05263,05300,05305-05307,05310,05317-05318,05386,05388-05391,05393-05394,05431,05433,05435-05436,05443-05445,05513-05517,05519-05520,05556,05558-05559,05561-05563,05572,05641-05643,05645-05648,05684,05687-05691,05698,05771-05777,05816,05818-05821,05828-05829,05898-05904,05941,05943-05945,05949-05950,05956,06025-06031,06062-06063,06077-06081,06155-06161,06196,06199-06200,06208-06210,06221,06282-06288,06327,06338-06340,06343,06345-06346,06409-06414,06451,06453-06455,06465,06469,06479,06481,06537-06539,06541-06543,06580,06582-06584,06592-06593,06601,06607,06665-06670,06708,06710-06711,06713,06724-06725,06730,06733,06793-06798,06838,06840,06842,06859,06861,06863-06864,06892,06922-06924,06926-06928,06965,06967-06968,06977-06979,06987,07013,07073-07078,07144,07149,07151,07158,07160-07161,07163,07201-07206,07275-07277,07280,07283-07285,07287,07318-07319,07321-07323,07327,07402,07404,07406-07408,07410,07413-07414,07456-07461,07534-07535,07537,07539,07541,07545,07549,07552,07573,07575,07577,07581,07583,07585,07652,07658-07659,07662,07666-07667,07669-07670,07704-07705,07708,07710-07712,07785,07790,07792-07795,07800,07805,07840-07845,07908,07910,07912,07914,07916-07917,07920,07925,07958-07961,07965-07966,08039,08043-08044,08047-08049,08056,08075,08077,08082-08085,08125,08128,08130,08159,08181-08182,08206,08209-08211,08214-08215,08280,08285,08288,08291,08295,08301,08308-08309,08341,08343-08344,08346,08352-08353,08412-08413,08417-08418,08421,08424,08429-08430,08466-08471,08519-08520,08522,08549-08553,08590,08593-08597,08638,08641,08648,08663,08666-08667,08670,08685,08721,08726-08727,08729-08730,08733,08808,08812,08814,08817-08819,08822,08831,08845-08846,08849,08851-08853,08894,08896-08899,08902,08914-08915,08974-08976,08978-08980,09026,09028,09031-09032,09046-09047,09050,09056,09126,09131-09135,09186-09187,09204-09205,09207-09208,09213,09235-09236,09239,09241,09244,09246,09331-09333,09335,09337-09339,09341,09355,09357-09361,09416,09438-09440,09463,09465-09466,10124-10129,10174,10176]
+ LOGDIR=/lustre/orion/stf243/world-shared/wcastil/Experiments/CUG26/copper_run/logs
+ cd /lustre/orion/stf243/world-shared/wcastil/Experiments/CUG26/copper_run/logs
+ PACKAGE_ENV_LOCATION=/lustre/orion/stf243/world-shared/hagertnl/CUG26/benchmark_builds
+ source /lustre/orion/stf243/world-shared/hagertnl/CUG26/benchmark_builds/common_modules.sh
++ module load PrgEnv-amd
++ '[' -z '' ']'
++ case "$-" in
++ __lmod_sh_dbg=x
++ '[' -n x ']'
++ set +x
Shell debugging temporarily silenced: export LMOD_SH_DBG_ON=1 for Lmod's output
Shell debugging restarted
++ unset __lmod_sh_dbg
++ return 0
++ module load cpe/25.09
++ '[' -z '' ']'
++ case "$-" in
++ __lmod_sh_dbg=x
++ '[' -n x ']'
++ set +x
Shell debugging temporarily silenced: export LMOD_SH_DBG_ON=1 for Lmod's output
Unloading the cpe module is insufficient to restore the system defaults.
Please run 'source
/opt/cray/pe/cpe/25.09/restore_lmod_system_defaults.[csh|sh]'. 
 
Sourcing the above script is not necessary if swapping the cpe module with a
different version. 
Shell debugging restarted
++ unset __lmod_sh_dbg
++ return 0
++ module load amd/6.4.2
++ '[' -z '' ']'
++ case "$-" in
++ __lmod_sh_dbg=x
++ '[' -n x ']'
++ set +x
Shell debugging temporarily silenced: export LMOD_SH_DBG_ON=1 for Lmod's output
Shell debugging restarted
++ unset __lmod_sh_dbg
++ return 0
++ module load rocm/6.4.2
++ '[' -z '' ']'
++ case "$-" in
++ __lmod_sh_dbg=x
++ '[' -n x ']'
++ set +x
Shell debugging temporarily silenced: export LMOD_SH_DBG_ON=1 for Lmod's output
Shell debugging restarted
++ unset __lmod_sh_dbg
++ return 0
++ module load libfabric/1.22.0
++ '[' -z '' ']'
++ case "$-" in
++ __lmod_sh_dbg=x
++ '[' -n x ']'
++ set +x
Shell debugging temporarily silenced: export LMOD_SH_DBG_ON=1 for Lmod's output
Shell debugging restarted
++ unset __lmod_sh_dbg
++ return 0
++ module load craype-accel-amd-gfx90a
++ '[' -z '' ']'
++ case "$-" in
++ __lmod_sh_dbg=x
++ '[' -n x ']'
++ set +x
Shell debugging temporarily silenced: export LMOD_SH_DBG_ON=1 for Lmod's output
Shell debugging restarted
++ unset __lmod_sh_dbg
++ return 0
++ module load miniforge3/23.11.0-0
++ '[' -z '' ']'
++ case "$-" in
++ __lmod_sh_dbg=x
++ '[' -n x ']'
++ set +x
Shell debugging temporarily silenced: export LMOD_SH_DBG_ON=1 for Lmod's output
Shell debugging restarted
++ unset __lmod_sh_dbg
++ return 0
++ export LD_LIBRARY_PATH=/opt/cray/pe/mpich/9.0.1/ofi/amd/6.0/lib:/opt/cray/pe/mpich/9.0.1/gtl/lib:/opt/cray/pe/libsci/25.09.0/AMD/6.0/x86_64/lib:/opt/cray/pe/perftools/25.09.0/lib64:/opt/cray/pe/pmi/6.1.16/lib:/opt/cray/pe/dsmml/0.3.1/dsmml/lib:/opt/cray/libfabric/1.22.0/lib64:/opt/rocm-6.4.2/lib/roctracer:/opt/rocm-6.4.2/lib/rocprofiler:/opt/rocm-6.4.2/lib:/sw/frontier/spack-envs/cpe25.09-cpu/opt/llvm-amdgpu-6.4.2/darshan-runtime-3.4.7-tvdocpzv3jfj4y6ki5jvmmkics323gon/lib:/opt/rocm-6.4.2/llvm/lib:/opt/cray/pe/papi/7.2.0.2/lib64:/opt/cray/pe/mpich/9.0.1/ofi/amd/6.0/lib:/opt/cray/pe/mpich/9.0.1/gtl/lib:/opt/cray/pe/libsci/25.09.0/AMD/6.0/x86_64/lib:/opt/cray/pe/perftools/25.09.0/lib64:/opt/cray/pe/pmi/6.1.16/lib:/opt/cray/pe/dsmml/0.3.1/dsmml/lib
++ LD_LIBRARY_PATH=/opt/cray/pe/mpich/9.0.1/ofi/amd/6.0/lib:/opt/cray/pe/mpich/9.0.1/gtl/lib:/opt/cray/pe/libsci/25.09.0/AMD/6.0/x86_64/lib:/opt/cray/pe/perftools/25.09.0/lib64:/opt/cray/pe/pmi/6.1.16/lib:/opt/cray/pe/dsmml/0.3.1/dsmml/lib:/opt/cray/libfabric/1.22.0/lib64:/opt/rocm-6.4.2/lib/roctracer:/opt/rocm-6.4.2/lib/rocprofiler:/opt/rocm-6.4.2/lib:/sw/frontier/spack-envs/cpe25.09-cpu/opt/llvm-amdgpu-6.4.2/darshan-runtime-3.4.7-tvdocpzv3jfj4y6ki5jvmmkics323gon/lib:/opt/rocm-6.4.2/llvm/lib:/opt/cray/pe/papi/7.2.0.2/lib64:/opt/cray/pe/mpich/9.0.1/ofi/amd/6.0/lib:/opt/cray/pe/mpich/9.0.1/gtl/lib:/opt/cray/pe/libsci/25.09.0/AMD/6.0/x86_64/lib:/opt/cray/pe/perftools/25.09.0/lib64:/opt/cray/pe/pmi/6.1.16/lib:/opt/cray/pe/dsmml/0.3.1/dsmml/lib
++ [[ /var/spool/slurmd/job4342223/slurm_script == \/\l\u\s\t\r\e\/\o\r\i\o\n\/\s\t\f\2\4\3\/\w\o\r\l\d\-\s\h\a\r\e\d\/\h\a\g\e\r\t\n\l\/\C\U\G\2\6\/\b\e\n\c\h\m\a\r\k\_\b\u\i\l\d\s\/\c\o\m\m\o\n\_\m\o\d\u\l\e\s\.\s\h ]]
+ COPPER_MOUNT_PATH=/mnt/bb/wcastil/copper_mount
+ /lustre/orion/stf243/world-shared/wcastil/Experiments/CUG26/copper_run/launch_copper_frontier.sh -d /lustre/orion/stf243/world-shared/wcastil/Experiments/CUG26/copper_run/logs -v /mnt/bb/wcastil/copper_mount -M 220000000
+ '[' -z '' ']'
+ case "$-" in
+ __lmod_vx=x
+ '[' -n x ']'
+ set +x
Shell debugging temporarily silenced: export LMOD_SH_DBG_ON=1 for this output (/opt/cray/pe/lmod/lmod/init/bash)
Shell debugging restarted
+ unset __lmod_vx
+ echo 'Launching Copper Gracefully On All Nodes : Start'
Launching Copper Gracefully On All Nodes : Start
+ echo /sw/frontier/ums/ums046/copper
/sw/frontier/ums/ums046/copper
+ CUPATH=/sw/frontier/ums/ums046/copper/build/cu_fuse
+ DISCOVERY_HELPER=/sw/frontier/ums/ums046/copper/build/list_cxi_hsn_thallium
+ CU_FUSE_MNT_VIEWDIR=/tmp/wcastil/copper
+ facility_address_book=/sw/frontier/ums/ums046/copper/build/olcf_frontier_copper_addressbook.txt
+ address_book_source=facility
+ log_level=0
+ log_dir=/ccs/home/wcastil/copper-logs
+ log_type=file
+ trees=1
+ max_cacheable_byte_size=10485760
+ md_enoent_ttl_ms=2000
+ profile_metrics=0
+ profile_top_n=0
+ profile_paths_full=0
+ profile_snapshot_interval_s=0
+ sleeptime=10
+ physcpubind=1,2
+ net_type=cxi://cxi1
+ getopts l:t:d:T:M:E:PN:AI:s:b:F:a:n:v: opt
+ case ${opt} in
+ log_dir=/lustre/orion/stf243/world-shared/wcastil/Experiments/CUG26/copper_run/logs
+ getopts l:t:d:T:M:E:PN:AI:s:b:F:a:n:v: opt
+ case ${opt} in
+ CU_FUSE_MNT_VIEWDIR=/mnt/bb/wcastil/copper_mount
+ getopts l:t:d:T:M:E:PN:AI:s:b:F:a:n:v: opt
+ case ${opt} in
+ max_cacheable_byte_size=220000000
+ getopts l:t:d:T:M:E:PN:AI:s:b:F:a:n:v: opt
+ log_dir=/lustre/orion/stf243/world-shared/wcastil/Experiments/CUG26/copper_run/logs/4342223
+ logs_dir=/lustre/orion/stf243/world-shared/wcastil/Experiments/CUG26/copper_run/logs/4342223/logs
+ tables_dir=/lustre/orion/stf243/world-shared/wcastil/Experiments/CUG26/copper_run/logs/4342223/tables
+ profiling_dir=/lustre/orion/stf243/world-shared/wcastil/Experiments/CUG26/copper_run/logs/4342223/profiling
+ profiling_final_dir=/lustre/orion/stf243/world-shared/wcastil/Experiments/CUG26/copper_run/logs/4342223/profiling/final
+ profiling_cluster_dir=/lustre/orion/stf243/world-shared/wcastil/Experiments/CUG26/copper_run/logs/4342223/profiling/cluster
+ node_file_copy=/lustre/orion/stf243/world-shared/wcastil/Experiments/CUG26/copper_run/logs/4342223/logs/node_file.txt
+ prepared_address_book=/lustre/orion/stf243/world-shared/wcastil/Experiments/CUG26/copper_run/logs/4342223/logs/copper_address_book.txt
+ prepared_address_book_full_output=/lustre/orion/stf243/world-shared/wcastil/Experiments/CUG26/copper_run/logs/4342223/logs/copper_address_book_full_output.txt
+ prepare_address_book_awk=/lustre/orion/stf243/world-shared/wcastil/Experiments/CUG26/copper_run/logs/4342223/logs/prepare_address_book.awk
+ select_discovered_address_book_awk=/lustre/orion/stf243/world-shared/wcastil/Experiments/CUG26/copper_run/logs/4342223/logs/select_discovered_address_book.awk
+ echo 'log_level                  : 0'
log_level                  : 0
+ echo 'log_type                   : file'
log_type                   : file
+ echo 'trees                      : 1'
trees                      : 1
+ echo 'max_cacheable_byte_size    : 220000000'
max_cacheable_byte_size    : 220000000
+ echo 'md_enoent_ttl_ms           : 2000'
md_enoent_ttl_ms           : 2000
+ echo 'profile_metrics            : 0'
profile_metrics            : 0
+ echo 'profile_top_n              : 0'
profile_top_n              : 0
+ echo 'profile_paths_full         : 0'
profile_paths_full         : 0
+ echo 'profile_snapshot_interval_s: 0'
profile_snapshot_interval_s: 0
+ echo 'sleeptime                  : 10'
sleeptime                  : 10
+ echo 'CU_FUSE_MNT_VIEWDIR        : /mnt/bb/wcastil/copper_mount'
CU_FUSE_MNT_VIEWDIR        : /mnt/bb/wcastil/copper_mount
+ echo 'LOGDIR                     : /lustre/orion/stf243/world-shared/wcastil/Experiments/CUG26/copper_run/logs/4342223'
LOGDIR                     : /lustre/orion/stf243/world-shared/wcastil/Experiments/CUG26/copper_run/logs/4342223
+ echo 'logs_dir                   : /lustre/orion/stf243/world-shared/wcastil/Experiments/CUG26/copper_run/logs/4342223/logs'
logs_dir                   : /lustre/orion/stf243/world-shared/wcastil/Experiments/CUG26/copper_run/logs/4342223/logs
+ echo 'tables_dir                 : /lustre/orion/stf243/world-shared/wcastil/Experiments/CUG26/copper_run/logs/4342223/tables'
tables_dir                 : /lustre/orion/stf243/world-shared/wcastil/Experiments/CUG26/copper_run/logs/4342223/tables
+ echo 'profiling_final_dir        : /lustre/orion/stf243/world-shared/wcastil/Experiments/CUG26/copper_run/logs/4342223/profiling/final'
profiling_final_dir        : /lustre/orion/stf243/world-shared/wcastil/Experiments/CUG26/copper_run/logs/4342223/profiling/final
+ echo 'profiling_cluster_dir      : /lustre/orion/stf243/world-shared/wcastil/Experiments/CUG26/copper_run/logs/4342223/profiling/cluster'
profiling_cluster_dir      : /lustre/orion/stf243/world-shared/wcastil/Experiments/CUG26/copper_run/logs/4342223/profiling/cluster
+ echo 'SLURM_NODEFILE             : '
SLURM_NODEFILE             : 
+ echo 'physcpubind                : 1,2'
physcpubind                : 1,2
+ echo 'facility_address_book      : /sw/frontier/ums/ums046/copper/build/olcf_frontier_copper_addressbook.txt'
facility_address_book      : /sw/frontier/ums/ums046/copper/build/olcf_frontier_copper_addressbook.txt
+ echo 'address_book_source        : facility'
address_book_source        : facility
+ echo 'prepared_address_book      : /lustre/orion/stf243/world-shared/wcastil/Experiments/CUG26/copper_run/logs/4342223/logs/copper_address_book.txt'
prepared_address_book      : /lustre/orion/stf243/world-shared/wcastil/Experiments/CUG26/copper_run/logs/4342223/logs/copper_address_book.txt
+ echo 'prepared_address_book_full : /lustre/orion/stf243/world-shared/wcastil/Experiments/CUG26/copper_run/logs/4342223/logs/copper_address_book_full_output.txt'
prepared_address_book_full : /lustre/orion/stf243/world-shared/wcastil/Experiments/CUG26/copper_run/logs/4342223/logs/copper_address_book_full_output.txt
+ echo 'discovery_helper           : /sw/frontier/ums/ums046/copper/build/list_cxi_hsn_thallium'
discovery_helper           : /sw/frontier/ums/ums046/copper/build/list_cxi_hsn_thallium
+ echo 'net_type                   : cxi://cxi1'
net_type                   : cxi://cxi1
+ mkdir -p /lustre/orion/stf243/world-shared/wcastil/Experiments/CUG26/copper_run/logs/4342223/logs /lustre/orion/stf243/world-shared/wcastil/Experiments/CUG26/copper_run/logs/4342223/tables/final /lustre/orion/stf243/world-shared/wcastil/Experiments/CUG26/copper_run/logs/4342223/profiling/final /lustre/orion/stf243/world-shared/wcastil/Experiments/CUG26/copper_run/logs/4342223/profiling/cluster
+ scontrol show hostnames 'frontier[00026,00030,00032,00035,00044-00046,00125-00127,00163,00165,00167,00171-00174,00244-00247,00255-00256,00297-00302,00304,00372-00374,00378-00379,00381-00383,00427,00438-00439,00442-00445,00502-00503,00505,00508-00512,00548,00550,00559-00560,00563-00565,00630-00631,00633-00635,00639-00640,00670-00671,00675-00676,00678-00679,00684,00756,00759,00761-00764,00767,00797,00810,00816-00818,00820,00822,00886-00889,00892-00893,00896,00928-00929,00936,00944,00949-00951,01010,01013-01015,01018,01020-01021,01024,01055,01064,01067-01070,01072,01143-01144,01146-01150,01176-01177,01182-01186,01249-01253,01260-01262,01313-01319,01396-01397,01399,01401-01402,01405,01443,01448-01449,01456,01463-01464,01468,01525,01527-01528,01534-01535,01565,01574-01575,01578,01582,01584-01585,01620-01623,01634,01641,01656,01664,01708-01712,01714-01715,01778,01781-01783,01791-01792,01827,01830,01838,01840,01842-01844,01888,01892,01894-01897,01901,01906,01955,01962,01964,01967-01970,02029,02037,02039-02041,02044-02045,02048,02097,02099-02100,02106-02109,02163-02165,02167,02171,02206,02212,02214,02216,02218,02222-02223,02261,02279-02280,02287-02288,02294,02340,02349-02354,02406-02408,02413,02430,02456-02457,02467-02468,02470,02477-02478,02543,02549-02551,02604,02612-02613,02615-02618,02678-02681,02688,02729-02730,02732,02735-02736,02740,02742,02806-02809,02816,02858-02859,02863,02865,02867-02869,02919,02924-02926,02930,02937,02981-02982,02984-02985,02987-02988,02990,03028-03029,03047-03048,03054,03056,03059-03060,03098,03100,03107-03108,03111,03113-03114,03156-03157,03176,03178-03179,03187,03192,03224,03226,03233-03234,03242-03243,03245,03282-03283,03285-03286,03317-03319,03367,03369-03374,03412-03413,03435-03436,03442,03447-03448,03492,03494-03495,03497-03498,03500-03501,03539-03540,03563,03571,03573-03575,03600,03602-03603,03605-03606,03608-03609,03651-03652,03678,03689,03703,03705-03706,03723-03729,03771-03772,03774,03776-03777,03795,03799,03851-03852,03854-03855,03857-03858,03860,03899-03900,03903-03905,03927,03937,03982-03984,03986-03989,04025-04026,04045,04054-04057,04105-04110,04112,04141,04150,04152,04154-04155,04158,04177,04233,04235-04236,04238-04241,04282,04288,04290,04296,04309,04312-04313,04361-04362,04364-04368,04408,04410-04411,04424,04427,04429,04437,04489-04495,04533,04535-04538,04546-04547,04618-04624,04661,04663-04664,04667,04669,04675-04676,04746-04752,04789,04792,04795,04802-04804,04813,04874-04880,04916,04918-04920,04929-04931,05002,05005-05010,05048,05050-05052,05060-05061,05063,05129-05135,05173,05175-05177,05189-05191,05257-05263,05300,05305-05307,05310,05317-05318,05386,05388-05391,05393-05394,05431,05433,05435-05436,05443-05445,05513-05517,05519-05520,05556,05558-05559,05561-05563,05572,05641-05643,05645-05648,05684,05687-05691,05698,05771-05777,05816,05818-05821,05828-05829,05898-05904,05941,05943-05945,05949-05950,05956,06025-06031,06062-06063,06077-06081,06155-06161,06196,06199-06200,06208-06210,06221,06282-06288,06327,06338-06340,06343,06345-06346,06409-06414,06451,06453-06455,06465,06469,06479,06481,06537-06539,06541-06543,06580,06582-06584,06592-06593,06601,06607,06665-06670,06708,06710-06711,06713,06724-06725,06730,06733,06793-06798,06838,06840,06842,06859,06861,06863-06864,06892,06922-06924,06926-06928,06965,06967-06968,06977-06979,06987,07013,07073-07078,07144,07149,07151,07158,07160-07161,07163,07201-07206,07275-07277,07280,07283-07285,07287,07318-07319,07321-07323,07327,07402,07404,07406-07408,07410,07413-07414,07456-07461,07534-07535,07537,07539,07541,07545,07549,07552,07573,07575,07577,07581,07583,07585,07652,07658-07659,07662,07666-07667,07669-07670,07704-07705,07708,07710-07712,07785,07790,07792-07795,07800,07805,07840-07845,07908,07910,07912,07914,07916-07917,07920,07925,07958-07961,07965-07966,08039,08043-08044,08047-08049,08056,08075,08077,08082-08085,08125,08128,08130,08159,08181-08182,08206,08209-08211,08214-08215,08280,08285,08288,08291,08295,08301,08308-08309,08341,08343-08344,08346,08352-08353,08412-08413,08417-08418,08421,08424,08429-08430,08466-08471,08519-08520,08522,08549-08553,08590,08593-08597,08638,08641,08648,08663,08666-08667,08670,08685,08721,08726-08727,08729-08730,08733,08808,08812,08814,08817-08819,08822,08831,08845-08846,08849,08851-08853,08894,08896-08899,08902,08914-08915,08974-08976,08978-08980,09026,09028,09031-09032,09046-09047,09050,09056,09126,09131-09135,09186-09187,09204-09205,09207-09208,09213,09235-09236,09239,09241,09244,09246,09331-09333,09335,09337-09339,09341,09355,09357-09361,09416,09438-09440,09463,09465-09466,10124-10129,10174,10176]'
+ clush --hostfile /lustre/orion/stf243/world-shared/wcastil/Experiments/CUG26/copper_run/logs/4342223/logs/node_file.txt 'fusermount3 -u /mnt/bb/wcastil/copper_mount'
+ clush --hostfile /lustre/orion/stf243/world-shared/wcastil/Experiments/CUG26/copper_run/logs/4342223/logs/node_file.txt 'rm -rf /mnt/bb/wcastil/copper_mount'
+ clush --hostfile /lustre/orion/stf243/world-shared/wcastil/Experiments/CUG26/copper_run/logs/4342223/logs/node_file.txt 'mkdir -p /mnt/bb/wcastil/copper_mount'
+ rm -f /lustre/orion/stf243/world-shared/wcastil/Experiments/CUG26/copper_run/logs/4342223/logs/copper_address_book.txt /lustre/orion/stf243/world-shared/wcastil/Experiments/CUG26/copper_run/logs/4342223/logs/copper_address_book_full_output.txt /lustre/orion/stf243/world-shared/wcastil/Experiments/CUG26/copper_run/logs/4342223/logs/prepare_address_book.awk /lustre/orion/stf243/world-shared/wcastil/Experiments/CUG26/copper_run/logs/4342223/logs/select_discovered_address_book.awk
+ echo 'Preparing job-local address book once before full cu_fuse launch'
Preparing job-local address book once before full cu_fuse launch
++ date +%s
+ prepare_address_book_start_epoch=1775515987
+ prepare_address_book_rc=0
+ case "${address_book_source}" in
+ prepare_address_book_from_facility
+ cp /sw/frontier/ums/ums046/copper/build/olcf_frontier_copper_addressbook.txt /lustre/orion/stf243/world-shared/wcastil/Experiments/CUG26/copper_run/logs/4342223/logs/copper_address_book_full_output.txt
+ cat
+ srun --overlap -N 1 -n 1 --ntasks-per-node=1 env NODEFILE_PATH=/lustre/orion/stf243/world-shared/wcastil/Experiments/CUG26/copper_run/logs/4342223/logs/node_file.txt FACILITY_BOOK=/sw/frontier/ums/ums046/copper/build/olcf_frontier_copper_addressbook.txt OUTPUT_PATH=/lustre/orion/stf243/world-shared/wcastil/Experiments/CUG26/copper_run/logs/4342223/logs/copper_address_book.txt AWK_SCRIPT=/lustre/orion/stf243/world-shared/wcastil/Experiments/CUG26/copper_run/logs/4342223/logs/prepare_address_book.awk bash -lc 'awk -f "$AWK_SCRIPT" "$NODEFILE_PATH" "$FACILITY_BOOK" > "$OUTPUT_PATH"'
Deactivating conda environments
++ date +%s
+ prepare_address_book_end_epoch=1775515988
+ echo 'prepared address book generation took 1 s'
prepared address book generation took 1 s
+ '[' 0 -ne 0 ']'
+ '[' '!' -s /lustre/orion/stf243/world-shared/wcastil/Experiments/CUG26/copper_run/logs/4342223/logs/copper_address_book.txt ']'
+ profile_options=
+ '[' 0 -eq 1 ']'
+ '[' 0 -gt 0 ']'
+ '[' 0 -eq 1 ']'
+ '[' 0 -gt 0 ']'
+ options=' -f -tpath / -vpath /mnt/bb/wcastil/copper_mount -log_level 0 -log_type file -log_output_dir /lustre/orion/stf243/world-shared/wcastil/Experiments/CUG26/copper_run/logs/4342223 -net_type cxi://cxi1 -trees 1 -nf /lustre/orion/stf243/world-shared/wcastil/Experiments/CUG26/copper_run/logs/4342223/logs/node_file.txt -max_cacheable_byte_size 220000000 -md_enoent_ttl_ms 2000 -facility_address_book /lustre/orion/stf243/world-shared/wcastil/Experiments/CUG26/copper_run/logs/4342223/logs/copper_address_book.txt -prefiltered_address_book 1 -s /mnt/bb/wcastil/copper_mount'
+ echo 'sleeping for 10 s'
sleeping for 10 s
+ sleep 10s
+ srun --overlap -N 1024 --ntasks-per-node=1 --cpus-per-task=2 bash -c '
    echo "host=$(hostname)"
    echo "allowed=$(grep Cpus_allowed_list /proc/self/status | awk "{print \$2}")"
    echo "current_cpu=$(ps -o psr= -p $$)"
    exec /sw/frontier/ums/ums046/copper/build/cu_fuse  -f -tpath / -vpath /mnt/bb/wcastil/copper_mount -log_level 0 -log_type file -log_output_dir /lustre/orion/stf243/world-shared/wcastil/Experiments/CUG26/copper_run/logs/4342223 -net_type cxi://cxi1 -trees 1 -nf /lustre/orion/stf243/world-shared/wcastil/Experiments/CUG26/copper_run/logs/4342223/logs/node_file.txt -max_cacheable_byte_size 220000000 -md_enoent_ttl_ms 2000 -facility_address_book /lustre/orion/stf243/world-shared/wcastil/Experiments/CUG26/copper_run/logs/4342223/logs/copper_address_book.txt -prefiltered_address_book 1 -s /mnt/bb/wcastil/copper_mount
    '\''
  '
host=frontier00026
host=frontier07844
host=frontier00304
host=frontier07910
host=frontier05436
host=frontier05262
host=frontier05941
host=frontier07414
host=frontier02100
allowed=1-2
host=frontier07407
host=frontier07410
host=frontier09241
host=frontier03412
host=frontier03224
host=frontier07457
host=frontier06025
allowed=1-2
allowed=1-2
host=frontier02858
host=frontier07459
host=frontier08894
host=frontier05009
allowed=1-2
host=frontier05258
allowed=1-2
host=frontier02167
host=frontier05260
host=frontier02206
allowed=1-2
host=frontier00174
host=frontier02029
host=frontier03156
host=frontier06928
allowed=1-2
host=frontier08819
host=frontier03571
host=frontier00445
host=frontier00030
host=frontier07583
host=frontier04538
host=frontier01895
host=frontier06583
host=frontier02551
host=frontier08049
host=frontier10127
host=frontier08056
host=frontier05393
host=frontier06593
host=frontier01144
host=frontier00936
host=frontier00761
host=frontier03054
host=frontier00944
host=frontier04424
host=frontier02406
host=frontier06863
host=frontier00764
host=frontier07708
host=frontier03689
host=frontier01584
host=frontier03860
host=frontier08353
host=frontier08412
host=frontier03501
host=frontier03111
host=frontier03113
host=frontier07573
host=frontier05690
host=frontier08594
host=frontier05131
host=frontier07793
host=frontier01024
host=frontier05519
allowed=1-2
allowed=1-2
host=frontier06161
current_cpu=  1
allowed=1-2
host=frontier05943
host=frontier01250
host=frontier01449
host=frontier03370
host=frontier02740
host=frontier07408
host=frontier00297
host=frontier03728
allowed=1-2
host=frontier02097
host=frontier08845
host=frontier01252
host=frontier04930
allowed=1-2
host=frontier09244
host=frontier03179
host=frontier00299
host=frontier08846
allowed=1-2
host=frontier05005
allowed=1-2
allowed=1-2
host=frontier09332
host=frontier03413
allowed=1-2
host=frontier00046
host=frontier05006
host=frontier02816
host=frontier02350
host=frontier01712
host=frontier00684
current_cpu=  1
current_cpu=  1
host=frontier03435
host=frontier09335
allowed=1-2
allowed=1-2
host=frontier00126
allowed=1-2
allowed=1-2
host=frontier05431
current_cpu=  1
host=frontier01962
host=frontier04236
host=frontier01781
allowed=1-2
host=frontier07912
host=frontier03243
host=frontier01148
current_cpu=  1
host=frontier01149
allowed=1-2
host=frontier06454
host=frontier02171
host=frontier06062
allowed=1-2
host=frontier07916
host=frontier01783
host=frontier04240
host=frontier04661
host=frontier08344
allowed=1-2
host=frontier02679
host=frontier08914
current_cpu=  1
host=frontier06077
host=frontier03703
allowed=1-2
host=frontier06479
allowed=1-2
host=frontier05063
host=frontier01401
host=frontier02926
host=frontier06537
host=frontier02039
host=frontier00245
host=frontier05689
host=frontier05130
host=frontier05516
host=frontier02261
allowed=1-2
host=frontier00255
allowed=1-2
host=frontier00822
current_cpu=  1
allowed=1-2
host=frontier09440
allowed=1-2
host=frontier06157
host=frontier01844
allowed=1-2
host=frontier06543
host=frontier08424
allowed=1-2
host=frontier08211
host=frontier00502
host=frontier06967
allowed=1-2
host=frontier06793
allowed=1-2
host=frontier00889
host=frontier00505
host=frontier00675
allowed=1-2
host=frontier03374
allowed=1-2
allowed=1-2
host=frontier06410
host=frontier07659
allowed=1-2
host=frontier00896
allowed=1-2
allowed=1-2
allowed=1-2
allowed=1-2
host=frontier01906
allowed=1-2
host=frontier01146
allowed=1-2
allowed=1-2
allowed=1-2
host=frontier08721
allowed=1-2
allowed=1-2
allowed=1-2
host=frontier06667
host=frontier01575
host=frontier09134
host=frontier02868
allowed=1-2
allowed=1-2
allowed=1-2
allowed=1-2
allowed=1-2
allowed=1-2
host=frontier08808
host=frontier04491
host=frontier03317
host=frontier01830
allowed=1-2
allowed=1-2
host=frontier00633
host=frontier07160
allowed=1-2
allowed=1-2
host=frontier02730
allowed=1-2
allowed=1-2
host=frontier03539
allowed=1-2
allowed=1-2
allowed=1-2
allowed=1-2
host=frontier06541
allowed=1-2
allowed=1-2
host=frontier07406
host=frontier09235
host=frontier04748
host=frontier02736
host=frontier05318
host=frontier04749
host=frontier07800
host=frontier04750
host=frontier06345
host=frontier00888
host=frontier01067
host=frontier09466
host=frontier06160
host=frontier05774
host=frontier06794
host=frontier05388
host=frontier00508
host=frontier07841
host=frontier08648
host=frontier10125
host=frontier05956
host=frontier08285
host=frontier02990
host=frontier03602
host=frontier04789
host=frontier03776
host=frontier07662
host=frontier01527
host=frontier05777
host=frontier10126
host=frontier01901
host=frontier05189
host=frontier08291
host=frontier08469
host=frontier03988
host=frontier01528
host=frontier06798
host=frontier07280
host=frontier03795
host=frontier03047
host=frontier07283
host=frontier00373
host=frontier06840
host=frontier00548
host=frontier03799
host=frontier04025
host=frontier06029
host=frontier07461
host=frontier05820
host=frontier08082
host=frontier03447
host=frontier06210
host=frontier00550
host=frontier01574
host=frontier09339
host=frontier02617
host=frontier00559
host=frontier00165
host=frontier09133
host=frontier01967
host=frontier00560
host=frontier08522
host=frontier02618
host=frontier04875
host=frontier01578
host=frontier06283
host=frontier01968
host=frontier02869
host=frontier05444
host=frontier08125
host=frontier05898
host=frontier04664
host=frontier04877
host=frontier05684
host=frontier00565
host=frontier04490
host=frontier00630
host=frontier05263
host=frontier06708
host=frontier02214
host=frontier05688
host=frontier06287
host=frontier04492
host=frontier05901
host=frontier00631
host=frontier04106
host=frontier03500
host=frontier02218
host=frontier09361
host=frontier05902
host=frontier06711
host=frontier01018
host=frontier07959
host=frontier02930
host=frontier09208
host=frontier01020
host=frontier05306
host=frontier06713
host=frontier01842
host=frontier00635
host=frontier06338
host=frontier03540
host=frontier01448
host=frontier04533
host=frontier03369
host=frontier04110
host=frontier09246
host=frontier00044
host=frontier03187
host=frontier01709
host=frontier02807
current_cpu=  2
host=frontier05175
host=frontier00892
host=frontier00300
host=frontier05561
current_cpu=  1
host=frontier02294
host=frontier04154
host=frontier08849
allowed=1-2
host=frontier04112
host=frontier04535
current_cpu=  2
host=frontier00256
allowed=1-2
host=frontier04361
allowed=1-2
host=frontier08822
allowed=1-2
allowed=1-2
host=frontier02045
host=frontier06965
host=frontier05133
host=frontier01641
host=frontier01656
host=frontier01251
host=frontier02048
host=frontier02280
allowed=1-2
host=frontier08831
host=frontier06158
allowed=1-2
host=frontier04536
allowed=1-2
host=frontier05134
host=frontier09028
host=frontier03176
host=frontier03371
allowed=1-2
current_cpu=  1
host=frontier03178
host=frontier04537
host=frontier08429
host=frontier01664
host=frontier09031
host=frontier06580
allowed=1-2
allowed=1-2
host=frontier04150
allowed=1-2
host=frontier02287
allowed=1-2
current_cpu=  1
host=frontier04152
allowed=1-2
host=frontier02806
host=frontier01253
host=frontier05559
host=frontier08430
allowed=1-2
host=frontier02288
allowed=1-2
host=frontier01708
host=frontier02099
host=frontier04931
host=frontier07413
host=frontier06582
allowed=1-2
host=frontier01710
host=frontier00678
host=frontier01261
host=frontier07456
host=frontier08851
host=frontier02808
host=frontier03192
host=frontier00045
host=frontier09331
current_cpu=  1
host=frontier00301
host=frontier09047
allowed=1-2
host=frontier00893
host=frontier08048
current_cpu=  1
host=frontier07843
host=frontier02809
current_cpu=  1
host=frontier01711
allowed=1-2
host=frontier00679
allowed=1-2
host=frontier04158
current_cpu=  1
host=frontier03603
host=frontier08852
allowed=1-2
host=frontier05177
allowed=1-2
host=frontier01313
host=frontier02108
allowed=1-2
allowed=1-2
host=frontier03605
host=frontier06412
host=frontier07458
host=frontier03226
allowed=1-2
allowed=1-2
host=frontier05007
host=frontier09333
allowed=1-2
host=frontier03233
host=frontier01314
allowed=1-2
host=frontier02109
host=frontier00512
host=frontier07845
host=frontier02351
current_cpu=  2
host=frontier05008
current_cpu=  1
allowed=1-2
host=frontier05190
host=frontier03606
current_cpu=  2
host=frontier06027
host=frontier00127
host=frontier05191
host=frontier08896
host=frontier06414
host=frontier03234
host=frontier02859
host=frontier02352
host=frontier06028
current_cpu=  1
host=frontier01715
host=frontier07460
host=frontier07908
host=frontier03442
host=frontier01315
allowed=1-2
host=frontier00163
host=frontier02164
host=frontier05010
host=frontier08897
host=frontier03609
host=frontier09338
host=frontier05257
host=frontier06451
allowed=1-2
host=frontier01147
allowed=1-2
host=frontier02353
host=frontier01778
host=frontier02863
allowed=1-2
host=frontier08898
current_cpu=  1
host=frontier08309
host=frontier03651
host=frontier04238
host=frontier02165
allowed=1-2
host=frontier06859
allowed=1-2
host=frontier06030
host=frontier02354
host=frontier01317
host=frontier02865
allowed=1-2
host=frontier03652
host=frontier07535
host=frontier08341
host=frontier00379
host=frontier06031
allowed=1-2
current_cpu=  1
host=frontier02867
host=frontier08899
host=frontier05259
allowed=1-2
host=frontier07914
host=frontier03245
host=frontier05050
host=frontier08343
host=frontier01150
host=frontier00171
allowed=1-2
host=frontier06455
allowed=1-2
host=frontier04055
host=frontier03282
current_cpu=  1
allowed=1-2
host=frontier02407
allowed=1-2
allowed=1-2
host=frontier03678
allowed=1-2
host=frontier00172
allowed=1-2
host=frontier01176
host=frontier05052
host=frontier06864
host=frontier00767
current_cpu=  2
host=frontier03283
host=frontier01969
host=frontier02408
allowed=1-2
host=frontier06063
host=frontier07917
allowed=1-2
host=frontier01396
host=frontier03285
host=frontier02413
host=frontier00173
host=frontier02212
allowed=1-2
host=frontier00797
host=frontier08346
host=frontier04282
host=frontier01397
host=frontier05445
host=frontier06892
host=frontier06469
host=frontier02680
allowed=1-2
current_cpu=  2
host=frontier01182
host=frontier05061
allowed=1-2
host=frontier01399
host=frontier00810
host=frontier03705
host=frontier07925
host=frontier01014
host=frontier02430
host=frontier08974
current_cpu=  1
host=frontier06922
host=frontier03286
host=frontier00427
allowed=1-2
host=frontier08975
host=frontier02688
host=frontier04290
host=frontier00816
host=frontier00244
host=frontier06079
host=frontier06481
host=frontier03706
host=frontier02037
allowed=1-2
host=frontier07549
host=frontier02925
host=frontier01183
host=frontier02216
host=frontier06924
host=frontier01402
host=frontier08814
allowed=1-2
host=frontier02729
host=frontier08976
host=frontier07327
host=frontier03318
allowed=1-2
host=frontier05515
host=frontier06080
allowed=1-2
allowed=1-2
host=frontier04107
allowed=1-2
host=frontier01185
host=frontier00246
host=frontier05903
host=frontier03319
host=frontier08817
allowed=1-2
host=frontier04309
host=frontier06081
allowed=1-2
host=frontier06926
host=frontier06538
host=frontier07402
host=frontier02040
host=frontier08413
host=frontier01405
host=frontier04495
host=frontier06927
host=frontier02223
host=frontier01443
host=frontier08818
host=frontier04109
host=frontier03725
host=frontier00820
host=frontier00247
host=frontier08417
host=frontier04312
host=frontier03367
host=frontier01186
host=frontier05904
host=frontier02041
host=frontier01249
host=frontier01634
allowed=1-2
current_cpu=  2
host=frontier05132
allowed=1-2
host=frontier08418
host=frontier06156
host=frontier08980
current_cpu=  2
host=frontier03726
allowed=1-2
current_cpu=  1
host=frontier01843
host=frontier08421
host=frontier02279
host=frontier03157
host=frontier06542
host=frontier09026
allowed=1-2
current_cpu=  1
host=frontier00886
host=frontier03727
allowed=1-2
host=frontier05771
host=frontier07581
allowed=1-2
current_cpu=  2
host=frontier07795
host=frontier01456
allowed=1-2
host=frontier09463
allowed=1-2
host=frontier05944
host=frontier04362
current_cpu=  1
allowed=1-2
allowed=1-2
host=frontier03573
host=frontier02984
allowed=1-2
host=frontier04929
host=frontier01888
current_cpu=  1
host=frontier03372
host=frontier03729
host=frontier00298
host=frontier05135
host=frontier02742
host=frontier02985
host=frontier05945
host=frontier06968
host=frontier01892
host=frontier09465
allowed=1-2
host=frontier03574
host=frontier07585
host=frontier02543
host=frontier01463
host=frontier09032
current_cpu=  1
host=frontier03575
host=frontier08044
allowed=1-2
host=frontier06346
host=frontier06977
allowed=1-2
host=frontier02987
host=frontier05173
host=frontier05949
host=frontier08215
host=frontier07840
allowed=1-2
host=frontier00035
host=frontier09046
host=frontier05002
current_cpu=  1
host=frontier03984
allowed=1-2
host=frontier01069
host=frontier04752
host=frontier03600
host=frontier07658
host=frontier04546
host=frontier08280
current_cpu=  1
host=frontier10124
host=frontier08047
host=frontier05389
host=frontier00509
host=frontier08663
current_cpu=  1
host=frontier01070
host=frontier05176
host=frontier04155
host=frontier07842
host=frontier03774
host=frontier05390
host=frontier06979
host=frontier01896
host=frontier03986
allowed=1-2
allowed=1-2
host=frontier02340
host=frontier02107
host=frontier00510
host=frontier03987
host=frontier00302
host=frontier01897
host=frontier06411
current_cpu=  2
host=frontier01072
host=frontier06199
host=frontier05563
host=frontier07276
host=frontier05391
host=frontier06592
host=frontier04792
allowed=1-2
host=frontier06200
host=frontier03777
current_cpu=  2
current_cpu=  1
host=frontier07277
host=frontier05572
current_cpu=  1
host=frontier07013
host=frontier04177
host=frontier04619
host=frontier06026
host=frontier01143
host=frontier04795
current_cpu=  2
host=frontier08853
host=frontier10128
allowed=1-2
host=frontier04233
host=frontier00372
host=frontier04620
host=frontier07073
host=frontier04802
host=frontier00929
host=frontier04410
host=frontier03436
current_cpu=  1
host=frontier05394
host=frontier01714
host=frontier08075
host=frontier06601
allowed=1-2
host=frontier08471
host=frontier04621
host=frontier03608
host=frontier10129
host=frontier00759
host=frontier08077
host=frontier03048
host=frontier06607
host=frontier01535
host=frontier08685
host=frontier09131
host=frontier07074
host=frontier04411
current_cpu=  1
current_cpu=  1
host=frontier04026
host=frontier06665
current_cpu=  2
host=frontier08308
allowed=1-2
host=frontier03851
host=frontier02616
host=frontier05433
current_cpu=  2
host=frontier01565
host=frontier04622
current_cpu=  1
host=frontier07284
host=frontier07076
host=frontier00378
host=frontier08083
host=frontier06453
host=frontier05435
host=frontier03056
host=frontier04045
host=frontier00949
host=frontier06666
host=frontier05048
host=frontier04427
host=frontier10176
host=frontier03852
host=frontier04623
host=frontier07285
host=frontier00950
current_cpu=  1
host=frontier04239
host=frontier07287
allowed=1-2
host=frontier03059
host=frontier04054
host=frontier08727
allowed=1-2
host=frontier04624
host=frontier01318
host=frontier07077
host=frontier06861
allowed=1-2
host=frontier05646
allowed=1-2
host=frontier09355
current_cpu=  1
host=frontier05647
host=frontier07078
host=frontier06668
host=frontier07318
current_cpu=  1
host=frontier00563
host=frontier01319
current_cpu=  1
host=frontier02678
host=frontier08549
host=frontier08902
host=frontier08730
host=frontier06669
host=frontier05261
host=frontier04241
host=frontier06465
host=frontier01791
host=frontier03857
host=frontier01010
host=frontier05648
host=frontier04489
host=frontier04876
current_cpu=  1
host=frontier04056
host=frontier07144
host=frontier08550
host=frontier04057
host=frontier02919
host=frontier08915
host=frontier01970
host=frontier03100
host=frontier01792
host=frontier07149
host=frontier05060
host=frontier05899
current_cpu=  2
host=frontier01013
host=frontier08551
host=frontier09187
host=frontier00383
host=frontier07711
host=frontier06078
host=frontier02681
current_cpu=  2
host=frontier08352
allowed=1-2
allowed=1-2
host=frontier07151
host=frontier01827
host=frontier04878
host=frontier07712
host=frontier01585
host=frontier04105
host=frontier02456
host=frontier04669
host=frontier06923
host=frontier09360
allowed=1-2
host=frontier03108
allowed=1-2
host=frontier05514
current_cpu=  2
host=frontier00438
host=frontier07158
host=frontier01015
host=frontier04879
host=frontier05300
current_cpu=  1
host=frontier00439
host=frontier01184
host=frontier04296
host=frontier09207
host=frontier01621
allowed=1-2
host=frontier04493
allowed=1-2
host=frontier01838
host=frontier07790
current_cpu=  1
current_cpu=  2
host=frontier03900
host=frontier00817
host=frontier03724
allowed=1-2
host=frontier01622
host=frontier00818
host=frontier01840
current_cpu=  1
host=frontier06327
host=frontier08978
current_cpu=  1
host=frontier04916
host=frontier07792
host=frontier04494
allowed=1-2
current_cpu=  2
host=frontier07404
host=frontier05517
host=frontier02937
host=frontier07961
current_cpu=  1
host=frontier06155
host=frontier04746
host=frontier00443
host=frontier05691
host=frontier09438
current_cpu=  1
host=frontier03904
host=frontier01021
current_cpu=  1
host=frontier08206
host=frontier03563
host=frontier09439
host=frontier02981
host=frontier07794
allowed=1-2
current_cpu=  1
current_cpu=  1
host=frontier05698
host=frontier00444
allowed=1-2
host=frontier02735
host=frontier04313
host=frontier07577
allowed=1-2
host=frontier00639
host=frontier07966
host=frontier01055
host=frontier05317
allowed=1-2
allowed=1-2
host=frontier02982
host=frontier07202
host=frontier06340
host=frontier02477
host=frontier08210
host=frontier05520
host=frontier09236
host=frontier04920
host=frontier03927
host=frontier00640
host=frontier05772
host=frontier01064
allowed=1-2
host=frontier09239
host=frontier05556
host=frontier08597
host=frontier03937
host=frontier00670
host=frontier07203
host=frontier08039
host=frontier06733
host=frontier02478
allowed=1-2
allowed=1-2
host=frontier06343
host=frontier00671
host=frontier08043
host=frontier00503
host=frontier07805
allowed=1-2
allowed=1-2
host=frontier05386
allowed=1-2
host=frontier00032
host=frontier08638
host=frontier04364
host=frontier06159
host=frontier07204
allowed=1-2
host=frontier08214
host=frontier07205
host=frontier03983
host=frontier01894
host=frontier07652
host=frontier03373
allowed=1-2
allowed=1-2
host=frontier01068
host=frontier08641
host=frontier04365
allowed=1-2
allowed=1-2
host=frontier02549
allowed=1-2
host=frontier03771
host=frontier01260
host=frontier06978
host=frontier06409
host=frontier02550
host=frontier08466
allowed=1-2
host=frontier06795
host=frontier03772
host=frontier05775
allowed=1-2
host=frontier02988
host=frontier04366
allowed=1-2
host=frontier00676
host=frontier07206
allowed=1-2
allowed=1-2
allowed=1-2
host=frontier08467
host=frontier04367
host=frontier06196
host=frontier04547
host=frontier07275
allowed=1-2
allowed=1-2
host=frontier05776
allowed=1-2
host=frontier01525
host=frontier06584
host=frontier06796
host=frontier08666
host=frontier08288
host=frontier06987
host=frontier02349
host=frontier08468
host=frontier02604
allowed=1-2
host=frontier09050
allowed=1-2
allowed=1-2
allowed=1-2
allowed=1-2
host=frontier04368
host=frontier04618
host=frontier06797
host=frontier08667
allowed=1-2
host=frontier00511
allowed=1-2
allowed=1-2
host=frontier02612
allowed=1-2
host=frontier04408
host=frontier07666
allowed=1-2
allowed=1-2
allowed=1-2
host=frontier05816
host=frontier00928
host=frontier09056
allowed=1-2
host=frontier00756
host=frontier08470
host=frontier06413
host=frontier03989
allowed=1-2
allowed=1-2
host=frontier08295
host=frontier09126
host=frontier08670
host=frontier06208
host=frontier01534
host=frontier05818
host=frontier07667
host=frontier06838
allowed=1-2
host=frontier05642
host=frontier01955
allowed=1-2
allowed=1-2
host=frontier08301
host=frontier04235
host=frontier05819
host=frontier02615
allowed=1-2
allowed=1-2
allowed=1-2
host=frontier07669
host=frontier06209
host=frontier04803
allowed=1-2
allowed=1-2
host=frontier08519
host=frontier04804
host=frontier07075
allowed=1-2
allowed=1-2
host=frontier05643
allowed=1-2
allowed=1-2
allowed=1-2
host=frontier00374
host=frontier09132
host=frontier07670
host=frontier01316
host=frontier08726
allowed=1-2
host=frontier06221
allowed=1-2
host=frontier08520
host=frontier01964
host=frontier04813
host=frontier07534
allowed=1-2
host=frontier05821
host=frontier03448
allowed=1-2
allowed=1-2
allowed=1-2
host=frontier07704
host=frontier08084
host=frontier01782
host=frontier04874
host=frontier03854
host=frontier00167
allowed=1-2
allowed=1-2
allowed=1-2
host=frontier00763
allowed=1-2
host=frontier03492
host=frontier09341
host=frontier05828
host=frontier06282
host=frontier04429
allowed=1-2
host=frontier05051
allowed=1-2
host=frontier05829
allowed=1-2
host=frontier03060
host=frontier03855
host=frontier08085
host=frontier07537
host=frontier04437
host=frontier03494
host=frontier09135
allowed=1-2
host=frontier05443
host=frontier07539
host=frontier03098
host=frontier01582
allowed=1-2
allowed=1-2
allowed=1-2
host=frontier09357
host=frontier00564
host=frontier07319
host=frontier04663
allowed=1-2
host=frontier06284
host=frontier09186
host=frontier07710
host=frontier03858
allowed=1-2
host=frontier08733
allowed=1-2
allowed=1-2
allowed=1-2
host=frontier03497
allowed=1-2
host=frontier07541
host=frontier06670
host=frontier06285
host=frontier08128
host=frontier07321
host=frontier01177
host=frontier09358
host=frontier09359
host=frontier07322
host=frontier05687
host=frontier08552
host=frontier06286
host=frontier05513
allowed=1-2
host=frontier03498
allowed=1-2
host=frontier03107
host=frontier07545
allowed=1-2
host=frontier08130
allowed=1-2
host=frontier05900
host=frontier07785
host=frontier07958
allowed=1-2
allowed=1-2
host=frontier01620
allowed=1-2
host=frontier09205
host=frontier03899
allowed=1-2
allowed=1-2
host=frontier08553
allowed=1-2
host=frontier08159
allowed=1-2
host=frontier06710
allowed=1-2
allowed=1-2
host=frontier06288
allowed=1-2
host=frontier05305
host=frontier05129
host=frontier07552
allowed=1-2
host=frontier04675
host=frontier04880
host=frontier08181
host=frontier03723
allowed=1-2
allowed=1-2
host=frontier02457
allowed=1-2
host=frontier03903
host=frontier07960
host=frontier04676
allowed=1-2
host=frontier08593
allowed=1-2
host=frontier02467
allowed=1-2
host=frontier08182
allowed=1-2
host=frontier09416
host=frontier00634
host=frontier00442
host=frontier02222
host=frontier02732
host=frontier03114
host=frontier07163
host=frontier09213
host=frontier04918
allowed=1-2
host=frontier07575
host=frontier05307
allowed=1-2
host=frontier02468
host=frontier06724
host=frontier08979
allowed=1-2
host=frontier01623
allowed=1-2
host=frontier07965
host=frontier06339
allowed=1-2
host=frontier08209
host=frontier02470
host=frontier04919
host=frontier03905
allowed=1-2
host=frontier05310
host=frontier06725
allowed=1-2
host=frontier08595
host=frontier02044
host=frontier04747
allowed=1-2
host=frontier06730
host=frontier08596
host=frontier04141
host=frontier00887
host=frontier03982
host=frontier05773
host=frontier04751
host=frontier01464
host=frontier01468
host=frontier05950
host=frontier05562
host=frontier02106
host=frontier03028
host=frontier01262
host=frontier03029
host=frontier00125
host=frontier02613
host=frontier05641
host=frontier02163
host=frontier09337
host=frontier06842
host=frontier03242
host=frontier00762
host=frontier05645
host=frontier07705
host=frontier00381
host=frontier00382
host=frontier07920
host=frontier09204
host=frontier08812
host=frontier08590
host=frontier07161
host=frontier06539
host=frontier07201
allowed=1-2
allowed=1-2
allowed=1-2
allowed=1-2
allowed=1-2
allowed=1-2
allowed=1-2
allowed=1-2
allowed=1-2
allowed=1-2
allowed=1-2
allowed=1-2
current_cpu=  1
allowed=1-2
allowed=1-2
current_cpu=  2
allowed=1-2
current_cpu=  1
allowed=1-2
current_cpu=  2
current_cpu=  1
allowed=1-2
allowed=1-2
allowed=1-2
allowed=1-2
allowed=1-2
allowed=1-2
allowed=1-2
allowed=1-2
current_cpu=  1
allowed=1-2
allowed=1-2
current_cpu=  2
allowed=1-2
current_cpu=  2
allowed=1-2
allowed=1-2
allowed=1-2
allowed=1-2
current_cpu=  2
allowed=1-2
allowed=1-2
allowed=1-2
allowed=1-2
allowed=1-2
current_cpu=  2
current_cpu=  2
allowed=1-2
current_cpu=  1
allowed=1-2
current_cpu=  2
allowed=1-2
current_cpu=  2
allowed=1-2
allowed=1-2
allowed=1-2
allowed=1-2
current_cpu=  1
allowed=1-2
current_cpu=  1
allowed=1-2
allowed=1-2
allowed=1-2
allowed=1-2
allowed=1-2
current_cpu=  1
allowed=1-2
allowed=1-2
allowed=1-2
allowed=1-2
allowed=1-2
allowed=1-2
allowed=1-2
allowed=1-2
allowed=1-2
allowed=1-2
current_cpu=  1
allowed=1-2
allowed=1-2
allowed=1-2
allowed=1-2
allowed=1-2
current_cpu=  1
allowed=1-2
current_cpu=  1
allowed=1-2
allowed=1-2
allowed=1-2
current_cpu=  2
allowed=1-2
current_cpu=  2
allowed=1-2
allowed=1-2
current_cpu=  1
current_cpu=  1
allowed=1-2
allowed=1-2
allowed=1-2
allowed=1-2
current_cpu=  1
current_cpu=  1
allowed=1-2
allowed=1-2
current_cpu=  2
allowed=1-2
allowed=1-2
current_cpu=  1
allowed=1-2
allowed=1-2
allowed=1-2
allowed=1-2
allowed=1-2
current_cpu=  2
allowed=1-2
allowed=1-2
allowed=1-2
allowed=1-2
allowed=1-2
allowed=1-2
allowed=1-2
allowed=1-2
allowed=1-2
allowed=1-2
allowed=1-2
allowed=1-2
allowed=1-2
current_cpu=  2
allowed=1-2
allowed=1-2
allowed=1-2
allowed=1-2
allowed=1-2
allowed=1-2
allowed=1-2
allowed=1-2
current_cpu=  1
allowed=1-2
current_cpu=  2
allowed=1-2
allowed=1-2
allowed=1-2
current_cpu=  2
allowed=1-2
allowed=1-2
allowed=1-2
allowed=1-2
allowed=1-2
current_cpu=  2
allowed=1-2
current_cpu=  1
allowed=1-2
allowed=1-2
allowed=1-2
allowed=1-2
current_cpu=  1
allowed=1-2
allowed=1-2
allowed=1-2
allowed=1-2
allowed=1-2
current_cpu=  1
allowed=1-2
allowed=1-2
current_cpu=  2
allowed=1-2
allowed=1-2
allowed=1-2
allowed=1-2
allowed=1-2
allowed=1-2
current_cpu=  2
allowed=1-2
current_cpu=  1
allowed=1-2
current_cpu=  1
allowed=1-2
current_cpu=  1
current_cpu=  1
allowed=1-2
current_cpu=  2
allowed=1-2
current_cpu=  1
allowed=1-2
allowed=1-2
allowed=1-2
allowed=1-2
allowed=1-2
allowed=1-2
allowed=1-2
current_cpu=  2
allowed=1-2
allowed=1-2
current_cpu=  1
allowed=1-2
allowed=1-2
allowed=1-2
current_cpu=  1
allowed=1-2
allowed=1-2
allowed=1-2
allowed=1-2
allowed=1-2
allowed=1-2
allowed=1-2
allowed=1-2
current_cpu=  1
allowed=1-2
allowed=1-2
current_cpu=  1
allowed=1-2
allowed=1-2
allowed=1-2
allowed=1-2
allowed=1-2
allowed=1-2
allowed=1-2
allowed=1-2
allowed=1-2
current_cpu=  2
allowed=1-2
allowed=1-2
allowed=1-2
allowed=1-2
allowed=1-2
allowed=1-2
allowed=1-2
allowed=1-2
allowed=1-2
current_cpu=  1
allowed=1-2
allowed=1-2
allowed=1-2
allowed=1-2
allowed=1-2
allowed=1-2
current_cpu=  1
allowed=1-2
allowed=1-2
allowed=1-2
allowed=1-2
current_cpu=  2
allowed=1-2
allowed=1-2
current_cpu=  2
current_cpu=  1
allowed=1-2
current_cpu=  2
allowed=1-2
allowed=1-2
allowed=1-2
allowed=1-2
current_cpu=  2
allowed=1-2
allowed=1-2
current_cpu=  1
allowed=1-2
allowed=1-2
allowed=1-2
allowed=1-2
allowed=1-2
allowed=1-2
allowed=1-2
allowed=1-2
allowed=1-2
allowed=1-2
allowed=1-2
allowed=1-2
allowed=1-2
allowed=1-2
allowed=1-2
allowed=1-2
allowed=1-2
allowed=1-2
allowed=1-2
allowed=1-2
allowed=1-2
current_cpu=  1
allowed=1-2
current_cpu=  2
allowed=1-2
allowed=1-2
allowed=1-2
current_cpu=  2
allowed=1-2
allowed=1-2
allowed=1-2
allowed=1-2
allowed=1-2
allowed=1-2
current_cpu=  2
allowed=1-2
allowed=1-2
current_cpu=  1
allowed=1-2
current_cpu=  2
allowed=1-2
current_cpu=  2
allowed=1-2
current_cpu=  1
allowed=1-2
allowed=1-2
current_cpu=  2
current_cpu=  2
allowed=1-2
allowed=1-2
current_cpu=  1
allowed=1-2
allowed=1-2
allowed=1-2
allowed=1-2
allowed=1-2
allowed=1-2
allowed=1-2
allowed=1-2
allowed=1-2
allowed=1-2
allowed=1-2
current_cpu=  2
allowed=1-2
allowed=1-2
allowed=1-2
allowed=1-2
allowed=1-2
allowed=1-2
allowed=1-2
current_cpu=  2
allowed=1-2
allowed=1-2
current_cpu=  2
allowed=1-2
allowed=1-2
allowed=1-2
allowed=1-2
current_cpu=  2
allowed=1-2
allowed=1-2
allowed=1-2
allowed=1-2
current_cpu=  1
allowed=1-2
allowed=1-2
allowed=1-2
allowed=1-2
allowed=1-2
allowed=1-2
allowed=1-2
allowed=1-2
allowed=1-2
allowed=1-2
allowed=1-2
allowed=1-2
allowed=1-2
allowed=1-2
allowed=1-2
allowed=1-2
allowed=1-2
allowed=1-2
allowed=1-2
current_cpu=  2
current_cpu=  2
allowed=1-2
allowed=1-2
allowed=1-2
allowed=1-2
allowed=1-2
allowed=1-2
allowed=1-2
allowed=1-2
allowed=1-2
allowed=1-2
allowed=1-2
allowed=1-2
allowed=1-2
current_cpu=  1
allowed=1-2
allowed=1-2
allowed=1-2
allowed=1-2
allowed=1-2
allowed=1-2
allowed=1-2
allowed=1-2
allowed=1-2
allowed=1-2
allowed=1-2
allowed=1-2
current_cpu=  1
allowed=1-2
allowed=1-2
allowed=1-2
allowed=1-2
allowed=1-2
allowed=1-2
allowed=1-2
allowed=1-2
allowed=1-2
allowed=1-2
current_cpu=  1
allowed=1-2
allowed=1-2
allowed=1-2
allowed=1-2
allowed=1-2
allowed=1-2
allowed=1-2
allowed=1-2
allowed=1-2
allowed=1-2
allowed=1-2
allowed=1-2
allowed=1-2
allowed=1-2
current_cpu=  2
allowed=1-2
allowed=1-2
allowed=1-2
allowed=1-2
allowed=1-2
allowed=1-2
allowed=1-2
allowed=1-2
allowed=1-2
allowed=1-2
allowed=1-2
allowed=1-2
allowed=1-2
allowed=1-2
allowed=1-2
allowed=1-2
allowed=1-2
allowed=1-2
allowed=1-2
allowed=1-2
allowed=1-2
allowed=1-2
current_cpu=  2
allowed=1-2
allowed=1-2
current_cpu=  2
allowed=1-2
allowed=1-2
allowed=1-2
current_cpu=  1
allowed=1-2
current_cpu=  2
allowed=1-2
allowed=1-2
allowed=1-2
allowed=1-2
allowed=1-2
allowed=1-2
allowed=1-2
allowed=1-2
allowed=1-2
allowed=1-2
allowed=1-2
allowed=1-2
allowed=1-2
allowed=1-2
allowed=1-2
allowed=1-2
allowed=1-2
allowed=1-2
allowed=1-2
allowed=1-2
allowed=1-2
allowed=1-2
allowed=1-2
allowed=1-2
allowed=1-2
allowed=1-2
allowed=1-2
allowed=1-2
allowed=1-2
allowed=1-2
allowed=1-2
allowed=1-2
allowed=1-2
allowed=1-2
allowed=1-2
current_cpu=  1
current_cpu=  2
allowed=1-2
allowed=1-2
allowed=1-2
allowed=1-2
allowed=1-2
allowed=1-2
allowed=1-2
allowed=1-2
allowed=1-2
allowed=1-2
current_cpu=  1
allowed=1-2
current_cpu=  2
allowed=1-2
allowed=1-2
allowed=1-2
allowed=1-2
allowed=1-2
allowed=1-2
allowed=1-2
allowed=1-2
allowed=1-2
allowed=1-2
allowed=1-2
current_cpu=  1
allowed=1-2
current_cpu=  1
allowed=1-2
allowed=1-2
allowed=1-2
allowed=1-2
allowed=1-2
current_cpu=  2
allowed=1-2
allowed=1-2
allowed=1-2
allowed=1-2
allowed=1-2
allowed=1-2
allowed=1-2
current_cpu=  1
allowed=1-2
allowed=1-2
allowed=1-2
allowed=1-2
allowed=1-2
allowed=1-2
allowed=1-2
allowed=1-2
allowed=1-2
allowed=1-2
allowed=1-2
allowed=1-2
allowed=1-2
current_cpu=  1
allowed=1-2
allowed=1-2
current_cpu=  1
allowed=1-2
current_cpu=  2
allowed=1-2
allowed=1-2
allowed=1-2
allowed=1-2
current_cpu=  2
current_cpu=  1
allowed=1-2
allowed=1-2
allowed=1-2
allowed=1-2
allowed=1-2
allowed=1-2
allowed=1-2
allowed=1-2
allowed=1-2
allowed=1-2
allowed=1-2
current_cpu=  2
allowed=1-2
allowed=1-2
allowed=1-2
allowed=1-2
allowed=1-2
allowed=1-2
allowed=1-2
allowed=1-2
allowed=1-2
current_cpu=  1
current_cpu=  2
allowed=1-2
allowed=1-2
allowed=1-2
allowed=1-2
allowed=1-2
current_cpu=  1
current_cpu=  2
allowed=1-2
current_cpu=  1
allowed=1-2
allowed=1-2
allowed=1-2
allowed=1-2
allowed=1-2
current_cpu=  1
allowed=1-2
allowed=1-2
allowed=1-2
allowed=1-2
allowed=1-2
current_cpu=  1
current_cpu=  1
allowed=1-2
allowed=1-2
allowed=1-2
current_cpu=  2
current_cpu=  2
allowed=1-2
current_cpu=  1
allowed=1-2
allowed=1-2
allowed=1-2
allowed=1-2
allowed=1-2
current_cpu=  1
allowed=1-2
allowed=1-2
allowed=1-2
current_cpu=  1
allowed=1-2
current_cpu=  2
allowed=1-2
allowed=1-2
current_cpu=  1
current_cpu=  1
current_cpu=  2
allowed=1-2
allowed=1-2
allowed=1-2
allowed=1-2
allowed=1-2
current_cpu=  1
current_cpu=  1
allowed=1-2
current_cpu=  2
allowed=1-2
allowed=1-2
allowed=1-2
allowed=1-2
allowed=1-2
allowed=1-2
allowed=1-2
allowed=1-2
allowed=1-2
current_cpu=  2
allowed=1-2
current_cpu=  1
current_cpu=  1
current_cpu=  1
current_cpu=  1
allowed=1-2
allowed=1-2
allowed=1-2
allowed=1-2
current_cpu=  2
allowed=1-2
current_cpu=  1
current_cpu=  2
current_cpu=  2
allowed=1-2
allowed=1-2
current_cpu=  2
current_cpu=  1
current_cpu=  2
allowed=1-2
allowed=1-2
allowed=1-2
current_cpu=  1
allowed=1-2
allowed=1-2
allowed=1-2
allowed=1-2
current_cpu=  2
current_cpu=  1
allowed=1-2
allowed=1-2
allowed=1-2
allowed=1-2
allowed=1-2
allowed=1-2
allowed=1-2
allowed=1-2
current_cpu=  2
allowed=1-2
allowed=1-2
current_cpu=  1
current_cpu=  2
allowed=1-2
allowed=1-2
allowed=1-2
allowed=1-2
current_cpu=  2
current_cpu=  2
current_cpu=  1
allowed=1-2
allowed=1-2
allowed=1-2
current_cpu=  1
current_cpu=  1
allowed=1-2
allowed=1-2
allowed=1-2
current_cpu=  2
current_cpu=  2
allowed=1-2
current_cpu=  1
current_cpu=  2
current_cpu=  1
allowed=1-2
allowed=1-2
allowed=1-2
allowed=1-2
allowed=1-2
current_cpu=  1
current_cpu=  2
current_cpu=  1
current_cpu=  1
current_cpu=  1
current_cpu=  2
current_cpu=  1
current_cpu=  1
current_cpu=  1
current_cpu=  2
current_cpu=  2
current_cpu=  2
current_cpu=  2
current_cpu=  1
current_cpu=  1
current_cpu=  2
current_cpu=  1
current_cpu=  2
allowed=1-2
current_cpu=  1
host=frontier05558
current_cpu=  2
current_cpu=  2
current_cpu=  2
current_cpu=  2
current_cpu=  2
current_cpu=  1
current_cpu=  2
current_cpu=  1
current_cpu=  2
current_cpu=  2
current_cpu=  1
current_cpu=  2
current_cpu=  2
current_cpu=  2
current_cpu=  1
current_cpu=  1
current_cpu=  2
current_cpu=  2
current_cpu=  1
current_cpu=  2
current_cpu=  1
current_cpu=  1
current_cpu=  2
current_cpu=  2
current_cpu=  2
current_cpu=  1
current_cpu=  1
current_cpu=  1
current_cpu=  1
current_cpu=  1
current_cpu=  1
current_cpu=  2
current_cpu=  2
current_cpu=  2
current_cpu=  2
current_cpu=  2
current_cpu=  2
current_cpu=  2
current_cpu=  1
current_cpu=  2
current_cpu=  1
current_cpu=  2
current_cpu=  1
current_cpu=  1
current_cpu=  1
current_cpu=  2
current_cpu=  2
current_cpu=  2
current_cpu=  1
current_cpu=  1
current_cpu=  2
current_cpu=  1
current_cpu=  1
current_cpu=  2
current_cpu=  2
allowed=1-2
current_cpu=  2
current_cpu=  1
current_cpu=  1
current_cpu=  2
current_cpu=  1
current_cpu=  1
allowed=1-2
current_cpu=  2
current_cpu=  2
current_cpu=  1
current_cpu=  2
current_cpu=  1
current_cpu=  1
current_cpu=  2
current_cpu=  2
current_cpu=  1
current_cpu=  1
current_cpu=  2
current_cpu=  2
current_cpu=  2
current_cpu=  2
current_cpu=  1
current_cpu=  1
current_cpu=  1
current_cpu=  1
current_cpu=  2
current_cpu=  2
current_cpu=  2
current_cpu=  2
current_cpu=  1
allowed=1-2
current_cpu=  2
current_cpu=  1
current_cpu=  1
current_cpu=  1
current_cpu=  1
current_cpu=  1
current_cpu=  2
current_cpu=  1
current_cpu=  2
current_cpu=  1
current_cpu=  2
current_cpu=  2
current_cpu=  1
current_cpu=  1
allowed=1-2
current_cpu=  2
current_cpu=  1
current_cpu=  1
current_cpu=  1
current_cpu=  1
current_cpu=  2
allowed=1-2
current_cpu=  2
allowed=1-2
current_cpu=  2
current_cpu=  2
current_cpu=  1
current_cpu=  1
current_cpu=  1
current_cpu=  1
current_cpu=  2
allowed=1-2
current_cpu=  2
current_cpu=  2
current_cpu=  2
current_cpu=  1
current_cpu=  2
current_cpu=  2
current_cpu=  1
allowed=1-2
current_cpu=  2
current_cpu=  2
current_cpu=  1
current_cpu=  2
current_cpu=  1
current_cpu=  1
current_cpu=  1
current_cpu=  2
current_cpu=  1
current_cpu=  1
allowed=1-2
current_cpu=  1
current_cpu=  1
current_cpu=  2
current_cpu=  2
current_cpu=  1
current_cpu=  1
current_cpu=  2
allowed=1-2
current_cpu=  1
current_cpu=  1
current_cpu=  1
current_cpu=  2
current_cpu=  2
current_cpu=  1
current_cpu=  2
current_cpu=  2
current_cpu=  1
current_cpu=  2
current_cpu=  2
current_cpu=  2
current_cpu=  2
current_cpu=  1
allowed=1-2
current_cpu=  1
allowed=1-2
current_cpu=  1
current_cpu=  2
current_cpu=  2
current_cpu=  2
allowed=1-2
current_cpu=  1
allowed=1-2
current_cpu=  2
current_cpu=  2
current_cpu=  1
current_cpu=  1
current_cpu=  1
current_cpu=  2
current_cpu=  1
current_cpu=  1
current_cpu=  1
current_cpu=  1
current_cpu=  2
current_cpu=  1
current_cpu=  1
allowed=1-2
current_cpu=  2
current_cpu=  2
current_cpu=  1
current_cpu=  1
current_cpu=  1
current_cpu=  1
current_cpu=  2
current_cpu=  1
current_cpu=  1
current_cpu=  2
current_cpu=  2
current_cpu=  2
current_cpu=  1
current_cpu=  2
allowed=1-2
current_cpu=  2
current_cpu=  1
current_cpu=  1
current_cpu=  1
current_cpu=  1
current_cpu=  2
current_cpu=  2
current_cpu=  1
current_cpu=  2
current_cpu=  2
current_cpu=  2
current_cpu=  1
current_cpu=  1
current_cpu=  1
current_cpu=  2
current_cpu=  2
current_cpu=  2
current_cpu=  1
current_cpu=  2
current_cpu=  1
current_cpu=  1
current_cpu=  2
current_cpu=  1
allowed=1-2
allowed=1-2
current_cpu=  2
allowed=1-2
current_cpu=  1
current_cpu=  1
allowed=1-2
current_cpu=  1
current_cpu=  2
current_cpu=  1
allowed=1-2
current_cpu=  2
current_cpu=  2
current_cpu=  1
current_cpu=  2
current_cpu=  1
current_cpu=  1
current_cpu=  2
current_cpu=  1
current_cpu=  2
allowed=1-2
current_cpu=  1
current_cpu=  1
current_cpu=  2
current_cpu=  2
current_cpu=  1
current_cpu=  1
current_cpu=  2
allowed=1-2
host=frontier10174
current_cpu=  1
current_cpu=  2
current_cpu=  1
current_cpu=  2
current_cpu=  2
current_cpu=  1
current_cpu=  1
current_cpu=  2
allowed=1-2
current_cpu=  1
current_cpu=  2
current_cpu=  2
allowed=1-2
current_cpu=  1
current_cpu=  2
allowed=1-2
current_cpu=  2
current_cpu=  1
current_cpu=  2
current_cpu=  2
allowed=1-2
current_cpu=  2
current_cpu=  1
allowed=1-2
current_cpu=  1
current_cpu=  2
current_cpu=  1
current_cpu=  2
current_cpu=  1
allowed=1-2
current_cpu=  2
allowed=1-2
current_cpu=  1
current_cpu=  1
current_cpu=  1
current_cpu=  2
allowed=1-2
current_cpu=  2
current_cpu=  2
current_cpu=  2
current_cpu=  1
current_cpu=  2
current_cpu=  2
current_cpu=  2
current_cpu=  1
current_cpu=  2
current_cpu=  2
host=frontier04288
host=frontier02924
current_cpu=  1
current_cpu=  2
current_cpu=  1
host=frontier04667
allowed=1-2
current_cpu=  2
current_cpu=  2
current_cpu=  2
current_cpu=  1
current_cpu=  2
allowed=1-2
current_cpu=  1
current_cpu=  2
current_cpu=  2
current_cpu=  2
current_cpu=  2
current_cpu=  2
current_cpu=  1
current_cpu=  1
current_cpu=  2
current_cpu=  2
current_cpu=  2
current_cpu=  1
current_cpu=  2
current_cpu=  1
current_cpu=  2
current_cpu=  2
current_cpu=  2
current_cpu=  1
current_cpu=  1
current_cpu=  2
current_cpu=  2
allowed=1-2
current_cpu=  2
current_cpu=  1
current_cpu=  1
current_cpu=  2
current_cpu=  1
current_cpu=  2
allowed=1-2
current_cpu=  1
current_cpu=  2
current_cpu=  1
current_cpu=  1
current_cpu=  2
allowed=1-2
allowed=1-2
current_cpu=  1
allowed=1-2
current_cpu=  1
current_cpu=  1
current_cpu=  1
current_cpu=  1
current_cpu=  1
current_cpu=  1
current_cpu=  2
allowed=1-2
allowed=1-2
current_cpu=  2
current_cpu=  1
current_cpu=  2
current_cpu=  2
current_cpu=  1
current_cpu=  2
current_cpu=  2
current_cpu=  1
host=frontier00951
current_cpu=  1
allowed=1-2
current_cpu=  1
current_cpu=  2
current_cpu=  2
current_cpu=  1
current_cpu=  2
current_cpu=  1
current_cpu=  1
current_cpu=  1
current_cpu=  2
current_cpu=  1
current_cpu=  2
current_cpu=  1
current_cpu=  2
current_cpu=  2
current_cpu=  2
current_cpu=  1
current_cpu=  2
current_cpu=  2
current_cpu=  2
current_cpu=  1
current_cpu=  1
allowed=1-2
current_cpu=  2
current_cpu=  1
current_cpu=  2
current_cpu=  2
current_cpu=  1
current_cpu=  1
current_cpu=  2
current_cpu=  1
current_cpu=  1
current_cpu=  1
current_cpu=  1
current_cpu=  1
current_cpu=  1
current_cpu=  2
current_cpu=  2
current_cpu=  2
current_cpu=  1
current_cpu=  1
current_cpu=  1
current_cpu=  1
current_cpu=  2
current_cpu=  2
current_cpu=  2
current_cpu=  2
current_cpu=  1
allowed=1-2
current_cpu=  1
current_cpu=  1
current_cpu=  1
allowed=1-2
current_cpu=  1
current_cpu=  2
current_cpu=  1
current_cpu=  2
current_cpu=  1
current_cpu=  1
current_cpu=  2
current_cpu=  2
current_cpu=  2
current_cpu=  1
current_cpu=  2
current_cpu=  2
current_cpu=  1
current_cpu=  1
current_cpu=  1
current_cpu=  2
current_cpu=  1
current_cpu=  1
current_cpu=  1
current_cpu=  2
current_cpu=  2
allowed=1-2
current_cpu=  1
current_cpu=  2
allowed=1-2
current_cpu=  1
current_cpu=  1
current_cpu=  1
current_cpu=  1
current_cpu=  1
current_cpu=  1
current_cpu=  2
current_cpu=  2
current_cpu=  2
current_cpu=  2
current_cpu=  1
current_cpu=  2
current_cpu=  2
current_cpu=  2
current_cpu=  1
current_cpu=  2
current_cpu=  2
current_cpu=  2
current_cpu=  2
current_cpu=  2
current_cpu=  2
current_cpu=  2
current_cpu=  1
current_cpu=  1
current_cpu=  2
current_cpu=  1
current_cpu=  2
current_cpu=  2
current_cpu=  1
current_cpu=  1
current_cpu=  2
current_cpu=  2
current_cpu=  1
current_cpu=  1
current_cpu=  1
current_cpu=  2
current_cpu=  2
current_cpu=  2
current_cpu=  1
current_cpu=  1
current_cpu=  1
allowed=1-2
current_cpu=  1
current_cpu=  1
current_cpu=  1
allowed=1-2
current_cpu=  1
allowed=1-2
current_cpu=  1
allowed=1-2
current_cpu=  2
allowed=1-2
current_cpu=  2
current_cpu=  2
current_cpu=  2
allowed=1-2
current_cpu=  2
allowed=1-2
current_cpu=  1
current_cpu=  1
current_cpu=  1
current_cpu=  2
allowed=1-2
allowed=1-2
current_cpu=  1
current_cpu=  1
allowed=1-2
allowed=1-2
current_cpu=  2
current_cpu=  1
allowed=1-2
allowed=1-2
current_cpu=  1
current_cpu=  2
current_cpu=  1
current_cpu=  2
current_cpu=  2
current_cpu=  1
current_cpu=  1
current_cpu=  1
current_cpu=  1
allowed=1-2
current_cpu=  2
current_cpu=  2
allowed=1-2
allowed=1-2
current_cpu=  2
current_cpu=  1
allowed=1-2
allowed=1-2
allowed=1-2
current_cpu=  2
current_cpu=  2
current_cpu=  1
current_cpu=  2
allowed=1-2
current_cpu=  2
host=frontier08729
allowed=1-2
current_cpu=  1
current_cpu=  2
allowed=1-2
current_cpu=  2
current_cpu=  2
current_cpu=  2
current_cpu=  1
current_cpu=  2
current_cpu=  1
current_cpu=  1
allowed=1-2
current_cpu=  1
allowed=1-2
current_cpu=  1
current_cpu=  2
allowed=1-2
allowed=1-2
current_cpu=  1
current_cpu=  1
allowed=1-2
allowed=1-2
current_cpu=  2
current_cpu=  2
current_cpu=  2
allowed=1-2
current_cpu=  1
current_cpu=  1
current_cpu=  1
current_cpu=  2
allowed=1-2
allowed=1-2
current_cpu=  2
current_cpu=  2
allowed=1-2
allowed=1-2
current_cpu=  2
current_cpu=  2
current_cpu=  1
current_cpu=  1
current_cpu=  2
current_cpu=  2
host=frontier03495
allowed=1-2
allowed=1-2
current_cpu=  2
allowed=1-2
allowed=1-2
current_cpu=  1
allowed=1-2
current_cpu=  2
current_cpu=  1
allowed=1-2
allowed=1-2
current_cpu=  1
current_cpu=  1
allowed=1-2
allowed=1-2
current_cpu=  2
current_cpu=  2
current_cpu=  2
current_cpu=  1
current_cpu=  2
current_cpu=  2
allowed=1-2
current_cpu=  2
current_cpu=  1
current_cpu=  2
current_cpu=  1
allowed=1-2
current_cpu=  2
current_cpu=  1
current_cpu=  1
allowed=1-2
current_cpu=  2
current_cpu=  1
allowed=1-2
allowed=1-2
host=frontier04108
current_cpu=  1
current_cpu=  2
allowed=1-2
current_cpu=  2
allowed=1-2
current_cpu=  1
allowed=1-2
current_cpu=  1
allowed=1-2
current_cpu=  1
current_cpu=  2
allowed=1-2
allowed=1-2
current_cpu=  1
current_cpu=  2
allowed=1-2
allowed=1-2
current_cpu=  2
current_cpu=  2
current_cpu=  2
allowed=1-2
current_cpu=  2
current_cpu=  2
current_cpu=  2
allowed=1-2
current_cpu=  2
allowed=1-2
current_cpu=  1
current_cpu=  1
current_cpu=  1
allowed=1-2
current_cpu=  1
current_cpu=  2
current_cpu=  2
current_cpu=  1
current_cpu=  2
current_cpu=  1
current_cpu=  2
allowed=1-2
current_cpu=  1
current_cpu=  2
allowed=1-2
current_cpu=  2
allowed=1-2
current_cpu=  2
current_cpu=  2
allowed=1-2
current_cpu=  1
current_cpu=  1
allowed=1-2
allowed=1-2
current_cpu=  1
current_cpu=  1
current_cpu=  2
current_cpu=  2
current_cpu=  1
allowed=1-2
current_cpu=  2
current_cpu=  2
allowed=1-2
allowed=1-2
current_cpu=  1
current_cpu=  2
current_cpu=  1
current_cpu=  1
current_cpu=  1
allowed=1-2
current_cpu=  1
current_cpu=  2
allowed=1-2
current_cpu=  1
current_cpu=  2
allowed=1-2
current_cpu=  2
current_cpu=  1
current_cpu=  1
current_cpu=  1
current_cpu=  1
allowed=1-2
current_cpu=  2
current_cpu=  2
current_cpu=  1
allowed=1-2
current_cpu=  1
allowed=1-2
current_cpu=  2
allowed=1-2
current_cpu=  2
current_cpu=  1
allowed=1-2
allowed=1-2
allowed=1-2
current_cpu=  1
current_cpu=  2
current_cpu=  2
allowed=1-2
current_cpu=  2
allowed=1-2
allowed=1-2
current_cpu=  2
current_cpu=  2
current_cpu=  1
current_cpu=  1
current_cpu=  2
allowed=1-2
current_cpu=  2
current_cpu=  2
allowed=1-2
allowed=1-2
current_cpu=  2
current_cpu=  2
current_cpu=  1
allowed=1-2
current_cpu=  1
current_cpu=  1
current_cpu=  1
allowed=1-2
current_cpu=  1
current_cpu=  2
allowed=1-2
current_cpu=  1
current_cpu=  1
allowed=1-2
current_cpu=  1
current_cpu=  1
allowed=1-2
allowed=1-2
current_cpu=  2
current_cpu=  1
current_cpu=  1
current_cpu=  1
allowed=1-2
allowed=1-2
current_cpu=  2
current_cpu=  2
allowed=1-2
allowed=1-2
current_cpu=  2
allowed=1-2
current_cpu=  1
allowed=1-2
current_cpu=  1
current_cpu=  1
current_cpu=  2
current_cpu=  2
current_cpu=  2
allowed=1-2
current_cpu=  1
current_cpu=  1
current_cpu=  2
current_cpu=  1
current_cpu=  1
allowed=1-2
current_cpu=  2
allowed=1-2
current_cpu=  1
current_cpu=  1
allowed=1-2
allowed=1-2
current_cpu=  2
allowed=1-2
current_cpu=  1
current_cpu=  2
current_cpu=  1
allowed=1-2
current_cpu=  2
current_cpu=  1
current_cpu=  1
current_cpu=  2
current_cpu=  2
current_cpu=  2
current_cpu=  2
allowed=1-2
current_cpu=  2
current_cpu=  1
current_cpu=  1
allowed=1-2
allowed=1-2
current_cpu=  2
current_cpu=  2
current_cpu=  2
current_cpu=  2
allowed=1-2
current_cpu=  1
allowed=1-2
allowed=1-2
allowed=1-2
current_cpu=  2
current_cpu=  2
current_cpu=  1
allowed=1-2
current_cpu=  1
allowed=1-2
current_cpu=  1
current_cpu=  1
allowed=1-2
allowed=1-2
current_cpu=  1
current_cpu=  2
current_cpu=  2
allowed=1-2
current_cpu=  1
current_cpu=  1
current_cpu=  2
current_cpu=  2
allowed=1-2
allowed=1-2
current_cpu=  1
allowed=1-2
allowed=1-2
allowed=1-2
current_cpu=  1
current_cpu=  2
current_cpu=  2
allowed=1-2
current_cpu=  1
current_cpu=  2
allowed=1-2
allowed=1-2
allowed=1-2
allowed=1-2
current_cpu=  1
current_cpu=  2
allowed=1-2
allowed=1-2
current_cpu=  1
current_cpu=  1
allowed=1-2
allowed=1-2
current_cpu=  2
allowed=1-2
current_cpu=  2
allowed=1-2
current_cpu=  2
allowed=1-2
current_cpu=  2
current_cpu=  2
allowed=1-2
allowed=1-2
current_cpu=  1
current_cpu=  1
allowed=1-2
allowed=1-2
current_cpu=  2
current_cpu=  2
current_cpu=  2
allowed=1-2
allowed=1-2
allowed=1-2
current_cpu=  1
current_cpu=  2
current_cpu=  2
allowed=1-2
current_cpu=  2
current_cpu=  2
allowed=1-2
allowed=1-2
current_cpu=  1
current_cpu=  1
current_cpu=  2
current_cpu=  1
allowed=1-2
allowed=1-2
current_cpu=  2
current_cpu=  2
allowed=1-2
allowed=1-2
current_cpu=  2
current_cpu=  2
current_cpu=  2
allowed=1-2
current_cpu=  1
allowed=1-2
current_cpu=  1
allowed=1-2
current_cpu=  1
allowed=1-2
current_cpu=  1
current_cpu=  2
current_cpu=  1
current_cpu=  1
allowed=1-2
current_cpu=  2
current_cpu=  1
current_cpu=  1
current_cpu=  2
current_cpu=  1
current_cpu=  2
current_cpu=  1
current_cpu=  1
current_cpu=  2
current_cpu=  1
current_cpu=  2
current_cpu=  2
current_cpu=  2
current_cpu=  2
current_cpu=  1
current_cpu=  1
current_cpu=  2
current_cpu=  2
current_cpu=  2
current_cpu=  2
current_cpu=  2
current_cpu=  1
current_cpu=  1
current_cpu=  2
current_cpu=  2
current_cpu=  2
current_cpu=  2
current_cpu=  2
current_cpu=  2
current_cpu=  2
current_cpu=  1
current_cpu=  1
current_cpu=  1
current_cpu=  1
current_cpu=  2
current_cpu=  1
current_cpu=  1
host=frontier07323
current_cpu=  1
allowed=1-2
current_cpu=  1
current_cpu=  1
current_cpu=  2
current_cpu=  2
current_cpu=  2
current_cpu=  1
current_cpu=  1
current_cpu=  1
current_cpu=  2
current_cpu=  2
current_cpu=  1
current_cpu=  1
current_cpu=  2
current_cpu=  2
current_cpu=  1
current_cpu=  1
current_cpu=  2
current_cpu=  1
current_cpu=  2
current_cpu=  1
current_cpu=  2
current_cpu=  1
current_cpu=  1
current_cpu=  1
current_cpu=  1
current_cpu=  2
current_cpu=  2
current_cpu=  2
current_cpu=  1
current_cpu=  1
current_cpu=  2
current_cpu=  1
current_cpu=  2
current_cpu=  2
current_cpu=  1
current_cpu=  2
current_cpu=  1
current_cpu=  1
current_cpu=  1
current_cpu=  2
current_cpu=  2
current_cpu=  1
current_cpu=  2
current_cpu=  1
current_cpu=  1
current_cpu=  1
allowed=1-2
current_cpu=  2
current_cpu=  2
current_cpu=  1
current_cpu=  1
current_cpu=  1
current_cpu=  1
+ echo 'Launching Copper Gracefully On All Nodes : End'
Launching Copper Gracefully On All Nodes : End
+ conda activate /mnt/bb/wcastil/copper_mount/lustre/orion/stf243/world-shared/hagertnl/CUG26/benchmark_builds/python-mpi4py/conda_env
+ local cmd=activate
+ case "$cmd" in
+ __conda_activate activate /mnt/bb/wcastil/copper_mount/lustre/orion/stf243/world-shared/hagertnl/CUG26/benchmark_builds/python-mpi4py/conda_env
+ '[' -n '' ']'
+ local ask_conda
++ PS1='(base) '
++ __conda_exe shell.posix activate /mnt/bb/wcastil/copper_mount/lustre/orion/stf243/world-shared/hagertnl/CUG26/benchmark_builds/python-mpi4py/conda_env
++ /autofs/nccs-svm1_sw/frontier/miniforge3/23.11.0-0/bin/conda shell.posix activate /mnt/bb/wcastil/copper_mount/lustre/orion/stf243/world-shared/hagertnl/CUG26/benchmark_builds/python-mpi4py/conda_env
+ ask_conda='. "/autofs/nccs-svm1_sw/frontier/miniforge3/23.11.0-0/etc/conda/deactivate.d/libxml2_deactivate.sh"
. "/autofs/nccs-svm1_sw/frontier/miniforge3/23.11.0-0/etc/conda/deactivate.d/libglib_deactivate.sh"
PS1='\''(/mnt/bb/wcastil/copper_mount/lustre/orion/stf243/world-shared/hagertnl/CUG26/benchmark_builds/python-mpi4py/conda_env) '\''
export PATH='\''/mnt/bb/wcastil/copper_mount/lustre/orion/stf243/world-shared/hagertnl/CUG26/benchmark_builds/python-mpi4py/conda_env/bin:/sw/frontier/lfs-wrapper/0.0.1/bin/lfs:/sw/frontier/miniforge3/23.11.0-0/bin:/opt/cray/libfabric/1.22.0/bin:/opt/rocm-6.4.2/bin:/sw/frontier/spack-envs/cpe25.09-cpu/opt/llvm-amdgpu-6.4.2/darshan-runtime-3.4.7-tvdocpzv3jfj4y6ki5jvmmkics323gon/bin:/opt/cray/pe/mpich/9.0.1/ofi/amd/6.0/bin:/opt/cray/pe/mpich/9.0.1/bin:/opt/cray/pe/perftools/25.09.0/bin:/opt/cray/pe/papi/7.2.0.2/bin:/opt/cray/pe/craype/2.7.35/bin:/sw/frontier/ums/ums046/copper/build:/autofs/nccs-svm1_sw/frontier/miniforge3/23.11.0-0/condabin:/sw/sources/hpss/bin:/sw/frontier/spack-envs/core-25.03/opt/gcc-13.2/tmux-3.4-fcqqko3j4ga67yuc7zxaqcwsix5hns2v/bin:/opt/clmgr/sbin:/opt/clmgr/bin:/opt/sgi/sbin:/opt/sgi/bin:/sw/frontier/bin:/ccs/home/wcastil/.local/bin:/usr/local/bin:/usr/bin:/bin:/opt/bin:/opt/c3/bin:/usr/lib/mit/bin:/opt/puppetlabs/bin:/opt/cray/pe/bin'\''
export CONDA_PREFIX='\''/mnt/bb/wcastil/copper_mount/lustre/orion/stf243/world-shared/hagertnl/CUG26/benchmark_builds/python-mpi4py/conda_env'\''
export CONDA_SHLVL='\''2'\''
export CONDA_DEFAULT_ENV='\''/mnt/bb/wcastil/copper_mount/lustre/orion/stf243/world-shared/hagertnl/CUG26/benchmark_builds/python-mpi4py/conda_env'\''
export CONDA_PROMPT_MODIFIER='\''(/mnt/bb/wcastil/copper_mount/lustre/orion/stf243/world-shared/hagertnl/CUG26/benchmark_builds/python-mpi4py/conda_env) '\''
export CONDA_PREFIX_1='\''/autofs/nccs-svm1_sw/frontier/miniforge3/23.11.0-0'\''
export CONDA_EXE='\''/autofs/nccs-svm1_sw/frontier/miniforge3/23.11.0-0/bin/conda'\''
export _CE_M='\'''\''
export _CE_CONDA='\'''\''
export CONDA_PYTHON_EXE='\''/autofs/nccs-svm1_sw/frontier/miniforge3/23.11.0-0/bin/python'\'''
+ eval '. "/autofs/nccs-svm1_sw/frontier/miniforge3/23.11.0-0/etc/conda/deactivate.d/libxml2_deactivate.sh"
. "/autofs/nccs-svm1_sw/frontier/miniforge3/23.11.0-0/etc/conda/deactivate.d/libglib_deactivate.sh"
PS1='\''(/mnt/bb/wcastil/copper_mount/lustre/orion/stf243/world-shared/hagertnl/CUG26/benchmark_builds/python-mpi4py/conda_env) '\''
export PATH='\''/mnt/bb/wcastil/copper_mount/lustre/orion/stf243/world-shared/hagertnl/CUG26/benchmark_builds/python-mpi4py/conda_env/bin:/sw/frontier/lfs-wrapper/0.0.1/bin/lfs:/sw/frontier/miniforge3/23.11.0-0/bin:/opt/cray/libfabric/1.22.0/bin:/opt/rocm-6.4.2/bin:/sw/frontier/spack-envs/cpe25.09-cpu/opt/llvm-amdgpu-6.4.2/darshan-runtime-3.4.7-tvdocpzv3jfj4y6ki5jvmmkics323gon/bin:/opt/cray/pe/mpich/9.0.1/ofi/amd/6.0/bin:/opt/cray/pe/mpich/9.0.1/bin:/opt/cray/pe/perftools/25.09.0/bin:/opt/cray/pe/papi/7.2.0.2/bin:/opt/cray/pe/craype/2.7.35/bin:/sw/frontier/ums/ums046/copper/build:/autofs/nccs-svm1_sw/frontier/miniforge3/23.11.0-0/condabin:/sw/sources/hpss/bin:/sw/frontier/spack-envs/core-25.03/opt/gcc-13.2/tmux-3.4-fcqqko3j4ga67yuc7zxaqcwsix5hns2v/bin:/opt/clmgr/sbin:/opt/clmgr/bin:/opt/sgi/sbin:/opt/sgi/bin:/sw/frontier/bin:/ccs/home/wcastil/.local/bin:/usr/local/bin:/usr/bin:/bin:/opt/bin:/opt/c3/bin:/usr/lib/mit/bin:/opt/puppetlabs/bin:/opt/cray/pe/bin'\''
export CONDA_PREFIX='\''/mnt/bb/wcastil/copper_mount/lustre/orion/stf243/world-shared/hagertnl/CUG26/benchmark_builds/python-mpi4py/conda_env'\''
export CONDA_SHLVL='\''2'\''
export CONDA_DEFAULT_ENV='\''/mnt/bb/wcastil/copper_mount/lustre/orion/stf243/world-shared/hagertnl/CUG26/benchmark_builds/python-mpi4py/conda_env'\''
export CONDA_PROMPT_MODIFIER='\''(/mnt/bb/wcastil/copper_mount/lustre/orion/stf243/world-shared/hagertnl/CUG26/benchmark_builds/python-mpi4py/conda_env) '\''
export CONDA_PREFIX_1='\''/autofs/nccs-svm1_sw/frontier/miniforge3/23.11.0-0'\''
export CONDA_EXE='\''/autofs/nccs-svm1_sw/frontier/miniforge3/23.11.0-0/bin/conda'\''
export _CE_M='\'''\''
export _CE_CONDA='\'''\''
export CONDA_PYTHON_EXE='\''/autofs/nccs-svm1_sw/frontier/miniforge3/23.11.0-0/bin/python'\'''
++ . /autofs/nccs-svm1_sw/frontier/miniforge3/23.11.0-0/etc/conda/deactivate.d/libxml2_deactivate.sh
+++ test -n ''
+++ unset XML_CATALOG_FILES
+++ unset xml_catalog_files_libxml2
++ . /autofs/nccs-svm1_sw/frontier/miniforge3/23.11.0-0/etc/conda/deactivate.d/libglib_deactivate.sh
+++ export GSETTINGS_SCHEMA_DIR=
+++ GSETTINGS_SCHEMA_DIR=
+++ unset GSETTINGS_SCHEMA_DIR_CONDA_BACKUP
+++ '[' -z ']'
+++ unset GSETTINGS_SCHEMA_DIR
++ PS1='(/mnt/bb/wcastil/copper_mount/lustre/orion/stf243/world-shared/hagertnl/CUG26/benchmark_builds/python-mpi4py/conda_env) '
++ export PATH=/mnt/bb/wcastil/copper_mount/lustre/orion/stf243/world-shared/hagertnl/CUG26/benchmark_builds/python-mpi4py/conda_env/bin:/sw/frontier/lfs-wrapper/0.0.1/bin/lfs:/sw/frontier/miniforge3/23.11.0-0/bin:/opt/cray/libfabric/1.22.0/bin:/opt/rocm-6.4.2/bin:/sw/frontier/spack-envs/cpe25.09-cpu/opt/llvm-amdgpu-6.4.2/darshan-runtime-3.4.7-tvdocpzv3jfj4y6ki5jvmmkics323gon/bin:/opt/cray/pe/mpich/9.0.1/ofi/amd/6.0/bin:/opt/cray/pe/mpich/9.0.1/bin:/opt/cray/pe/perftools/25.09.0/bin:/opt/cray/pe/papi/7.2.0.2/bin:/opt/cray/pe/craype/2.7.35/bin:/sw/frontier/ums/ums046/copper/build:/autofs/nccs-svm1_sw/frontier/miniforge3/23.11.0-0/condabin:/sw/sources/hpss/bin:/sw/frontier/spack-envs/core-25.03/opt/gcc-13.2/tmux-3.4-fcqqko3j4ga67yuc7zxaqcwsix5hns2v/bin:/opt/clmgr/sbin:/opt/clmgr/bin:/opt/sgi/sbin:/opt/sgi/bin:/sw/frontier/bin:/ccs/home/wcastil/.local/bin:/usr/local/bin:/usr/bin:/bin:/opt/bin:/opt/c3/bin:/usr/lib/mit/bin:/opt/puppetlabs/bin:/opt/cray/pe/bin
++ PATH=/mnt/bb/wcastil/copper_mount/lustre/orion/stf243/world-shared/hagertnl/CUG26/benchmark_builds/python-mpi4py/conda_env/bin:/sw/frontier/lfs-wrapper/0.0.1/bin/lfs:/sw/frontier/miniforge3/23.11.0-0/bin:/opt/cray/libfabric/1.22.0/bin:/opt/rocm-6.4.2/bin:/sw/frontier/spack-envs/cpe25.09-cpu/opt/llvm-amdgpu-6.4.2/darshan-runtime-3.4.7-tvdocpzv3jfj4y6ki5jvmmkics323gon/bin:/opt/cray/pe/mpich/9.0.1/ofi/amd/6.0/bin:/opt/cray/pe/mpich/9.0.1/bin:/opt/cray/pe/perftools/25.09.0/bin:/opt/cray/pe/papi/7.2.0.2/bin:/opt/cray/pe/craype/2.7.35/bin:/sw/frontier/ums/ums046/copper/build:/autofs/nccs-svm1_sw/frontier/miniforge3/23.11.0-0/condabin:/sw/sources/hpss/bin:/sw/frontier/spack-envs/core-25.03/opt/gcc-13.2/tmux-3.4-fcqqko3j4ga67yuc7zxaqcwsix5hns2v/bin:/opt/clmgr/sbin:/opt/clmgr/bin:/opt/sgi/sbin:/opt/sgi/bin:/sw/frontier/bin:/ccs/home/wcastil/.local/bin:/usr/local/bin:/usr/bin:/bin:/opt/bin:/opt/c3/bin:/usr/lib/mit/bin:/opt/puppetlabs/bin:/opt/cray/pe/bin
++ export CONDA_PREFIX=/mnt/bb/wcastil/copper_mount/lustre/orion/stf243/world-shared/hagertnl/CUG26/benchmark_builds/python-mpi4py/conda_env
++ CONDA_PREFIX=/mnt/bb/wcastil/copper_mount/lustre/orion/stf243/world-shared/hagertnl/CUG26/benchmark_builds/python-mpi4py/conda_env
++ export CONDA_SHLVL=2
++ CONDA_SHLVL=2
++ export CONDA_DEFAULT_ENV=/mnt/bb/wcastil/copper_mount/lustre/orion/stf243/world-shared/hagertnl/CUG26/benchmark_builds/python-mpi4py/conda_env
++ CONDA_DEFAULT_ENV=/mnt/bb/wcastil/copper_mount/lustre/orion/stf243/world-shared/hagertnl/CUG26/benchmark_builds/python-mpi4py/conda_env
++ export 'CONDA_PROMPT_MODIFIER=(/mnt/bb/wcastil/copper_mount/lustre/orion/stf243/world-shared/hagertnl/CUG26/benchmark_builds/python-mpi4py/conda_env) '
++ CONDA_PROMPT_MODIFIER='(/mnt/bb/wcastil/copper_mount/lustre/orion/stf243/world-shared/hagertnl/CUG26/benchmark_builds/python-mpi4py/conda_env) '
++ export CONDA_PREFIX_1=/autofs/nccs-svm1_sw/frontier/miniforge3/23.11.0-0
++ CONDA_PREFIX_1=/autofs/nccs-svm1_sw/frontier/miniforge3/23.11.0-0
++ export CONDA_EXE=/autofs/nccs-svm1_sw/frontier/miniforge3/23.11.0-0/bin/conda
++ CONDA_EXE=/autofs/nccs-svm1_sw/frontier/miniforge3/23.11.0-0/bin/conda
++ export _CE_M=
++ _CE_M=
++ export _CE_CONDA=
++ _CE_CONDA=
++ export CONDA_PYTHON_EXE=/autofs/nccs-svm1_sw/frontier/miniforge3/23.11.0-0/bin/python
++ CONDA_PYTHON_EXE=/autofs/nccs-svm1_sw/frontier/miniforge3/23.11.0-0/bin/python
+ __conda_hashr
+ '[' -n '' ']'
+ '[' -n '' ']'
+ hash -r
+ /usr/bin/time srun --overlap -N 1024 -n 8192 --ntasks-per-node=8 -c 5 python3 -c 'from mpi4py import MPI'
0.14user 0.31system 0:13.27elapsed 3%CPU (0avgtext+0avgdata 22528maxresident)k
24inputs+0outputs (0major+6322minor)pagefaults 0swaps
+ sleep 2s
+ /usr/bin/time srun --overlap -N 1024 -n 8192 --ntasks-per-node=8 -c 5 python3 -c 'from mpi4py import MPI'
0.12user 0.27system 0:08.02elapsed 4%CPU (0avgtext+0avgdata 21504maxresident)k
24inputs+0outputs (0major+6318minor)pagefaults 0swaps
+ sleep 2s
+ /usr/bin/time srun --overlap -N 1024 -n 8192 --ntasks-per-node=8 -c 5 python3 -c 'from mpi4py import MPI'
0.13user 0.27system 0:06.81elapsed 5%CPU (0avgtext+0avgdata 22528maxresident)k
24inputs+0outputs (0major+6317minor)pagefaults 0swaps
+ sleep 2s
+ /usr/bin/time srun --overlap -N 1024 -n 8192 --ntasks-per-node=8 -c 5 python3 -c 'from mpi4py import MPI'
0.16user 0.24system 0:06.85elapsed 5%CPU (0avgtext+0avgdata 21504maxresident)k
0inputs+0outputs (0major+6317minor)pagefaults 0swaps
+ sleep 2s
+ /usr/bin/time srun --overlap -N 1024 -n 8192 --ntasks-per-node=8 -c 5 python3 -c 'from mpi4py import MPI'
0.16user 0.23system 0:06.80elapsed 5%CPU (0avgtext+0avgdata 21504maxresident)k
0inputs+0outputs (0major+6317minor)pagefaults 0swaps
+ sleep 2s
+ conda deactivate
+ local cmd=deactivate
+ case "$cmd" in
+ __conda_activate deactivate
+ '[' -n '' ']'
+ local ask_conda
++ PS1='(/mnt/bb/wcastil/copper_mount/lustre/orion/stf243/world-shared/hagertnl/CUG26/benchmark_builds/python-mpi4py/conda_env) '
++ __conda_exe shell.posix deactivate
++ /autofs/nccs-svm1_sw/frontier/miniforge3/23.11.0-0/bin/conda shell.posix deactivate
+ ask_conda='export PATH='\''/autofs/nccs-svm1_sw/frontier/miniforge3/23.11.0-0/bin:/sw/frontier/lfs-wrapper/0.0.1/bin/lfs:/sw/frontier/miniforge3/23.11.0-0/bin:/opt/cray/libfabric/1.22.0/bin:/opt/rocm-6.4.2/bin:/sw/frontier/spack-envs/cpe25.09-cpu/opt/llvm-amdgpu-6.4.2/darshan-runtime-3.4.7-tvdocpzv3jfj4y6ki5jvmmkics323gon/bin:/opt/cray/pe/mpich/9.0.1/ofi/amd/6.0/bin:/opt/cray/pe/mpich/9.0.1/bin:/opt/cray/pe/perftools/25.09.0/bin:/opt/cray/pe/papi/7.2.0.2/bin:/opt/cray/pe/craype/2.7.35/bin:/sw/frontier/ums/ums046/copper/build:/autofs/nccs-svm1_sw/frontier/miniforge3/23.11.0-0/condabin:/sw/sources/hpss/bin:/sw/frontier/spack-envs/core-25.03/opt/gcc-13.2/tmux-3.4-fcqqko3j4ga67yuc7zxaqcwsix5hns2v/bin:/opt/clmgr/sbin:/opt/clmgr/bin:/opt/sgi/sbin:/opt/sgi/bin:/sw/frontier/bin:/ccs/home/wcastil/.local/bin:/usr/local/bin:/usr/bin:/bin:/opt/bin:/opt/c3/bin:/usr/lib/mit/bin:/opt/puppetlabs/bin:/opt/cray/pe/bin'\''
unset CONDA_PREFIX_1
PS1='\''(base) '\''
export CONDA_PREFIX='\''/autofs/nccs-svm1_sw/frontier/miniforge3/23.11.0-0'\''
export CONDA_SHLVL='\''1'\''
export CONDA_DEFAULT_ENV='\''base'\''
export CONDA_PROMPT_MODIFIER='\''(base) '\''
export CONDA_EXE='\''/autofs/nccs-svm1_sw/frontier/miniforge3/23.11.0-0/bin/conda'\''
export _CE_M='\'''\''
export _CE_CONDA='\'''\''
export CONDA_PYTHON_EXE='\''/autofs/nccs-svm1_sw/frontier/miniforge3/23.11.0-0/bin/python'\''
. "/autofs/nccs-svm1_sw/frontier/miniforge3/23.11.0-0/etc/conda/activate.d/libglib_activate.sh"
. "/autofs/nccs-svm1_sw/frontier/miniforge3/23.11.0-0/etc/conda/activate.d/libxml2_activate.sh"'
+ eval 'export PATH='\''/autofs/nccs-svm1_sw/frontier/miniforge3/23.11.0-0/bin:/sw/frontier/lfs-wrapper/0.0.1/bin/lfs:/sw/frontier/miniforge3/23.11.0-0/bin:/opt/cray/libfabric/1.22.0/bin:/opt/rocm-6.4.2/bin:/sw/frontier/spack-envs/cpe25.09-cpu/opt/llvm-amdgpu-6.4.2/darshan-runtime-3.4.7-tvdocpzv3jfj4y6ki5jvmmkics323gon/bin:/opt/cray/pe/mpich/9.0.1/ofi/amd/6.0/bin:/opt/cray/pe/mpich/9.0.1/bin:/opt/cray/pe/perftools/25.09.0/bin:/opt/cray/pe/papi/7.2.0.2/bin:/opt/cray/pe/craype/2.7.35/bin:/sw/frontier/ums/ums046/copper/build:/autofs/nccs-svm1_sw/frontier/miniforge3/23.11.0-0/condabin:/sw/sources/hpss/bin:/sw/frontier/spack-envs/core-25.03/opt/gcc-13.2/tmux-3.4-fcqqko3j4ga67yuc7zxaqcwsix5hns2v/bin:/opt/clmgr/sbin:/opt/clmgr/bin:/opt/sgi/sbin:/opt/sgi/bin:/sw/frontier/bin:/ccs/home/wcastil/.local/bin:/usr/local/bin:/usr/bin:/bin:/opt/bin:/opt/c3/bin:/usr/lib/mit/bin:/opt/puppetlabs/bin:/opt/cray/pe/bin'\''
unset CONDA_PREFIX_1
PS1='\''(base) '\''
export CONDA_PREFIX='\''/autofs/nccs-svm1_sw/frontier/miniforge3/23.11.0-0'\''
export CONDA_SHLVL='\''1'\''
export CONDA_DEFAULT_ENV='\''base'\''
export CONDA_PROMPT_MODIFIER='\''(base) '\''
export CONDA_EXE='\''/autofs/nccs-svm1_sw/frontier/miniforge3/23.11.0-0/bin/conda'\''
export _CE_M='\'''\''
export _CE_CONDA='\'''\''
export CONDA_PYTHON_EXE='\''/autofs/nccs-svm1_sw/frontier/miniforge3/23.11.0-0/bin/python'\''
. "/autofs/nccs-svm1_sw/frontier/miniforge3/23.11.0-0/etc/conda/activate.d/libglib_activate.sh"
. "/autofs/nccs-svm1_sw/frontier/miniforge3/23.11.0-0/etc/conda/activate.d/libxml2_activate.sh"'
++ export PATH=/autofs/nccs-svm1_sw/frontier/miniforge3/23.11.0-0/bin:/sw/frontier/lfs-wrapper/0.0.1/bin/lfs:/sw/frontier/miniforge3/23.11.0-0/bin:/opt/cray/libfabric/1.22.0/bin:/opt/rocm-6.4.2/bin:/sw/frontier/spack-envs/cpe25.09-cpu/opt/llvm-amdgpu-6.4.2/darshan-runtime-3.4.7-tvdocpzv3jfj4y6ki5jvmmkics323gon/bin:/opt/cray/pe/mpich/9.0.1/ofi/amd/6.0/bin:/opt/cray/pe/mpich/9.0.1/bin:/opt/cray/pe/perftools/25.09.0/bin:/opt/cray/pe/papi/7.2.0.2/bin:/opt/cray/pe/craype/2.7.35/bin:/sw/frontier/ums/ums046/copper/build:/autofs/nccs-svm1_sw/frontier/miniforge3/23.11.0-0/condabin:/sw/sources/hpss/bin:/sw/frontier/spack-envs/core-25.03/opt/gcc-13.2/tmux-3.4-fcqqko3j4ga67yuc7zxaqcwsix5hns2v/bin:/opt/clmgr/sbin:/opt/clmgr/bin:/opt/sgi/sbin:/opt/sgi/bin:/sw/frontier/bin:/ccs/home/wcastil/.local/bin:/usr/local/bin:/usr/bin:/bin:/opt/bin:/opt/c3/bin:/usr/lib/mit/bin:/opt/puppetlabs/bin:/opt/cray/pe/bin
++ PATH=/autofs/nccs-svm1_sw/frontier/miniforge3/23.11.0-0/bin:/sw/frontier/lfs-wrapper/0.0.1/bin/lfs:/sw/frontier/miniforge3/23.11.0-0/bin:/opt/cray/libfabric/1.22.0/bin:/opt/rocm-6.4.2/bin:/sw/frontier/spack-envs/cpe25.09-cpu/opt/llvm-amdgpu-6.4.2/darshan-runtime-3.4.7-tvdocpzv3jfj4y6ki5jvmmkics323gon/bin:/opt/cray/pe/mpich/9.0.1/ofi/amd/6.0/bin:/opt/cray/pe/mpich/9.0.1/bin:/opt/cray/pe/perftools/25.09.0/bin:/opt/cray/pe/papi/7.2.0.2/bin:/opt/cray/pe/craype/2.7.35/bin:/sw/frontier/ums/ums046/copper/build:/autofs/nccs-svm1_sw/frontier/miniforge3/23.11.0-0/condabin:/sw/sources/hpss/bin:/sw/frontier/spack-envs/core-25.03/opt/gcc-13.2/tmux-3.4-fcqqko3j4ga67yuc7zxaqcwsix5hns2v/bin:/opt/clmgr/sbin:/opt/clmgr/bin:/opt/sgi/sbin:/opt/sgi/bin:/sw/frontier/bin:/ccs/home/wcastil/.local/bin:/usr/local/bin:/usr/bin:/bin:/opt/bin:/opt/c3/bin:/usr/lib/mit/bin:/opt/puppetlabs/bin:/opt/cray/pe/bin
++ unset CONDA_PREFIX_1
++ PS1='(base) '
++ export CONDA_PREFIX=/autofs/nccs-svm1_sw/frontier/miniforge3/23.11.0-0
++ CONDA_PREFIX=/autofs/nccs-svm1_sw/frontier/miniforge3/23.11.0-0
++ export CONDA_SHLVL=1
++ CONDA_SHLVL=1
++ export CONDA_DEFAULT_ENV=base
++ CONDA_DEFAULT_ENV=base
++ export 'CONDA_PROMPT_MODIFIER=(base) '
++ CONDA_PROMPT_MODIFIER='(base) '
++ export CONDA_EXE=/autofs/nccs-svm1_sw/frontier/miniforge3/23.11.0-0/bin/conda
++ CONDA_EXE=/autofs/nccs-svm1_sw/frontier/miniforge3/23.11.0-0/bin/conda
++ export _CE_M=
++ _CE_M=
++ export _CE_CONDA=
++ _CE_CONDA=
++ export CONDA_PYTHON_EXE=/autofs/nccs-svm1_sw/frontier/miniforge3/23.11.0-0/bin/python
++ CONDA_PYTHON_EXE=/autofs/nccs-svm1_sw/frontier/miniforge3/23.11.0-0/bin/python
++ . /autofs/nccs-svm1_sw/frontier/miniforge3/23.11.0-0/etc/conda/activate.d/libglib_activate.sh
+++ export GSETTINGS_SCHEMA_DIR_CONDA_BACKUP=
+++ GSETTINGS_SCHEMA_DIR_CONDA_BACKUP=
+++ export GSETTINGS_SCHEMA_DIR=/autofs/nccs-svm1_sw/frontier/miniforge3/23.11.0-0/share/glib-2.0/schemas
+++ GSETTINGS_SCHEMA_DIR=/autofs/nccs-svm1_sw/frontier/miniforge3/23.11.0-0/share/glib-2.0/schemas
++ . /autofs/nccs-svm1_sw/frontier/miniforge3/23.11.0-0/etc/conda/activate.d/libxml2_activate.sh
+++ test -n ''
+++ xml_catalog_files_libxml2=
+++ XML_CATALOG_FILES=
+++ conda_catalog_files=
+++ ifs_libxml2=' 	
'
+++ IFS=' '
+++ rem=/autofs/nccs-svm1_sw/frontier/miniforge3/23.11.0-0
+++ for pre in ${rem}
+++ test '' = /autofs/nccs-svm1_sw/frontier/miniforge3/23.11.0-0
+++ conda_catalog_files=/autofs/nccs-svm1_sw/frontier/miniforge3/23.11.0-0
+++ rem=
+++ IFS=' 	
'
+++ conda_catalog_files='file:///autofs/nccs-svm1_sw/frontier/miniforge3/23.11.0-0/etc/xml/catalog file:///etc/xml/catalog'
+++ export 'XML_CATALOG_FILES=file:///autofs/nccs-svm1_sw/frontier/miniforge3/23.11.0-0/etc/xml/catalog file:///etc/xml/catalog'
+++ XML_CATALOG_FILES='file:///autofs/nccs-svm1_sw/frontier/miniforge3/23.11.0-0/etc/xml/catalog file:///etc/xml/catalog'
+++ unset conda_catalog_files ifs_libxml2 rem
+ __conda_hashr
+ '[' -n '' ']'
+ '[' -n '' ']'
+ hash -r
+ stop_copper.sh -d /lustre/orion/stf243/world-shared/wcastil/Experiments/CUG26/copper_run/logs -v /mnt/bb/wcastil/copper_mount
/var/spool/slurmd/job4342223/slurm_script: line 41: stop_copper.sh: command not found
