
Lmod is automatically replacing "cce/18.0.1" with "amd/6.2.4".


Lmod is automatically replacing "PrgEnv-cray/8.6.0" with "PrgEnv-amd/8.6.0".


Due to MODULEPATH changes, the following have been reloaded:
  1) cray-libsci/24.11.0     2) cray-mpich/8.1.31     3) darshan-runtime/3.4.6-mpi


The following have been reloaded with a version change:
  1) amd/6.2.4 => amd/6.4.2
  2) cray-dsmml/0.3.0 => cray-dsmml/0.3.1
  3) cray-libsci/24.11.0 => cray-libsci/25.09.0
  4) cray-mpich/8.1.31 => cray-mpich/9.0.1
  5) cray-pmi/6.1.15 => cray-pmi/6.1.16
  6) craype/2.7.33 => craype/2.7.35
  7) darshan-runtime/3.4.6-mpi => darshan-runtime/3.4.7-mpi
  8) perftools-base/24.11.0 => perftools-base/25.09.0

Deactivating conda environments
++ seq 1 5
+ for i in $(seq 1 5)
+ /usr/bin/time srun -N 2048 -n 16384 -c 7 --ntasks-per-node=8 --gpus-per-node=8 --gpu-bind=closest python3 -c 'import torch'
5.17user 9.30system 4:42.41elapsed 5%CPU (0avgtext+0avgdata 35840maxresident)k
3124inputs+0outputs (10major+9553minor)pagefaults 0swaps
+ for i in $(seq 1 5)
+ /usr/bin/time srun -N 2048 -n 16384 -c 7 --ntasks-per-node=8 --gpus-per-node=8 --gpu-bind=closest python3 -c 'import torch'
srun: Step created for StepId=4365340.1
5.08user 9.49system 5:11.57elapsed 4%CPU (0avgtext+0avgdata 30720maxresident)k
24inputs+8outputs (0major+9559minor)pagefaults 0swaps
+ for i in $(seq 1 5)
+ /usr/bin/time srun -N 2048 -n 16384 -c 7 --ntasks-per-node=8 --gpus-per-node=8 --gpu-bind=closest python3 -c 'import torch'
srun: Step created for StepId=4365340.2
5.28user 9.79system 6:31.31elapsed 3%CPU (0avgtext+0avgdata 29696maxresident)k
0inputs+8outputs (0major+9588minor)pagefaults 0swaps
+ for i in $(seq 1 5)
+ /usr/bin/time srun -N 2048 -n 16384 -c 7 --ntasks-per-node=8 --gpus-per-node=8 --gpu-bind=closest python3 -c 'import torch'
srun: Step created for StepId=4365340.3
5.99user 11.08system 6:55.08elapsed 4%CPU (0avgtext+0avgdata 29696maxresident)k
12inputs+8outputs (0major+9560minor)pagefaults 0swaps
+ for i in $(seq 1 5)
+ /usr/bin/time srun -N 2048 -n 16384 -c 7 --ntasks-per-node=8 --gpus-per-node=8 --gpu-bind=closest python3 -c 'import torch'
srun: Step created for StepId=4365340.4
5.02user 9.14system 6:29.17elapsed 3%CPU (0avgtext+0avgdata 30720maxresident)k
0inputs+8outputs (0major+9585minor)pagefaults 0swaps
+ set +x
