
Lmod is automatically replacing "cce/18.0.1" with "amd/6.2.4".


Lmod is automatically replacing "PrgEnv-cray/8.6.0" with "PrgEnv-amd/8.6.0".


Due to MODULEPATH changes, the following have been reloaded:
  1) cray-libsci/24.11.0     2) cray-mpich/8.1.31     3) darshan-runtime/3.4.6-mpi


The following have been reloaded with a version change:
  1) amd/6.2.4 => amd/6.4.2
  2) cray-dsmml/0.3.0 => cray-dsmml/0.3.1
  3) cray-libsci/24.11.0 => cray-libsci/25.09.0
  4) cray-mpich/8.1.31 => cray-mpich/9.0.1
  5) cray-pmi/6.1.15 => cray-pmi/6.1.16
  6) craype/2.7.33 => craype/2.7.35
  7) darshan-runtime/3.4.6-mpi => darshan-runtime/3.4.7-mpi
  8) perftools-base/24.11.0 => perftools-base/25.09.0

Deactivating conda environments
++ seq 1 5
+ for i in $(seq 1 5)
+ /usr/bin/time srun -N 2048 -n 16384 -c 7 --ntasks-per-node=8 --gpus-per-node=8 --gpu-bind=closest python3 -c 'import torch'
5.80user 10.18system 3:42.61elapsed 7%CPU (0avgtext+0avgdata 38912maxresident)k
3114inputs+0outputs (10major+9536minor)pagefaults 0swaps
+ for i in $(seq 1 5)
+ /usr/bin/time srun -N 2048 -n 16384 -c 7 --ntasks-per-node=8 --gpus-per-node=8 --gpu-bind=closest python3 -c 'import torch'
srun: Job 4365341 step creation temporarily disabled, retrying (Requested nodes are busy)
srun: Step created for StepId=4365341.1
5.64user 10.42system 8:04.43elapsed 3%CPU (0avgtext+0avgdata 29696maxresident)k
24inputs+16outputs (0major+9512minor)pagefaults 0swaps
+ for i in $(seq 1 5)
+ /usr/bin/time srun -N 2048 -n 16384 -c 7 --ntasks-per-node=8 --gpus-per-node=8 --gpu-bind=closest python3 -c 'import torch'
srun: Step created for StepId=4365341.2
5.28user 10.27system 6:56.15elapsed 3%CPU (0avgtext+0avgdata 30720maxresident)k
12inputs+8outputs (0major+9534minor)pagefaults 0swaps
+ for i in $(seq 1 5)
+ /usr/bin/time srun -N 2048 -n 16384 -c 7 --ntasks-per-node=8 --gpus-per-node=8 --gpu-bind=closest python3 -c 'import torch'
srun: Step created for StepId=4365341.3
5.61user 10.26system 6:27.83elapsed 4%CPU (0avgtext+0avgdata 28672maxresident)k
0inputs+8outputs (0major+9535minor)pagefaults 0swaps
+ for i in $(seq 1 5)
+ /usr/bin/time srun -N 2048 -n 16384 -c 7 --ntasks-per-node=8 --gpus-per-node=8 --gpu-bind=closest python3 -c 'import torch'
srun: Step created for StepId=4365341.4
4.57user 8.67system 3:13.72elapsed 6%CPU (0avgtext+0avgdata 29696maxresident)k
0inputs+8outputs (0major+9512minor)pagefaults 0swaps
+ set +x
